./1.txt: ccd= (  1212.4123488591442     ,  3.3599223657278420E-012)
./10.txt: ccd= (  748.43097630733064     , -2.4636109449298614E-012)
./11.txt: ccd= (  854.06838377664155     , -4.4915918838063576E-013)
./12.txt: ccd= (  442.81425227041507     ,  7.1537938433032606E-014)
./13.txt: ccd= (  1078.6821358487759     , -1.5437290674408586E-011)
./14.txt: ccd= (  815.64619338038608     , -1.3051839107166805E-013)
./15.txt: ccd= (  894.67370246599341     ,  1.3023695735296587E-011)
./16.txt: ccd= (  695.83532380016311     ,  1.1764818094299717E-013)
./17.txt: ccd= (  900.77279471334009     ,  9.9887690458071308E-012)
./18.txt: ccd= (  966.45560327333760     , -4.0415266928267766E-011)
./19.txt: ccd= (  998.17244415790253     , -5.9837407584451034E-014)
./2.txt: ccd= (  373.97768534462102     , -4.0989051308195141E-012)
./20.txt: ccd= (  860.51834119297223     ,  8.6953684842414480E-014)
./21.txt: ccd= (  873.89869796258984     ,  1.7592874202152956E-011)
./22.txt: ccd= (  840.62279951537528     ,  3.3260609514339746E-013)
./23.txt: ccd= (  606.68349681640734     ,  2.0203310274452327E-013)
./24.txt: ccd= (  863.67938887620028     ,  1.1819675417690203E-013)
./25.txt: ccd= (  619.54914296690617     ,  7.8769038450842707E-013)
./26.txt: ccd= (  733.75156739541501     ,  7.7038932786691231E-015)
./27.txt: ccd= (  932.20611348431737     , -1.1379769380515859E-012)
./28.txt: ccd= (  756.33652103412010     ,  1.1563839071646746E-013)
./29.txt: ccd= (  1069.0306270583933     ,  6.0848603816298082E-013)
./3.txt: ccd= (  188.17844005537691     ,  8.8229313665543818E-014)
./30.txt: ccd= (  850.77398435623684     , -1.1221639793277763E-012)
./31.txt: ccd= (  620.33538491013041     ,  2.7392483334838813E-012)
./32.txt: ccd= (  871.71638541849074     ,  6.8101771974241398E-015)
./33.txt: ccd= (  453.55189887436387     ,  9.4770775767391113E-012)
./34.txt: ccd= (  738.45762245512742     , -3.9257879024056481E-009)
./35.txt: ccd= (  774.07545441887021     ,  6.1169133946742602E-002)
./36.txt: ccd= (  538.89725985202915     ,  2.0088899935974180E-012)
./37.txt: ccd= (  693.75229018079290     , -7.6248990265176985E-013)
./38.txt: ccd= (  829.76120023699207     , -1.0856273299479634E-010)
./39.txt: ccd= (  664.12728822429960     , -4.8750265564957073E-012)
./4.txt: ccd= (  1327.0339098283462     ,  1.5121191468309125E-012)
./40.txt: ccd= (  1089.0349443988443     ,  2.3496545034249898E-013)
./41.txt: ccd= (  668.11982843549538     , -2.5983130117953992E-013)
./42.txt: ccd= (  743.73201241105539     ,  9.3921200559035006E-013)
./43.txt: ccd= (  1045.8664219465102     , -2.7879102878908147E-010)
./44.txt: ccd= (  1064.8384667478638     , -1.7613857086920712E-012)
./45.txt: ccd= (  967.18964454628235     , -1.7077269315708909E-013)
./46.txt: ccd= (  1063.7893356909976     ,  1.3212319704550389E-012)
./47.txt: ccd= (  944.27701723752682     , -8.5831196210860940E-015)
./48.txt: ccd= (  621.98762262988669     , -1.1630730513809045E-012)
./49.txt: ccd= (  724.62393618802912     ,  2.0397587158500253E-013)
./5.txt: ccd= (  572.87814268371869     ,  7.3596183926118281E-014)
./50.txt: ccd= (  851.83896956380931     , -6.6070628125904587E-013)
./51.txt: ccd= (  769.23737570037224     ,  4.2761742221838858E-013)
./52.txt: ccd= (  1383.0059017638205     ,  3.3941918096525359E-013)
./53.txt: ccd= (  525.57655140196800     ,  7.7071762858096374E-013)
./54.txt: ccd= (  842.63054059427202     , -1.4568386298239373E-012)
./55.txt: ccd= (  867.32941059024893     , -2.4010509532938343E-012)
./56.txt: ccd= (  873.73239395481733     ,  4.9812319645315185E-012)
./57.txt: ccd= (  474.41804628977025     , -1.0220431014079835E-012)
./58.txt: ccd= (  977.65854186557863     , -1.1475351791996253E-013)
./59.txt: ccd= (  944.44497379229028     ,  1.1086064479935337E-012)
./6.txt: ccd= (  1107.9772701279605     , -6.4115934459124378E-012)
./60.txt: ccd= (  913.79997168343880     , -5.3399482702588516E-013)
./61.txt: ccd= (  1324.2136499592682     ,  1.2769530899707411E-012)
./62.txt: ccd= (  575.45251600879465     , -1.1978168008688231E-013)
./63.txt: ccd= (  493.58012495837272     , -5.3528337390856663E-013)
./64.txt: ccd= (  1108.1673851630253     ,  2.2187554762234674E-013)
./7.txt: ccd= (  1003.5332432392254     , -1.5577009019287417E-013)
./8.txt: ccd= (  844.15043906581172     , -3.3150349496031049E-013)
./9.txt: ccd= (  447.69956124761273     , -8.7150680234650277E-014)
