./10.txt: ccdt=        (1329.2007639496223,-1.16768774278135874E-012)
./11.txt: ccdt=         (1411.8220878237323,5.37394331869431325E-013)
./12.txt: ccdt=        (1466.5068034714573,-2.62856959264430293E-011)
./13.txt: ccdt=         (1438.6166472136103,2.51548516149975472E-012)
./14.txt: ccdt=         (769.61222969257449,5.10829522496094886E-013)
./15.txt: ccdt=         (822.32582334549352,2.83672342584851954E-011)
./16.txt: ccdt=         (1086.0430965956677,5.14402043262297459E-012)
./17.txt: ccdt=        (982.40226579269222,-1.02969209832561978E-011)
./18.txt: ccdt=         (880.73839652579409,3.70299457921037352E-012)
./19.txt: ccdt=        (780.09441081403270,-3.25966693086470188E-012)
./1.txt: ccdt=        (979.19364376042415,-8.31833609872029691E-013)
./20.txt: ccdt=        (1013.1731626512865,-4.52702229661668382E-012)
./21.txt: ccdt=        (1050.7608578500069,-6.69997951873353456E-013)
./22.txt: ccdt=        (933.14843342296365,-3.64140293687050947E-011)
./23.txt: ccdt=         (578.76986576162915,4.62621807965650375E-013)
./24.txt: ccdt=         (897.06328331218106,1.26599108861576523E-012)
./25.txt: ccdt=         (895.28692001806292,4.61916894381857076E-013)
./26.txt: ccdt=         (1269.0189862820232,2.54672217201570635E-013)
./27.txt: ccdt=        (1059.6090124051530,-1.35386751505882460E-012)
./28.txt: ccdt=         (1077.2807349881518,6.51751032241287505E-012)
./29.txt: ccdt=         (409.48728564774495,1.38309452247174680E-012)
./2.txt: ccdt=         (1353.4724529351899,2.45921684255225194E-011)
./30.txt: ccdt=         (1093.2889068124894,9.49227096775391203E-013)
./31.txt: ccdt=        (1055.7090818655181,-1.85745824960527418E-011)
./32.txt: ccdt=        (927.59402232679167,-4.08503216531325363E-014)
./33.txt: ccdt=        (612.33180438394334,-6.59963381385980112E-013)
./34.txt: ccdt=         (1258.0936036214614,4.76652637974055979E-012)
./3.txt: ccdt=        (1127.5009450695732,-5.35684512564248480E-014)
./4.txt: ccdt=         (780.66368520270078,1.44497629425295535E-012)
./5.txt: ccdt=        (981.31241792426010,-6.95829241041629191E-014)
./6.txt: ccdt=        (1336.1600154665775,-4.05714692662164819E-012)
./7.txt: ccdt=         (1325.4432572816356,4.61507543657422886E-011)
./8.txt: ccdt=         (877.85572190558185,5.99125875480403401E-014)
./9.txt: ccdt=         (1492.7027086504715,2.23887107590855485E-012)
