mpprun info: Starting impi run on 4 node ( 16 rank X 8 th ) for job ID 8764291
Boundary Conditions PBC                                                                                                 
CC approx CCD                                                                                                 
 TNF: T TNF-approx:           3
 3NF Cutoff:   450.00000000000000      Nexp_3NF:           3
 NN regulator Exponent:    3.0000000000000000     
 -----------
 NN ci's
 -0.63995298334399997     
 -0.42642596988300002     
 -0.64807794714300004     
  0.88588252635999998     
 3NF ci's
 -0.63995298334399997     
   0.0000000000000000     
 -0.64807794714300004     
  0.88588252635999998     
 -----------
 --------
 c1s0(-1) -0.37650285445499998     
 c1s0(0) -0.30649444756200001     
 c1s0(1) -0.33565280110500001     
 c3s1(-1) -0.25082690689699999     
 c3s1(0) -0.25082690689699999     
 c3s1(1) -0.25082690689699999     
 --------
 -----------
 NLO contacts PW
   2.4276634059800002     
  0.69757982908500005     
 -0.18431079123700000     
 -0.86239640523899996     
   1.0810131075370000     
  0.46745150118200002     
 -0.73842591027299997     
 ----------
          C1            0.0869188751131964
          C2            0.1035846845771930
          C3           -0.0056938102337867
          C4           -0.0317810081807573
          C5           -0.0497379090300190
          C6           -0.0035935920506548
          C7           -0.1434459618697389
          D1           -0.3771581126597507
          D2           -0.9305750209334183
          D3            2.1195254080520742
          D4           -2.1246309930064329
          D5           -0.0131882077354610
          D6            0.6645429882213397
          D7            0.7806033045976430
          D8           -0.4752342494327860
          D9            0.0920642557695526
         D10           -0.0312443369241453
         D11            0.0232036046033312
         D12           -0.3040203100732521
         D13           -0.2963726204319913
         D14            1.4856672935233888
         D15           -0.3992014237014200

   3NF LECs:
          C1           -0.6399529833440000
          C3           -0.6480779471430000
          C4            0.8858825263600000
          cE           -0.1725257631710000
          cD           -0.3993660049720000

 delta_chiral_order           3
 delta cutoff   450.00000000000000     
 Boxsize   6.9104232300111832     
 Density  0.20000000000000001     
 K_f   1.8091878615559553     
 Nmax           4
 Total number of states        1458
 K-mesh   0.0000000000000000     
 K-mesh -0.90923306692597639     
 K-mesh  0.90923306692597639     
 K-mesh  -1.8184661338519528     
 K-mesh   1.8184661338519528     
 K-mesh  -2.7276992007779293     
 K-mesh   2.7276992007779293     
 K-mesh  -3.6369322677039055     
 K-mesh   3.6369322677039055     
   0.0000000000000000        6.9104232300111832     
   0.0000000000000000        6.9104232300111832     
   0.0000000000000000        6.9104232300111832     
   0.0000000000000000        6.9104232300111832     
 Kz-mesh   0.0000000000000000     
 Kz-mesh -0.90923306692597639     
 Kz-mesh  0.90923306692597639     
 Kz-mesh  -1.8184661338519528     
 Kz-mesh   1.8184661338519528     
 Kz-mesh  -2.7276992007779293     
 Kz-mesh   2.7276992007779293     
 Kz-mesh  -3.6369322677039055     
 Kz-mesh   3.6369322677039055     
 KY-mesh   0.0000000000000000     
 KY-mesh -0.90923306692597639     
 KY-mesh  0.90923306692597639     
 KY-mesh  -1.8184661338519528     
 KY-mesh   1.8184661338519528     
 KY-mesh  -2.7276992007779293     
 KY-mesh   2.7276992007779293     
 KY-mesh  -3.6369322677039055     
 KY-mesh   3.6369322677039055     
           4           4           4          -1           1           1           1
 nkmin, nkmax           4           4           4
 Occupied j-orbits
     1       0.000000000        0   0   0  -1   1 hole      
     2       0.000000000        0   0   0   1   1 hole      
     3       17.13036048        1   0   0  -1   1 hole      
     4       17.13036048        1   0   0   1   1 hole      
     5       17.13036048        0   0  -1  -1   1 hole      
     6       17.13036048        0   0  -1   1   1 hole      
     7       17.13036048        0  -1   0  -1   1 hole      
     8       17.13036048        0  -1   0   1   1 hole      
     9       17.13036048       -1   0   0  -1   1 hole      
    10       17.13036048       -1   0   0   1   1 hole      
    11       17.13036048        0   1   0  -1   1 hole      
    12       17.13036048        0   1   0   1   1 hole      
    13       17.13036048        0   0   1  -1   1 hole      
    14       17.13036048        0   0   1   1   1 hole      
    15       34.26072095        0  -1  -1  -1   1 hole      
    16       34.26072095        0  -1  -1   1   1 hole      
    17       34.26072095        1  -1   0  -1   1 hole      
    18       34.26072095        1  -1   0   1   1 hole      
    19       34.26072095        1   0  -1  -1   1 hole      
    20       34.26072095        1   0  -1   1   1 hole      
    21       34.26072095        0   1  -1  -1   1 hole      
    22       34.26072095        0   1  -1   1   1 hole      
    23       34.26072095        1   1   0  -1   1 hole      
    24       34.26072095        1   1   0   1   1 hole      
    25       34.26072095       -1   1   0  -1   1 hole      
    26       34.26072095       -1   1   0   1   1 hole      
    27       34.26072095        0   1   1  -1   1 hole      
    28       34.26072095        0   1   1   1   1 hole      
    29       34.26072095        1   0   1  -1   1 hole      
    30       34.26072095        1   0   1   1   1 hole      
    31       34.26072095        0  -1   1  -1   1 hole      
    32       34.26072095        0  -1   1   1   1 hole      
    33       34.26072095       -1   0   1  -1   1 hole      
    34       34.26072095       -1   0   1   1   1 hole      
    35       34.26072095       -1  -1   0  -1   1 hole      
    36       34.26072095       -1  -1   0   1   1 hole      
    37       34.26072095       -1   0  -1  -1   1 hole      
    38       34.26072095       -1   0  -1   1   1 hole      
    39       51.39108143        1  -1   1  -1   1 hole      
    40       51.39108143        1  -1   1   1   1 hole      
    41       51.39108143       -1   1   1  -1   1 hole      
    42       51.39108143       -1   1   1   1   1 hole      
    43       51.39108143        1   1   1  -1   1 hole      
    44       51.39108143        1   1   1   1   1 hole      
    45       51.39108143       -1   1  -1  -1   1 hole      
    46       51.39108143       -1   1  -1   1   1 hole      
    47       51.39108143       -1  -1   1  -1   1 hole      
    48       51.39108143       -1  -1   1   1   1 hole      
    49       51.39108143       -1  -1  -1  -1   1 hole      
    50       51.39108143       -1  -1  -1   1   1 hole      
    51       51.39108143        1  -1  -1  -1   1 hole      
    52       51.39108143        1  -1  -1   1   1 hole      
    53       51.39108143        1   1  -1  -1   1 hole      
    54       51.39108143        1   1  -1   1   1 hole      
    55       68.52144191        0   2   0  -1   1 hole      
    56       68.52144191        0   2   0   1   1 hole      
    57       68.52144191        0   0   2  -1   1 hole      
    58       68.52144191        0   0   2   1   1 hole      
    59       68.52144191       -2   0   0  -1   1 hole      
    60       68.52144191       -2   0   0   1   1 hole      
    61       68.52144191        0   0  -2  -1   1 hole      
    62       68.52144191        0   0  -2   1   1 hole      
    63       68.52144191        0  -2   0  -1   1 hole      
    64       68.52144191        0  -2   0   1   1 hole      
    65       68.52144191        2   0   0  -1   1 hole      
    66       68.52144191        2   0   0   1   1 hole      
 Unoccupied j-orbits
    67       85.65180238       -1  -2   0  -1   1 particle  
    68       85.65180238       -1  -2   0   1   1 particle  
    69       85.65180238        0  -2  -1  -1   1 particle  
    70       85.65180238        0  -2  -1   1   1 particle  
    71       85.65180238       -1   2   0  -1   1 particle  
    72       85.65180238       -1   2   0   1   1 particle  
    73       85.65180238        0   2   1  -1   1 particle  
    74       85.65180238        0   2   1   1   1 particle  
    75       85.65180238       -1   0  -2  -1   1 particle  
    76       85.65180238       -1   0  -2   1   1 particle  
    77       85.65180238        0  -1   2  -1   1 particle  
 Sz and Tz for vacuum state   0.0000000000000000        66.000000000000000     
          -8           8          -8           8          -8           8
 Total memory for lookup configs   5.6901119999999113E-003 GByte
 Total memory for channels   4.0880000000000002E-005 GByte
              8067968      504248         185
              8067968      504248        1816
 Setting up vnn for hhhh block
 Time to setup hhhh block   1.3364918231964111     
 Setting up vnn for hhhp block
 Time to setup hhhp block   2.6991331577301025     
 Setting up vnn for hhpp block
 Time to setup hhpp block   4.1554069519042969     
 Setting up vnn for hphp block
 Time to setup hphp block   4.0048198699951172     
 Setting up vnn for pppp block
 Time to setup pppp block   215.07589292526245     
 Total memory for vnn storage  0.55222438400000029      GByte
          -8           8          -8           8          -8           8
 Total memory for lookup ph configs   3.6748800000001611E-003 GByte
 Total memory for ph channels   8.7168000000000003E-005 GByte
              8067968      504248        1816
 Setting up vnn for ph hpph block
 Time to setup ph hpph block  0.13861608505249023     
 Total memory for vnn/t2 ph storage  0.25817497600000122      GByte
 kinetic energy = (  2672.3362343531999     ,  0.0000000000000000     )
 below_ef =          66
 Vacuum expectation value (  1445.3477482957628     ,  0.0000000000000000     )
 3NF vacuum expectation value (  9.0581781627832711     ,  0.0000000000000000     )
 Vacuum expectation value with 3nf (  30.957386470294828     ,  0.0000000000000000     )
 Time for e0   9.1969966888427734E-003
 Time for f3nf  0.21775197982788086     
 e0 3nf (  597.83975946186240     ,  0.0000000000000000     ) (  597.83975874369594     ,  0.0000000000000000     )
 Setting up v3nf_2bNO for hhhh block
 Time to setup v3nf_2bNO hhhh block  0.62308096885681152     
 Setting up v3nf_2bNO for hhpp block
 Time to setup v3nf_2bNO hhpp block   11.873326063156128     
 Setting up v3nf_2bNO for hphp block
 Time to setup v3nf_2bNO hphp block   6.3508470058441162     
 Setting up v3nf_NO for pppp block
 here we go...
 here we go...
 here we go...
 Time to setup v3nf_2bNO pppp block   87.453256845474243     
 Total memory for t2 storage  0.25817497600000017      GByte
 here we go...
 here we go...
 here we go...
 here we go...
 here we go...
 here we go...
 here we go...
 here we go...
 here we go...
 here we go...
 here we go...
 here we go...
 here we go...
 CCD energy (  1871.7766724460919     , -7.9512819090308836E-018)
 diis space     8067968
 Storage of diis vectors  0.90361241599999997      Gb
 CCD energy (  1879.2618791837831     , -1.8348224352134883E-017)
dener    0    1  0.74852067E+01
 CCD energy (  1884.2011012814653     ,  2.6906236400294534E-017)
dener    0    2  0.49392221E+01
 CCD energy (  1887.4265685252367     , -2.2543195886212636E-017)
dener    0    3  0.32254672E+01
 CCD energy (  1889.5090005992445     , -1.9397795794848243E-017)
dener    0    4  0.20824321E+01
 CCD energy (  1890.8352350222303     , -7.4789062495273490E-018)
dener    0    5  0.13262344E+01
diis_mat    1    1  0.8108E-02
diis_mat    1    2  0.5493E-02
diis_mat    1    3  0.3716E-02
diis_mat    1    4  0.2514E-02
diis_mat    1    5  0.1705E-02
diis_mat    1    6 -0.1000E+01
diis_mat    2    1  0.5493E-02
diis_mat    2    2  0.3734E-02
diis_mat    2    3  0.2536E-02
diis_mat    2    4  0.1724E-02
diis_mat    2    5  0.1176E-02
diis_mat    2    6 -0.1000E+01
diis_mat    3    1  0.3716E-02
diis_mat    3    2  0.2536E-02
diis_mat    3    3  0.1731E-02
diis_mat    3    4  0.1183E-02
diis_mat    3    5  0.8123E-03
diis_mat    3    6 -0.1000E+01
diis_mat    4    1  0.2514E-02
diis_mat    4    2  0.1724E-02
diis_mat    4    3  0.1183E-02
diis_mat    4    4  0.8147E-03
diis_mat    4    5  0.5636E-03
diis_mat    4    6 -0.1000E+01
diis_mat    5    1  0.1705E-02
diis_mat    5    2  0.1176E-02
diis_mat    5    3  0.8123E-03
diis_mat    5    4  0.5636E-03
diis_mat    5    5  0.3933E-03
diis_mat    5    6 -0.1000E+01
diis_mat    6    1 -0.1000E+01
diis_mat    6    2 -0.1000E+01
diis_mat    6    3 -0.1000E+01
diis_mat    6    4 -0.1000E+01
diis_mat    6    5 -0.1000E+01
diis_mat    6    6  0.0000E+00
 csysv info           0
sol_vec    1  0.1590E+02 -0.3288E-07
sol_vec    2 -0.1027E+03  0.1838E-06
sol_vec    3  0.2436E+03 -0.3793E-06
sol_vec    4 -0.2522E+03  0.3422E-06
sol_vec    5  0.9642E+02 -0.1138E-06
sol_vec    6  0.5837E-07  0.1634E-14
 CCD energy (  1892.5039401923668     ,  3.2847671048443374E-010)
dener    0    6  0.16687052E+01
 CCD energy (  1892.5024382759336     ,  2.2904106036876113E-010)
dener    0    7 -0.15019164E-02
 CCD energy (  1892.5021827519481     ,  1.5979198763860656E-010)
dener    0    8 -0.25552399E-03
 CCD energy (  1892.5025964354165     ,  1.1156058444663365E-010)
dener    0    9  0.41368347E-03
 CCD energy (  1892.5033303729633     ,  7.7961723119970942E-011)
dener    0   10  0.73393755E-03
 CCD energy (  1892.5041794292129     ,  5.4549718706642109E-011)
dener    0   11  0.84905625E-03
diis_mat    1    1  0.4651E-07
diis_mat    1    2  0.3700E-07
diis_mat    1    3  0.2963E-07
diis_mat    1    4  0.2387E-07
diis_mat    1    5  0.1933E-07
diis_mat    1    6 -0.1000E+01
diis_mat    2    1  0.3700E-07
diis_mat    2    2  0.2955E-07
diis_mat    2    3  0.2376E-07
diis_mat    2    4  0.1920E-07
diis_mat    2    5  0.1558E-07
diis_mat    2    6 -0.1000E+01
diis_mat    3    1  0.2963E-07
diis_mat    3    2  0.2376E-07
diis_mat    3    3  0.1915E-07
diis_mat    3    4  0.1552E-07
diis_mat    3    5  0.1262E-07
diis_mat    3    6 -0.1000E+01
diis_mat    4    1  0.2387E-07
diis_mat    4    2  0.1920E-07
diis_mat    4    3  0.1552E-07
diis_mat    4    4  0.1260E-07
diis_mat    4    5  0.1026E-07
diis_mat    4    6 -0.1000E+01
diis_mat    5    1  0.1933E-07
diis_mat    5    2  0.1558E-07
diis_mat    5    3  0.1262E-07
diis_mat    5    4  0.1026E-07
diis_mat    5    5  0.8375E-08
diis_mat    5    6 -0.1000E+01
diis_mat    6    1 -0.1000E+01
diis_mat    6    2 -0.1000E+01
diis_mat    6    3 -0.1000E+01
diis_mat    6    4 -0.1000E+01
diis_mat    6    5 -0.1000E+01
diis_mat    6    6  0.0000E+00
 csysv info           0
sol_vec    1  0.8983E+02  0.1861E-05
sol_vec    2 -0.4850E+03 -0.9331E-05
sol_vec    3  0.9788E+03  0.1741E-04
sol_vec    4 -0.8751E+03 -0.1432E-04
sol_vec    5  0.2925E+03  0.4385E-05
sol_vec    6  0.9504E-13 -0.4082E-19
 CCD energy (  1892.5097964684387     , -6.2803738980395747E-012)
dener    0   12  0.56170392E-02
 CCD energy (  1892.5097889106798     , -4.6610349598265660E-012)
dener    0   13 -0.75577588E-05
 CCD energy (  1892.5097833945315     , -3.4626209045967115E-012)
dener    0   14 -0.55161482E-05
 CCD energy (  1892.5097793289008     , -2.5758989961537154E-012)
dener    0   15 -0.40656307E-05
 CCD energy (  1892.5097763019778     , -1.9194616717906258E-012)
dener    0   16 -0.30269230E-05
 CCD energy (  1892.5097740252959     , -1.4332777562036765E-012)
dener    0   17 -0.22766820E-05
diis_mat    1    1  0.5833E-13
diis_mat    1    2  0.4318E-13
diis_mat    1    3  0.3220E-13
diis_mat    1    4  0.2419E-13
diis_mat    1    5  0.1831E-13
diis_mat    1    6 -0.1000E+01
diis_mat    2    1  0.4318E-13
diis_mat    2    2  0.3222E-13
diis_mat    2    3  0.2422E-13
diis_mat    2    4  0.1833E-13
diis_mat    2    5  0.1398E-13
diis_mat    2    6 -0.1000E+01
diis_mat    3    1  0.3220E-13
diis_mat    3    2  0.2422E-13
diis_mat    3    3  0.1834E-13
diis_mat    3    4  0.1399E-13
diis_mat    3    5  0.1074E-13
diis_mat    3    6 -0.1000E+01
diis_mat    4    1  0.2419E-13
diis_mat    4    2  0.1833E-13
diis_mat    4    3  0.1399E-13
diis_mat    4    4  0.1074E-13
diis_mat    4    5  0.8298E-14
diis_mat    4    6 -0.1000E+01
diis_mat    5    1  0.1831E-13
diis_mat    5    2  0.1398E-13
diis_mat    5    3  0.1074E-13
diis_mat    5    4  0.8298E-14
diis_mat    5    5  0.6448E-14
diis_mat    5    6 -0.1000E+01
diis_mat    6    1 -0.1000E+01
diis_mat    6    2 -0.1000E+01
diis_mat    6    3 -0.1000E+01
diis_mat    6    4 -0.1000E+01
diis_mat    6    5 -0.1000E+01
diis_mat    6    6  0.0000E+00
 csysv info           0
sol_vec    1  0.8166E+02  0.6997E-04
sol_vec    2 -0.4421E+03 -0.3709E-03
sol_vec    3  0.8951E+03  0.7302E-03
sol_vec    4 -0.8034E+03 -0.6323E-03
sol_vec    5  0.2697E+03  0.2030E-03
sol_vec    6  0.1324E-18 -0.5934E-24
 CCD energy (  1892.5097658412537     , -3.2295685764092623E-013)
dener    0   18 -0.81840420E-05
 CCD energy (  1892.5097658477268     , -2.6678473803275774E-013)
dener    0   19  0.64730443E-08
 Total execution time CCD   26.235333919525146     


 ---------------------------------------------------------------------
 Boxsize   6.9104232300111832      Nmax           4
 A, Density, Kf          66  0.20000000000000001        1.8091878615559553     
 Twist averaged E0/N (  30.957386470294828     ,  0.0000000000000000     )
 Twist averaged mbpt2 (  28.360252612819576     , -1.2047396831864976E-019)
 Twist averaged CCSD (  28.674390391632226     , -4.0421930004963298E-015)
 kinetic_TF   2685.8303369731448     
  0.20000000000000001      (  30.957386470294828     ,  0.0000000000000000     ) (  1892.5097658477268     , -2.6678473803275774E-013)

 E/N   1.80918789      0.200000003       30.957386470294828        28.360252612819576        28.674390391632226        0.0000000000000000     
#Nmax, Nucleons, 3NFnexp, 3NFCutoff: 4  66 3 450
    -0.17253    -0.39937     1.80919     0.20000    30.95739    28.36025    28.67439     0.00000
 ---------------------------------------------------------------------
 Total execution time for CCD code   382.83408308029175     
mpprun info: Elapsed time (h:m:s):  0:06:23.797746
