mpprun info: Starting impi run on 4 node ( 16 rank X 8 th ) for job ID 8764291
Boundary Conditions PBC                                                                                                 
CC approx CCD                                                                                                 
 TNF: T TNF-approx:           3
 3NF Cutoff:   450.00000000000000      Nexp_3NF:           3
 NN regulator Exponent:    3.0000000000000000     
 -----------
 NN ci's
 -0.88645821037700001     
 -0.53448647042800002     
 -0.58522205745199996     
  0.88410497913499997     
 3NF ci's
 -0.88645821037700001     
   0.0000000000000000     
 -0.58522205745199996     
  0.88410497913499997     
 -----------
 --------
 c1s0(-1) -0.34098737193500001     
 c1s0(0) -0.38330601944100001     
 c1s0(1) -0.32424255441599997     
 c3s1(-1) -0.26617362783499998     
 c3s1(0) -0.26617362783499998     
 c3s1(1) -0.26617362783499998     
 --------
 -----------
 NLO contacts PW
   2.2650613772030002     
  0.77846639086299996     
 -0.25712363254600001     
 -0.94040977962899996     
   1.0778811493550000     
  0.45751362187200001     
 -0.99300669749100001     
 ----------
          C1            0.0933870325404340
          C2            0.0640248966105939
          C3           -0.0032036915775990
          C4           -0.0301696621616531
          C5           -0.0736238219423772
          C6           -0.0024717577884075
          C7           -0.1445780858346807
          D1           -0.3771581126597507
          D2           -0.9305750209334183
          D3            2.1195254080520742
          D4           -2.1246309930064329
          D5           -0.0131882077354610
          D6            0.6645429882213397
          D7            0.7806033045976430
          D8           -0.4752342494327860
          D9            0.0920642557695526
         D10           -0.0312443369241453
         D11            0.0232036046033312
         D12           -0.3040203100732521
         D13           -0.2963726204319913
         D14            1.4856672935233888
         D15           -0.3992014237014200

   3NF LECs:
          C1           -0.8864582103770000
          C3           -0.5852220574520000
          C4            0.8841049791350000
          cE           -0.1908665448260000
          cD           -0.4401623284940000

 delta_chiral_order           3
 delta cutoff   450.00000000000000     
 Boxsize   6.9104232300111832     
 Density  0.20000000000000001     
 K_f   1.8091878615559553     
 Nmax           4
 Total number of states        1458
 K-mesh   0.0000000000000000     
 K-mesh -0.90923306692597639     
 K-mesh  0.90923306692597639     
 K-mesh  -1.8184661338519528     
 K-mesh   1.8184661338519528     
 K-mesh  -2.7276992007779293     
 K-mesh   2.7276992007779293     
 K-mesh  -3.6369322677039055     
 K-mesh   3.6369322677039055     
   0.0000000000000000        6.9104232300111832     
   0.0000000000000000        6.9104232300111832     
   0.0000000000000000        6.9104232300111832     
   0.0000000000000000        6.9104232300111832     
 Kz-mesh   0.0000000000000000     
 Kz-mesh -0.90923306692597639     
 Kz-mesh  0.90923306692597639     
 Kz-mesh  -1.8184661338519528     
 Kz-mesh   1.8184661338519528     
 Kz-mesh  -2.7276992007779293     
 Kz-mesh   2.7276992007779293     
 Kz-mesh  -3.6369322677039055     
 Kz-mesh   3.6369322677039055     
 KY-mesh   0.0000000000000000     
 KY-mesh -0.90923306692597639     
 KY-mesh  0.90923306692597639     
 KY-mesh  -1.8184661338519528     
 KY-mesh   1.8184661338519528     
 KY-mesh  -2.7276992007779293     
 KY-mesh   2.7276992007779293     
 KY-mesh  -3.6369322677039055     
 KY-mesh   3.6369322677039055     
           4           4           4          -1           1           1           1
 nkmin, nkmax           4           4           4
 Occupied j-orbits
     1       0.000000000        0   0   0  -1   1 hole      
     2       0.000000000        0   0   0   1   1 hole      
     3       17.13036048        1   0   0  -1   1 hole      
     4       17.13036048        1   0   0   1   1 hole      
     5       17.13036048        0   0  -1  -1   1 hole      
     6       17.13036048        0   0  -1   1   1 hole      
     7       17.13036048        0  -1   0  -1   1 hole      
     8       17.13036048        0  -1   0   1   1 hole      
     9       17.13036048       -1   0   0  -1   1 hole      
    10       17.13036048       -1   0   0   1   1 hole      
    11       17.13036048        0   1   0  -1   1 hole      
    12       17.13036048        0   1   0   1   1 hole      
    13       17.13036048        0   0   1  -1   1 hole      
    14       17.13036048        0   0   1   1   1 hole      
    15       34.26072095        0  -1  -1  -1   1 hole      
    16       34.26072095        0  -1  -1   1   1 hole      
    17       34.26072095        1  -1   0  -1   1 hole      
    18       34.26072095        1  -1   0   1   1 hole      
    19       34.26072095        1   0  -1  -1   1 hole      
    20       34.26072095        1   0  -1   1   1 hole      
    21       34.26072095        0   1  -1  -1   1 hole      
    22       34.26072095        0   1  -1   1   1 hole      
    23       34.26072095        1   1   0  -1   1 hole      
    24       34.26072095        1   1   0   1   1 hole      
    25       34.26072095       -1   1   0  -1   1 hole      
    26       34.26072095       -1   1   0   1   1 hole      
    27       34.26072095        0   1   1  -1   1 hole      
    28       34.26072095        0   1   1   1   1 hole      
    29       34.26072095        1   0   1  -1   1 hole      
    30       34.26072095        1   0   1   1   1 hole      
    31       34.26072095        0  -1   1  -1   1 hole      
    32       34.26072095        0  -1   1   1   1 hole      
    33       34.26072095       -1   0   1  -1   1 hole      
    34       34.26072095       -1   0   1   1   1 hole      
    35       34.26072095       -1  -1   0  -1   1 hole      
    36       34.26072095       -1  -1   0   1   1 hole      
    37       34.26072095       -1   0  -1  -1   1 hole      
    38       34.26072095       -1   0  -1   1   1 hole      
    39       51.39108143        1  -1   1  -1   1 hole      
    40       51.39108143        1  -1   1   1   1 hole      
    41       51.39108143       -1   1   1  -1   1 hole      
    42       51.39108143       -1   1   1   1   1 hole      
    43       51.39108143        1   1   1  -1   1 hole      
    44       51.39108143        1   1   1   1   1 hole      
    45       51.39108143       -1   1  -1  -1   1 hole      
    46       51.39108143       -1   1  -1   1   1 hole      
    47       51.39108143       -1  -1   1  -1   1 hole      
    48       51.39108143       -1  -1   1   1   1 hole      
    49       51.39108143       -1  -1  -1  -1   1 hole      
    50       51.39108143       -1  -1  -1   1   1 hole      
    51       51.39108143        1  -1  -1  -1   1 hole      
    52       51.39108143        1  -1  -1   1   1 hole      
    53       51.39108143        1   1  -1  -1   1 hole      
    54       51.39108143        1   1  -1   1   1 hole      
    55       68.52144191        0   2   0  -1   1 hole      
    56       68.52144191        0   2   0   1   1 hole      
    57       68.52144191        0   0   2  -1   1 hole      
    58       68.52144191        0   0   2   1   1 hole      
    59       68.52144191       -2   0   0  -1   1 hole      
    60       68.52144191       -2   0   0   1   1 hole      
    61       68.52144191        0   0  -2  -1   1 hole      
    62       68.52144191        0   0  -2   1   1 hole      
    63       68.52144191        0  -2   0  -1   1 hole      
    64       68.52144191        0  -2   0   1   1 hole      
    65       68.52144191        2   0   0  -1   1 hole      
    66       68.52144191        2   0   0   1   1 hole      
 Unoccupied j-orbits
    67       85.65180238       -1  -2   0  -1   1 particle  
    68       85.65180238       -1  -2   0   1   1 particle  
    69       85.65180238        0  -2  -1  -1   1 particle  
    70       85.65180238        0  -2  -1   1   1 particle  
    71       85.65180238       -1   2   0  -1   1 particle  
    72       85.65180238       -1   2   0   1   1 particle  
    73       85.65180238        0   2   1  -1   1 particle  
    74       85.65180238        0   2   1   1   1 particle  
    75       85.65180238       -1   0  -2  -1   1 particle  
    76       85.65180238       -1   0  -2   1   1 particle  
    77       85.65180238        0  -1   2  -1   1 particle  
 Sz and Tz for vacuum state   0.0000000000000000        66.000000000000000     
          -8           8          -8           8          -8           8
 Total memory for lookup configs   5.6901119999999113E-003 GByte
 Total memory for channels   4.0880000000000002E-005 GByte
              8067968      504248         185
              8067968      504248        1816
 Setting up vnn for hhhh block
 Time to setup hhhh block   1.3456549644470215     
 Setting up vnn for hhhp block
 Time to setup hhhp block   2.7105488777160645     
 Setting up vnn for hhpp block
 Time to setup hhpp block   4.2024409770965576     
 Setting up vnn for hphp block
 Time to setup hphp block   4.0568728446960449     
 Setting up vnn for pppp block
 Time to setup pppp block   215.33410096168518     
 Total memory for vnn storage  0.55222438400000029      GByte
          -8           8          -8           8          -8           8
 Total memory for lookup ph configs   3.6748800000001611E-003 GByte
 Total memory for ph channels   8.7168000000000003E-005 GByte
              8067968      504248        1816
 Setting up vnn for ph hpph block
 Time to setup ph hpph block  0.13847279548645020     
 Total memory for vnn/t2 ph storage  0.25817497600000122      GByte
 kinetic energy = (  2672.3362343531999     ,  0.0000000000000000     )
 below_ef =          66
 Vacuum expectation value (  522.42403355010799     ,  0.0000000000000000     )
 3NF vacuum expectation value (  9.1319970597656006     ,  0.0000000000000000     )
 Vacuum expectation value with 3nf (  17.047512719615721     ,  0.0000000000000000     )
 Time for e0   1.2687921524047852E-002
 Time for f3nf  0.21386408805847168     
 e0 3nf (  602.71180664010774     ,  0.0000000000000000     ) (  602.71180594452960     ,  0.0000000000000000     )
 Setting up v3nf_2bNO for hhhh block
 Time to setup v3nf_2bNO hhhh block  0.62228798866271973     
 Setting up v3nf_2bNO for hhpp block
 Time to setup v3nf_2bNO hhpp block   11.781244039535522     
 Setting up v3nf_2bNO for hphp block
 Time to setup v3nf_2bNO hphp block   6.2951419353485107     
 Setting up v3nf_NO for pppp block
 here we go...
 here we go...
 here we go...
 Time to setup v3nf_2bNO pppp block   87.184074163436890     
 Total memory for t2 storage  0.25817497600000017      GByte
 here we go...
 here we go...
 here we go...
 here we go...
 here we go...
 here we go...
 here we go...
 here we go...
 here we go...
 here we go...
 here we go...
 here we go...
 here we go...
 CCD energy (  922.97915275119817     ,  1.8275741862513282E-017)
 diis space     8067968
 Storage of diis vectors  0.90361241599999997      Gb
 CCD energy (  937.68092151290011     ,  4.1359691036184578E-017)
dener    0    1  0.14701769E+02
 CCD energy (  947.02352863625538     ,  3.6014950799184199E-017)
dener    0    2  0.93426071E+01
 CCD energy (  952.85909213425828     ,  4.8922459716860826E-017)
dener    0    3  0.58355635E+01
 CCD energy (  956.43168956259296     ,  8.7794958947301890E-018)
dener    0    4  0.35725974E+01
 CCD energy (  958.56190275492349     , -5.2824658872840718E-017)
dener    0    5  0.21302132E+01
diis_mat    1    1  0.7347E-02
diis_mat    1    2  0.4855E-02
diis_mat    1    3  0.3200E-02
diis_mat    1    4  0.2115E-02
diis_mat    1    5  0.1408E-02
diis_mat    1    6 -0.1000E+01
diis_mat    2    1  0.4855E-02
diis_mat    2    2  0.3271E-02
diis_mat    2    3  0.2210E-02
diis_mat    2    4  0.1507E-02
diis_mat    2    5  0.1042E-02
diis_mat    2    6 -0.1000E+01
diis_mat    3    1  0.3200E-02
diis_mat    3    2  0.2210E-02
diis_mat    3    3  0.1539E-02
diis_mat    3    4  0.1088E-02
diis_mat    3    5  0.7832E-03
diis_mat    3    6 -0.1000E+01
diis_mat    4    1  0.2115E-02
diis_mat    4    2  0.1507E-02
diis_mat    4    3  0.1088E-02
diis_mat    4    4  0.7994E-03
diis_mat    4    5  0.5999E-03
diis_mat    4    6 -0.1000E+01
diis_mat    5    1  0.1408E-02
diis_mat    5    2  0.1042E-02
diis_mat    5    3  0.7832E-03
diis_mat    5    4  0.5999E-03
diis_mat    5    5  0.4687E-03
diis_mat    5    6 -0.1000E+01
diis_mat    6    1 -0.1000E+01
diis_mat    6    2 -0.1000E+01
diis_mat    6    3 -0.1000E+01
diis_mat    6    4 -0.1000E+01
diis_mat    6    5 -0.1000E+01
diis_mat    6    6  0.0000E+00
 csysv info           0
sol_vec    1  0.1609E+02 -0.1261E-07
sol_vec    2 -0.1112E+03  0.6678E-07
sol_vec    3  0.2745E+03 -0.1317E-06
sol_vec    4 -0.2908E+03  0.1141E-06
sol_vec    5  0.1124E+03 -0.3660E-07
sol_vec    6  0.1319E-05  0.1683E-14
 CCD energy (  959.73402232027547     ,  5.7908833643507320E-010)
dener    0    6  0.11721196E+01
 CCD energy (  959.63750176211317     ,  3.5469357893905408E-010)
dener    0    7 -0.96520558E-01
 CCD energy (  959.58169187567728     ,  2.1213385312397234E-010)
dener    0    8 -0.55809886E-01
 CCD energy (  959.55060240922353     ,  1.2224739707142380E-010)
dener    0    9 -0.31089466E-01
 CCD energy (  959.53432689957867     ,  6.6182910556761542E-011)
dener    0   10 -0.16275510E-01
 CCD energy (  959.52676155793688     ,  3.1756381757146171E-011)
dener    0   11 -0.75653416E-02
diis_mat    1    1  0.1393E-05
diis_mat    1    2  0.1039E-05
diis_mat    1    3  0.7891E-06
diis_mat    1    4  0.6089E-06
diis_mat    1    5  0.4766E-06
diis_mat    1    6 -0.1000E+01
diis_mat    2    1  0.1039E-05
diis_mat    2    2  0.7892E-06
diis_mat    2    3  0.6089E-06
diis_mat    2    4  0.4765E-06
diis_mat    2    5  0.3775E-06
diis_mat    2    6 -0.1000E+01
diis_mat    3    1  0.7891E-06
diis_mat    3    2  0.6089E-06
diis_mat    3    3  0.4765E-06
diis_mat    3    4  0.3774E-06
diis_mat    3    5  0.3020E-06
diis_mat    3    6 -0.1000E+01
diis_mat    4    1  0.6089E-06
diis_mat    4    2  0.4765E-06
diis_mat    4    3  0.3774E-06
diis_mat    4    4  0.3020E-06
diis_mat    4    5  0.2436E-06
diis_mat    4    6 -0.1000E+01
diis_mat    5    1  0.4766E-06
diis_mat    5    2  0.3775E-06
diis_mat    5    3  0.3020E-06
diis_mat    5    4  0.2436E-06
diis_mat    5    5  0.1979E-06
diis_mat    5    6 -0.1000E+01
diis_mat    6    1 -0.1000E+01
diis_mat    6    2 -0.1000E+01
diis_mat    6    3 -0.1000E+01
diis_mat    6    4 -0.1000E+01
diis_mat    6    5 -0.1000E+01
diis_mat    6    6  0.0000E+00
 csysv info           0
sol_vec    1  0.9159E+02  0.1068E-05
sol_vec    2 -0.4986E+03 -0.5453E-05
sol_vec    3  0.1013E+04  0.1034E-04
sol_vec    4 -0.9102E+03 -0.8626E-05
sol_vec    5  0.3053E+03  0.2675E-05
sol_vec    6  0.1110E-10 -0.2103E-17
 CCD energy (  959.54354124054817     , -4.7718845182892105E-011)
dener    0   12  0.16779683E-01
 CCD energy (  959.54371851229314     , -3.4419698712658002E-011)
dener    0   13  0.17727174E-03
 CCD energy (  959.54382030741715     , -2.5169329226052085E-011)
dener    0   14  0.10179512E-03
 CCD energy (  959.54387500880625     , -1.8666393759174014E-011)
dener    0   15  0.54701389E-04
 CCD energy (  959.54390074999162     , -1.4041731469863990E-011)
dener    0   16  0.25741185E-04
 CCD energy (  959.54390906527112     , -1.0711200943482582E-011)
dener    0   17  0.83152795E-05
diis_mat    1    1  0.7810E-11
diis_mat    1    2  0.6360E-11
diis_mat    1    3  0.5226E-11
diis_mat    1    4  0.4325E-11
diis_mat    1    5  0.3600E-11
diis_mat    1    6 -0.1000E+01
diis_mat    2    1  0.6360E-11
diis_mat    2    2  0.5269E-11
diis_mat    2    3  0.4390E-11
diis_mat    2    4  0.3674E-11
diis_mat    2    5  0.3085E-11
diis_mat    2    6 -0.1000E+01
diis_mat    3    1  0.5226E-11
diis_mat    3    2  0.4390E-11
diis_mat    3    3  0.3698E-11
diis_mat    3    4  0.3122E-11
diis_mat    3    5  0.2640E-11
diis_mat    3    6 -0.1000E+01
diis_mat    4    1  0.4325E-11
diis_mat    4    2  0.3674E-11
diis_mat    4    3  0.3122E-11
diis_mat    4    4  0.2654E-11
diis_mat    4    5  0.2257E-11
diis_mat    4    6 -0.1000E+01
diis_mat    5    1  0.3600E-11
diis_mat    5    2  0.3085E-11
diis_mat    5    3  0.2640E-11
diis_mat    5    4  0.2257E-11
diis_mat    5    5  0.1928E-11
diis_mat    5    6 -0.1000E+01
diis_mat    6    1 -0.1000E+01
diis_mat    6    2 -0.1000E+01
diis_mat    6    3 -0.1000E+01
diis_mat    6    4 -0.1000E+01
diis_mat    6    5 -0.1000E+01
diis_mat    6    6  0.0000E+00
 csysv info           0
sol_vec    1  0.1007E+03 -0.7327E-05
sol_vec    2 -0.5478E+03  0.3656E-04
sol_vec    3  0.1111E+04 -0.6770E-04
sol_vec    4 -0.9966E+03  0.5519E-04
sol_vec    5  0.3334E+03 -0.1673E-04
sol_vec    6  0.3278E-15  0.1539E-21
 CCD energy (  959.54377799423685     , -2.3271493810650755E-012)
dener    0   18 -0.13107103E-03
 CCD energy (  959.54377783134828     , -1.5028784281459321E-012)
dener    0   19 -0.16288863E-06
 Total execution time CCD   26.181055784225464     


 ---------------------------------------------------------------------
 Boxsize   6.9104232300111832      Nmax           4
 A, Density, Kf          66  0.20000000000000001        1.8091878615559553     
 Twist averaged E0/N (  17.047512719615721     ,  0.0000000000000000     )
 Twist averaged mbpt2 (  13.984532617442397     ,  2.7690517973504972E-019)
 Twist averaged CCSD (  14.538542088353761     , -2.2770885274938364E-014)
 kinetic_TF   2685.8303369731448     
  0.20000000000000001      (  17.047512719615721     ,  0.0000000000000000     ) (  959.54377783134828     , -1.5028784281459321E-012)

 E/N   1.80918789      0.200000003       17.047512719615721        13.984532617442397        14.538542088353761        0.0000000000000000     
#Nmax, Nucleons, 3NFnexp, 3NFCutoff: 4  66 3 450
    -0.19087    -0.44016     1.80919     0.20000    17.04751    13.98453    14.53854     0.00000
 ---------------------------------------------------------------------
 Total execution time for CCD code   383.65644598007202     
mpprun info: Elapsed time (h:m:s):  0:06:24.629162
