mpprun info: Starting impi run on 4 node ( 16 rank X 8 th ) for job ID 8764291
Boundary Conditions PBC                                                                                                 
CC approx CCD                                                                                                 
 TNF: T TNF-approx:           3
 3NF Cutoff:   450.00000000000000      Nexp_3NF:           3
 NN regulator Exponent:    3.0000000000000000     
 -----------
 NN ci's
 -0.68146082420499998     
 -0.45596098648500000     
 -0.64732026422199995     
  0.98345016513000005     
 3NF ci's
 -0.68146082420499998     
   0.0000000000000000     
 -0.64732026422199995     
  0.98345016513000005     
 -----------
 --------
 c1s0(-1) -0.40438121326999998     
 c1s0(0) -0.30392475473500002     
 c1s0(1) -0.32177714531500001     
 c3s1(-1) -0.27762625077999997     
 c3s1(0) -0.27762625077999997     
 c3s1(1) -0.27762625077999997     
 --------
 -----------
 NLO contacts PW
   2.7315496435900002     
  0.60942672062699998     
 -0.21620399448300001     
 -0.97755628536500005     
   1.0777480356780000     
  0.52724528289399997     
 -0.80862459302000000     
 ----------
          C1            0.0942225343271434
          C2            0.0977730676591546
          C3           -0.0072471097614649
          C4           -0.0432809699996079
          C5           -0.0463401013256242
          C6           -0.0056247688223436
          C7           -0.1555087487630021
          D1           -0.3771581126597507
          D2           -0.9305750209334183
          D3            2.1195254080520742
          D4           -2.1246309930064329
          D5           -0.0131882077354610
          D6            0.6645429882213397
          D7            0.7806033045976430
          D8           -0.4752342494327860
          D9            0.0920642557695526
         D10           -0.0312443369241453
         D11            0.0232036046033312
         D12           -0.3040203100732521
         D13           -0.2963726204319913
         D14            1.4856672935233888
         D15           -0.3992014237014200

   3NF LECs:
          C1           -0.6814608242050000
          C3           -0.6473202642220000
          C4            0.9834501651300001
          cE           -0.1890173264000000
          cD           -0.4657551386960000

 delta_chiral_order           3
 delta cutoff   450.00000000000000     
 Boxsize   6.9104232300111832     
 Density  0.20000000000000001     
 K_f   1.8091878615559553     
 Nmax           4
 Total number of states        1458
 K-mesh   0.0000000000000000     
 K-mesh -0.90923306692597639     
 K-mesh  0.90923306692597639     
 K-mesh  -1.8184661338519528     
 K-mesh   1.8184661338519528     
 K-mesh  -2.7276992007779293     
 K-mesh   2.7276992007779293     
 K-mesh  -3.6369322677039055     
 K-mesh   3.6369322677039055     
   0.0000000000000000        6.9104232300111832     
   0.0000000000000000        6.9104232300111832     
   0.0000000000000000        6.9104232300111832     
   0.0000000000000000        6.9104232300111832     
 Kz-mesh   0.0000000000000000     
 Kz-mesh -0.90923306692597639     
 Kz-mesh  0.90923306692597639     
 Kz-mesh  -1.8184661338519528     
 Kz-mesh   1.8184661338519528     
 Kz-mesh  -2.7276992007779293     
 Kz-mesh   2.7276992007779293     
 Kz-mesh  -3.6369322677039055     
 Kz-mesh   3.6369322677039055     
 KY-mesh   0.0000000000000000     
 KY-mesh -0.90923306692597639     
 KY-mesh  0.90923306692597639     
 KY-mesh  -1.8184661338519528     
 KY-mesh   1.8184661338519528     
 KY-mesh  -2.7276992007779293     
 KY-mesh   2.7276992007779293     
 KY-mesh  -3.6369322677039055     
 KY-mesh   3.6369322677039055     
           4           4           4          -1           1           1           1
 nkmin, nkmax           4           4           4
 Occupied j-orbits
     1       0.000000000        0   0   0  -1   1 hole      
     2       0.000000000        0   0   0   1   1 hole      
     3       17.13036048        1   0   0  -1   1 hole      
     4       17.13036048        1   0   0   1   1 hole      
     5       17.13036048        0   0  -1  -1   1 hole      
     6       17.13036048        0   0  -1   1   1 hole      
     7       17.13036048        0  -1   0  -1   1 hole      
     8       17.13036048        0  -1   0   1   1 hole      
     9       17.13036048       -1   0   0  -1   1 hole      
    10       17.13036048       -1   0   0   1   1 hole      
    11       17.13036048        0   1   0  -1   1 hole      
    12       17.13036048        0   1   0   1   1 hole      
    13       17.13036048        0   0   1  -1   1 hole      
    14       17.13036048        0   0   1   1   1 hole      
    15       34.26072095        0  -1  -1  -1   1 hole      
    16       34.26072095        0  -1  -1   1   1 hole      
    17       34.26072095        1  -1   0  -1   1 hole      
    18       34.26072095        1  -1   0   1   1 hole      
    19       34.26072095        1   0  -1  -1   1 hole      
    20       34.26072095        1   0  -1   1   1 hole      
    21       34.26072095        0   1  -1  -1   1 hole      
    22       34.26072095        0   1  -1   1   1 hole      
    23       34.26072095        1   1   0  -1   1 hole      
    24       34.26072095        1   1   0   1   1 hole      
    25       34.26072095       -1   1   0  -1   1 hole      
    26       34.26072095       -1   1   0   1   1 hole      
    27       34.26072095        0   1   1  -1   1 hole      
    28       34.26072095        0   1   1   1   1 hole      
    29       34.26072095        1   0   1  -1   1 hole      
    30       34.26072095        1   0   1   1   1 hole      
    31       34.26072095        0  -1   1  -1   1 hole      
    32       34.26072095        0  -1   1   1   1 hole      
    33       34.26072095       -1   0   1  -1   1 hole      
    34       34.26072095       -1   0   1   1   1 hole      
    35       34.26072095       -1  -1   0  -1   1 hole      
    36       34.26072095       -1  -1   0   1   1 hole      
    37       34.26072095       -1   0  -1  -1   1 hole      
    38       34.26072095       -1   0  -1   1   1 hole      
    39       51.39108143        1  -1   1  -1   1 hole      
    40       51.39108143        1  -1   1   1   1 hole      
    41       51.39108143       -1   1   1  -1   1 hole      
    42       51.39108143       -1   1   1   1   1 hole      
    43       51.39108143        1   1   1  -1   1 hole      
    44       51.39108143        1   1   1   1   1 hole      
    45       51.39108143       -1   1  -1  -1   1 hole      
    46       51.39108143       -1   1  -1   1   1 hole      
    47       51.39108143       -1  -1   1  -1   1 hole      
    48       51.39108143       -1  -1   1   1   1 hole      
    49       51.39108143       -1  -1  -1  -1   1 hole      
    50       51.39108143       -1  -1  -1   1   1 hole      
    51       51.39108143        1  -1  -1  -1   1 hole      
    52       51.39108143        1  -1  -1   1   1 hole      
    53       51.39108143        1   1  -1  -1   1 hole      
    54       51.39108143        1   1  -1   1   1 hole      
    55       68.52144191        0   2   0  -1   1 hole      
    56       68.52144191        0   2   0   1   1 hole      
    57       68.52144191        0   0   2  -1   1 hole      
    58       68.52144191        0   0   2   1   1 hole      
    59       68.52144191       -2   0   0  -1   1 hole      
    60       68.52144191       -2   0   0   1   1 hole      
    61       68.52144191        0   0  -2  -1   1 hole      
    62       68.52144191        0   0  -2   1   1 hole      
    63       68.52144191        0  -2   0  -1   1 hole      
    64       68.52144191        0  -2   0   1   1 hole      
    65       68.52144191        2   0   0  -1   1 hole      
    66       68.52144191        2   0   0   1   1 hole      
 Unoccupied j-orbits
    67       85.65180238       -1  -2   0  -1   1 particle  
    68       85.65180238       -1  -2   0   1   1 particle  
    69       85.65180238        0  -2  -1  -1   1 particle  
    70       85.65180238        0  -2  -1   1   1 particle  
    71       85.65180238       -1   2   0  -1   1 particle  
    72       85.65180238       -1   2   0   1   1 particle  
    73       85.65180238        0   2   1  -1   1 particle  
    74       85.65180238        0   2   1   1   1 particle  
    75       85.65180238       -1   0  -2  -1   1 particle  
    76       85.65180238       -1   0  -2   1   1 particle  
    77       85.65180238        0  -1   2  -1   1 particle  
 Sz and Tz for vacuum state   0.0000000000000000        66.000000000000000     
          -8           8          -8           8          -8           8
 Total memory for lookup configs   5.6901119999999113E-003 GByte
 Total memory for channels   4.0880000000000002E-005 GByte
              8067968      504248         185
              8067968      504248        1816
 Setting up vnn for hhhh block
 Time to setup hhhh block   1.3508989810943604     
 Setting up vnn for hhhp block
 Time to setup hhhp block   2.7080409526824951     
 Setting up vnn for hhpp block
 Time to setup hhpp block   4.0333490371704102     
 Setting up vnn for hphp block
 Time to setup hphp block   4.0775010585784912     
 Setting up vnn for pppp block
 Time to setup pppp block   215.98204898834229     
 Total memory for vnn storage  0.55222438400000029      GByte
          -8           8          -8           8          -8           8
 Total memory for lookup ph configs   3.6748800000001611E-003 GByte
 Total memory for ph channels   8.7168000000000003E-005 GByte
              8067968      504248        1816
 Setting up vnn for ph hpph block
 Time to setup ph hpph block  0.13776302337646484     
 Total memory for vnn/t2 ph storage  0.25817497600000122      GByte
 kinetic energy = (  2672.3362343531999     ,  0.0000000000000000     )
 below_ef =          66
 Vacuum expectation value (  1628.4199472766543     ,  0.0000000000000000     )
 3NF vacuum expectation value (  9.0936358819724976     ,  0.0000000000000000     )
 Vacuum expectation value with 3nf (  33.766665386164227     ,  0.0000000000000000     )
 Time for e0   1.3340950012207031E-002
 Time for f3nf  0.21447992324829102     
 e0 3nf (  600.17996890507720     ,  0.0000000000000000     ) (  600.17996821018482     ,  0.0000000000000000     )
 Setting up v3nf_2bNO for hhhh block
 Time to setup v3nf_2bNO hhhh block  0.62402200698852539     
 Setting up v3nf_2bNO for hhpp block
 Time to setup v3nf_2bNO hhpp block   11.776085853576660     
 Setting up v3nf_2bNO for hphp block
 Time to setup v3nf_2bNO hphp block   6.3198790550231934     
 Setting up v3nf_NO for pppp block
 here we go...
 here we go...
 here we go...
 Time to setup v3nf_2bNO pppp block   87.619543075561523     
 Total memory for t2 storage  0.25817497600000017      GByte
 here we go...
 here we go...
 here we go...
 here we go...
 here we go...
 here we go...
 here we go...
 here we go...
 here we go...
 here we go...
 here we go...
 here we go...
 here we go...
 CCD energy (  2018.2918135688869     , -3.3252014232138478E-020)
 diis space     8067968
 Storage of diis vectors  0.90361241599999997      Gb
 CCD energy (  2024.5536909359932     , -8.4429607103418861E-018)
dener    0    1  0.62618774E+01
 CCD energy (  2028.3156422645450     , -1.1146149423913909E-017)
dener    0    2  0.37619513E+01
 CCD energy (  2030.4442719948740     ,  8.3377448173882310E-018)
dener    0    3  0.21286297E+01
 CCD energy (  2031.5269244721499     ,  2.2948689974068907E-017)
dener    0    4  0.10826525E+01
 CCD energy (  2031.9559414402254     ,  1.9492429190730675E-017)
dener    0    5  0.42901697E+00
diis_mat    1    1  0.1180E-01
diis_mat    1    2  0.8403E-02
diis_mat    1    3  0.6027E-02
diis_mat    1    4  0.4362E-02
diis_mat    1    5  0.3190E-02
diis_mat    1    6 -0.1000E+01
diis_mat    2    1  0.8403E-02
diis_mat    2    2  0.6042E-02
diis_mat    2    3  0.4380E-02
diis_mat    2    4  0.3207E-02
diis_mat    2    5  0.2375E-02
diis_mat    2    6 -0.1000E+01
diis_mat    3    1  0.6027E-02
diis_mat    3    2  0.4380E-02
diis_mat    3    3  0.3212E-02
diis_mat    3    4  0.2382E-02
diis_mat    3    5  0.1787E-02
diis_mat    3    6 -0.1000E+01
diis_mat    4    1  0.4362E-02
diis_mat    4    2  0.3207E-02
diis_mat    4    3  0.2382E-02
diis_mat    4    4  0.1789E-02
diis_mat    4    5  0.1360E-02
diis_mat    4    6 -0.1000E+01
diis_mat    5    1  0.3190E-02
diis_mat    5    2  0.2375E-02
diis_mat    5    3  0.1787E-02
diis_mat    5    4  0.1360E-02
diis_mat    5    5  0.1048E-02
diis_mat    5    6 -0.1000E+01
diis_mat    6    1 -0.1000E+01
diis_mat    6    2 -0.1000E+01
diis_mat    6    3 -0.1000E+01
diis_mat    6    4 -0.1000E+01
diis_mat    6    5 -0.1000E+01
diis_mat    6    6  0.0000E+00
 csysv info           0
sol_vec    1  0.2335E+02  0.1147E-06
sol_vec    2 -0.1496E+03 -0.6568E-06
sol_vec    3  0.3490E+03  0.1375E-05
sol_vec    4 -0.3537E+03 -0.1249E-05
sol_vec    5  0.1320E+03  0.4161E-06
sol_vec    6  0.8402E-07 -0.3842E-14
 CCD energy (  2027.8129275259923     , -4.0092502719338271E-010)
dener    0    6 -0.41430139E+01
 CCD energy (  2027.8094225157565     , -2.7369164675855672E-010)
dener    0    7 -0.35050102E-02
 CCD energy (  2027.8071966567672     , -1.8653094730260843E-010)
dener    0    8 -0.22258590E-02
 CCD energy (  2027.8056186433937     , -1.2733691577683006E-010)
dener    0    9 -0.15780134E-02
 CCD energy (  2027.8043423638571     , -8.7490683591780455E-011)
dener    0   10 -0.12762795E-02
 CCD energy (  2027.8031897019832     , -6.0905590829375342E-011)
dener    0   11 -0.11526619E-02
diis_mat    1    1  0.7891E-07
diis_mat    1    2  0.6126E-07
diis_mat    1    3  0.4822E-07
diis_mat    1    4  0.3844E-07
diis_mat    1    5  0.3099E-07
diis_mat    1    6 -0.1000E+01
diis_mat    2    1  0.6126E-07
diis_mat    2    2  0.4859E-07
diis_mat    2    3  0.3902E-07
diis_mat    2    4  0.3167E-07
diis_mat    2    5  0.2594E-07
diis_mat    2    6 -0.1000E+01
diis_mat    3    1  0.4822E-07
diis_mat    3    2  0.3902E-07
diis_mat    3    3  0.3189E-07
diis_mat    3    4  0.2629E-07
diis_mat    3    5  0.2183E-07
diis_mat    3    6 -0.1000E+01
diis_mat    4    1  0.3844E-07
diis_mat    4    2  0.3167E-07
diis_mat    4    3  0.2629E-07
diis_mat    4    4  0.2197E-07
diis_mat    4    5  0.1844E-07
diis_mat    4    6 -0.1000E+01
diis_mat    5    1  0.3099E-07
diis_mat    5    2  0.2594E-07
diis_mat    5    3  0.2183E-07
diis_mat    5    4  0.1844E-07
diis_mat    5    5  0.1563E-07
diis_mat    5    6 -0.1000E+01
diis_mat    6    1 -0.1000E+01
diis_mat    6    2 -0.1000E+01
diis_mat    6    3 -0.1000E+01
diis_mat    6    4 -0.1000E+01
diis_mat    6    5 -0.1000E+01
diis_mat    6    6  0.0000E+00
 csysv info           0
sol_vec    1  0.1181E+03 -0.3497E-05
sol_vec    2 -0.6297E+03  0.1742E-04
sol_vec    3  0.1254E+04 -0.3231E-04
sol_vec    4 -0.1106E+04  0.2642E-04
sol_vec    5  0.3646E+03 -0.8041E-05
sol_vec    6  0.6307E-12  0.8347E-18
 CCD energy (  2027.7875062813973     ,  4.6034634278236341E-012)
dener    0   12 -0.15683421E-01
 CCD energy (  2027.7875162703153     ,  5.6727152921355724E-012)
dener    0   13  0.99889180E-05
 CCD energy (  2027.7875239636660     ,  6.0258512492748422E-012)
dener    0   14  0.76933507E-05
 CCD energy (  2027.7875297088667     ,  5.9341936553403183E-012)
dener    0   15  0.57452007E-05
 CCD energy (  2027.7875338602616     ,  5.5822600381161798E-012)
dener    0   16  0.41513948E-05
 CCD energy (  2027.7875367445713     ,  5.0932999035034416E-012)
dener    0   17  0.28843098E-05
diis_mat    1    1  0.4230E-12
diis_mat    1    2  0.3369E-12
diis_mat    1    3  0.2696E-12
diis_mat    1    4  0.2167E-12
diis_mat    1    5  0.1749E-12
diis_mat    1    6 -0.1000E+01
diis_mat    2    1  0.3369E-12
diis_mat    2    2  0.2698E-12
diis_mat    2    3  0.2170E-12
diis_mat    2    4  0.1752E-12
diis_mat    2    5  0.1420E-12
diis_mat    2    6 -0.1000E+01
diis_mat    3    1  0.2696E-12
diis_mat    3    2  0.2170E-12
diis_mat    3    3  0.1753E-12
diis_mat    3    4  0.1422E-12
diis_mat    3    5  0.1157E-12
diis_mat    3    6 -0.1000E+01
diis_mat    4    1  0.2167E-12
diis_mat    4    2  0.1752E-12
diis_mat    4    3  0.1422E-12
diis_mat    4    4  0.1157E-12
diis_mat    4    5  0.9451E-13
diis_mat    4    6 -0.1000E+01
diis_mat    5    1  0.1749E-12
diis_mat    5    2  0.1420E-12
diis_mat    5    3  0.1157E-12
diis_mat    5    4  0.9451E-13
diis_mat    5    5  0.7744E-13
diis_mat    5    6 -0.1000E+01
diis_mat    6    1 -0.1000E+01
diis_mat    6    2 -0.1000E+01
diis_mat    6    3 -0.1000E+01
diis_mat    6    4 -0.1000E+01
diis_mat    6    5 -0.1000E+01
diis_mat    6    6  0.0000E+00
 csysv info           0
sol_vec    1  0.1322E+03 -0.9161E-04
sol_vec    2 -0.6963E+03  0.4522E-03
sol_vec    3  0.1371E+04 -0.8316E-03
sol_vec    4 -0.1197E+04  0.6752E-03
sol_vec    5  0.3910E+03 -0.2042E-03
sol_vec    6  0.3756E-17  0.1290E-22
 CCD energy (  2027.7875336609263     , -4.7437498480449564E-013)
dener    0   18 -0.30836450E-05
 CCD energy (  2027.7875336717054     , -3.2287237575666293E-013)
dener    0   19  0.10778990E-07
 Total execution time CCD   26.526249170303345     


 ---------------------------------------------------------------------
 Boxsize   6.9104232300111832      Nmax           4
 A, Density, Kf          66  0.20000000000000001        1.8091878615559553     
 Twist averaged E0/N (  33.766665386164227     ,  0.0000000000000000     )
 Twist averaged mbpt2 (  30.580178993467985     , -5.0381839745664358E-022)
 Twist averaged CCSD (  30.724053540480384     , -4.8920056932827717E-015)
 kinetic_TF   2685.8303369731448     
  0.20000000000000001      (  33.766665386164227     ,  0.0000000000000000     ) (  2027.7875336717054     , -3.2287237575666293E-013)

 E/N   1.80918789      0.200000003       33.766665386164227        30.580178993467985        30.724053540480384        0.0000000000000000     
#Nmax, Nucleons, 3NFnexp, 3NFCutoff: 4  66 3 450
    -0.18902    -0.46576     1.80919     0.20000    33.76667    30.58018    30.72405     0.00000
 ---------------------------------------------------------------------
 Total execution time for CCD code   384.54930591583252     
mpprun info: Elapsed time (h:m:s):  0:06:25.513575
