./10.txt: ccd=       (-1812.0323525700076,-4.37761500377847867E-014)
./11.txt: ccd=       (-1672.5884958955903,-1.47962300941326996E-011)
./12.txt: ccd=        (-1609.9272421705023,1.26013109545515188E-013)
./13.txt: ccd=       (-1859.6911658949793,-1.89566393904839918E-012)
./14.txt: ccd=        (-1677.6813300054437,4.46745577236675535E-014)
./15.txt: ccd=        (-1754.8630972528863,5.26298098441103014E-016)
./16.txt: ccd=        (-1579.2633348520330,6.81009027177063021E-013)
./17.txt: ccd=        (-1898.9575351921540,5.38936351538677550E-013)
./18.txt: ccd=        (-1840.6726859695736,3.44631263106652806E-013)
./19.txt: ccd=        (-1796.1579769802281,5.45148927988219993E-014)
./1.txt: ccd=        (-1766.9027930935326,1.66199854039058058E-013)
./20.txt: ccd=        (-1891.4365783782914,6.18570039903953952E-014)
./21.txt: ccd=       (-1716.1384851928858,-4.25648867690003045E-014)
./22.txt: ccd=       (-1789.8942448221246,-3.52467789111886578E-014)
./23.txt: ccd=       (-2101.5092707646218,-6.76329303927513534E-014)
./24.txt: ccd=        (-1829.8580082031337,1.48327054388375255E-013)
./25.txt: ccd=       (-1832.7603790708843,-1.00433640309490967E-013)
./26.txt: ccd=        (-1559.4361896686864,1.41719398363595605E-013)
./27.txt: ccd=       (-2345.1977423054836,-2.19060771643055627E-013)
./28.txt: ccd=       (-1919.2160700011741,-1.00936845818389929E-014)
./29.txt: ccd=        (-1850.2907979782392,5.10846315199693237E-015)
./2.txt: ccd=       (-1899.9512762253607,-8.06737160374819355E-014)
./30.txt: ccd=       (-1792.7478763198274,-2.13710398213359078E-014)
./31.txt: ccd=        (-1888.3310876164815,1.65060599903145196E-013)
./32.txt: ccd=       (-1795.7276187555747,-2.37251382583152022E-013)
./33.txt: ccd=        (-1881.9814984132813,4.99629652307720174E-014)
./34.txt: ccd=        (-1691.0218379904036,6.28481033872823876E-014)
./35.txt: ccd=       (-1606.9553255512208,-7.80573946506273066E-014)
./36.txt: ccd=       (-2029.3757238773328,-3.03073096019059221E-013)
./37.txt: ccd=        (-1652.9324532707135,7.27178285450162066E-012)
./38.txt: ccd=       (-1598.2319906371890,-1.89209411923159685E-013)
./39.txt: ccd=        (-1673.4932989019326,3.34693199396593039E-013)
./3.txt: ccd=       (-2106.0420204223788,-6.90266404158700601E-014)
./40.txt: ccd=       (-1646.8110644995008,-3.11795090911494326E-013)
./41.txt: ccd=        (-1792.7119507740415,4.95760738827690235E-014)
./42.txt: ccd=        (-1577.1603406514153,9.17797917719889322E-014)
./43.txt: ccd=        (-2009.1198002344477,1.18541488944036487E-013)
./44.txt: ccd=       (-1730.9812077833208,-1.75818290710302268E-015)
./45.txt: ccd=       (-1810.8193128712560,-6.85202088027186622E-014)
./46.txt: ccd=        (-1756.0053371542460,1.41179722830667804E-013)
./47.txt: ccd=       (-1650.9928890881631,-2.85999505436580667E-014)
./48.txt: ccd=        (-1784.0861274868937,1.87249859542205649E-014)
./49.txt: ccd=       (-1908.9979139620082,-2.13002478582351834E-014)
./4.txt: ccd=        (-1618.4479860553561,2.93396825988411490E-014)
./50.txt: ccd=        (-1931.1417871902522,1.32436726530522348E-013)
./5.txt: ccd=        (-2002.1724835408631,6.04212620197281168E-012)
./6.txt: ccd=       (-1876.7621315167023,-5.18485101393666595E-014)
./7.txt: ccd=       (-2237.6774260850816,-8.38696561550130575E-013)
./8.txt: ccd=        (-2049.4105469936967,1.12105831041084218E-014)
./9.txt: ccd=        (-1709.1731415205304,2.39148271264621243E-013)
