Boundary Conditions PBC                                                                                                 
CC approx CCD(T)                                                                                              
 TNF: F TNF-approx:           0
 3NF Cutoff:   450.00000000000000      Nexp_3NF:           3
 NN regulator Exponent:    3.0000000000000000     
 -----------
 NN ci's
   0.0000000000000000     
   0.0000000000000000     
   0.0000000000000000     
   0.0000000000000000     
 3NF ci's
   0.0000000000000000     
   0.0000000000000000     
   0.0000000000000000     
   0.0000000000000000     
 -----------
 --------
 c1s0(-1) -0.11292668234872000     
 c1s0(0) -0.11292668234872000     
 c1s0(1) -0.11292668234872000     
 c3s1(-1)  -8.7339820926559994E-002
 c3s1(0)  -8.7339820926559994E-002
 c3s1(1)  -8.7339820926559994E-002
 --------
 -----------
 NLO contacts PW
   0.0000000000000000     
   0.0000000000000000     
   0.0000000000000000     
   0.0000000000000000     
   0.0000000000000000     
   0.0000000000000000     
   0.0000000000000000     
 ----------
          C1            0.0000000000000000
          C2            0.0000000000000000
          C3           -0.0000000000000000
          C4           -0.0000000000000000
          C5           -0.0000000000000000
          C6            0.0000000000000000
          C7           -0.0000000000000000
          D1           -0.3771581126597507
          D2           -0.9305750209334183
          D3            2.1195254080520742
          D4           -2.1246309930064329
          D5           -0.0131882077354610
          D6            0.6645429882213397
          D7            0.7806033045976430
          D8           -0.4752342494327860
          D9            0.0920642557695526
         D10           -0.0312443369241453
         D11            0.0232036046033312
         D12           -0.3040203100732521
         D13           -0.2963726204319913
         D14            1.4856672935233888
         D15           -0.3992014237014200

   3NF LECs:
          C1            0.0000000000000000
          C3            0.0000000000000000
          C4            0.0000000000000000
          cE            0.0000000000000000
          cD            0.0000000000000000

 delta_chiral_order           0
 delta cutoff   450.00000000000000     
 Boxsize   6.3317466489510510     
 Density  0.26000000000000001     
 K_f   1.9745347562227109     
 Nmax           4
 Total number of states        1458
 K-mesh   0.0000000000000000     
 K-mesh -0.99233049828683273     
 K-mesh  0.99233049828683273     
 K-mesh  -1.9846609965736655     
 K-mesh   1.9846609965736655     
 K-mesh  -2.9769914948604983     
 K-mesh   2.9769914948604983     
 K-mesh  -3.9693219931473309     
 K-mesh   3.9693219931473309     
   0.0000000000000000        6.3317466489510510     
   0.0000000000000000        6.3317466489510510     
   0.0000000000000000        6.3317466489510510     
   0.0000000000000000        6.3317466489510510     
 Kz-mesh   0.0000000000000000     
 Kz-mesh -0.99233049828683273     
 Kz-mesh  0.99233049828683273     
 Kz-mesh  -1.9846609965736655     
 Kz-mesh   1.9846609965736655     
 Kz-mesh  -2.9769914948604983     
 Kz-mesh   2.9769914948604983     
 Kz-mesh  -3.9693219931473309     
 Kz-mesh   3.9693219931473309     
 KY-mesh   0.0000000000000000     
 KY-mesh -0.99233049828683273     
 KY-mesh  0.99233049828683273     
 KY-mesh  -1.9846609965736655     
 KY-mesh   1.9846609965736655     
 KY-mesh  -2.9769914948604983     
 KY-mesh   2.9769914948604983     
 KY-mesh  -3.9693219931473309     
 KY-mesh   3.9693219931473309     
           4           4           4          -1           1           1           1
 nkmin, nkmax           4           4           4
 Occupied j-orbits
     1       0.000000000        0   0   0  -1   1 hole      
     2       0.000000000        0   0   0   1   1 hole      
     3       20.40463060       -1   0   0  -1   1 hole      
     4       20.40463060       -1   0   0   1   1 hole      
     5       20.40463060        0   0  -1  -1   1 hole      
     6       20.40463060        0   0  -1   1   1 hole      
     7       20.40463060        0  -1   0  -1   1 hole      
     8       20.40463060        0  -1   0   1   1 hole      
     9       20.40463060        0   1   0  -1   1 hole      
    10       20.40463060        0   1   0   1   1 hole      
    11       20.40463060        1   0   0  -1   1 hole      
    12       20.40463060        1   0   0   1   1 hole      
    13       20.40463060        0   0   1  -1   1 hole      
    14       20.40463060        0   0   1   1   1 hole      
    15       40.80926120        1   1   0  -1   1 hole      
    16       40.80926120        1   1   0   1   1 hole      
    17       40.80926120        0   1   1  -1   1 hole      
    18       40.80926120        0   1   1   1   1 hole      
    19       40.80926120        1  -1   0  -1   1 hole      
    20       40.80926120        1  -1   0   1   1 hole      
    21       40.80926120       -1   0  -1  -1   1 hole      
    22       40.80926120       -1   0  -1   1   1 hole      
    23       40.80926120       -1  -1   0  -1   1 hole      
    24       40.80926120       -1  -1   0   1   1 hole      
    25       40.80926120       -1   0   1  -1   1 hole      
    26       40.80926120       -1   0   1   1   1 hole      
    27       40.80926120       -1   1   0  -1   1 hole      
    28       40.80926120       -1   1   0   1   1 hole      
    29       40.80926120        0   1  -1  -1   1 hole      
    30       40.80926120        0   1  -1   1   1 hole      
    31       40.80926120        1   0   1  -1   1 hole      
    32       40.80926120        1   0   1   1   1 hole      
    33       40.80926120        0  -1   1  -1   1 hole      
    34       40.80926120        0  -1   1   1   1 hole      
    35       40.80926120        1   0  -1  -1   1 hole      
    36       40.80926120        1   0  -1   1   1 hole      
    37       40.80926120        0  -1  -1  -1   1 hole      
    38       40.80926120        0  -1  -1   1   1 hole      
    39       61.21389180       -1  -1  -1  -1   1 hole      
    40       61.21389180       -1  -1  -1   1   1 hole      
    41       61.21389180       -1   1  -1  -1   1 hole      
    42       61.21389180       -1   1  -1   1   1 hole      
    43       61.21389180        1   1  -1  -1   1 hole      
    44       61.21389180        1   1  -1   1   1 hole      
    45       61.21389180       -1  -1   1  -1   1 hole      
    46       61.21389180       -1  -1   1   1   1 hole      
    47       61.21389180        1  -1   1  -1   1 hole      
    48       61.21389180        1  -1   1   1   1 hole      
    49       61.21389180        1   1   1  -1   1 hole      
    50       61.21389180        1   1   1   1   1 hole      
    51       61.21389180       -1   1   1  -1   1 hole      
    52       61.21389180       -1   1   1   1   1 hole      
    53       61.21389180        1  -1  -1  -1   1 hole      
    54       61.21389180        1  -1  -1   1   1 hole      
    55       81.61852240        0   2   0  -1   1 hole      
    56       81.61852240        0   2   0   1   1 hole      
    57       81.61852240        0   0  -2  -1   1 hole      
    58       81.61852240        0   0  -2   1   1 hole      
    59       81.61852240        2   0   0  -1   1 hole      
    60       81.61852240        2   0   0   1   1 hole      
    61       81.61852240        0  -2   0  -1   1 hole      
    62       81.61852240        0  -2   0   1   1 hole      
    63       81.61852240       -2   0   0  -1   1 hole      
    64       81.61852240       -2   0   0   1   1 hole      
    65       81.61852240        0   0   2  -1   1 hole      
    66       81.61852240        0   0   2   1   1 hole      
 Unoccupied j-orbits
    67       102.0231530       -2  -1   0  -1   1 particle  
    68       102.0231530       -2  -1   0   1   1 particle  
    69       102.0231530       -1   0  -2  -1   1 particle  
    70       102.0231530       -1   0  -2   1   1 particle  
    71       102.0231530       -1   0   2  -1   1 particle  
    72       102.0231530       -1   0   2   1   1 particle  
    73       102.0231530       -2   1   0  -1   1 particle  
    74       102.0231530       -2   1   0   1   1 particle  
    75       102.0231530       -1  -2   0  -1   1 particle  
    76       102.0231530       -1  -2   0   1   1 particle  
    77       102.0231530       -1   2   0  -1   1 particle  
 Sz and Tz for vacuum state   0.0000000000000000        66.000000000000000     
          -8           8          -8           8          -8           8
 Total memory for lookup configs   5.6901119999999113E-003 GByte
 Total memory for channels   4.0880000000000002E-005 GByte
              8067968      504248         185
              8067968      504248        1816
 Setting up vnn for hhhh block
 Time to setup hhhh block  0.18594404298346490     
 Setting up vnn for hhhp block
 Time to setup hhhp block  0.37499766610562801     
 Setting up vnn for hhpp block
 Time to setup hhpp block   1.3549802229972556     
 Setting up vnn for hphp block
 Time to setup hphp block   1.2159925629384816     
 Setting up vnn for pppp block
 Time to setup pppp block   30.022810733062215     
 Total memory for vnn storage  0.55222438400000029      GByte
          -8           8          -8           8          -8           8
 Total memory for lookup ph configs   3.6748800000001611E-003 GByte
 Total memory for ph channels   8.7168000000000003E-005 GByte
              8067968      504248        1816
 Setting up vnn for ph hpph block
 Time to setup ph hpph block  0.14815633196849376     
 Total memory for vnn/t2 ph storage  0.25817497600000122      GByte
 kinetic energy =               (3183.1223737828327,0.0000000000000000)
 below_ef =          66
 Vacuum expectation value               (1680.1888636694930,0.0000000000000000)
 here we go...
 here we go...
 here we go...
 here we go...
 here we go...
 here we go...
 Total memory for t2 storage  0.25817497600000017      GByte
 here we go...
 here we go...
 here we go...
 here we go...
 here we go...
 here we go...
 here we go...
 here we go...
 here we go...
 here we go...
 CCD energy         (1580.1467723938774,9.87673741280491940E-018)
 diis space     8067968
 Storage of diis vectors  0.90361241599999997      Gb
 CCD energy         (1587.8688526480389,2.91063656690258289E-017)
dener    0    1  0.77220803E+01
 CCD energy        (1592.8882742264248,-1.20553077178466872E-017)
dener    0    2  0.50194216E+01
 CCD energy         (1596.1325131225544,1.18098452997365569E-017)
dener    0    3  0.32442389E+01
 CCD energy         (1598.2181505474471,3.92562826736538752E-018)
dener    0    4  0.20856374E+01
 CCD energy         (1599.5512638667453,1.83814683422508388E-017)
dener    0    5  0.13331133E+01
diis_mat    1    1  0.9916E-02
diis_mat    1    2  0.6466E-02
diis_mat    1    3  0.4214E-02
diis_mat    1    4  0.2751E-02
diis_mat    1    5  0.1801E-02
diis_mat    1    6 -0.1000E+01
diis_mat    2    1  0.6466E-02
diis_mat    2    2  0.4234E-02
diis_mat    2    3  0.2774E-02
diis_mat    2    4  0.1822E-02
diis_mat    2    5  0.1202E-02
diis_mat    2    6 -0.1000E+01
diis_mat    3    1  0.4214E-02
diis_mat    3    2  0.2774E-02
diis_mat    3    3  0.1829E-02
diis_mat    3    4  0.1211E-02
diis_mat    3    5  0.8063E-03
diis_mat    3    6 -0.1000E+01
diis_mat    4    1  0.2751E-02
diis_mat    4    2  0.1822E-02
diis_mat    4    3  0.1211E-02
diis_mat    4    4  0.8090E-03
diis_mat    4    5  0.5449E-03
diis_mat    4    6 -0.1000E+01
diis_mat    5    1  0.1801E-02
diis_mat    5    2  0.1202E-02
diis_mat    5    3  0.8063E-03
diis_mat    5    4  0.5449E-03
diis_mat    5    5  0.3718E-03
diis_mat    5    6 -0.1000E+01
diis_mat    6    1 -0.1000E+01
diis_mat    6    2 -0.1000E+01
diis_mat    6    3 -0.1000E+01
diis_mat    6    4 -0.1000E+01
diis_mat    6    5 -0.1000E+01
diis_mat    6    6  0.0000E+00
 csysv info           0
sol_vec    1  0.1182E+02  0.4652E-08
sol_vec    2 -0.8059E+02 -0.2422E-07
sol_vec    3  0.1995E+03  0.4708E-07
sol_vec    4 -0.2140E+03 -0.4041E-07
sol_vec    5  0.8425E+02  0.1290E-07
sol_vec    6  0.1132E-06 -0.1626E-15
 CCD energy        (1601.6435798620666,-4.70667443308383174E-011)
dener    0    6  0.20923160E+01
 CCD energy        (1601.6469261446891,-3.11363274398517474E-011)
dener    0    7  0.33462826E-02
 CCD energy        (1601.6495145162562,-2.06804893051112440E-011)
dener    0    8  0.25883716E-02
 CCD energy        (1601.6515133608057,-1.38006619123764760E-011)
dener    0    9  0.19988445E-02
 CCD energy        (1601.6530555201427,-9.26076103160883180E-012)
dener    0   10  0.15421593E-02
 CCD energy        (1601.6542447076270,-6.25478975938643292E-012)
dener    0   11  0.11891875E-02
diis_mat    1    1  0.8780E-07
diis_mat    1    2  0.6917E-07
diis_mat    1    3  0.5493E-07
diis_mat    1    4  0.4392E-07
diis_mat    1    5  0.3532E-07
diis_mat    1    6 -0.1000E+01
diis_mat    2    1  0.6917E-07
diis_mat    2    2  0.5489E-07
diis_mat    2    3  0.4387E-07
diis_mat    2    4  0.3526E-07
diis_mat    2    5  0.2847E-07
diis_mat    2    6 -0.1000E+01
diis_mat    3    1  0.5493E-07
diis_mat    3    2  0.4387E-07
diis_mat    3    3  0.3524E-07
diis_mat    3    4  0.2844E-07
diis_mat    3    5  0.2306E-07
diis_mat    3    6 -0.1000E+01
diis_mat    4    1  0.4392E-07
diis_mat    4    2  0.3526E-07
diis_mat    4    3  0.2844E-07
diis_mat    4    4  0.2305E-07
diis_mat    4    5  0.1874E-07
diis_mat    4    6 -0.1000E+01
diis_mat    5    1  0.3532E-07
diis_mat    5    2  0.2847E-07
diis_mat    5    3  0.2306E-07
diis_mat    5    4  0.1874E-07
diis_mat    5    5  0.1528E-07
diis_mat    5    6 -0.1000E+01
diis_mat    6    1 -0.1000E+01
diis_mat    6    2 -0.1000E+01
diis_mat    6    3 -0.1000E+01
diis_mat    6    4 -0.1000E+01
diis_mat    6    5 -0.1000E+01
diis_mat    6    6  0.0000E+00
 csysv info           0
sol_vec    1  0.7728E+02  0.9571E-06
sol_vec    2 -0.4239E+03 -0.4886E-05
sol_vec    3  0.8681E+03  0.9267E-05
sol_vec    4 -0.7867E+03 -0.7741E-05
sol_vec    5  0.2662E+03  0.2402E-05
sol_vec    6  0.5112E-12 -0.8476E-19
 CCD energy         (1601.6582296107090,5.88939526805757129E-013)
dener    0   12  0.39849031E-02
 CCD energy         (1601.6582034067571,5.38785566620596947E-014)
dener    0   13 -0.26203952E-04
 CCD energy        (1601.6581858883160,-2.23753197331146899E-013)
dener    0   14 -0.17518441E-04
 CCD energy        (1601.6581741392051,-3.49605528894554240E-013)
dener    0   15 -0.11749111E-04
 CCD energy        (1601.6581662285710,-3.88844831520837026E-013)
dener    0   16 -0.79106341E-05
 CCD energy        (1601.6581608767419,-3.81005472276976527E-013)
dener    0   17 -0.53518289E-05
diis_mat    1    1  0.3063E-12
diis_mat    1    2  0.2340E-12
diis_mat    1    3  0.1801E-12
diis_mat    1    4  0.1394E-12
diis_mat    1    5  0.1086E-12
diis_mat    1    6 -0.1000E+01
diis_mat    2    1  0.2340E-12
diis_mat    2    2  0.1799E-12
diis_mat    2    3  0.1392E-12
diis_mat    2    4  0.1084E-12
diis_mat    2    5  0.8482E-13
diis_mat    2    6 -0.1000E+01
diis_mat    3    1  0.1801E-12
diis_mat    3    2  0.1392E-12
diis_mat    3    3  0.1083E-12
diis_mat    3    4  0.8470E-13
diis_mat    3    5  0.6660E-13
diis_mat    3    6 -0.1000E+01
diis_mat    4    1  0.1394E-12
diis_mat    4    2  0.1084E-12
diis_mat    4    3  0.8470E-13
diis_mat    4    4  0.6656E-13
diis_mat    4    5  0.5256E-13
diis_mat    4    6 -0.1000E+01
diis_mat    5    1  0.1086E-12
diis_mat    5    2  0.8482E-13
diis_mat    5    3  0.6660E-13
diis_mat    5    4  0.5256E-13
diis_mat    5    5  0.4166E-13
diis_mat    5    6 -0.1000E+01
diis_mat    6    1 -0.1000E+01
diis_mat    6    2 -0.1000E+01
diis_mat    6    3 -0.1000E+01
diis_mat    6    4 -0.1000E+01
diis_mat    6    5 -0.1000E+01
diis_mat    6    6  0.0000E+00
 csysv info           0
sol_vec    1  0.1011E+03  0.2188E-03
sol_vec    2 -0.5408E+03 -0.1099E-02
sol_vec    3  0.1082E+04  0.2057E-02
sol_vec    4 -0.9587E+03 -0.1698E-02
sol_vec    5  0.3178E+03  0.5218E-03
sol_vec    6  0.1911E-17 -0.1015E-22
 CCD energy         (1601.6581483919156,8.25434445373067290E-013)
dener    0   18 -0.12484826E-04
 CCD energy         (1601.6581483743871,4.59435640139872522E-013)
dener    0   19 -0.17528592E-07
 Total execution time CCD   36.558268366032280     
 preparing to do CCD(T): 
          -8           8          -8           8          -8           8
 Total memory for lookup configs   1.1863487999999986E-002 GByte
 Total memory for channels   1.1892543999999986E-002 GByte
             89696544     5606034        1816
 Setting up vnn (NN) for hppp block
 Time to setup hppp block   7.6715410959441215     
 Total memory for vnn storage  0.72946489599999531      GByte
          12          12          12           3           3
 Total memory for lookup t3-confs   1.2188792640000019      Gbyte
 3NF with deltas: T
           9835169512   614698094         539

 proc number   0      % work  0.100000E+03

          Channel #:     1
    Row index start:     1
      Row index end:     2
 Column index start:     1
   Column index end:  ****

          Channel #:     2
    Row index start:     1
      Row index end:     2
 Column index start:     1
   Column index end:  ****

          Channel #:     3
    Row index start:     1
      Row index end:     2
 Column index start:     1
   Column index end:  ****

          Channel #:     4
    Row index start:     1
      Row index end:     2
 Column index start:     1
   Column index end:  ****

          Channel #:     5
    Row index start:     1
      Row index end:     2
 Column index start:     1
   Column index end:  ****

          Channel #:     6
    Row index start:     1
      Row index end:     2
 Column index start:     1
   Column index end:  ****

          Channel #:     7
    Row index start:     1
      Row index end:     2
 Column index start:     1
   Column index end:  ****

          Channel #:     8
    Row index start:     1
      Row index end:     2
 Column index start:     1
   Column index end:  ****

          Channel #:     9
    Row index start:     1
      Row index end:     2
 Column index start:     1
   Column index end:  ****

          Channel #:    10
    Row index start:     1
      Row index end:     2
 Column index start:     1
   Column index end:  ****

          Channel #:    11
    Row index start:     1
      Row index end:     8
 Column index start:     1
   Column index end:  ****

          Channel #:    12
    Row index start:     1
      Row index end:    12
 Column index start:     1
   Column index end:  ****

          Channel #:    13
    Row index start:     1
      Row index end:     8
 Column index start:     1
   Column index end:  ****

          Channel #:    14
    Row index start:     1
      Row index end:     2
 Column index start:     1
   Column index end:  ****

          Channel #:    15
    Row index start:     1
      Row index end:     8
 Column index start:     1
   Column index end:  ****

          Channel #:    16
    Row index start:     1
      Row index end:    18
 Column index start:     1
   Column index end:  ****

          Channel #:    17
    Row index start:     1
      Row index end:    26
 Column index start:     1
   Column index end:  ****

          Channel #:    18
    Row index start:     1
      Row index end:    18
 Column index start:     1
   Column index end:  ****

          Channel #:    19
    Row index start:     1
      Row index end:     8
 Column index start:     1
   Column index end:  ****

          Channel #:    20
    Row index start:     1
      Row index end:    12
 Column index start:     1
   Column index end:  ****

          Channel #:    21
    Row index start:     1
      Row index end:    26
 Column index start:     1
   Column index end:  ****

          Channel #:    22
    Row index start:     1
      Row index end:    36
 Column index start:     1
   Column index end:  ****

          Channel #:    23
    Row index start:     1
      Row index end:    26
 Column index start:     1
   Column index end:  ****

          Channel #:    24
    Row index start:     1
      Row index end:    12
 Column index start:     1
   Column index end:  ****

          Channel #:    25
    Row index start:     1
      Row index end:     8
 Column index start:     1
   Column index end:  ****

          Channel #:    26
    Row index start:     1
      Row index end:    18
 Column index start:     1
   Column index end:  ****

          Channel #:    27
    Row index start:     1
      Row index end:    26
 Column index start:     1
   Column index end:  ****

          Channel #:    28
    Row index start:     1
      Row index end:    18
 Column index start:     1
   Column index end:  ****

          Channel #:    29
    Row index start:     1
      Row index end:     8
 Column index start:     1
   Column index end:  ****

          Channel #:    30
    Row index start:     1
      Row index end:     2
 Column index start:     1
   Column index end:  ****

          Channel #:    31
    Row index start:     1
      Row index end:     8
 Column index start:     1
   Column index end:  ****

          Channel #:    32
    Row index start:     1
      Row index end:    12
 Column index start:     1
   Column index end:  ****

          Channel #:    33
    Row index start:     1
      Row index end:     8
 Column index start:     1
   Column index end:  ****

          Channel #:    34
    Row index start:     1
      Row index end:     2
 Column index start:     1
   Column index end:  ****

          Channel #:    35
    Row index start:     1
      Row index end:     2
 Column index start:     1
   Column index end:  ****

          Channel #:    36
    Row index start:     1
      Row index end:    12
 Column index start:     1
   Column index end:  ****

          Channel #:    37
    Row index start:     1
      Row index end:    16
 Column index start:     1
   Column index end:  ****

          Channel #:    38
    Row index start:     1
      Row index end:    12
 Column index start:     1
   Column index end:  ****

          Channel #:    39
    Row index start:     1
      Row index end:     2
 Column index start:     1
   Column index end:  ****

          Channel #:    40
    Row index start:     1
      Row index end:     2
 Column index start:     1
   Column index end:  ****

          Channel #:    41
    Row index start:     1
      Row index end:    18
 Column index start:     1
   Column index end:  ****

          Channel #:    42
    Row index start:     1
      Row index end:    44
 Column index start:     1
   Column index end:  ****

          Channel #:    43
    Row index start:     1
      Row index end:    58
 Column index start:     1
   Column index end:  ****

          Channel #:    44
    Row index start:     1
      Row index end:    44
 Column index start:     1
   Column index end:  ****

          Channel #:    45
    Row index start:     1
      Row index end:    18
 Column index start:     1
   Column index end:  ****

          Channel #:    46
    Row index start:     1
      Row index end:     2
 Column index start:     1
   Column index end:  ****

          Channel #:    47
    Row index start:     1
      Row index end:    12
 Column index start:     1
   Column index end:  ****

          Channel #:    48
    Row index start:     1
      Row index end:    44
 Column index start:     1
   Column index end:  ****

          Channel #:    49
    Row index start:     1
      Row index end:    90
 Column index start:     1
   Column index end:  ****

          Channel #:    50
    Row index start:     1
      Row index end:   110
 Column index start:     1
   Column index end:  ****

          Channel #:    51
    Row index start:     1
      Row index end:    90
 Column index start:     1
   Column index end:  ****

          Channel #:    52
    Row index start:     1
      Row index end:    44
 Column index start:     1
   Column index end:  ****

          Channel #:    53
    Row index start:     1
      Row index end:    12
 Column index start:     1
   Column index end:  ****

          Channel #:    54
    Row index start:     1
      Row index end:    16
 Column index start:     1
   Column index end:  ****

          Channel #:    55
    Row index start:     1
      Row index end:    58
 Column index start:     1
   Column index end:  ****

          Channel #:    56
    Row index start:     1
      Row index end:   110
 Column index start:     1
   Column index end:  ****

          Channel #:    57
    Row index start:     1
      Row index end:   138
 Column index start:     1
   Column index end:  ****

          Channel #:    58
    Row index start:     1
      Row index end:   110
 Column index start:     1
   Column index end:  ****

          Channel #:    59
    Row index start:     1
      Row index end:    58
 Column index start:     1
   Column index end:  ****

          Channel #:    60
    Row index start:     1
      Row index end:    16
 Column index start:     1
   Column index end:  ****

          Channel #:    61
    Row index start:     1
      Row index end:    12
 Column index start:     1
   Column index end:  ****

          Channel #:    62
    Row index start:     1
      Row index end:    44
 Column index start:     1
   Column index end:  ****

          Channel #:    63
    Row index start:     1
      Row index end:    90
 Column index start:     1
   Column index end:  ****

          Channel #:    64
    Row index start:     1
      Row index end:   110
 Column index start:     1
   Column index end:  ****

          Channel #:    65
    Row index start:     1
      Row index end:    90
 Column index start:     1
   Column index end:  ****

          Channel #:    66
    Row index start:     1
      Row index end:    44
 Column index start:     1
   Column index end:  ****

          Channel #:    67
    Row index start:     1
      Row index end:    12
 Column index start:     1
   Column index end:  ****

          Channel #:    68
    Row index start:     1
      Row index end:     2
 Column index start:     1
   Column index end:  ****

          Channel #:    69
    Row index start:     1
      Row index end:    18
 Column index start:     1
   Column index end:  ****

          Channel #:    70
    Row index start:     1
      Row index end:    44
 Column index start:     1
   Column index end:  ****

          Channel #:    71
    Row index start:     1
      Row index end:    58
 Column index start:     1
   Column index end:  ****

          Channel #:    72
    Row index start:     1
      Row index end:    44
 Column index start:     1
   Column index end:  ****

          Channel #:    73
    Row index start:     1
      Row index end:    18
 Column index start:     1
   Column index end:  ****

          Channel #:    74
    Row index start:     1
      Row index end:     2
 Column index start:     1
   Column index end:  ****

          Channel #:    75
    Row index start:     1
      Row index end:     2
 Column index start:     1
   Column index end:  ****

          Channel #:    76
    Row index start:     1
      Row index end:    12
 Column index start:     1
   Column index end:  ****

          Channel #:    77
    Row index start:     1
      Row index end:    16
 Column index start:     1
   Column index end:  ****

          Channel #:    78
    Row index start:     1
      Row index end:    12
 Column index start:     1
   Column index end:  ****

          Channel #:    79
    Row index start:     1
      Row index end:     2
 Column index start:     1
   Column index end:  ****

          Channel #:    80
    Row index start:     1
      Row index end:     2
 Column index start:     1
   Column index end:  ****

          Channel #:    81
    Row index start:     1
      Row index end:     8
 Column index start:     1
   Column index end:  ****

          Channel #:    82
    Row index start:     1
      Row index end:    12
 Column index start:     1
   Column index end:  ****

          Channel #:    83
    Row index start:     1
      Row index end:     8
 Column index start:     1
   Column index end:  ****

          Channel #:    84
    Row index start:     1
      Row index end:     2
 Column index start:     1
   Column index end:  ****

          Channel #:    85
    Row index start:     1
      Row index end:     2
 Column index start:     1
   Column index end:  ****

          Channel #:    86
    Row index start:     1
      Row index end:    18
 Column index start:     1
   Column index end:  ****

          Channel #:    87
    Row index start:     1
      Row index end:    44
 Column index start:     1
   Column index end:  ****

          Channel #:    88
    Row index start:     1
      Row index end:    58
 Column index start:     1
   Column index end:  ****

          Channel #:    89
    Row index start:     1
      Row index end:    44
 Column index start:     1
   Column index end:  ****

          Channel #:    90
    Row index start:     1
      Row index end:    18
 Column index start:     1
   Column index end:  ****

          Channel #:    91
    Row index start:     1
      Row index end:     2
 Column index start:     1
   Column index end:  ****

          Channel #:    92
    Row index start:     1
      Row index end:     2
 Column index start:     1
   Column index end:  ****

          Channel #:    93
    Row index start:     1
      Row index end:    18
 Column index start:     1
   Column index end:  ****

          Channel #:    94
    Row index start:     1
      Row index end:    72
 Column index start:     1
   Column index end:  ****

          Channel #:    95
    Row index start:     1
      Row index end:   132
 Column index start:     1
   Column index end:  ****

          Channel #:    96
    Row index start:     1
      Row index end:   162
 Column index start:     1
   Column index end:  ****

          Channel #:    97
    Row index start:     1
      Row index end:   132
 Column index start:     1
   Column index end:  ****

          Channel #:    98
    Row index start:     1
      Row index end:    72
 Column index start:     1
   Column index end:  ****

          Channel #:    99
    Row index start:     1
      Row index end:    18
 Column index start:     1
   Column index end:  ****

          Channel #:   100
    Row index start:     1
      Row index end:     2
 Column index start:     1
   Column index end:  ****

          Channel #:   101
    Row index start:     1
      Row index end:     8
 Column index start:     1
   Column index end:  ****

          Channel #:   102
    Row index start:     1
      Row index end:    44
 Column index start:     1
   Column index end:  ****

          Channel #:   103
    Row index start:     1
      Row index end:   132
 Column index start:     1
   Column index end:  ****
           1      140934           2
           2      142142           2
           3      140934           2
           4      142142           2
           5      143314           2
           6      142142           2
           7      140934           2
           8      142142           2
           9      140934           2
          10      165140           2
          11      171146           8
          12      172700          12
          13      171146           8
          14      165140           2
          15      171146           8
          16      177104          18
          17      178618          26
          18      177104          18
          19      171146           8
          20      172700          12
          21      178618          26
          22      180090          36
          23      178618          26
          24      172700          12
          25      171146           8
          26      177104          18
          27      178618          26
          28      177104          18
          29      171146           8
          30      165140           2
          31      171146           8
          32      172700          12
          33      171146           8
          34      165140           2
          35      175428           2
          36      181878          12
          37      183578          16
          38      181878          12
          39      175428           2
          40      175428           2
          41      189980          18
          42      196714          44
          43      198434          58
          44      196714          44
          45      189980          18
          46      175428           2
          47      181878          12
          48      196714          44
          49      203344          90
          50      205010         110
          51      203344          90
          52      196714          44
          53      181878          12
          54      183578          16
          55      198434          58
          56      205010         110
          57      206610         138
          58      205010         110
          59      198434          58
          60      183578          16
          61      181878          12
          62      196714          44
          63      203344          90
          64      205010         110
          65      203344          90
          66      196714          44
          67      181878          12
          68      175428           2
          69      189980          18
          70      196714          44
          71      198434          58
          72      196714          44
          73      189980          18
          74      175428           2
          75      175428           2
          76      181878          12
          77      183578          16
          78      181878          12
          79      175428           2
          80      165140           2
          81      171146           8
          82      172700          12
          83      171146           8
          84      165140           2
          85      175428           2
          86      189980          18
          87      196714          44
          88      198434          58
          89      196714          44
          90      189980          18
          91      175428           2
          92      165140           2
          93      189980          18
          94      205512          72
          95      212492         132
          96      214200         162
          97      212492         132
          98      205512          72
          99      189980          18
         100      165140           2
         101      171146           8
         102      196714          44
         103      212492         132
 EXECUTION TIME FOR CCD(T)   128.54176120704506     
Kf, Dens          1.97453           0.26000  CCSD(T)         -0.10267            0.00000


 ---------------------------------------------------------------------
 Boxsize   6.3317466489510510      Nmax           4
 A, Density, Kf          66  0.26000000000000001        1.9745347562227109     
 Twist averaged E0/N               (25.457407025295350,0.0000000000000000)
 Twist averaged mbpt2         (23.941617763543597,1.49647536557650290E-019)
 Twist averaged CCSD         (24.267547702642229,6.96114606272534151E-015)
 kinetic_TF   3199.1957179269953     
  0.26000000000000001                    (25.457407025295350,0.0000000000000000)         (1601.6581483743871,4.59435640139872522E-013)

 E/N   1.97453475      0.259999990       25.457407025295350        23.941617763543597        24.267547702642229        24.164873518316789     
#Nmax, Nucleons, 3NFnexp, 3NFCutoff: 4  66 3 450
     0.00000     0.00000     1.97453     0.26000    25.45741    23.94162    24.26755    24.16487
 ---------------------------------------------------------------------
 Total execution time for CCD code   216.50475108507089     
