 LEC_c1_input!!!!= -0.73999999999999999     
 NN regulator Exponent:    3.0000000000000000     
 -----------
 NN ci's
 -0.73999999999999999     
 -0.48999999999999999     
 -0.65000000000000002     
  0.95999999999999996     
 3NF ci's
 -0.73999999999999999     
   0.0000000000000000     
 -0.65000000000000002     
  0.95999999999999996     
 -----------
 --------
 c1s0(-1) -0.33911100000000000     
 c1s0(0) -0.34011400000000003     
 c1s0(1) -0.33988699999999999     
 c3s1(-1) -0.25395000000000001     
 c3s1(0) -0.25395000000000001     
 c3s1(1) -0.25395000000000001     
 --------
 -----------
 NLO contacts PW
   2.5266359999999999     
  0.67190799999999995     
 -0.21949800000000000     
 -0.91539800000000004     
  0.96499000000000001     
  0.44574300000000000     
 -0.89540500000000001     
 ----------
          C1            0.0897883404147507
          C2            0.0722843355393368
          C3           -0.0069736344882472
          C4           -0.0462135902127521
          C5           -0.0611681585390834
          C6           -0.0029227302060357
          C7           -0.1388002150681639
          D1           -0.3771581126597507
          D2           -0.9305750209334183
          D3            2.1195254080520742
          D4           -2.1246309930064329
          D5           -0.0131882077354610
          D6            0.6645429882213397
          D7            0.7806033045976430
          D8           -0.4752342494327860
          D9            0.0920642557695526
         D10           -0.0312443369241453
         D11            0.0232036046033312
         D12           -0.3040203100732521
         D13           -0.2963726204319913
         D14            1.4856672935233888
         D15           -0.3992014237014200

   3NF LECs:
          C1           -0.7400000000000000
          C3           -0.6500000000000000
          C4            0.9600000000000000
          cE           -0.1860000000000000
          cD           -0.4540000000000000

 delta_chiral_order           3
 delta cutoff   450.00000000000000     
Boundary Conditions solve_general_EV                                                                                    
CC approx CCD(T)                                                                                              
 TNF: T TNF-approx:           3
 3NF Cutoff:   450.00000000000000      Nexp_3NF:           3
 Boxsize   4.4395200087130036     
 Density  0.16000000000000000     
 K_f   1.6795012352211809     
 Nmax           2
 Total number of states         250
 K-mesh   0.0000000000000000     
 K-mesh  -1.4152848269290821     
 K-mesh   1.4152848269290821     
 K-mesh  -2.8305696538581642     
 K-mesh   2.8305696538581642     
   0.0000000000000000        4.4395200087130036     
   0.0000000000000000        4.4395200087130036     
 Kz-mesh   0.0000000000000000     
 Kz-mesh  -1.4152848269290821     
 Kz-mesh   1.4152848269290821     
 Kz-mesh  -2.8305696538581642     
 Kz-mesh   2.8305696538581642     
 KY-mesh   0.0000000000000000     
 KY-mesh  -1.4152848269290821     
 KY-mesh   1.4152848269290821     
 KY-mesh  -2.8305696538581642     
 KY-mesh   2.8305696538581642     
           2           2           2          -1           1           1           1
 nkmin, nkmax           2           2           2
 Occupied j-orbits
     1       0.000000000        0   0   0  -1   1 hole      
     2       0.000000000        0   0   0   1   1 hole      
     3       41.50531936        0  -1   0  -1   1 hole      
     4       41.50531936        0  -1   0   1   1 hole      
     5       41.50531936        0   0  -1  -1   1 hole      
     6       41.50531936        0   0  -1   1   1 hole      
     7       41.50531936       -1   0   0  -1   1 hole      
     8       41.50531936       -1   0   0   1   1 hole      
     9       41.50531936        1   0   0  -1   1 hole      
    10       41.50531936        1   0   0   1   1 hole      
    11       41.50531936        0   0   1  -1   1 hole      
    12       41.50531936        0   0   1   1   1 hole      
    13       41.50531936        0   1   0  -1   1 hole      
    14       41.50531936        0   1   0   1   1 hole      
 Unoccupied j-orbits
    15       83.01063872        1   0   1  -1   1 particle  
    16       83.01063872        1   0   1   1   1 particle  
    17       83.01063872        1  -1   0  -1   1 particle  
    18       83.01063872        1  -1   0   1   1 particle  
    19       83.01063872        1   0  -1  -1   1 particle  
    20       83.01063872        1   0  -1   1   1 particle  
    21       83.01063872       -1   1   0  -1   1 particle  
    22       83.01063872       -1   1   0   1   1 particle  
    23       83.01063872       -1   0   1  -1   1 particle  
    24       83.01063872       -1   0   1   1   1 particle  
    25       83.01063872       -1  -1   0  -1   1 particle  
 Sz and Tz for vacuum state   0.0000000000000000        14.000000000000000     
          -4           4          -4           4          -4           4
 Total memory for lookup configs   1.5289599999999940E-004 GByte
 Total memory for channels   5.9679999999999994E-006 GByte
                62368       62368          25
                62368       62368         274
 Setting up vnn for hhhh block
 Time to setup hhhh block   4.1259940830059350E-002
 Setting up vnn for hhhp block
 Time to setup hhhp block   6.7734356620348990E-002
 Setting up vnn for hhpp block
 Time to setup hhpp block   1.2599242874857737     
 Setting up vnn for hphp block
 Time to setup hphp block   1.2657633670896757     
 Setting up vnn for pppp block
 Time to setup pppp block   45.354554344114149     
 Total memory for vnn storage   3.6497792000000008E-002 GByte
          -4           4          -4           4          -4           4
 Total memory for lookup ph configs   1.3216000000000033E-004 GByte
 Total memory for ph channels   1.3151999999999999E-005 GByte
                62368       62368         274
 Setting up vnn for ph hpph block
 Time to setup ph hpph block   8.4240948490332812E-004
 Total memory for vnn/t2 ph storage   1.9957760000000008E-003 GByte
 kinetic energy =               (498.06383234967711,0.0000000000000000)
 below_ef =          14
 Vacuum expectation value               (160.11882964398180,0.0000000000000000)
 3NF vacuum expectation value               (5.7007951229921350,0.0000000000000000)
 Vacuum expectation value with 3nf               (17.137854383276551,0.0000000000000000)
 Time for e0   6.6515938669908792E-004
 Time for f3nf   7.2359614321612753E-002
 e0 3nf               (79.811131754542316,0.0000000000000000)               (79.811131721889893,0.0000000000000000)
 Setting up v3nf_2bNO for hhhh block
 Time to setup v3nf_2bNO hhhh block   9.0225360327167436E-003
 Setting up v3nf_2bNO for hhpp block
 Time to setup v3nf_2bNO hhpp block   1.1731367670436157     
 Setting up v3nf_2bNO for hphp block
 Time to setup v3nf_2bNO hphp block  0.64411370865127537     
 Setting up v3nf_NO for pppp block
 Time to setup v3nf_2bNO pppp block   5.3577053236949723     
 read_subspace_matrix
 subspace_num           5
 channels_num          25
 read_file1.txt                                             
 read_file2.txt                                             
 read_file3.txt                                             
 read_file4.txt                                             
 read_file5.txt                                             
 subspace_num           5
 channels_num          25
 Total memory for t2 storage   1.9957759999999999E-003 GByte
 fock_mtx2:
  -46.05816    0.00000    0.00000    0.00000    0.00000    0.00000    0.00000    0.00000    0.00000    0.00000    0.00000    0.00000    0.00000    0.00000
    0.00000  -46.05816    0.00000    0.00000    0.00000    0.00000    0.00000    0.00000    0.00000    0.00000    0.00000    0.00000    0.00000    0.00000
    0.00000    0.00000  -28.69502    0.00000    0.00000    0.00000    0.00000    0.00000    0.00000    0.00000    0.00000    0.00000    0.00000    0.00000
    0.00000    0.00000    0.00000  -28.69502    0.00000    0.00000    0.00000    0.00000    0.00000    0.00000    0.00000    0.00000    0.00000    0.00000
    0.00000    0.00000    0.00000    0.00000  -28.69502    0.00000    0.00000    0.00000    0.00000    0.00000    0.00000    0.00000    0.00000    0.00000
    0.00000    0.00000    0.00000    0.00000    0.00000  -28.69502    0.00000    0.00000    0.00000    0.00000    0.00000    0.00000    0.00000    0.00000
    0.00000    0.00000    0.00000    0.00000    0.00000    0.00000  -28.69502   -0.00000    0.00000    0.00000    0.00000    0.00000    0.00000    0.00000
    0.00000    0.00000    0.00000    0.00000    0.00000    0.00000    0.00000  -28.69502    0.00000    0.00000    0.00000    0.00000    0.00000    0.00000
    0.00000    0.00000    0.00000    0.00000    0.00000    0.00000    0.00000    0.00000  -28.69502   -0.00000    0.00000    0.00000    0.00000    0.00000
    0.00000    0.00000    0.00000    0.00000    0.00000    0.00000    0.00000    0.00000    0.00000  -28.69502    0.00000    0.00000    0.00000    0.00000
    0.00000    0.00000    0.00000    0.00000    0.00000    0.00000    0.00000    0.00000    0.00000    0.00000  -28.69502    0.00000    0.00000    0.00000
    0.00000    0.00000    0.00000    0.00000    0.00000    0.00000    0.00000    0.00000    0.00000    0.00000   -0.00000  -28.69502    0.00000    0.00000
    0.00000    0.00000    0.00000    0.00000    0.00000    0.00000    0.00000    0.00000    0.00000    0.00000    0.00000    0.00000  -28.69502    0.00000
    0.00000    0.00000    0.00000    0.00000    0.00000    0.00000    0.00000    0.00000    0.00000    0.00000    0.00000    0.00000    0.00000  -28.69502
 kinetic =                (498.06383234967711,0.0000000000000000)
 hf_energy =                (239.92996136587169,0.0000000000000000)
 external_field_energy =               (-258.13387098380542,0.0000000000000000)
 vacuum_H_bar=       (-292.85241911879132,-1.52677277772132222E-011)               (0.0000000000000000,0.0000000000000000)               (0.0000000000000000,0.0000000000000000)               (0.0000000000000000,0.0000000000000000)               (0.0000000000000000,0.0000000000000000)
 vacuum_H_bar=       (-292.85241911879132,-1.52677277772132222E-011)       (-292.85241911826546,-5.15441048833973462E-011)               (0.0000000000000000,0.0000000000000000)               (0.0000000000000000,0.0000000000000000)               (0.0000000000000000,0.0000000000000000)
 vacuum_H_bar=       (-292.85241911879132,-1.52677277772132222E-011)       (-292.85241911826546,-5.15441048833973462E-011)       (-292.85241911948879,-5.61107439839512942E-012)               (0.0000000000000000,0.0000000000000000)               (0.0000000000000000,0.0000000000000000)
 vacuum_H_bar=       (-292.85241911879132,-1.52677277772132222E-011)       (-292.85241911826546,-5.15441048833973462E-011)       (-292.85241911948879,-5.61107439839512942E-012)       (-292.85241911944081,-1.44329336726403430E-011)               (0.0000000000000000,0.0000000000000000)
 vacuum_H_bar=       (-292.85241911879132,-1.52677277772132222E-011)       (-292.85241911826546,-5.15441048833973462E-011)       (-292.85241911948879,-5.61107439839512942E-012)       (-292.85241911944081,-1.44329336726403430E-011)        (-292.85241911930785,4.03176042131152485E-011)
 H0=       (-292.85241911879132,-1.52677277772132222E-011)  H3=        (-16.084858115355182,1.50478715825117102E-011)
 K0=               (498.06383234967711,0.0000000000000000)  K3=        (-16.084858115355850,1.50478498798323078E-011)
 H0=       (-292.85241911963243,-1.38032664957295580E-010)  H3=        (-16.084858115524487,1.20570150128654250E-011)
 K0=         (498.06383235200201,1.47093965671818659E-010)  K3=        (-16.084858115525424,1.20572881928499962E-011)
 H0=       (-292.85241911924186,-3.63033202392278359E-011)  H3=        (-16.084858115627302,6.92665061938402054E-012)
 K0=         (498.06383234925721,5.21993215315346233E-011)  K3=        (-16.084858115628137,6.92639562350255424E-012)
 H0=       (-292.85241911871412,-3.15985094117903983E-011)  H3=        (-16.084858115505028,1.93682176503280873E-011)
 K0=         (498.06383234844122,2.91940645832964433E-011)  K3=        (-16.084858115505845,1.93679175457078421E-011)
 H0=        (-292.85241912031756,1.39883861694626715E-010)  H3=        (-16.084858115892182,2.86266049190752151E-011)
 K0=        (498.06383235139441,-1.69335639852385869E-010)  K3=        (-16.084858115892825,2.86263655153771660E-011)
 H0=        (-292.85241911742435,7.12208323107232137E-011)  H3=       (-16.084858116065121,-2.87819996959706713E-011)
 K0=        (498.06383234735222,-1.47093965695717768E-010)  K3=       (-16.084858116065959,-2.87818991006448364E-011)
 H0=       (-292.85241911826546,-5.15441048833973462E-011)  H3=       (-16.084858116234713,-3.17725255907238169E-011)
 K0=               (498.06383234967711,0.0000000000000000)  K3=       (-16.084858116235377,-3.17726559372347748E-011)
 H0=        (-292.85241911787489,5.01852398339213281E-011)  H3=       (-16.084858116337340,-3.69031059445662582E-011)
 K0=        (498.06383234693226,-9.48946441387602719E-011)  K3=       (-16.084858116338165,-3.69033305895621245E-011)
 H0=        (-292.85241911734715,5.48900506664053882E-011)  H3=       (-16.084858116215148,-2.44616377844024117E-011)
 K0=        (498.06383234611638,-1.17899901095535473E-010)  K3=       (-16.084858116216072,-2.44619726046683102E-011)
 H0=        (-292.85241911895059,2.26372421797771948E-010)  H3=       (-16.084858116602039,-1.52031726902678801E-011)
 K0=        (498.06383234906946,-3.16429605574151606E-010)  K3=       (-16.084858116602781,-1.52030955069322808E-011)
 H0=        (-292.85241911903825,1.54245180812165837E-011)  H3=        (-16.084858115238550,8.04662986144175002E-014)
 K0=        (498.06383235009702,-5.21993215616007645E-011)  K3=        (-16.084858115239324,8.02624499708517703E-014)
 H0=       (-292.85241911987936,-1.07340419113899310E-010)  H3=       (-16.084858115407936,-2.91010751109164320E-012)
 K0=         (498.06383235242191,9.48946441356402112E-011)  K3=       (-16.084858115408824,-2.90986295404432307E-012)
 H0=       (-292.85241911948879,-5.61107439839512942E-012)  H3=       (-16.084858115510421,-8.04100640946813853E-012)
 K0=               (498.06383234967711,0.0000000000000000)  K3=       (-16.084858115511338,-8.04100293832722408E-012)
 H0=       (-292.85241911896105,-9.06263565859121755E-013)  H3=        (-16.084858115388410,4.40071825768304503E-012)
 K0=        (498.06383234886124,-2.30052569569306849E-011)  K3=        (-16.084858115389235,4.40053524012013076E-012)
 H0=        (-292.85241912056449,1.70576107564859490E-010)  H3=        (-16.084858115775333,1.36590688736203702E-011)
 K0=        (498.06383235181431,-2.21534961433888566E-010)  K3=        (-16.084858115776083,1.36590766747937110E-011)
 H0=        (-292.85241911951800,1.89784796292217157E-012)  H3=        (-16.084858114989707,4.16048514588846706E-012)
 K0=        (498.06383235091300,-2.91940645850405214E-011)  K3=        (-16.084858114990361,4.16044869128386113E-012)
 H0=       (-292.85241912035912,-1.20867089227211869E-010)  H3=        (-16.084858115159133,1.16988314013600878E-012)
 K0=         (498.06383235323784,1.17899901103667847E-010)  K3=        (-16.084858115160088,1.16995163037381480E-012)
 H0=       (-292.85241911996854,-1.91377445115959200E-011)  H3=       (-16.084858115261692,-3.96083707494598309E-012)
 K0=         (498.06383235049304,2.30052569678694668E-011)  K3=       (-16.084858115262541,-3.96092120734081307E-012)
 H0=       (-292.85241911944081,-1.44329336726403430E-011)  H3=        (-16.084858115139593,8.48073320266927244E-012)
 K0=               (498.06383234967711,0.0000000000000000)  K3=        (-16.084858115140385,8.48069243920806867E-012)
 H0=        (-292.85241912104419,1.57049437447939338E-010)  H3=        (-16.084858115526433,1.77393164883795838E-011)
 K0=        (498.06383235263013,-1.98529704459551274E-010)  K3=        (-16.084858115527329,1.77392132664040495E-011)
 H0=       (-292.85241911778161,-1.14833985297426359E-010)  H3=        (-16.084858115839516,5.88486344859146191E-011)
 K0=         (498.06383234795987,1.69335639918831736E-010)  K3=        (-16.084858115840227,5.88487151319200538E-011)
 H0=       (-292.85241911862272,-2.37598922461886510E-010)  H3=        (-16.084858116008981,5.58585947406458019E-011)
 K0=         (498.06383235028471,3.16429605564597980E-010)  K3=        (-16.084858116009844,5.58584455357929832E-011)
 H0=       (-292.85241911823215,-1.35869577748013793E-010)  H3=        (-16.084858116111551,5.07275323581408347E-011)
 K0=         (498.06383234753991,2.21534961430471819E-010)  K3=        (-16.084858116112393,5.07273293904124647E-011)
 H0=       (-292.85241911770447,-1.31164766919216412E-010)  H3=        (-16.084858115989388,6.31692483516682431E-011)
 K0=         (498.06383234672404,1.98529704480000239E-010)  K3=        (-16.084858115990244,6.31690419153396697E-011)
 H0=        (-292.85241911930785,4.03176042131152485E-011)  H3=        (-16.084858116376516,7.24279827751813772E-011)
 K0=               (498.06383234967711,0.0000000000000000)  K3=        (-16.084858116377159,7.24274959701003073E-011)


 ---------------------------------------------------------------------
 Boxsize   4.4395200087130036      Nmax           2
 A, Density, Kf          14  0.16000000000000000        1.6795012352211809     
 Twist averaged E0/N        (0.0000000000000000,-4.94065645841246544E-324)
 Twist averaged mbpt2               (0.0000000000000000,0.0000000000000000)
 Twist averaged CCSD         (4.95365707607606809E-311,0.0000000000000000)
 kinetic_TF   490.97117995884571     
  0.16000000000000000             (0.0000000000000000,-4.94065645841246544E-324)         (6.93511990650639651E-310,0.0000000000000000)

 E/N   1.67950118      0.159999996       0.0000000000000000        0.0000000000000000        4.9536570760760681E-311   0.0000000000000000     
#Nmax, Nucleons, 3NFnexp, 3NFCutoff: 2  14 3 450
    -0.18600    -0.45400     1.67950     0.16000     0.00000     0.00000     0.00000     0.00000
 ---------------------------------------------------------------------
 Total execution time for CCD code   56.536720716263517     
