mpprun info: Starting impi run on 4 node ( 16 rank X 8 th ) for job ID 8722354
Boundary Conditions PBC                                                                                                 
CC approx CCD                                                                                                 
 TNF: T TNF-approx:           3
 3NF Cutoff:   450.00000000000000      Nexp_3NF:           3
 NN regulator Exponent:    3.0000000000000000     
 -----------
 NN ci's
 -0.63287163583999995     
 -0.48591755109300000     
 -0.59146201431000001     
   1.0140516013609999     
 3NF ci's
 -0.63287163583999995     
   0.0000000000000000     
 -0.59146201431000001     
   1.0140516013609999     
 -----------
 --------
 c1s0(-1) -0.34725156848700001     
 c1s0(0) -0.35870795419399998     
 c1s0(1) -0.29079206917299999     
 c3s1(-1) -0.26668032858700003     
 c3s1(0) -0.26668032858700003     
 c3s1(1) -0.26668032858700003     
 --------
 -----------
 NLO contacts PW
   2.9753995508919999     
  0.63588733396899999     
 -0.21091110094200000     
  -1.0245532361009999     
  0.83750235915600002     
  0.49981502409000000     
 -0.77805808316799996     
 ----------
          C1            0.0892093762598827
          C2            0.0798762285256051
          C3           -0.0128050520783287
          C4           -0.0626592919741328
          C5           -0.0415475048358165
          C6           -0.0033506831550505
          C7           -0.1553441253480546
          D1           -0.3771581126597507
          D2           -0.9305750209334183
          D3            2.1195254080520742
          D4           -2.1246309930064329
          D5           -0.0131882077354610
          D6            0.6645429882213397
          D7            0.7806033045976430
          D8           -0.4752342494327860
          D9            0.0920642557695526
         D10           -0.0312443369241453
         D11            0.0232036046033312
         D12           -0.3040203100732521
         D13           -0.2963726204319913
         D14            1.4856672935233888
         D15           -0.3992014237014200

   3NF LECs:
          C1           -0.6328716358399999
          C3           -0.5914620143100000
          C4            1.0140516013609999
          cE           -0.1705077623810000
          cD           -0.3706608665470000

 delta_chiral_order           3
 delta cutoff   450.00000000000000     
 Boxsize   8.1932127060064577     
 Density  0.12000000000000000     
 K_f   1.5259281401037115     
 Nmax           4
 Total number of states        1458
 K-mesh   0.0000000000000000     
 K-mesh -0.76687686901785990     
 K-mesh  0.76687686901785990     
 K-mesh  -1.5337537380357198     
 K-mesh   1.5337537380357198     
 K-mesh  -2.3006306070535798     
 K-mesh   2.3006306070535798     
 K-mesh  -3.0675074760714396     
 K-mesh   3.0675074760714396     
   0.0000000000000000        8.1932127060064577     
   0.0000000000000000        8.1932127060064577     
   0.0000000000000000        8.1932127060064577     
   0.0000000000000000        8.1932127060064577     
 Kz-mesh   0.0000000000000000     
 Kz-mesh -0.76687686901785990     
 Kz-mesh  0.76687686901785990     
 Kz-mesh  -1.5337537380357198     
 Kz-mesh   1.5337537380357198     
 Kz-mesh  -2.3006306070535798     
 Kz-mesh   2.3006306070535798     
 Kz-mesh  -3.0675074760714396     
 Kz-mesh   3.0675074760714396     
 KY-mesh   0.0000000000000000     
 KY-mesh -0.76687686901785990     
 KY-mesh  0.76687686901785990     
 KY-mesh  -1.5337537380357198     
 KY-mesh   1.5337537380357198     
 KY-mesh  -2.3006306070535798     
 KY-mesh   2.3006306070535798     
 KY-mesh  -3.0675074760714396     
 KY-mesh   3.0675074760714396     
           4           4           4          -1           1           1           1
 nkmin, nkmax           4           4           4
 Occupied j-orbits
     1       0.000000000        0   0   0  -1   1 hole      
     2       0.000000000        0   0   0   1   1 hole      
     3       12.18617290       -1   0   0  -1   1 hole      
     4       12.18617290       -1   0   0   1   1 hole      
     5       12.18617290        0   0  -1  -1   1 hole      
     6       12.18617290        0   0  -1   1   1 hole      
     7       12.18617290        0  -1   0  -1   1 hole      
     8       12.18617290        0  -1   0   1   1 hole      
     9       12.18617290        0   1   0  -1   1 hole      
    10       12.18617290        0   1   0   1   1 hole      
    11       12.18617290        1   0   0  -1   1 hole      
    12       12.18617290        1   0   0   1   1 hole      
    13       12.18617290        0   0   1  -1   1 hole      
    14       12.18617290        0   0   1   1   1 hole      
    15       24.37234579        1   1   0  -1   1 hole      
    16       24.37234579        1   1   0   1   1 hole      
    17       24.37234579        0   1   1  -1   1 hole      
    18       24.37234579        0   1   1   1   1 hole      
    19       24.37234579        1  -1   0  -1   1 hole      
    20       24.37234579        1  -1   0   1   1 hole      
    21       24.37234579       -1   0  -1  -1   1 hole      
    22       24.37234579       -1   0  -1   1   1 hole      
    23       24.37234579       -1  -1   0  -1   1 hole      
    24       24.37234579       -1  -1   0   1   1 hole      
    25       24.37234579       -1   0   1  -1   1 hole      
    26       24.37234579       -1   0   1   1   1 hole      
    27       24.37234579       -1   1   0  -1   1 hole      
    28       24.37234579       -1   1   0   1   1 hole      
    29       24.37234579        0   1  -1  -1   1 hole      
    30       24.37234579        0   1  -1   1   1 hole      
    31       24.37234579        1   0   1  -1   1 hole      
    32       24.37234579        1   0   1   1   1 hole      
    33       24.37234579        0  -1  -1  -1   1 hole      
    34       24.37234579        0  -1  -1   1   1 hole      
    35       24.37234579        0  -1   1  -1   1 hole      
    36       24.37234579        0  -1   1   1   1 hole      
    37       24.37234579        1   0  -1  -1   1 hole      
    38       24.37234579        1   0  -1   1   1 hole      
    39       36.55851869        1  -1   1  -1   1 hole      
    40       36.55851869        1  -1   1   1   1 hole      
    41       36.55851869       -1   1   1  -1   1 hole      
    42       36.55851869       -1   1   1   1   1 hole      
    43       36.55851869       -1  -1   1  -1   1 hole      
    44       36.55851869       -1  -1   1   1   1 hole      
    45       36.55851869        1  -1  -1  -1   1 hole      
    46       36.55851869        1  -1  -1   1   1 hole      
    47       36.55851869       -1   1  -1  -1   1 hole      
    48       36.55851869       -1   1  -1   1   1 hole      
    49       36.55851869       -1  -1  -1  -1   1 hole      
    50       36.55851869       -1  -1  -1   1   1 hole      
    51       36.55851869        1   1   1  -1   1 hole      
    52       36.55851869        1   1   1   1   1 hole      
    53       36.55851869        1   1  -1  -1   1 hole      
    54       36.55851869        1   1  -1   1   1 hole      
    55       48.74469159        0   0   2  -1   1 hole      
    56       48.74469159        0   0   2   1   1 hole      
    57       48.74469159       -2   0   0  -1   1 hole      
    58       48.74469159       -2   0   0   1   1 hole      
    59       48.74469159        0   2   0  -1   1 hole      
    60       48.74469159        0   2   0   1   1 hole      
    61       48.74469159        0   0  -2  -1   1 hole      
    62       48.74469159        0   0  -2   1   1 hole      
    63       48.74469159        2   0   0  -1   1 hole      
    64       48.74469159        2   0   0   1   1 hole      
    65       48.74469159        0  -2   0  -1   1 hole      
    66       48.74469159        0  -2   0   1   1 hole      
 Unoccupied j-orbits
    67       60.93086448       -2   0   1  -1   1 particle  
    68       60.93086448       -2   0   1   1   1 particle  
    69       60.93086448       -1   2   0  -1   1 particle  
    70       60.93086448       -1   2   0   1   1 particle  
    71       60.93086448       -1   0  -2  -1   1 particle  
    72       60.93086448       -1   0  -2   1   1 particle  
    73       60.93086448       -2   0  -1  -1   1 particle  
    74       60.93086448       -2   0  -1   1   1 particle  
    75       60.93086448        2  -1   0  -1   1 particle  
    76       60.93086448        2  -1   0   1   1 particle  
    77       60.93086448        2   0  -1  -1   1 particle  
 Sz and Tz for vacuum state   0.0000000000000000        66.000000000000000     
          -8           8          -8           8          -8           8
 Total memory for lookup configs   5.6901119999999113E-003 GByte
 Total memory for channels   4.0880000000000002E-005 GByte
              8067968      504248         185
              8067968      504248        1816
 Setting up vnn for hhhh block
 Time to setup hhhh block   1.3886830806732178     
 Setting up vnn for hhhp block
 Time to setup hhhp block   2.7456200122833252     
 Setting up vnn for hhpp block
 Time to setup hhpp block   4.1483600139617920     
 Setting up vnn for hphp block
 Time to setup hphp block   4.1530179977416992     
 Setting up vnn for pppp block
 Time to setup pppp block   216.62959599494934     
 Total memory for vnn storage  0.55222438400000029      GByte
          -8           8          -8           8          -8           8
 Total memory for lookup ph configs   3.6748800000001611E-003 GByte
 Total memory for ph channels   8.7168000000000003E-005 GByte
              8067968      504248        1816
 Setting up vnn for ph hpph block
 Time to setup ph hpph block  0.13983297348022461     
 Total memory for vnn/t2 ph storage  0.25817497600000122      GByte
 kinetic energy = (  1901.0429718634123     ,  0.0000000000000000     )
 below_ef =          66
 Vacuum expectation value (  1590.7516547574487     ,  0.0000000000000000     )
 3NF vacuum expectation value (  3.2733580464639886     ,  0.0000000000000000     )
 Vacuum expectation value with 3nf (  27.375655845819271     ,  0.0000000000000000     )
 Time for e0   1.3808012008666992E-002
 Time for f3nf  0.21398687362670898     
 e0 3nf (  216.04163117042509     ,  0.0000000000000000     ) (  216.04163106662324     ,  0.0000000000000000     )
 Setting up v3nf_2bNO for hhhh block
 Time to setup v3nf_2bNO hhhh block  0.62296915054321289     
 Setting up v3nf_2bNO for hhpp block
 Time to setup v3nf_2bNO hhpp block   12.158853054046631     
 Setting up v3nf_2bNO for hphp block
 Time to setup v3nf_2bNO hphp block   6.5040061473846436     
 Setting up v3nf_NO for pppp block
 here we go...
 here we go...
 here we go...
 Time to setup v3nf_2bNO pppp block   89.792618989944458     
 Total memory for t2 storage  0.25817497600000017      GByte
 here we go...
 here we go...
 here we go...
 here we go...
 here we go...
 here we go...
 here we go...
 here we go...
 here we go...
 here we go...
 here we go...
 here we go...
 here we go...
 CCD energy (  1363.1736939770808     , -6.7968072953870542E-019)
 diis space     8067968
 Storage of diis vectors  0.90361241599999997      Gb
 CCD energy (  1386.7261775271627     , -4.0385702090111262E-017)
dener    0    1  0.23552484E+02
 CCD energy (  1402.4488422134164     , -5.3832914264951041E-020)
dener    0    2  0.15722665E+02
 CCD energy (  1412.7858169596443     ,  4.5686409458610297E-018)
dener    0    3  0.10336975E+02
 CCD energy (  1419.4776850143833     , -2.4032905517115666E-017)
dener    0    4  0.66918681E+01
 CCD energy (  1423.7351155666652     , -4.5320028004253410E-017)
dener    0    5  0.42574306E+01
diis_mat    1    1  0.5177E-01
diis_mat    1    2  0.3547E-01
diis_mat    1    3  0.2413E-01
diis_mat    1    4  0.1639E-01
diis_mat    1    5  0.1115E-01
diis_mat    1    6 -0.1000E+01
diis_mat    2    1  0.3547E-01
diis_mat    2    2  0.2438E-01
diis_mat    2    3  0.1666E-01
diis_mat    2    4  0.1137E-01
diis_mat    2    5  0.7776E-02
diis_mat    2    6 -0.1000E+01
diis_mat    3    1  0.2413E-01
diis_mat    3    2  0.1666E-01
diis_mat    3    3  0.1144E-01
diis_mat    3    4  0.7851E-02
diis_mat    3    5  0.5406E-02
diis_mat    3    6 -0.1000E+01
diis_mat    4    1  0.1639E-01
diis_mat    4    2  0.1137E-01
diis_mat    4    3  0.7851E-02
diis_mat    4    4  0.5425E-02
diis_mat    4    5  0.3764E-02
diis_mat    4    6 -0.1000E+01
diis_mat    5    1  0.1115E-01
diis_mat    5    2  0.7776E-02
diis_mat    5    3  0.5406E-02
diis_mat    5    4  0.3764E-02
diis_mat    5    5  0.2634E-02
diis_mat    5    6 -0.1000E+01
diis_mat    6    1 -0.1000E+01
diis_mat    6    2 -0.1000E+01
diis_mat    6    3 -0.1000E+01
diis_mat    6    4 -0.1000E+01
diis_mat    6    5 -0.1000E+01
diis_mat    6    6  0.0000E+00
 csysv info           0
sol_vec    1  0.1622E+02 -0.6885E-09
sol_vec    2 -0.1018E+03  0.4392E-08
sol_vec    3  0.2377E+03 -0.1006E-07
sol_vec    4 -0.2447E+03  0.9872E-08
sol_vec    5  0.9350E+02 -0.3520E-08
sol_vec    6  0.1450E-05  0.1532E-14
 CCD energy (  1428.2770606595084     ,  6.5776252059062026E-011)
dener    0    6  0.45419451E+01
 CCD energy (  1428.3005741912934     ,  5.5306567523669515E-011)
dener    0    7  0.23513532E-01
 CCD energy (  1428.3144255117661     ,  4.6269281318894183E-011)
dener    0    8  0.13851320E-01
 CCD energy (  1428.3219752146042     ,  3.8600404159741968E-011)
dener    0    9  0.75497028E-02
 CCD energy (  1428.3254655742039     ,  3.2160439321011189E-011)
dener    0   10  0.34903596E-02
 CCD energy (  1428.3263867524577     ,  2.6786256173953371E-011)
dener    0   11  0.92117825E-03
diis_mat    1    1  0.1190E-05
diis_mat    1    2  0.9254E-06
diis_mat    1    3  0.7287E-06
diis_mat    1    4  0.5802E-06
diis_mat    1    5  0.4664E-06
diis_mat    1    6 -0.1000E+01
diis_mat    2    1  0.9254E-06
diis_mat    2    2  0.7288E-06
diis_mat    2    3  0.5805E-06
diis_mat    2    4  0.4667E-06
diis_mat    2    5  0.3783E-06
diis_mat    2    6 -0.1000E+01
diis_mat    3    1  0.7287E-06
diis_mat    3    2  0.5805E-06
diis_mat    3    3  0.4668E-06
diis_mat    3    4  0.3784E-06
diis_mat    3    5  0.3089E-06
diis_mat    3    6 -0.1000E+01
diis_mat    4    1  0.5802E-06
diis_mat    4    2  0.4667E-06
diis_mat    4    3  0.3784E-06
diis_mat    4    4  0.3090E-06
diis_mat    4    5  0.2537E-06
diis_mat    4    6 -0.1000E+01
diis_mat    5    1  0.4664E-06
diis_mat    5    2  0.3783E-06
diis_mat    5    3  0.3089E-06
diis_mat    5    4  0.2537E-06
diis_mat    5    5  0.2094E-06
diis_mat    5    6 -0.1000E+01
diis_mat    6    1 -0.1000E+01
diis_mat    6    2 -0.1000E+01
diis_mat    6    3 -0.1000E+01
diis_mat    6    4 -0.1000E+01
diis_mat    6    5 -0.1000E+01
diis_mat    6    6  0.0000E+00
 csysv info           0
sol_vec    1  0.6353E+02 -0.3465E-06
sol_vec    2 -0.3569E+03  0.1782E-05
sol_vec    3  0.7470E+03 -0.3400E-05
sol_vec    4 -0.6906E+03  0.2855E-05
sol_vec    5  0.2380E+03 -0.8901E-06
sol_vec    6  0.6656E-10  0.3367E-17
 CCD energy (  1428.2956294658375     ,  3.6211600472587222E-012)
dener    0   12 -0.30757287E-01
 CCD energy (  1428.2950725224125     ,  6.2861771987089409E-012)
dener    0   13 -0.55694343E-03
 CCD energy (  1428.2946513579786     ,  7.3357658624405839E-012)
dener    0   14 -0.42116443E-03
 CCD energy (  1428.2943319981800     ,  7.4607250626338230E-012)
dener    0   15 -0.31935980E-03
 CCD energy (  1428.2940891742965     ,  7.0853552526907641E-012)
dener    0   16 -0.24282388E-03
 CCD energy (  1428.2939040434808     ,  6.4662617333426700E-012)
dener    0   17 -0.18513082E-03
diis_mat    1    1  0.4189E-10
diis_mat    1    2  0.3358E-10
diis_mat    1    3  0.2703E-10
diis_mat    1    4  0.2185E-10
diis_mat    1    5  0.1774E-10
diis_mat    1    6 -0.1000E+01
diis_mat    2    1  0.3358E-10
diis_mat    2    2  0.2704E-10
diis_mat    2    3  0.2186E-10
diis_mat    2    4  0.1775E-10
diis_mat    2    5  0.1446E-10
diis_mat    2    6 -0.1000E+01
diis_mat    3    1  0.2703E-10
diis_mat    3    2  0.2186E-10
diis_mat    3    3  0.1775E-10
diis_mat    3    4  0.1447E-10
diis_mat    3    5  0.1183E-10
diis_mat    3    6 -0.1000E+01
diis_mat    4    1  0.2185E-10
diis_mat    4    2  0.1775E-10
diis_mat    4    3  0.1447E-10
diis_mat    4    4  0.1183E-10
diis_mat    4    5  0.9707E-11
diis_mat    4    6 -0.1000E+01
diis_mat    5    1  0.1774E-10
diis_mat    5    2  0.1446E-10
diis_mat    5    3  0.1183E-10
diis_mat    5    4  0.9707E-11
diis_mat    5    5  0.7989E-11
diis_mat    5    6 -0.1000E+01
diis_mat    6    1 -0.1000E+01
diis_mat    6    2 -0.1000E+01
diis_mat    6    3 -0.1000E+01
diis_mat    6    4 -0.1000E+01
diis_mat    6    5 -0.1000E+01
diis_mat    6    6  0.0000E+00
 csysv info           0
sol_vec    1  0.1085E+03  0.3428E-05
sol_vec    2 -0.5866E+03 -0.1731E-04
sol_vec    3  0.1183E+04  0.3255E-04
sol_vec    4 -0.1054E+04 -0.2699E-04
sol_vec    5  0.3503E+03  0.8323E-05
sol_vec    6  0.4649E-15 -0.4636E-22
 CCD energy (  1428.2932810590032     ,  4.3661316387490010E-013)
dener    0   18 -0.62298448E-03
 CCD energy (  1428.2932809783365     ,  3.1242544414213905E-013)
dener    0   19 -0.80666723E-07
 Total execution time CCD   25.885903835296631     


 ---------------------------------------------------------------------
 Boxsize   8.1932127060064577      Nmax           4
 A, Density, Kf          66  0.12000000000000000        1.5259281401037115     
 Twist averaged E0/N (  27.375655845819271     ,  0.0000000000000000     )
 Twist averaged mbpt2 (  20.654146878440617     , -1.0298192871798567E-020)
 Twist averaged CCSD (  21.640807287550555     ,  4.7337188506384702E-015)
 kinetic_TF   1910.6423885152130     
  0.12000000000000000      (  27.375655845819271     ,  0.0000000000000000     ) (  1428.2932809783365     ,  3.1242544414213905E-013)

 E/N   1.52592814      0.119999997       27.375655845819271        20.654146878440617        21.640807287550555        0.0000000000000000     
#Nmax, Nucleons, 3NFnexp, 3NFCutoff: 4  66 3 450
    -0.17051    -0.37066     1.52593     0.12000    27.37566    20.65415    21.64081     0.00000
 ---------------------------------------------------------------------
 Total execution time for CCD code   382.30231809616089     
mpprun info: Elapsed time (h:m:s):  0:06:23.993113
