mpprun info: Starting impi run on 4 node ( 16 rank X 8 th ) for job ID 8722354
Boundary Conditions PBC                                                                                                 
CC approx CCD                                                                                                 
 TNF: T TNF-approx:           3
 3NF Cutoff:   450.00000000000000      Nexp_3NF:           3
 NN regulator Exponent:    3.0000000000000000     
 -----------
 NN ci's
 -0.64186885759000001     
 -0.45965788557900000     
 -0.65639534940199995     
   1.0443121511450000     
 3NF ci's
 -0.64186885759000001     
   0.0000000000000000     
 -0.65639534940199995     
   1.0443121511450000     
 -----------
 --------
 c1s0(-1) -0.27727206577199998     
 c1s0(0) -0.34776844084100000     
 c1s0(1) -0.32109078074000003     
 c3s1(-1) -0.25185479147299999     
 c3s1(0) -0.25185479147299999     
 c3s1(1) -0.25185479147299999     
 --------
 -----------
 NLO contacts PW
   2.2705608545090001     
  0.68016697543100002     
 -0.22829841308300000     
 -0.92476680049399995     
  0.90649300266499999     
  0.41842956480299998     
 -0.94594152554499999     
 ----------
          C1            0.0869822349404585
          C2            0.0491658154097230
          C3           -0.0050622081328639
          C4           -0.0412103675910701
          C5           -0.0659645747937001
          C6           -0.0017994444107893
          C7           -0.1340718339898397
          D1           -0.3771581126597507
          D2           -0.9305750209334183
          D3            2.1195254080520742
          D4           -2.1246309930064329
          D5           -0.0131882077354610
          D6            0.6645429882213397
          D7            0.7806033045976430
          D8           -0.4752342494327860
          D9            0.0920642557695526
         D10           -0.0312443369241453
         D11            0.0232036046033312
         D12           -0.3040203100732521
         D13           -0.2963726204319913
         D14            1.4856672935233888
         D15           -0.3992014237014200

   3NF LECs:
          C1           -0.6418688575900000
          C3           -0.6563953494020000
          C4            1.0443121511450000
          cE           -0.2048194096510000
          cD           -0.3688437095580000

 delta_chiral_order           3
 delta cutoff   450.00000000000000     
 Boxsize   8.1932127060064577     
 Density  0.12000000000000000     
 K_f   1.5259281401037115     
 Nmax           4
 Total number of states        1458
 K-mesh   0.0000000000000000     
 K-mesh -0.76687686901785990     
 K-mesh  0.76687686901785990     
 K-mesh  -1.5337537380357198     
 K-mesh   1.5337537380357198     
 K-mesh  -2.3006306070535798     
 K-mesh   2.3006306070535798     
 K-mesh  -3.0675074760714396     
 K-mesh   3.0675074760714396     
   0.0000000000000000        8.1932127060064577     
   0.0000000000000000        8.1932127060064577     
   0.0000000000000000        8.1932127060064577     
   0.0000000000000000        8.1932127060064577     
 Kz-mesh   0.0000000000000000     
 Kz-mesh -0.76687686901785990     
 Kz-mesh  0.76687686901785990     
 Kz-mesh  -1.5337537380357198     
 Kz-mesh   1.5337537380357198     
 Kz-mesh  -2.3006306070535798     
 Kz-mesh   2.3006306070535798     
 Kz-mesh  -3.0675074760714396     
 Kz-mesh   3.0675074760714396     
 KY-mesh   0.0000000000000000     
 KY-mesh -0.76687686901785990     
 KY-mesh  0.76687686901785990     
 KY-mesh  -1.5337537380357198     
 KY-mesh   1.5337537380357198     
 KY-mesh  -2.3006306070535798     
 KY-mesh   2.3006306070535798     
 KY-mesh  -3.0675074760714396     
 KY-mesh   3.0675074760714396     
           4           4           4          -1           1           1           1
 nkmin, nkmax           4           4           4
 Occupied j-orbits
     1       0.000000000        0   0   0  -1   1 hole      
     2       0.000000000        0   0   0   1   1 hole      
     3       12.18617290       -1   0   0  -1   1 hole      
     4       12.18617290       -1   0   0   1   1 hole      
     5       12.18617290        0   0  -1  -1   1 hole      
     6       12.18617290        0   0  -1   1   1 hole      
     7       12.18617290        0  -1   0  -1   1 hole      
     8       12.18617290        0  -1   0   1   1 hole      
     9       12.18617290        0   1   0  -1   1 hole      
    10       12.18617290        0   1   0   1   1 hole      
    11       12.18617290        1   0   0  -1   1 hole      
    12       12.18617290        1   0   0   1   1 hole      
    13       12.18617290        0   0   1  -1   1 hole      
    14       12.18617290        0   0   1   1   1 hole      
    15       24.37234579        1   1   0  -1   1 hole      
    16       24.37234579        1   1   0   1   1 hole      
    17       24.37234579        0   1   1  -1   1 hole      
    18       24.37234579        0   1   1   1   1 hole      
    19       24.37234579        1  -1   0  -1   1 hole      
    20       24.37234579        1  -1   0   1   1 hole      
    21       24.37234579       -1   0  -1  -1   1 hole      
    22       24.37234579       -1   0  -1   1   1 hole      
    23       24.37234579       -1  -1   0  -1   1 hole      
    24       24.37234579       -1  -1   0   1   1 hole      
    25       24.37234579       -1   0   1  -1   1 hole      
    26       24.37234579       -1   0   1   1   1 hole      
    27       24.37234579       -1   1   0  -1   1 hole      
    28       24.37234579       -1   1   0   1   1 hole      
    29       24.37234579        0   1  -1  -1   1 hole      
    30       24.37234579        0   1  -1   1   1 hole      
    31       24.37234579        1   0   1  -1   1 hole      
    32       24.37234579        1   0   1   1   1 hole      
    33       24.37234579        0  -1  -1  -1   1 hole      
    34       24.37234579        0  -1  -1   1   1 hole      
    35       24.37234579        0  -1   1  -1   1 hole      
    36       24.37234579        0  -1   1   1   1 hole      
    37       24.37234579        1   0  -1  -1   1 hole      
    38       24.37234579        1   0  -1   1   1 hole      
    39       36.55851869        1  -1   1  -1   1 hole      
    40       36.55851869        1  -1   1   1   1 hole      
    41       36.55851869       -1   1   1  -1   1 hole      
    42       36.55851869       -1   1   1   1   1 hole      
    43       36.55851869       -1  -1   1  -1   1 hole      
    44       36.55851869       -1  -1   1   1   1 hole      
    45       36.55851869        1  -1  -1  -1   1 hole      
    46       36.55851869        1  -1  -1   1   1 hole      
    47       36.55851869       -1   1  -1  -1   1 hole      
    48       36.55851869       -1   1  -1   1   1 hole      
    49       36.55851869       -1  -1  -1  -1   1 hole      
    50       36.55851869       -1  -1  -1   1   1 hole      
    51       36.55851869        1   1   1  -1   1 hole      
    52       36.55851869        1   1   1   1   1 hole      
    53       36.55851869        1   1  -1  -1   1 hole      
    54       36.55851869        1   1  -1   1   1 hole      
    55       48.74469159        0   0   2  -1   1 hole      
    56       48.74469159        0   0   2   1   1 hole      
    57       48.74469159       -2   0   0  -1   1 hole      
    58       48.74469159       -2   0   0   1   1 hole      
    59       48.74469159        0   2   0  -1   1 hole      
    60       48.74469159        0   2   0   1   1 hole      
    61       48.74469159        0   0  -2  -1   1 hole      
    62       48.74469159        0   0  -2   1   1 hole      
    63       48.74469159        2   0   0  -1   1 hole      
    64       48.74469159        2   0   0   1   1 hole      
    65       48.74469159        0  -2   0  -1   1 hole      
    66       48.74469159        0  -2   0   1   1 hole      
 Unoccupied j-orbits
    67       60.93086448       -2   0   1  -1   1 particle  
    68       60.93086448       -2   0   1   1   1 particle  
    69       60.93086448       -1   2   0  -1   1 particle  
    70       60.93086448       -1   2   0   1   1 particle  
    71       60.93086448       -1   0  -2  -1   1 particle  
    72       60.93086448       -1   0  -2   1   1 particle  
    73       60.93086448       -2   0  -1  -1   1 particle  
    74       60.93086448       -2   0  -1   1   1 particle  
    75       60.93086448        2  -1   0  -1   1 particle  
    76       60.93086448        2  -1   0   1   1 particle  
    77       60.93086448        2   0  -1  -1   1 particle  
 Sz and Tz for vacuum state   0.0000000000000000        66.000000000000000     
          -8           8          -8           8          -8           8
 Total memory for lookup configs   5.6901119999999113E-003 GByte
 Total memory for channels   4.0880000000000002E-005 GByte
              8067968      504248         185
              8067968      504248        1816
 Setting up vnn for hhhh block
 Time to setup hhhh block   1.3493690490722656     
 Setting up vnn for hhhp block
 Time to setup hhhp block   2.7468619346618652     
 Setting up vnn for hhpp block
 Time to setup hhpp block   4.0177040100097656     
 Setting up vnn for hphp block
 Time to setup hphp block   4.0767419338226318     
 Setting up vnn for pppp block
 Time to setup pppp block   215.67029094696045     
 Total memory for vnn storage  0.55222438400000029      GByte
          -8           8          -8           8          -8           8
 Total memory for lookup ph configs   3.6748800000001611E-003 GByte
 Total memory for ph channels   8.7168000000000003E-005 GByte
              8067968      504248        1816
 Setting up vnn for ph hpph block
 Time to setup ph hpph block  0.14006590843200684     
 Total memory for vnn/t2 ph storage  0.25817497600000122      GByte
 kinetic energy = (  1901.0429718634123     ,  0.0000000000000000     )
 below_ef =          66
 Vacuum expectation value (  593.93958186964835     ,  0.0000000000000000     )
 3NF vacuum expectation value (  3.3319632987064458     ,  0.0000000000000000     )
 Vacuum expectation value with 3nf (  12.331047872488996     ,  0.0000000000000000     )
 Time for e0   1.3339042663574219E-002
 Time for f3nf  0.21471500396728516     
 e0 3nf (  219.90957781460460     ,  0.0000000000000000     ) (  219.90957771462541     ,  0.0000000000000000     )
 Setting up v3nf_2bNO for hhhh block
 Time to setup v3nf_2bNO hhhh block  0.62157392501831055     
 Setting up v3nf_2bNO for hhpp block
 Time to setup v3nf_2bNO hhpp block   11.952819108963013     
 Setting up v3nf_2bNO for hphp block
 Time to setup v3nf_2bNO hphp block   6.5194818973541260     
 Setting up v3nf_NO for pppp block
 here we go...
 here we go...
 here we go...
 Time to setup v3nf_2bNO pppp block   89.617295026779175     
 Total memory for t2 storage  0.25817497600000017      GByte
 here we go...
 here we go...
 here we go...
 here we go...
 here we go...
 here we go...
 here we go...
 here we go...
 here we go...
 here we go...
 here we go...
 here we go...
 here we go...
 CCD energy (  655.45791725087452     ,  1.3013184703207140E-017)
 diis space     8067968
 Storage of diis vectors  0.90361241599999997      Gb
 CCD energy (  669.30061714005842     ,  4.2158648675604193E-014)
dener    0    1  0.13842700E+02
 CCD energy (  678.22123546104331     ,  8.1819940614992422E-013)
dener    0    2  0.89206183E+01
 CCD energy (  683.92703946445761     ,  1.8441259208895649E-012)
dener    0    3  0.57058040E+01
 CCD energy (  687.55623049434860     ,  2.8525466611899217E-012)
dener    0    4  0.36291910E+01
 CCD energy (  689.85394166958349     ,  3.7119064278654090E-012)
dener    0    5  0.22977112E+01
diis_mat    1    1  0.9235E-02
diis_mat    1    2  0.5901E-02
diis_mat    1    3  0.3740E-02
diis_mat    1    4  0.2361E-02
diis_mat    1    5  0.1491E-02
diis_mat    1    6 -0.1000E+01
diis_mat    2    1  0.5901E-02
diis_mat    2    2  0.3787E-02
diis_mat    2    3  0.2413E-02
diis_mat    2    4  0.1534E-02
diis_mat    2    5  0.9768E-03
diis_mat    2    6 -0.1000E+01
diis_mat    3    1  0.3740E-02
diis_mat    3    2  0.2413E-02
diis_mat    3    3  0.1548E-02
diis_mat    3    4  0.9927E-03
diis_mat    3    5  0.6390E-03
diis_mat    3    6 -0.1000E+01
diis_mat    4    1  0.2361E-02
diis_mat    4    2  0.1534E-02
diis_mat    4    3  0.9927E-03
diis_mat    4    4  0.6436E-03
diis_mat    4    5  0.4198E-03
diis_mat    4    6 -0.1000E+01
diis_mat    5    1  0.1491E-02
diis_mat    5    2  0.9768E-03
diis_mat    5    3  0.6390E-03
diis_mat    5    4  0.4198E-03
diis_mat    5    5  0.2783E-03
diis_mat    5    6 -0.1000E+01
diis_mat    6    1 -0.1000E+01
diis_mat    6    2 -0.1000E+01
diis_mat    6    3 -0.1000E+01
diis_mat    6    4 -0.1000E+01
diis_mat    6    5 -0.1000E+01
diis_mat    6    6  0.0000E+00
 csysv info           0
sol_vec    1  0.1002E+02  0.4392E-08
sol_vec    2 -0.6832E+02 -0.2551E-07
sol_vec    3  0.1704E+03  0.5496E-07
sol_vec    4 -0.1848E+03 -0.5180E-07
sol_vec    5  0.7373E+02  0.1796E-07
sol_vec    6  0.2513E-06 -0.1923E-14
 CCD energy (  693.61355896672353     , -2.0791368549346714E-010)
dener    0    6  0.37596173E+01
 CCD energy (  693.59235435112760     , -1.3867645372942557E-010)
dener    0    7 -0.21204616E-01
 CCD energy (  693.57931992309011     , -9.2914394149568662E-011)
dener    0    8 -0.13034428E-01
 CCD energy (  693.57136836404618     , -6.2526442363770398E-011)
dener    0    9 -0.79515590E-02
 CCD energy (  693.56657463775991     , -4.2240945539747367E-011)
dener    0   10 -0.47937263E-02
 CCD energy (  693.56373651643662     , -2.8618327286116421E-011)
dener    0   11 -0.28381213E-02
diis_mat    1    1  0.2181E-06
diis_mat    1    2  0.1688E-06
diis_mat    1    3  0.1325E-06
diis_mat    1    4  0.1053E-06
diis_mat    1    5  0.8438E-07
diis_mat    1    6 -0.1000E+01
diis_mat    2    1  0.1688E-06
diis_mat    2    2  0.1317E-06
diis_mat    2    3  0.1040E-06
diis_mat    2    4  0.8306E-07
diis_mat    2    5  0.6688E-07
diis_mat    2    6 -0.1000E+01
diis_mat    3    1  0.1325E-06
diis_mat    3    2  0.1040E-06
diis_mat    3    3  0.8264E-07
diis_mat    3    4  0.6628E-07
diis_mat    3    5  0.5358E-07
diis_mat    3    6 -0.1000E+01
diis_mat    4    1  0.1053E-06
diis_mat    4    2  0.8306E-07
diis_mat    4    3  0.6628E-07
diis_mat    4    4  0.5337E-07
diis_mat    4    5  0.4329E-07
diis_mat    4    6 -0.1000E+01
diis_mat    5    1  0.8438E-07
diis_mat    5    2  0.6688E-07
diis_mat    5    3  0.5358E-07
diis_mat    5    4  0.4329E-07
diis_mat    5    5  0.3520E-07
diis_mat    5    6 -0.1000E+01
diis_mat    6    1 -0.1000E+01
diis_mat    6    2 -0.1000E+01
diis_mat    6    3 -0.1000E+01
diis_mat    6    4 -0.1000E+01
diis_mat    6    5 -0.1000E+01
diis_mat    6    6  0.0000E+00
 csysv info           0
sol_vec    1  0.7467E+02 -0.2360E-05
sol_vec    2 -0.4123E+03  0.1229E-04
sol_vec    3  0.8488E+03 -0.2373E-04
sol_vec    4 -0.7726E+03  0.2015E-04
sol_vec    5  0.2624E+03 -0.6350E-05
sol_vec    6  0.8034E-12  0.9222E-18
 CCD energy (  693.56138745039902     ,  2.2202735661776408E-011)
dener    0   12 -0.23490660E-02
 CCD energy (  693.56132216408992     ,  1.9121007437422983E-011)
dener    0   13 -0.65286309E-04
 CCD energy (  693.56128165780979     ,  1.6076009013386136E-011)
dener    0   14 -0.40506280E-04
 CCD energy (  693.56125616087002     ,  1.3357715668751019E-011)
dener    0   15 -0.25496940E-04
 CCD energy (  693.56123982627025     ,  1.1058249955278089E-011)
dener    0   16 -0.16334600E-04
 CCD energy (  693.56122914321259     ,  9.1741194111773028E-012)
dener    0   17 -0.10683058E-04
diis_mat    1    1  0.4360E-12
diis_mat    1    2  0.3386E-12
diis_mat    1    3  0.2621E-12
diis_mat    1    4  0.2026E-12
diis_mat    1    5  0.1566E-12
diis_mat    1    6 -0.1000E+01
diis_mat    2    1  0.3386E-12
diis_mat    2    2  0.2659E-12
diis_mat    2    3  0.2081E-12
diis_mat    2    4  0.1625E-12
diis_mat    2    5  0.1269E-12
diis_mat    2    6 -0.1000E+01
diis_mat    3    1  0.2621E-12
diis_mat    3    2  0.2081E-12
diis_mat    3    3  0.1645E-12
diis_mat    3    4  0.1297E-12
diis_mat    3    5  0.1021E-12
diis_mat    3    6 -0.1000E+01
diis_mat    4    1  0.2026E-12
diis_mat    4    2  0.1625E-12
diis_mat    4    3  0.1297E-12
diis_mat    4    4  0.1031E-12
diis_mat    4    5  0.8181E-13
diis_mat    4    6 -0.1000E+01
diis_mat    5    1  0.1566E-12
diis_mat    5    2  0.1269E-12
diis_mat    5    3  0.1021E-12
diis_mat    5    4  0.8181E-13
diis_mat    5    5  0.6536E-13
diis_mat    5    6 -0.1000E+01
diis_mat    6    1 -0.1000E+01
diis_mat    6    2 -0.1000E+01
diis_mat    6    3 -0.1000E+01
diis_mat    6    4 -0.1000E+01
diis_mat    6    5 -0.1000E+01
diis_mat    6    6  0.0000E+00
 csysv info           0
sol_vec    1  0.3864E+02 -0.7881E-05
sol_vec    2 -0.2236E+03  0.4263E-04
sol_vec    3  0.4821E+03 -0.8552E-04
sol_vec    4 -0.4591E+03  0.7535E-04
sol_vec    5  0.1630E+03 -0.2458E-04
sol_vec    6  0.1394E-16 -0.1195E-22
 CCD energy (  693.56120229766066     ,  2.3704189458386209E-012)
dener    0   18 -0.26845552E-04
 CCD energy (  693.56120260608293     ,  2.2643420933607087E-012)
dener    0   19  0.30842227E-06
 Total execution time CCD   25.782108068466187     


 ---------------------------------------------------------------------
 Boxsize   8.1932127060064577      Nmax           4
 A, Density, Kf          66  0.12000000000000000        1.5259281401037115     
 Twist averaged E0/N (  12.331047872488996     ,  0.0000000000000000     )
 Twist averaged mbpt2 (  9.9311805644071889     ,  1.9716946520010819E-019)
 Twist averaged CCSD (  10.508503069789136     ,  3.4308213535768314E-014)
 kinetic_TF   1910.6423885152130     
  0.12000000000000000      (  12.331047872488996     ,  0.0000000000000000     ) (  693.56120260608293     ,  2.2643420933607087E-012)

 E/N   1.52592814      0.119999997       12.331047872488996        9.9311805644071889        10.508503069789136        0.0000000000000000     
#Nmax, Nucleons, 3NFnexp, 3NFCutoff: 4  66 3 450
    -0.20482    -0.36884     1.52593     0.12000    12.33105     9.93118    10.50850     0.00000
 ---------------------------------------------------------------------
 Total execution time for CCD code   382.72543406486511     
mpprun info: Elapsed time (h:m:s):  0:06:23.697303
