mpprun info: Starting impi run on 4 node ( 16 rank X 8 th ) for job ID 8722354
Boundary Conditions PBC                                                                                                 
CC approx CCD                                                                                                 
 TNF: T TNF-approx:           3
 3NF Cutoff:   450.00000000000000      Nexp_3NF:           3
 NN regulator Exponent:    3.0000000000000000     
 -----------
 NN ci's
 -0.75386262358199996     
 -0.48154922575999998     
 -0.59803767079900005     
  0.86712624702700003     
 3NF ci's
 -0.75386262358199996     
   0.0000000000000000     
 -0.59803767079900005     
  0.86712624702700003     
 -----------
 --------
 c1s0(-1) -0.28371025014599999     
 c1s0(0) -0.38894370461599997     
 c1s0(1) -0.35717240426100000     
 c3s1(-1) -0.23588597913000001     
 c3s1(0) -0.23588597913000001     
 c3s1(1) -0.23588597913000001     
 --------
 -----------
 NLO contacts PW
   2.5554726054120001     
  0.58908644076700001     
 -0.20666760414099999     
 -0.93774114715000001     
  0.91483978233200003     
  0.36616992110899999     
 -0.87475278222300001     
 ----------
          C1            0.0886189028630366
          C2            0.0672843473343531
          C3           -0.0084807919590597
          C4           -0.0554256496522088
          C5           -0.0544849709443864
          C6            0.0000476904274047
          C7           -0.1238165446322663
          D1           -0.3771581126597507
          D2           -0.9305750209334183
          D3            2.1195254080520742
          D4           -2.1246309930064329
          D5           -0.0131882077354610
          D6            0.6645429882213397
          D7            0.7806033045976430
          D8           -0.4752342494327860
          D9            0.0920642557695526
         D10           -0.0312443369241453
         D11            0.0232036046033312
         D12           -0.3040203100732521
         D13           -0.2963726204319913
         D14            1.4856672935233888
         D15           -0.3992014237014200

   3NF LECs:
          C1           -0.7538626235820000
          C3           -0.5980376707990001
          C4            0.8671262470270000
          cE           -0.1682533682780000
          cD           -0.4534330285970000

 delta_chiral_order           3
 delta cutoff   450.00000000000000     
 Boxsize   8.1932127060064577     
 Density  0.12000000000000000     
 K_f   1.5259281401037115     
 Nmax           4
 Total number of states        1458
 K-mesh   0.0000000000000000     
 K-mesh -0.76687686901785990     
 K-mesh  0.76687686901785990     
 K-mesh  -1.5337537380357198     
 K-mesh   1.5337537380357198     
 K-mesh  -2.3006306070535798     
 K-mesh   2.3006306070535798     
 K-mesh  -3.0675074760714396     
 K-mesh   3.0675074760714396     
   0.0000000000000000        8.1932127060064577     
   0.0000000000000000        8.1932127060064577     
   0.0000000000000000        8.1932127060064577     
   0.0000000000000000        8.1932127060064577     
 Kz-mesh   0.0000000000000000     
 Kz-mesh -0.76687686901785990     
 Kz-mesh  0.76687686901785990     
 Kz-mesh  -1.5337537380357198     
 Kz-mesh   1.5337537380357198     
 Kz-mesh  -2.3006306070535798     
 Kz-mesh   2.3006306070535798     
 Kz-mesh  -3.0675074760714396     
 Kz-mesh   3.0675074760714396     
 KY-mesh   0.0000000000000000     
 KY-mesh -0.76687686901785990     
 KY-mesh  0.76687686901785990     
 KY-mesh  -1.5337537380357198     
 KY-mesh   1.5337537380357198     
 KY-mesh  -2.3006306070535798     
 KY-mesh   2.3006306070535798     
 KY-mesh  -3.0675074760714396     
 KY-mesh   3.0675074760714396     
           4           4           4          -1           1           1           1
 nkmin, nkmax           4           4           4
 Occupied j-orbits
     1       0.000000000        0   0   0  -1   1 hole      
     2       0.000000000        0   0   0   1   1 hole      
     3       12.18617290       -1   0   0  -1   1 hole      
     4       12.18617290       -1   0   0   1   1 hole      
     5       12.18617290        0   0  -1  -1   1 hole      
     6       12.18617290        0   0  -1   1   1 hole      
     7       12.18617290        0  -1   0  -1   1 hole      
     8       12.18617290        0  -1   0   1   1 hole      
     9       12.18617290        0   1   0  -1   1 hole      
    10       12.18617290        0   1   0   1   1 hole      
    11       12.18617290        1   0   0  -1   1 hole      
    12       12.18617290        1   0   0   1   1 hole      
    13       12.18617290        0   0   1  -1   1 hole      
    14       12.18617290        0   0   1   1   1 hole      
    15       24.37234579        1   1   0  -1   1 hole      
    16       24.37234579        1   1   0   1   1 hole      
    17       24.37234579        0   1   1  -1   1 hole      
    18       24.37234579        0   1   1   1   1 hole      
    19       24.37234579        1  -1   0  -1   1 hole      
    20       24.37234579        1  -1   0   1   1 hole      
    21       24.37234579       -1   0  -1  -1   1 hole      
    22       24.37234579       -1   0  -1   1   1 hole      
    23       24.37234579       -1  -1   0  -1   1 hole      
    24       24.37234579       -1  -1   0   1   1 hole      
    25       24.37234579       -1   0   1  -1   1 hole      
    26       24.37234579       -1   0   1   1   1 hole      
    27       24.37234579       -1   1   0  -1   1 hole      
    28       24.37234579       -1   1   0   1   1 hole      
    29       24.37234579        0   1  -1  -1   1 hole      
    30       24.37234579        0   1  -1   1   1 hole      
    31       24.37234579        1   0   1  -1   1 hole      
    32       24.37234579        1   0   1   1   1 hole      
    33       24.37234579        0  -1  -1  -1   1 hole      
    34       24.37234579        0  -1  -1   1   1 hole      
    35       24.37234579        0  -1   1  -1   1 hole      
    36       24.37234579        0  -1   1   1   1 hole      
    37       24.37234579        1   0  -1  -1   1 hole      
    38       24.37234579        1   0  -1   1   1 hole      
    39       36.55851869        1  -1   1  -1   1 hole      
    40       36.55851869        1  -1   1   1   1 hole      
    41       36.55851869       -1   1   1  -1   1 hole      
    42       36.55851869       -1   1   1   1   1 hole      
    43       36.55851869       -1  -1   1  -1   1 hole      
    44       36.55851869       -1  -1   1   1   1 hole      
    45       36.55851869        1  -1  -1  -1   1 hole      
    46       36.55851869        1  -1  -1   1   1 hole      
    47       36.55851869       -1   1  -1  -1   1 hole      
    48       36.55851869       -1   1  -1   1   1 hole      
    49       36.55851869       -1  -1  -1  -1   1 hole      
    50       36.55851869       -1  -1  -1   1   1 hole      
    51       36.55851869        1   1   1  -1   1 hole      
    52       36.55851869        1   1   1   1   1 hole      
    53       36.55851869        1   1  -1  -1   1 hole      
    54       36.55851869        1   1  -1   1   1 hole      
    55       48.74469159        0   0   2  -1   1 hole      
    56       48.74469159        0   0   2   1   1 hole      
    57       48.74469159       -2   0   0  -1   1 hole      
    58       48.74469159       -2   0   0   1   1 hole      
    59       48.74469159        0   2   0  -1   1 hole      
    60       48.74469159        0   2   0   1   1 hole      
    61       48.74469159        0   0  -2  -1   1 hole      
    62       48.74469159        0   0  -2   1   1 hole      
    63       48.74469159        2   0   0  -1   1 hole      
    64       48.74469159        2   0   0   1   1 hole      
    65       48.74469159        0  -2   0  -1   1 hole      
    66       48.74469159        0  -2   0   1   1 hole      
 Unoccupied j-orbits
    67       60.93086448       -2   0   1  -1   1 particle  
    68       60.93086448       -2   0   1   1   1 particle  
    69       60.93086448       -1   2   0  -1   1 particle  
    70       60.93086448       -1   2   0   1   1 particle  
    71       60.93086448       -1   0  -2  -1   1 particle  
    72       60.93086448       -1   0  -2   1   1 particle  
    73       60.93086448       -2   0  -1  -1   1 particle  
    74       60.93086448       -2   0  -1   1   1 particle  
    75       60.93086448        2  -1   0  -1   1 particle  
    76       60.93086448        2  -1   0   1   1 particle  
    77       60.93086448        2   0  -1  -1   1 particle  
 Sz and Tz for vacuum state   0.0000000000000000        66.000000000000000     
          -8           8          -8           8          -8           8
 Total memory for lookup configs   5.6901119999999113E-003 GByte
 Total memory for channels   4.0880000000000002E-005 GByte
              8067968      504248         185
              8067968      504248        1816
 Setting up vnn for hhhh block
 Time to setup hhhh block   1.3556771278381348     
 Setting up vnn for hhhp block
 Time to setup hhhp block   2.7114951610565186     
 Setting up vnn for hhpp block
 Time to setup hhpp block   4.1842219829559326     
 Setting up vnn for hphp block
 Time to setup hphp block   4.1142630577087402     
 Setting up vnn for pppp block
 Time to setup pppp block   215.79923892021179     
 Total memory for vnn storage  0.55222438400000029      GByte
          -8           8          -8           8          -8           8
 Total memory for lookup ph configs   3.6748800000001611E-003 GByte
 Total memory for ph channels   8.7168000000000003E-005 GByte
              8067968      504248        1816
 Setting up vnn for ph hpph block
 Time to setup ph hpph block  0.13829493522644043     
 Total memory for vnn/t2 ph storage  0.25817497600000122      GByte
 kinetic energy = (  1901.0429718634123     ,  0.0000000000000000     )
 below_ef =          66
 Vacuum expectation value (  396.83497507581046     ,  0.0000000000000000     )
 3NF vacuum expectation value (  3.3284633999767492     ,  0.0000000000000000     )
 Vacuum expectation value with 3nf (  9.3411145374890285     ,  0.0000000000000000     )
 Time for e0   2.9525995254516602E-002
 Time for f3nf  0.21457815170288086     
 e0 3nf (  219.67858450337067     ,  0.0000000000000000     ) (  219.67858439846546     ,  0.0000000000000000     )
 Setting up v3nf_2bNO for hhhh block
 Time to setup v3nf_2bNO hhhh block  0.62400293350219727     
 Setting up v3nf_2bNO for hhpp block
 Time to setup v3nf_2bNO hhpp block   12.127290010452271     
 Setting up v3nf_2bNO for hphp block
 Time to setup v3nf_2bNO hphp block   6.5344889163970947     
 Setting up v3nf_NO for pppp block
 here we go...
 here we go...
 here we go...
 Time to setup v3nf_2bNO pppp block   89.748368024826050     
 Total memory for t2 storage  0.25817497600000017      GByte
 here we go...
 here we go...
 here we go...
 here we go...
 here we go...
 here we go...
 here we go...
 here we go...
 here we go...
 here we go...
 here we go...
 here we go...
 here we go...
 CCD energy (  489.17611097677536     ,  3.1161869308872141E-018)
 diis space     8067968
 Storage of diis vectors  0.90361241599999997      Gb
 CCD energy (  499.30579107814515     , -4.4343349385232448E-018)
dener    0    1  0.10129680E+02
 CCD energy (  505.92805270828865     , -7.4063435942282950E-018)
dener    0    2  0.66222616E+01
 CCD energy (  510.23963784561261     ,  7.6969917004222774E-018)
dener    0    3  0.43115851E+01
 CCD energy (  513.04028602362609     ,  1.6580961110078548E-017)
dener    0    4  0.28006482E+01
 CCD energy (  514.85733144110054     , -6.0208822426509778E-018)
dener    0    5  0.18170454E+01
diis_mat    1    1  0.9361E-02
diis_mat    1    2  0.6040E-02
diis_mat    1    3  0.3881E-02
diis_mat    1    4  0.2491E-02
diis_mat    1    5  0.1601E-02
diis_mat    1    6 -0.1000E+01
diis_mat    2    1  0.6040E-02
diis_mat    2    2  0.3903E-02
diis_mat    2    3  0.2511E-02
diis_mat    2    4  0.1615E-02
diis_mat    2    5  0.1040E-02
diis_mat    2    6 -0.1000E+01
diis_mat    3    1  0.3881E-02
diis_mat    3    2  0.2511E-02
diis_mat    3    3  0.1619E-02
diis_mat    3    4  0.1043E-02
diis_mat    3    5  0.6735E-03
diis_mat    3    6 -0.1000E+01
diis_mat    4    1  0.2491E-02
diis_mat    4    2  0.1615E-02
diis_mat    4    3  0.1043E-02
diis_mat    4    4  0.6737E-03
diis_mat    4    5  0.4362E-03
diis_mat    4    6 -0.1000E+01
diis_mat    5    1  0.1601E-02
diis_mat    5    2  0.1040E-02
diis_mat    5    3  0.6735E-03
diis_mat    5    4  0.4362E-03
diis_mat    5    5  0.2833E-03
diis_mat    5    6 -0.1000E+01
diis_mat    6    1 -0.1000E+01
diis_mat    6    2 -0.1000E+01
diis_mat    6    3 -0.1000E+01
diis_mat    6    4 -0.1000E+01
diis_mat    6    5 -0.1000E+01
diis_mat    6    6  0.0000E+00
 csysv info           0
sol_vec    1  0.8695E+01  0.4059E-09
sol_vec    2 -0.5948E+02 -0.1887E-08
sol_vec    3  0.1488E+03  0.3278E-08
sol_vec    4 -0.1621E+03 -0.2526E-08
sol_vec    5  0.6509E+02  0.7290E-09
sol_vec    6  0.8269E-08  0.5503E-17
 CCD energy (  518.23561561976840     , -1.3161618800544854E-011)
dener    0    6  0.33782842E+01
 CCD energy (  518.21884401029627     , -8.3522546696361529E-012)
dener    0    7 -0.16771609E-01
 CCD energy (  518.20785851294022     , -5.3121519379833813E-012)
dener    0    8 -0.10985497E-01
 CCD energy (  518.20061807594470     , -3.3868033066587784E-012)
dener    0    9 -0.72404370E-02
 CCD energy (  518.19581550503165     , -2.1649576946336637E-012)
dener    0   10 -0.48025709E-02
 CCD energy (  518.19260925611786     , -1.3879460799860110E-012)
dener    0   11 -0.32062489E-02
diis_mat    1    1  0.1489E-07
diis_mat    1    2  0.9421E-08
diis_mat    1    3  0.5950E-08
diis_mat    1    4  0.3746E-08
diis_mat    1    5  0.2345E-08
diis_mat    1    6 -0.1000E+01
diis_mat    2    1  0.9421E-08
diis_mat    2    2  0.6328E-08
diis_mat    2    3  0.4281E-08
diis_mat    2    4  0.2917E-08
diis_mat    2    5  0.2002E-08
diis_mat    2    6 -0.1000E+01
diis_mat    3    1  0.5950E-08
diis_mat    3    2  0.4281E-08
diis_mat    3    3  0.3102E-08
diis_mat    3    4  0.2264E-08
diis_mat    3    5  0.1664E-08
diis_mat    3    6 -0.1000E+01
diis_mat    4    1  0.3746E-08
diis_mat    4    2  0.2917E-08
diis_mat    4    3  0.2264E-08
diis_mat    4    4  0.1755E-08
diis_mat    4    5  0.1360E-08
diis_mat    4    6 -0.1000E+01
diis_mat    5    1  0.2345E-08
diis_mat    5    2  0.2002E-08
diis_mat    5    3  0.1664E-08
diis_mat    5    4  0.1360E-08
diis_mat    5    5  0.1100E-08
diis_mat    5    6 -0.1000E+01
diis_mat    6    1 -0.1000E+01
diis_mat    6    2 -0.1000E+01
diis_mat    6    3 -0.1000E+01
diis_mat    6    4 -0.1000E+01
diis_mat    6    5 -0.1000E+01
diis_mat    6    6  0.0000E+00
 csysv info           0
sol_vec    1  0.5184E+02 -0.9103E-07
sol_vec    2 -0.2889E+03  0.4464E-06
sol_vec    3  0.6016E+03 -0.8076E-06
sol_vec    4 -0.5551E+03  0.6387E-06
sol_vec    5  0.1916E+03 -0.1865E-06
sol_vec    6 -0.1070E-12 -0.4271E-21
 CCD energy (  518.18581188560574     , -1.4341534615256054E-012)
dener    0   12 -0.67973705E-02
 CCD energy (  518.18577861444828     , -9.0366586598030180E-013)
dener    0   13 -0.33271157E-04
 CCD energy (  518.18575763262902     , -5.7760312897824566E-013)
dener    0   14 -0.20981819E-04
 CCD energy (  518.18574425772715     , -3.7575482510316882E-013)
dener    0   15 -0.13374902E-04
 CCD energy (  518.18573562247695     , -2.4961299781999326E-013)
dener    0   16 -0.86352501E-05
 CCD energy (  518.18572996447813     , -1.6977455646486743E-013)
dener    0   17 -0.56579989E-05
diis_mat    1    1 -0.2066E-14
diis_mat    1    2  0.2189E-13
diis_mat    1    3  0.3135E-13
diis_mat    1    4  0.3321E-13
diis_mat    1    5  0.3135E-13
diis_mat    1    6 -0.1000E+01
diis_mat    2    1  0.2189E-13
diis_mat    2    2  0.4270E-13
diis_mat    2    3  0.4932E-13
diis_mat    2    4  0.4861E-13
diis_mat    2    5  0.4446E-13
diis_mat    2    6 -0.1000E+01
diis_mat    3    1  0.3135E-13
diis_mat    3    2  0.4932E-13
diis_mat    3    3  0.5420E-13
diis_mat    3    4  0.5239E-13
diis_mat    3    5  0.4748E-13
diis_mat    3    6 -0.1000E+01
diis_mat    4    1  0.3321E-13
diis_mat    4    2  0.4861E-13
diis_mat    4    3  0.5239E-13
diis_mat    4    4  0.5023E-13
diis_mat    4    5  0.4537E-13
diis_mat    4    6 -0.1000E+01
diis_mat    5    1  0.3135E-13
diis_mat    5    2  0.4446E-13
diis_mat    5    3  0.4748E-13
diis_mat    5    4  0.4537E-13
diis_mat    5    5  0.4091E-13
diis_mat    5    6 -0.1000E+01
diis_mat    6    1 -0.1000E+01
diis_mat    6    2 -0.1000E+01
diis_mat    6    3 -0.1000E+01
diis_mat    6    4 -0.1000E+01
diis_mat    6    5 -0.1000E+01
diis_mat    6    6  0.0000E+00
 csysv info           0
sol_vec    1  0.3836E+02  0.4452E-05
sol_vec    2 -0.2203E+03 -0.2407E-04
sol_vec    3  0.4722E+03  0.4821E-04
sol_vec    4 -0.4479E+03 -0.4239E-04
sol_vec    5  0.1586E+03  0.1379E-04
sol_vec    6  0.3164E-18  0.1494E-24
 CCD energy (  518.18571692513660     ,  5.2397140532735358E-014)
dener    0   18 -0.13039342E-04
 CCD energy (  518.18571691491979     ,  3.5228031084302472E-014)
dener    0   19 -0.10216866E-07
 Total execution time CCD   26.009642839431763     


 ---------------------------------------------------------------------
 Boxsize   8.1932127060064577      Nmax           4
 A, Density, Kf          66  0.12000000000000000        1.5259281401037115     
 Twist averaged E0/N (  9.3411145374890285     ,  0.0000000000000000     )
 Twist averaged mbpt2 (  7.4117592572238689     ,  4.7214953498291123E-020)
 Twist averaged CCSD (  7.8512987411351487     ,  5.3375804673185564E-016)
 kinetic_TF   1910.6423885152130     
  0.12000000000000000      (  9.3411145374890285     ,  0.0000000000000000     ) (  518.18571691491979     ,  3.5228031084302472E-014)

 E/N   1.52592814      0.119999997       9.3411145374890285        7.4117592572238689        7.8512987411351487        0.0000000000000000     
#Nmax, Nucleons, 3NFnexp, 3NFCutoff: 4  66 3 450
    -0.16825    -0.45343     1.52593     0.12000     9.34111     7.41176     7.85130     0.00000
 ---------------------------------------------------------------------
 Total execution time for CCD code   386.27581501007080     
mpprun info: Elapsed time (h:m:s):  0:06:27.251832
