./1.txt: ccd= ( -1828.6207859539036     ,  3.9567711460252387E-013)
./10.txt: ccd= ( -1720.3425959493534     , -2.3760191768516451E-012)
./11.txt: ccd= ( -1928.2493927827986     ,  1.1179227895340198E-009)
./12.txt: ccd= ( -1837.1719077440939     , -6.9929144355994942E-014)
./13.txt: ccd= ( -1974.0787816075958     , -4.3581144647312953E-014)
./14.txt: ccd= ( -1948.8874511246181     , -1.4571663672488543E-012)
./15.txt: ccd= ( -2120.2698056920967     , -3.7995766732956816E-009)
./16.txt: ccd= ( -1806.3284310069012     , -2.2180793668791275E-009)
./17.txt: ccd= ( -1890.2439892501748     , -5.5699371807746215E-014)
./18.txt: ccd= ( -1639.2544380132817     ,  5.0670629876852446E-008)
./19.txt: ccd= ( -2074.0899468115608     ,  1.0014603537216112E-013)
./2.txt: ccd= ( -1847.3427181203624     , -2.9342181181453491E-012)
./20.txt: ccd= ( -2026.7452663248084     , -3.6387227058170341E-013)
./21.txt: ccd= ( -1912.5033513148219     ,  1.9684860470486874E-014)
./22.txt: ccd= ( -2037.2652295995197     ,  1.1419817666153838E-013)
./23.txt: ccd= ( -1945.0213071566527     , -4.0981783379163388E-014)
./24.txt: ccd= ( -1897.9008970839120     ,  2.9240125090114537E-008)
./25.txt: ccd= ( -1829.2919921838904     ,  1.0856224516984178E-013)
./26.txt: ccd= ( -2024.8022586959130     , -1.7471275763120413E-013)
./27.txt: ccd= ( -1574.1595431355190     ,  4.9877562829944696E-012)
./28.txt: ccd= ( -1763.1409683046522     ,  6.8987327885030547E-015)
./29.txt: ccd= ( -1676.8191267747575     ,  2.1228332441619109E-008)
./3.txt: ccd= ( -1843.9099386586802     , -2.9570546878021407E-013)
./30.txt: ccd= ( -1633.0204829471859     , -1.5706097208645050E-008)
./31.txt: ccd= ( -1901.0584273553609     , -3.4515945566482425E-013)
./32.txt: ccd= ( -1827.2921954414646     , -4.6175755364680488E-014)
./33.txt: ccd= ( -2144.4706817454617     ,  1.9808573674543170E-013)
./34.txt: ccd= ( -1999.8208680552068     ,  9.6584725588070282E-015)
./35.txt: ccd= ( -1436.3522251215818     ,  3.4333287842534210E-013)
./36.txt: ccd= ( -1717.5893603528502     , -1.2167774609650620E-013)
./37.txt: ccd= ( -1733.3107533222587     ,  1.0026255609409543E-011)
./38.txt: ccd= ( -1839.6725105788589     ,  1.3376687738931384E-011)
./39.txt: ccd= ( -1958.1497767813539     ,  1.4763207046151719E-014)
./4.txt: ccd= ( -1691.5963486524154     , -1.4885187294218258E-009)
./40.txt: ccd= ( -1880.6091327878678     , -4.7080166515157564E-011)
./41.txt: ccd= ( -1748.8507299110029     , -1.5516012426655998E-013)
./42.txt: ccd= ( -1851.1059690450061     ,  2.6360993703247426E-011)
./43.txt: ccd= ( -1615.3581940735035     , -1.5523039748619710E-007)
./44.txt: ccd= ( -1724.4547981209510     ,  1.9832876696615041E-015)
./45.txt: ccd= ( -1804.5476848532187     ,  3.0333172921545715E-012)
./46.txt: ccd= ( -2064.1164552621344     ,  5.3040993023737988E-010)
./47.txt: ccd= ( -1733.3474441433500     , -4.9788043232434054E-009)
./48.txt: ccd= ( -1725.9481247990407     ,  2.0995063223782425E-014)
./49.txt: ccd= ( -2023.1867072360410     ,  1.3979721185827968E-012)
./5.txt: ccd= ( -1889.2366692223968     ,  5.7019991182244822E-010)
./50.txt: ccd= ( -1559.3528037618228     , -7.3509719828096209E-014)
./51.txt: ccd= ( -1651.2931326130292     ,  9.4661918060027794E-008)
./52.txt: ccd= ( -1633.7096301299471     ,  6.0034540857567952E-014)
./53.txt: ccd= ( -2178.6386727152644     ,  6.0348670873441585E-012)
./54.txt: ccd= ( -1988.5429248732573     , -1.2762143689765703E-013)
./55.txt: ccd= ( -1944.6671364511892     , -4.5532500721079137E-013)
./56.txt: ccd= ( -1905.7864551240139     ,  8.9562983161125222E-009)
./57.txt: ccd= ( -1723.9058798276481     ,  4.1482633337338913E-012)
./58.txt: ccd= ( -1852.0963691428951     , -2.4919054268117691E-013)
./59.txt: ccd= ( -1989.4909488839448     ,  2.4321405337777075E-014)
./6.txt: ccd= ( -1631.3735382878704     ,  9.9975012982633892E-015)
./60.txt: ccd= ( -1795.8799801100381     , -1.7311298761644441E-014)
./61.txt: ccd= ( -1919.2390243365867     , -4.8702073595188924E-008)
./62.txt: ccd= ( -2053.1646937964829     ,  8.0908689800149088E-008)
./63.txt: ccd= ( -1729.0756118552422     ,  2.5315811043042766E-014)
./64.txt: ccd= ( -1401.1352595379958     ,  1.8185275792927047E-011)
./7.txt: ccd= ( -1909.0978071160021     ,  1.8926406100174341E-007)
./8.txt: ccd= ( -1828.2503049533361     ,  1.7450384771201147E-013)
./9.txt: ccd= ( -1535.2992468358871     , -3.3209944138249327E-011)
