mpprun info: Starting impi run on 4 node ( 16 rank X 8 th ) for job ID 8555553
Boundary Conditions PBC                                                                                                 
CC approx CCD                                                                                                 
 TNF: T TNF-approx:           3
 3NF Cutoff:   450.00000000000000      Nexp_3NF:           3
 NN regulator Exponent:    3.0000000000000000     
 -----------
 NN ci's
 -0.72575627110999996     
 -0.55795526984300003     
 -0.72838802276299996     
  0.99977905345999996     
 3NF ci's
 -0.72575627110999996     
   0.0000000000000000     
 -0.72838802276299996     
  0.99977905345999996     
 -----------
 --------
 c1s0(-1) -0.32882737677599999     
 c1s0(0) -0.35790775921300000     
 c1s0(1) -0.38779714945700000     
 c3s1(-1) -0.24884448566400000     
 c3s1(0) -0.24884448566400000     
 c3s1(1) -0.24884448566400000     
 --------
 -----------
 NLO contacts PW
   2.2093117030910001     
  0.70189711652499998     
 -0.25751171661900002     
 -0.96512795067000001     
  0.91830277938600002     
  0.37697888740399998     
 -0.93886664677300002     
 ----------
          C1            0.0874794906056989
          C2            0.0451221166575204
          C3           -0.0055329196859788
          C4           -0.0381785167507124
          C5           -0.0637165597210171
          C6            0.0008034315927110
          C7           -0.1304888175620593
          D1           -0.3771581126597507
          D2           -0.9305750209334183
          D3            2.1195254080520742
          D4           -2.1246309930064329
          D5           -0.0131882077354610
          D6            0.6645429882213397
          D7            0.7806033045976430
          D8           -0.4752342494327860
          D9            0.0920642557695526
         D10           -0.0312443369241453
         D11            0.0232036046033312
         D12           -0.3040203100732521
         D13           -0.2963726204319913
         D14            1.4856672935233888
         D15           -0.3992014237014200

   3NF LECs:
          C1           -0.7257562711100000
          C3           -0.7283880227630000
          C4            0.9997790534600000
          cE           -0.2043745184480000
          cD           -0.4782281401680000

 delta_chiral_order           3
 delta cutoff   450.00000000000000     
 Boxsize   9.8057759330806693     
 Density  0.14000000000000001     
 K_f   1.2749887322810478     
 Nmax           4
 Total number of states        2916
 K-mesh   0.0000000000000000     
 K-mesh -0.64076370396989057     
 K-mesh  0.64076370396989057     
 K-mesh  -1.2815274079397811     
 K-mesh   1.2815274079397811     
 K-mesh  -1.9222911119096719     
 K-mesh   1.9222911119096719     
 K-mesh  -2.5630548158795623     
 K-mesh   2.5630548158795623     
   0.0000000000000000        9.8057759330806693     
   0.0000000000000000        9.8057759330806693     
   0.0000000000000000        9.8057759330806693     
   0.0000000000000000        9.8057759330806693     
 Kz-mesh   0.0000000000000000     
 Kz-mesh -0.64076370396989057     
 Kz-mesh  0.64076370396989057     
 Kz-mesh  -1.2815274079397811     
 Kz-mesh   1.2815274079397811     
 Kz-mesh  -1.9222911119096719     
 Kz-mesh   1.9222911119096719     
 Kz-mesh  -2.5630548158795623     
 Kz-mesh   2.5630548158795623     
 KY-mesh   0.0000000000000000     
 KY-mesh -0.64076370396989057     
 KY-mesh  0.64076370396989057     
 KY-mesh  -1.2815274079397811     
 KY-mesh   1.2815274079397811     
 KY-mesh  -1.9222911119096719     
 KY-mesh   1.9222911119096719     
 KY-mesh  -2.5630548158795623     
 KY-mesh   2.5630548158795623     
           4           4           4          -1           1          -1           1
 nkmin, nkmax           4           4           4
 Occupied j-orbits
     1       0.000000000        0   0   0  -1  -1 hole      
     2       0.000000000        0   0   0   1  -1 hole      
     3       0.000000000        0   0   0  -1   1 hole      
     4       0.000000000        0   0   0   1   1 hole      
     5       8.507694075        1   0   0  -1  -1 hole      
     6       8.507694075        1   0   0   1  -1 hole      
     7       8.507694075        1   0   0  -1   1 hole      
     8       8.507694075        1   0   0   1   1 hole      
     9       8.507694075        0   0  -1  -1  -1 hole      
    10       8.507694075        0   0  -1   1  -1 hole      
    11       8.507694075        0   0  -1  -1   1 hole      
    12       8.507694075        0   0  -1   1   1 hole      
    13       8.507694075        0  -1   0  -1  -1 hole      
    14       8.507694075        0  -1   0   1  -1 hole      
    15       8.507694075        0  -1   0  -1   1 hole      
    16       8.507694075        0  -1   0   1   1 hole      
    17       8.507694075       -1   0   0  -1  -1 hole      
    18       8.507694075       -1   0   0   1  -1 hole      
    19       8.507694075       -1   0   0  -1   1 hole      
    20       8.507694075       -1   0   0   1   1 hole      
    21       8.507694075        0   1   0  -1  -1 hole      
    22       8.507694075        0   1   0   1  -1 hole      
    23       8.507694075        0   1   0  -1   1 hole      
    24       8.507694075        0   1   0   1   1 hole      
    25       8.507694075        0   0   1  -1  -1 hole      
    26       8.507694075        0   0   1   1  -1 hole      
    27       8.507694075        0   0   1  -1   1 hole      
    28       8.507694075        0   0   1   1   1 hole      
    29       17.01538815        0  -1  -1  -1  -1 hole      
    30       17.01538815        0  -1  -1   1  -1 hole      
    31       17.01538815        0  -1  -1  -1   1 hole      
    32       17.01538815        0  -1  -1   1   1 hole      
    33       17.01538815        1  -1   0  -1  -1 hole      
    34       17.01538815        1  -1   0   1  -1 hole      
    35       17.01538815        1  -1   0  -1   1 hole      
    36       17.01538815        1  -1   0   1   1 hole      
    37       17.01538815        1   0  -1  -1  -1 hole      
    38       17.01538815        1   0  -1   1  -1 hole      
    39       17.01538815        1   0  -1  -1   1 hole      
    40       17.01538815        1   0  -1   1   1 hole      
    41       17.01538815        0   1  -1  -1  -1 hole      
    42       17.01538815        0   1  -1   1  -1 hole      
    43       17.01538815        0   1  -1  -1   1 hole      
    44       17.01538815        0   1  -1   1   1 hole      
    45       17.01538815        1   1   0  -1  -1 hole      
    46       17.01538815        1   1   0   1  -1 hole      
    47       17.01538815        1   1   0  -1   1 hole      
    48       17.01538815        1   1   0   1   1 hole      
    49       17.01538815       -1   1   0  -1  -1 hole      
    50       17.01538815       -1   1   0   1  -1 hole      
    51       17.01538815       -1   1   0  -1   1 hole      
    52       17.01538815       -1   1   0   1   1 hole      
    53       17.01538815        0   1   1  -1  -1 hole      
    54       17.01538815        0   1   1   1  -1 hole      
    55       17.01538815        0   1   1  -1   1 hole      
    56       17.01538815        0   1   1   1   1 hole      
    57       17.01538815        1   0   1  -1  -1 hole      
    58       17.01538815        1   0   1   1  -1 hole      
    59       17.01538815        1   0   1  -1   1 hole      
    60       17.01538815        1   0   1   1   1 hole      
    61       17.01538815        0  -1   1  -1  -1 hole      
    62       17.01538815        0  -1   1   1  -1 hole      
    63       17.01538815        0  -1   1  -1   1 hole      
    64       17.01538815        0  -1   1   1   1 hole      
    65       17.01538815       -1   0   1  -1  -1 hole      
    66       17.01538815       -1   0   1   1  -1 hole      
    67       17.01538815       -1   0   1  -1   1 hole      
    68       17.01538815       -1   0   1   1   1 hole      
    69       17.01538815       -1  -1   0  -1  -1 hole      
    70       17.01538815       -1  -1   0   1  -1 hole      
    71       17.01538815       -1  -1   0  -1   1 hole      
    72       17.01538815       -1  -1   0   1   1 hole      
    73       17.01538815       -1   0  -1  -1  -1 hole      
    74       17.01538815       -1   0  -1   1  -1 hole      
    75       17.01538815       -1   0  -1  -1   1 hole      
    76       17.01538815       -1   0  -1   1   1 hole      
    77       25.52308223        1  -1   1  -1  -1 hole      
    78       25.52308223        1  -1   1   1  -1 hole      
    79       25.52308223        1  -1   1  -1   1 hole      
    80       25.52308223        1  -1   1   1   1 hole      
    81       25.52308223       -1   1   1  -1  -1 hole      
    82       25.52308223       -1   1   1   1  -1 hole      
    83       25.52308223       -1   1   1  -1   1 hole      
    84       25.52308223       -1   1   1   1   1 hole      
    85       25.52308223        1   1   1  -1  -1 hole      
    86       25.52308223        1   1   1   1  -1 hole      
    87       25.52308223        1   1   1  -1   1 hole      
    88       25.52308223        1   1   1   1   1 hole      
    89       25.52308223       -1   1  -1  -1  -1 hole      
    90       25.52308223       -1   1  -1   1  -1 hole      
    91       25.52308223       -1   1  -1  -1   1 hole      
    92       25.52308223       -1   1  -1   1   1 hole      
    93       25.52308223       -1  -1   1  -1  -1 hole      
    94       25.52308223       -1  -1   1   1  -1 hole      
    95       25.52308223       -1  -1   1  -1   1 hole      
    96       25.52308223       -1  -1   1   1   1 hole      
    97       25.52308223       -1  -1  -1  -1  -1 hole      
    98       25.52308223       -1  -1  -1   1  -1 hole      
    99       25.52308223       -1  -1  -1  -1   1 hole      
   100       25.52308223       -1  -1  -1   1   1 hole      
   101       25.52308223        1  -1  -1  -1  -1 hole      
   102       25.52308223        1  -1  -1   1  -1 hole      
   103       25.52308223        1  -1  -1  -1   1 hole      
   104       25.52308223        1  -1  -1   1   1 hole      
   105       25.52308223        1   1  -1  -1  -1 hole      
   106       25.52308223        1   1  -1   1  -1 hole      
   107       25.52308223        1   1  -1  -1   1 hole      
   108       25.52308223        1   1  -1   1   1 hole      
   109       34.03077630        0   2   0  -1  -1 hole      
   110       34.03077630        0   2   0   1  -1 hole      
   111       34.03077630        0   2   0  -1   1 hole      
   112       34.03077630        0   2   0   1   1 hole      
   113       34.03077630        0   0   2  -1  -1 hole      
   114       34.03077630        0   0   2   1  -1 hole      
   115       34.03077630        0   0   2  -1   1 hole      
   116       34.03077630        0   0   2   1   1 hole      
   117       34.03077630       -2   0   0  -1  -1 hole      
   118       34.03077630       -2   0   0   1  -1 hole      
   119       34.03077630       -2   0   0  -1   1 hole      
   120       34.03077630       -2   0   0   1   1 hole      
   121       34.03077630        0   0  -2  -1  -1 hole      
   122       34.03077630        0   0  -2   1  -1 hole      
   123       34.03077630        0   0  -2  -1   1 hole      
   124       34.03077630        0   0  -2   1   1 hole      
   125       34.03077630        0  -2   0  -1  -1 hole      
   126       34.03077630        0  -2   0   1  -1 hole      
   127       34.03077630        0  -2   0  -1   1 hole      
   128       34.03077630        0  -2   0   1   1 hole      
   129       34.03077630        2   0   0  -1  -1 hole      
   130       34.03077630        2   0   0   1  -1 hole      
   131       34.03077630        2   0   0  -1   1 hole      
   132       34.03077630        2   0   0   1   1 hole      
 Unoccupied j-orbits
   133       42.53847038       -1  -2   0  -1  -1 particle  
   134       42.53847038       -1  -2   0   1  -1 particle  
   135       42.53847038       -1  -2   0  -1   1 particle  
   136       42.53847038       -1  -2   0   1   1 particle  
   137       42.53847038        0  -2  -1  -1  -1 particle  
   138       42.53847038        0  -2  -1   1  -1 particle  
   139       42.53847038        0  -2  -1  -1   1 particle  
   140       42.53847038        0  -2  -1   1   1 particle  
   141       42.53847038       -1   2   0  -1  -1 particle  
   142       42.53847038       -1   2   0   1  -1 particle  
   143       42.53847038       -1   2   0  -1   1 particle  
 Sz and Tz for vacuum state   0.0000000000000000        0.0000000000000000     
          -8           8          -8           8          -8           8
 Total memory for lookup configs   2.2760448000000821E-002 GByte
 Total memory for channels   1.2264000000000000E-004 GByte
             48407808     3025488         555
             48407808     3025488        5448
 Setting up vnn for hhhh block
 Time to setup hhhh block   8.3460769653320312     
 Setting up vnn for hhhp block
 Time to setup hhhp block   16.900166034698486     
 Setting up vnn for hhpp block
 Time to setup hhpp block   24.615614891052246     
 Setting up vnn for hphp block
 Time to setup hphp block   24.777706146240234     
 Setting up vnn for pppp block
 Time to setup pppp block   1295.0304121971130     
 Total memory for vnn storage   3.3134343679999798      GByte
          -8           8          -8           8          -8           8
 Total memory for lookup ph configs   1.4699519999999406E-002 GByte
 Total memory for ph channels   2.6150400000000002E-004 GByte
             48407808     3025488        5448
 Setting up vnn for ph hpph block
 Time to setup ph hpph block  0.82384705543518066     
 Total memory for vnn/t2 ph storage   1.5490498559999188      GByte
 kinetic energy = (  2654.4005514282094     ,  0.0000000000000000     )
 below_ef =         132
 Vacuum expectation value ( -2660.3515737072807     ,  0.0000000000000000     )
 3NF vacuum expectation value (  7.4970937387896948     , -1.8358944703325366E-029)
 Vacuum expectation value with 3nf ( -12.657084849901826     , -1.8358944703325366E-029)
 Time for e0   2.3830890655517578E-002
 Time for f3nf   1.4973559379577637     
 e0 3nf (  989.61637375325824     , -1.9387045751156332E-026) (  989.61637352023968     , -2.4233807008389483E-027)
 Setting up v3nf_2bNO for hhhh block
 Time to setup v3nf_2bNO hhhh block   6.9309811592102051     
 Setting up v3nf_2bNO for hhpp block
 Time to setup v3nf_2bNO hhpp block   144.31639885902405     
 Setting up v3nf_2bNO for hphp block
 Time to setup v3nf_2bNO hphp block   75.126945972442627     
 Setting up v3nf_NO for pppp block
 Time to setup v3nf_2bNO pppp block   1008.7534921169281     
 Total memory for t2 storage   1.5490498559999957      GByte
 here we go...
 here we go...
 here we go...
 here we go...
 here we go...
 here we go...
 here we go...
 here we go...
 here we go...
 here we go...
 here we go...
 here we go...
 here we go...
 here we go...
 here we go...
 here we go...
 CCD energy ( -2657.9997368795171     , -1.1834035833641008E-017)
 diis space    48407808
 Storage of diis vectors   5.4216744959999996      Gb
 CCD energy ( -2596.9067962139347     , -1.4404203380208517E-007)
dener    0    1  0.61092941E+02
 CCD energy ( -2555.8115510853481     , -2.4907377971859103E-007)
dener    0    2  0.41095245E+02
 CCD energy ( -2528.3617305351863     , -3.2542683913943204E-007)
dener    0    3  0.27449821E+02
 CCD energy ( -2510.1480902632738     , -3.8091613445423159E-007)
dener    0    4  0.18213640E+02
 CCD energy ( -2498.1480046066017     , -4.2132451073931033E-007)
dener    0    5  0.12000086E+02
diis_mat    1    1  0.1042E+00
diis_mat    1    2  0.7202E-01
diis_mat    1    3  0.4968E-01
diis_mat    1    4  0.3428E-01
diis_mat    1    5  0.2370E-01
diis_mat    1    6 -0.1000E+01
diis_mat    2    1  0.7202E-01
diis_mat    2    2  0.4999E-01
diis_mat    2    3  0.3468E-01
diis_mat    2    4  0.2410E-01
diis_mat    2    5  0.1681E-01
diis_mat    2    6 -0.1000E+01
diis_mat    3    1  0.4968E-01
diis_mat    3    2  0.3468E-01
diis_mat    3    3  0.2423E-01
diis_mat    3    4  0.1699E-01
diis_mat    3    5  0.1199E-01
diis_mat    3    6 -0.1000E+01
diis_mat    4    1  0.3428E-01
diis_mat    4    2  0.2410E-01
diis_mat    4    3  0.1699E-01
diis_mat    4    4  0.1205E-01
diis_mat    4    5  0.8621E-02
diis_mat    4    6 -0.1000E+01
diis_mat    5    1  0.2370E-01
diis_mat    5    2  0.1681E-01
diis_mat    5    3  0.1199E-01
diis_mat    5    4  0.8621E-02
diis_mat    5    5  0.6272E-02
diis_mat    5    6 -0.1000E+01
diis_mat    6    1 -0.1000E+01
diis_mat    6    2 -0.1000E+01
diis_mat    6    3 -0.1000E+01
diis_mat    6    4 -0.1000E+01
diis_mat    6    5 -0.1000E+01
diis_mat    6    6  0.0000E+00
 csysv info           0
sol_vec    1  0.4807E+02 -0.1136E-05
sol_vec    2 -0.2971E+03  0.3681E-05
sol_vec    3  0.6713E+03 -0.3288E-05
sol_vec    4 -0.6599E+03 -0.1004E-06
sol_vec    5  0.2386E+03  0.8436E-06
sol_vec    6  0.1518E-03 -0.6517E-11
 CCD energy ( -2480.3334924209830     , -7.7379547195225815E-008)
dener    0    6  0.17814512E+02
 CCD energy ( -2480.5482136063174     , -2.5886239126589520E-007)
dener    0    7 -0.21472119E+00
 CCD energy ( -2480.6446058054394     , -3.7510740445996359E-007)
dener    0    8 -0.96392199E-01
 CCD energy ( -2480.6761574918314     , -4.4906728161545252E-007)
dener    0    9 -0.31551686E-01
 CCD energy ( -2480.6747814375249     , -4.9565894441278373E-007)
dener    0   10  0.13760543E-02
 CCD energy ( -2480.6590974349206     , -5.2457823629978503E-007)
dener    0   11  0.15684003E-01
diis_mat    1    1  0.1685E-03
diis_mat    1    2  0.1529E-03
diis_mat    1    3  0.1402E-03
diis_mat    1    4  0.1297E-03
diis_mat    1    5  0.1208E-03
diis_mat    1    6 -0.1000E+01
diis_mat    2    1  0.1529E-03
diis_mat    2    2  0.1399E-03
diis_mat    2    3  0.1291E-03
diis_mat    2    4  0.1200E-03
diis_mat    2    5  0.1122E-03
diis_mat    2    6 -0.1000E+01
diis_mat    3    1  0.1402E-03
diis_mat    3    2  0.1291E-03
diis_mat    3    3  0.1198E-03
diis_mat    3    4  0.1117E-03
diis_mat    3    5  0.1047E-03
diis_mat    3    6 -0.1000E+01
diis_mat    4    1  0.1297E-03
diis_mat    4    2  0.1200E-03
diis_mat    4    3  0.1117E-03
diis_mat    4    4  0.1046E-03
diis_mat    4    5  0.9825E-04
diis_mat    4    6 -0.1000E+01
diis_mat    5    1  0.1208E-03
diis_mat    5    2  0.1122E-03
diis_mat    5    3  0.1047E-03
diis_mat    5    4  0.9825E-04
diis_mat    5    5  0.9249E-04
diis_mat    5    6 -0.1000E+01
diis_mat    6    1 -0.1000E+01
diis_mat    6    2 -0.1000E+01
diis_mat    6    3 -0.1000E+01
diis_mat    6    4 -0.1000E+01
diis_mat    6    5 -0.1000E+01
diis_mat    6    6  0.0000E+00
 csysv info           0
sol_vec    1  0.6439E+03  0.2836E-04
sol_vec    2 -0.3327E+04 -0.1362E-03
sol_vec    3  0.6394E+04  0.2423E-03
sol_vec    4 -0.5417E+04 -0.1895E-03
sol_vec    5  0.1707E+04  0.5506E-04
sol_vec    6  0.4538E-06 -0.1679E-14
 CCD energy ( -2481.5892159609384     , -5.6422908116437963E-007)
dener    0   12 -0.93011853E+00
 CCD energy ( -2481.5734355982904     , -5.5119645564468394E-007)
dener    0   13  0.15780363E-01
 CCD energy ( -2481.5647206804642     , -5.4259712567856207E-007)
dener    0   14  0.87149178E-02
 CCD energy ( -2481.5604780771632     , -5.3689991801324115E-007)
dener    0   15  0.42426033E-02
 CCD energy ( -2481.5590588361792     , -5.3310502562935082E-007)
dener    0   16  0.14192410E-02
 CCD energy ( -2481.5594126000055     , -5.3055935237726423E-007)
dener    0   17 -0.35376383E-03
diis_mat    1    1  0.6216E-06
diis_mat    1    2  0.5553E-06
diis_mat    1    3  0.5001E-06
diis_mat    1    4  0.4538E-06
diis_mat    1    5  0.4145E-06
diis_mat    1    6 -0.1000E+01
diis_mat    2    1  0.5553E-06
diis_mat    2    2  0.5000E-06
diis_mat    2    3  0.4533E-06
diis_mat    2    4  0.4138E-06
diis_mat    2    5  0.3800E-06
diis_mat    2    6 -0.1000E+01
diis_mat    3    1  0.5001E-06
diis_mat    3    2  0.4533E-06
diis_mat    3    3  0.4135E-06
diis_mat    3    4  0.3794E-06
diis_mat    3    5  0.3500E-06
diis_mat    3    6 -0.1000E+01
diis_mat    4    1  0.4538E-06
diis_mat    4    2  0.4138E-06
diis_mat    4    3  0.3794E-06
diis_mat    4    4  0.3497E-06
diis_mat    4    5  0.3239E-06
diis_mat    4    6 -0.1000E+01
diis_mat    5    1  0.4145E-06
diis_mat    5    2  0.3800E-06
diis_mat    5    3  0.3500E-06
diis_mat    5    4  0.3239E-06
diis_mat    5    5  0.3011E-06
diis_mat    5    6 -0.1000E+01
diis_mat    6    1 -0.1000E+01
diis_mat    6    2 -0.1000E+01
diis_mat    6    3 -0.1000E+01
diis_mat    6    4 -0.1000E+01
diis_mat    6    5 -0.1000E+01
diis_mat    6    6  0.0000E+00
 csysv info           0
sol_vec    1  0.8907E+03 -0.4168E-04
sol_vec    2 -0.4544E+04  0.1907E-03
sol_vec    3  0.8624E+04 -0.3243E-03
sol_vec    4 -0.7219E+04  0.2432E-03
sol_vec    5  0.2249E+04 -0.6790E-04
sol_vec    6  0.9737E-08 -0.3337E-16
 CCD energy ( -2481.6743063428494     , -5.1719377428106011E-007)
dener    0   18 -0.11489374E+00
 CCD energy ( -2481.6701498047742     , -5.1967928900766546E-007)
dener    0   19  0.41565381E-02
 CCD energy ( -2481.6670066890597     , -5.2124226507198720E-007)
dener    0   20  0.31431157E-02
 CCD energy ( -2481.6646244531594     , -5.2221435654455731E-007)
dener    0   21  0.23822359E-02
 CCD energy ( -2481.6628154638847     , -5.2280950099542205E-007)
dener    0   22  0.18089893E-02
 CCD energy ( -2481.6614399411374     , -5.2316543193843859E-007)
dener    0   23  0.13755227E-02
diis_mat    1    1  0.6807E-08
diis_mat    1    2  0.5739E-08
diis_mat    1    3  0.4888E-08
diis_mat    1    4  0.4200E-08
diis_mat    1    5  0.3640E-08
diis_mat    1    6 -0.1000E+01
diis_mat    2    1  0.5739E-08
diis_mat    2    2  0.4890E-08
diis_mat    2    3  0.4203E-08
diis_mat    2    4  0.3641E-08
diis_mat    2    5  0.3179E-08
diis_mat    2    6 -0.1000E+01
diis_mat    3    1  0.4888E-08
diis_mat    3    2  0.4203E-08
diis_mat    3    3  0.3642E-08
diis_mat    3    4  0.3178E-08
diis_mat    3    5  0.2792E-08
diis_mat    3    6 -0.1000E+01
diis_mat    4    1  0.4200E-08
diis_mat    4    2  0.3641E-08
diis_mat    4    3  0.3178E-08
diis_mat    4    4  0.2791E-08
diis_mat    4    5  0.2466E-08
diis_mat    4    6 -0.1000E+01
diis_mat    5    1  0.3640E-08
diis_mat    5    2  0.3179E-08
diis_mat    5    3  0.2792E-08
diis_mat    5    4  0.2466E-08
diis_mat    5    5  0.2189E-08
diis_mat    5    6 -0.1000E+01
diis_mat    6    1 -0.1000E+01
diis_mat    6    2 -0.1000E+01
diis_mat    6    3 -0.1000E+01
diis_mat    6    4 -0.1000E+01
diis_mat    6    5 -0.1000E+01
diis_mat    6    6  0.0000E+00
 csysv info           0
sol_vec    1  0.5233E+03 -0.5502E-04
sol_vec    2 -0.2652E+04  0.2828E-03
sol_vec    3  0.5015E+04 -0.5389E-03
sol_vec    4 -0.4193E+04  0.4512E-03
sol_vec    5  0.1308E+04 -0.1401E-03
sol_vec    6  0.7418E-10 -0.9812E-17
 CCD energy ( -2481.6580597145658     , -5.2217786012265291E-007)
dener    0   24  0.33802266E-02
 CCD energy ( -2481.6581773244689     , -5.2245301044800534E-007)
dener    0   25 -0.11760990E-03
 CCD energy ( -2481.6582704140646     , -5.2262876947670649E-007)
dener    0   26 -0.93089596E-04
 CCD energy ( -2481.6583463798361     , -5.2274085977096767E-007)
dener    0   27 -0.75965771E-04
 CCD energy ( -2481.6584104046306     , -5.2281216983981981E-007)
dener    0   28 -0.64024795E-04
 CCD energy ( -2481.6584660777980     , -5.2285736366389249E-007)
dener    0   29 -0.55673167E-04
diis_mat    1    1  0.6080E-10
diis_mat    1    2  0.5601E-10
diis_mat    1    3  0.5204E-10
diis_mat    1    4  0.4868E-10
diis_mat    1    5  0.4578E-10
diis_mat    1    6 -0.1000E+01
diis_mat    2    1  0.5601E-10
diis_mat    2    2  0.5201E-10
diis_mat    2    3  0.4863E-10
diis_mat    2    4  0.4572E-10
diis_mat    2    5  0.4318E-10
diis_mat    2    6 -0.1000E+01
diis_mat    3    1  0.5204E-10
diis_mat    3    2  0.4863E-10
diis_mat    3    3  0.4570E-10
diis_mat    3    4  0.4315E-10
diis_mat    3    5  0.4088E-10
diis_mat    3    6 -0.1000E+01
diis_mat    4    1  0.4868E-10
diis_mat    4    2  0.4572E-10
diis_mat    4    3  0.4315E-10
diis_mat    4    4  0.4087E-10
diis_mat    4    5  0.3884E-10
diis_mat    4    6 -0.1000E+01
diis_mat    5    1  0.4578E-10
diis_mat    5    2  0.4318E-10
diis_mat    5    3  0.4088E-10
diis_mat    5    4  0.3884E-10
diis_mat    5    5  0.3699E-10
diis_mat    5    6 -0.1000E+01
diis_mat    6    1 -0.1000E+01
diis_mat    6    2 -0.1000E+01
diis_mat    6    3 -0.1000E+01
diis_mat    6    4 -0.1000E+01
diis_mat    6    5 -0.1000E+01
diis_mat    6    6  0.0000E+00
 csysv info           0
sol_vec    1  0.1124E+04  0.1692E-03
sol_vec    2 -0.5704E+04 -0.7915E-03
sol_vec    3  0.1077E+05  0.1376E-02
sol_vec    4 -0.8960E+04 -0.1054E-02
sol_vec    5  0.2774E+04  0.3006E-03
sol_vec    6  0.7110E-12 -0.3355E-18
 CCD energy ( -2481.6600340514970     , -5.2285456404435100E-007)
dener    0   30 -0.15679737E-02
 CCD energy ( -2481.6599667110086     , -5.2285704746889927E-007)
dener    0   31  0.67340488E-04
 CCD energy ( -2481.6599188741784     , -5.2286040917700952E-007)
dener    0   32  0.47836830E-04
 CCD energy ( -2481.6598846047523     , -5.2286395473759069E-007)
dener    0   33  0.34269426E-04
 CCD energy ( -2481.6598598427099     , -5.2286732667304069E-007)
dener    0   34  0.24762042E-04
 CCD energy ( -2481.6598417954397     , -5.2287036093801832E-007)
dener    0   35  0.18047270E-04
diis_mat    1    1  0.4662E-12
diis_mat    1    2  0.3859E-12
diis_mat    1    3  0.3226E-12
diis_mat    1    4  0.2722E-12
diis_mat    1    5  0.2316E-12
diis_mat    1    6 -0.1000E+01
diis_mat    2    1  0.3859E-12
diis_mat    2    2  0.3229E-12
diis_mat    2    3  0.2727E-12
diis_mat    2    4  0.2321E-12
diis_mat    2    5  0.1990E-12
diis_mat    2    6 -0.1000E+01
diis_mat    3    1  0.3226E-12
diis_mat    3    2  0.2727E-12
diis_mat    3    3  0.2323E-12
diis_mat    3    4  0.1993E-12
diis_mat    3    5  0.1720E-12
diis_mat    3    6 -0.1000E+01
diis_mat    4    1  0.2722E-12
diis_mat    4    2  0.2321E-12
diis_mat    4    3  0.1993E-12
diis_mat    4    4  0.1721E-12
diis_mat    4    5  0.1495E-12
diis_mat    4    6 -0.1000E+01
diis_mat    5    1  0.2316E-12
diis_mat    5    2  0.1990E-12
diis_mat    5    3  0.1720E-12
diis_mat    5    4  0.1495E-12
diis_mat    5    5  0.1305E-12
diis_mat    5    6 -0.1000E+01
diis_mat    6    1 -0.1000E+01
diis_mat    6    2 -0.1000E+01
diis_mat    6    3 -0.1000E+01
diis_mat    6    4 -0.1000E+01
diis_mat    6    5 -0.1000E+01
diis_mat    6    6  0.0000E+00
 csysv info           0
sol_vec    1  0.1807E+03 -0.7447E-04
sol_vec    2 -0.9581E+03  0.3565E-03
sol_vec    3  0.1895E+04 -0.6327E-03
sol_vec    4 -0.1658E+04  0.4938E-03
sol_vec    5  0.5407E+03 -0.1431E-03
sol_vec    6  0.6625E-15  0.7215E-21
 CCD energy ( -2481.6597879227120     , -5.2288675640398721E-007)
dener    0   36  0.53872728E-04
 CCD energy ( -2481.6597879626333     , -5.2288669495571354E-007)
dener    0   37 -0.39921133E-07
 Total execution time CCD   328.16999292373657     


 ---------------------------------------------------------------------
 Boxsize   9.8057759330806693      Nmax           4
 A, Density, Kf         132  0.14000000000000001        1.2749887322810478     
 Twist averaged E0/N ( -12.657084849901826     , -1.8358944703325366E-029)
 Twist averaged mbpt2 ( -20.136361643026646     , -8.9651786618492477E-020)
 Twist averaged CCSD ( -18.800452939110858     , -3.9612628405735872E-009)
 kinetic_TF   2667.8040868722032     
  0.14000000000000001      ( -12.657084849901826     , -1.8358944703325366E-029) ( -2481.6597879626333     , -5.2288669495571354E-007)

 E/N   1.27498877      0.140000001      -12.657084849901826       -20.136361643026646       -18.800452939110858        0.0000000000000000     
#Nmax, Nucleons, 3NFnexp, 3NFCutoff: 4 132 3 450
    -0.20437    -0.47823     1.27499     0.14000   -12.65708   -20.13636   -18.80045     0.00000
 ---------------------------------------------------------------------
 Total execution time for CCD code   3125.1374430656433     
mpprun info: Elapsed time (h:m:s):  0:52:06.330374
