mpprun info: Starting impi run on 4 node ( 16 rank X 8 th ) for job ID 8468720
Boundary Conditions PBC                                                                                                 
CC approx CCD                                                                                                 
 TNF: T TNF-approx:           3
 3NF Cutoff:   450.00000000000000      Nexp_3NF:           3
 NN regulator Exponent:    3.0000000000000000     
 -----------
 NN ci's
 -0.86967041884100005     
 -0.53667344290800001     
 -0.52658115738699995     
  0.81976841459899996     
 3NF ci's
 -0.86967041884100005     
   0.0000000000000000     
 -0.52658115738699995     
  0.81976841459899996     
 -----------
 --------
 c1s0(-1) -0.30662096290200003     
 c1s0(0) -0.28049856774699999     
 c1s0(1) -0.38416842574799998     
 c3s1(-1) -0.24578727242800000     
 c3s1(0) -0.24578727242800000     
 c3s1(1) -0.24578727242800000     
 --------
 -----------
 NLO contacts PW
   2.7076314927789999     
  0.79492239808599996     
 -0.21763576884499999     
 -0.79643905786000002     
   1.1280877737410000     
  0.45808787102600002     
 -0.93310258138100000     
 ----------
          C1            0.0949787194080374
          C2            0.1048627085900013
          C3           -0.0071870583418325
          C4           -0.0453948639251993
          C5           -0.0769124325578821
          C6           -0.0041825177552141
          C7           -0.1379289231735364
          D1           -0.3771581126597507
          D2           -0.9305750209334183
          D3            2.1195254080520742
          D4           -2.1246309930064329
          D5           -0.0131882077354610
          D6            0.6645429882213397
          D7            0.7806033045976430
          D8           -0.4752342494327860
          D9            0.0920642557695526
         D10           -0.0312443369241453
         D11            0.0232036046033312
         D12           -0.3040203100732521
         D13           -0.2963726204319913
         D14            1.4856672935233888
         D15           -0.3992014237014200

   3NF LECs:
          C1           -0.8696704188410000
          C3           -0.5265811573870000
          C4            0.8197684145990000
          cE           -0.2089466204300000
          cD           -0.3634302931180000

 delta_chiral_order           3
 delta cutoff   450.00000000000000     
 Boxsize   9.3788872768345168     
 Density  0.16000000000000000     
 K_f   1.3330210137859966     
 Nmax           4
 Total number of states        2916
 K-mesh   0.0000000000000000     
 K-mesh -0.66992865163213988     
 K-mesh  0.66992865163213988     
 K-mesh  -1.3398573032642798     
 K-mesh   1.3398573032642798     
 K-mesh  -2.0097859548964196     
 K-mesh   2.0097859548964196     
 K-mesh  -2.6797146065285595     
 K-mesh   2.6797146065285595     
   0.0000000000000000        9.3788872768345168     
   0.0000000000000000        9.3788872768345168     
   0.0000000000000000        9.3788872768345168     
   0.0000000000000000        9.3788872768345168     
 Kz-mesh   0.0000000000000000     
 Kz-mesh -0.66992865163213988     
 Kz-mesh  0.66992865163213988     
 Kz-mesh  -1.3398573032642798     
 Kz-mesh   1.3398573032642798     
 Kz-mesh  -2.0097859548964196     
 Kz-mesh   2.0097859548964196     
 Kz-mesh  -2.6797146065285595     
 Kz-mesh   2.6797146065285595     
 KY-mesh   0.0000000000000000     
 KY-mesh -0.66992865163213988     
 KY-mesh  0.66992865163213988     
 KY-mesh  -1.3398573032642798     
 KY-mesh   1.3398573032642798     
 KY-mesh  -2.0097859548964196     
 KY-mesh   2.0097859548964196     
 KY-mesh  -2.6797146065285595     
 KY-mesh   2.6797146065285595     
           4           4           4          -1           1          -1           1
 nkmin, nkmax           4           4           4
 Occupied j-orbits
     1       0.000000000        0   0   0  -1  -1 hole      
     2       0.000000000        0   0   0   1  -1 hole      
     3       0.000000000        0   0   0  -1   1 hole      
     4       0.000000000        0   0   0   1   1 hole      
     5       9.299790451        0   0  -1  -1  -1 hole      
     6       9.299790451        0   0  -1   1  -1 hole      
     7       9.299790451        0   0  -1  -1   1 hole      
     8       9.299790451        0   0  -1   1   1 hole      
     9       9.299790451        0   1   0  -1  -1 hole      
    10       9.299790451        0   1   0   1  -1 hole      
    11       9.299790451        0   1   0  -1   1 hole      
    12       9.299790451        0   1   0   1   1 hole      
    13       9.299790451        0  -1   0  -1  -1 hole      
    14       9.299790451        0  -1   0   1  -1 hole      
    15       9.299790451        0  -1   0  -1   1 hole      
    16       9.299790451        0  -1   0   1   1 hole      
    17       9.299790451        1   0   0  -1  -1 hole      
    18       9.299790451        1   0   0   1  -1 hole      
    19       9.299790451        1   0   0  -1   1 hole      
    20       9.299790451        1   0   0   1   1 hole      
    21       9.299790451        0   0   1  -1  -1 hole      
    22       9.299790451        0   0   1   1  -1 hole      
    23       9.299790451        0   0   1  -1   1 hole      
    24       9.299790451        0   0   1   1   1 hole      
    25       9.299790451       -1   0   0  -1  -1 hole      
    26       9.299790451       -1   0   0   1  -1 hole      
    27       9.299790451       -1   0   0  -1   1 hole      
    28       9.299790451       -1   0   0   1   1 hole      
    29       18.59958090        0   1   1  -1  -1 hole      
    30       18.59958090        0   1   1   1  -1 hole      
    31       18.59958090        0   1   1  -1   1 hole      
    32       18.59958090        0   1   1   1   1 hole      
    33       18.59958090       -1   1   0  -1  -1 hole      
    34       18.59958090       -1   1   0   1  -1 hole      
    35       18.59958090       -1   1   0  -1   1 hole      
    36       18.59958090       -1   1   0   1   1 hole      
    37       18.59958090        1   0   1  -1  -1 hole      
    38       18.59958090        1   0   1   1  -1 hole      
    39       18.59958090        1   0   1  -1   1 hole      
    40       18.59958090        1   0   1   1   1 hole      
    41       18.59958090        0   1  -1  -1  -1 hole      
    42       18.59958090        0   1  -1   1  -1 hole      
    43       18.59958090        0   1  -1  -1   1 hole      
    44       18.59958090        0   1  -1   1   1 hole      
    45       18.59958090        1   1   0  -1  -1 hole      
    46       18.59958090        1   1   0   1  -1 hole      
    47       18.59958090        1   1   0  -1   1 hole      
    48       18.59958090        1   1   0   1   1 hole      
    49       18.59958090        1   0  -1  -1  -1 hole      
    50       18.59958090        1   0  -1   1  -1 hole      
    51       18.59958090        1   0  -1  -1   1 hole      
    52       18.59958090        1   0  -1   1   1 hole      
    53       18.59958090       -1   0  -1  -1  -1 hole      
    54       18.59958090       -1   0  -1   1  -1 hole      
    55       18.59958090       -1   0  -1  -1   1 hole      
    56       18.59958090       -1   0  -1   1   1 hole      
    57       18.59958090        1  -1   0  -1  -1 hole      
    58       18.59958090        1  -1   0   1  -1 hole      
    59       18.59958090        1  -1   0  -1   1 hole      
    60       18.59958090        1  -1   0   1   1 hole      
    61       18.59958090        0  -1  -1  -1  -1 hole      
    62       18.59958090        0  -1  -1   1  -1 hole      
    63       18.59958090        0  -1  -1  -1   1 hole      
    64       18.59958090        0  -1  -1   1   1 hole      
    65       18.59958090       -1  -1   0  -1  -1 hole      
    66       18.59958090       -1  -1   0   1  -1 hole      
    67       18.59958090       -1  -1   0  -1   1 hole      
    68       18.59958090       -1  -1   0   1   1 hole      
    69       18.59958090       -1   0   1  -1  -1 hole      
    70       18.59958090       -1   0   1   1  -1 hole      
    71       18.59958090       -1   0   1  -1   1 hole      
    72       18.59958090       -1   0   1   1   1 hole      
    73       18.59958090        0  -1   1  -1  -1 hole      
    74       18.59958090        0  -1   1   1  -1 hole      
    75       18.59958090        0  -1   1  -1   1 hole      
    76       18.59958090        0  -1   1   1   1 hole      
    77       27.89937135        1  -1   1  -1  -1 hole      
    78       27.89937135        1  -1   1   1  -1 hole      
    79       27.89937135        1  -1   1  -1   1 hole      
    80       27.89937135        1  -1   1   1   1 hole      
    81       27.89937135        1   1  -1  -1  -1 hole      
    82       27.89937135        1   1  -1   1  -1 hole      
    83       27.89937135        1   1  -1  -1   1 hole      
    84       27.89937135        1   1  -1   1   1 hole      
    85       27.89937135        1   1   1  -1  -1 hole      
    86       27.89937135        1   1   1   1  -1 hole      
    87       27.89937135        1   1   1  -1   1 hole      
    88       27.89937135        1   1   1   1   1 hole      
    89       27.89937135        1  -1  -1  -1  -1 hole      
    90       27.89937135        1  -1  -1   1  -1 hole      
    91       27.89937135        1  -1  -1  -1   1 hole      
    92       27.89937135        1  -1  -1   1   1 hole      
    93       27.89937135       -1   1   1  -1  -1 hole      
    94       27.89937135       -1   1   1   1  -1 hole      
    95       27.89937135       -1   1   1  -1   1 hole      
    96       27.89937135       -1   1   1   1   1 hole      
    97       27.89937135       -1   1  -1  -1  -1 hole      
    98       27.89937135       -1   1  -1   1  -1 hole      
    99       27.89937135       -1   1  -1  -1   1 hole      
   100       27.89937135       -1   1  -1   1   1 hole      
   101       27.89937135       -1  -1  -1  -1  -1 hole      
   102       27.89937135       -1  -1  -1   1  -1 hole      
   103       27.89937135       -1  -1  -1  -1   1 hole      
   104       27.89937135       -1  -1  -1   1   1 hole      
   105       27.89937135       -1  -1   1  -1  -1 hole      
   106       27.89937135       -1  -1   1   1  -1 hole      
   107       27.89937135       -1  -1   1  -1   1 hole      
   108       27.89937135       -1  -1   1   1   1 hole      
   109       37.19916181        2   0   0  -1  -1 hole      
   110       37.19916181        2   0   0   1  -1 hole      
   111       37.19916181        2   0   0  -1   1 hole      
   112       37.19916181        2   0   0   1   1 hole      
   113       37.19916181        0   2   0  -1  -1 hole      
   114       37.19916181        0   2   0   1  -1 hole      
   115       37.19916181        0   2   0  -1   1 hole      
   116       37.19916181        0   2   0   1   1 hole      
   117       37.19916181        0   0   2  -1  -1 hole      
   118       37.19916181        0   0   2   1  -1 hole      
   119       37.19916181        0   0   2  -1   1 hole      
   120       37.19916181        0   0   2   1   1 hole      
   121       37.19916181        0  -2   0  -1  -1 hole      
   122       37.19916181        0  -2   0   1  -1 hole      
   123       37.19916181        0  -2   0  -1   1 hole      
   124       37.19916181        0  -2   0   1   1 hole      
   125       37.19916181       -2   0   0  -1  -1 hole      
   126       37.19916181       -2   0   0   1  -1 hole      
   127       37.19916181       -2   0   0  -1   1 hole      
   128       37.19916181       -2   0   0   1   1 hole      
   129       37.19916181        0   0  -2  -1  -1 hole      
   130       37.19916181        0   0  -2   1  -1 hole      
   131       37.19916181        0   0  -2  -1   1 hole      
   132       37.19916181        0   0  -2   1   1 hole      
 Unoccupied j-orbits
   133       46.49895226       -1   0   2  -1  -1 particle  
   134       46.49895226       -1   0   2   1  -1 particle  
   135       46.49895226       -1   0   2  -1   1 particle  
   136       46.49895226       -1   0   2   1   1 particle  
   137       46.49895226        0  -1   2  -1  -1 particle  
   138       46.49895226        0  -1   2   1  -1 particle  
   139       46.49895226        0  -1   2  -1   1 particle  
   140       46.49895226        0  -1   2   1   1 particle  
   141       46.49895226       -2  -1   0  -1  -1 particle  
   142       46.49895226       -2  -1   0   1  -1 particle  
   143       46.49895226       -2  -1   0  -1   1 particle  
 Sz and Tz for vacuum state   0.0000000000000000        0.0000000000000000     
          -8           8          -8           8          -8           8
 Total memory for lookup configs   2.2760448000000821E-002 GByte
 Total memory for channels   1.2264000000000000E-004 GByte
             48407808     3025488         555
             48407808     3025488        5448
 Setting up vnn for hhhh block
 Time to setup hhhh block   8.3611540794372559     
 Setting up vnn for hhhp block
 Time to setup hhhp block   16.820529937744141     
 Setting up vnn for hhpp block
 Time to setup hhpp block   25.642857074737549     
 Setting up vnn for hphp block
 Time to setup hphp block   26.729738950729370     
 Setting up vnn for pppp block
 Time to setup pppp block   1303.4120490550995     
 Total memory for vnn storage   3.3134343679999798      GByte
          -8           8          -8           8          -8           8
 Total memory for lookup ph configs   1.4699519999999406E-002 GByte
 Total memory for ph channels   2.6150400000000002E-004 GByte
             48407808     3025488        5448
 Setting up vnn for ph hpph block
 Time to setup ph hpph block  0.82825803756713867     
 Total memory for vnn/t2 ph storage   1.5490498559999188      GByte
 kinetic energy = (  2901.5346207972821     ,  0.0000000000000000     )
 below_ef =         132
 Vacuum expectation value ( -1566.5835163110162     ,  0.0000000000000000     )
 3NF vacuum expectation value (  9.9616582924322206     ,  4.8957185875534310E-028)
 Vacuum expectation value with 3nf ( -1.9063986493179021     ,  4.8957185875534310E-028)
 Time for e0   2.4032115936279297E-002
 Time for f3nf   1.4260978698730469     
 e0 3nf (  1314.9388949981721     , -9.1297502418566757E-027) (  1314.9388946010531     ,  6.4623485355705287E-026)
 Setting up v3nf_2bNO for hhhh block
 Time to setup v3nf_2bNO hhhh block   7.0301458835601807     
 Setting up v3nf_2bNO for hhpp block
 Time to setup v3nf_2bNO hhpp block   137.60788106918335     
 Setting up v3nf_2bNO for hphp block
 Time to setup v3nf_2bNO hphp block   71.742089986801147     
 Setting up v3nf_NO for pppp block
 here we go...
 here we go...
 here we go...
 here we go...
 Time to setup v3nf_2bNO pppp block   1054.9760611057281     
 here we go...
 here we go...
 Total memory for t2 storage   1.5490498559999957      GByte
 here we go...
 here we go...
 here we go...
 here we go...
 here we go...
 here we go...
 here we go...
 here we go...
 here we go...
 here we go...
 CCD energy ( -1335.1287826556618     , -1.4485193109889128E-017)
 diis space    48407808
 Storage of diis vectors   5.4216744959999996      Gb
 CCD energy ( -1287.5183863290356     ,  4.6607447742781944E-009)
dener    0    1  0.47610396E+02
 CCD energy ( -1256.7075402218231     ,  8.1192201353862444E-009)
dener    0    2  0.30810846E+02
 CCD energy ( -1237.0830670337075     ,  1.0661584349673266E-008)
dener    0    3  0.19624473E+02
 CCD energy ( -1224.8184592700634     ,  1.2515910195894377E-008)
dener    0    4  0.12264608E+02
 CCD energy ( -1217.3412797773617     ,  1.3859327436378861E-008)
dener    0    5  0.74771795E+01
diis_mat    1    1  0.6979E-01
diis_mat    1    2  0.4812E-01
diis_mat    1    3  0.3318E-01
diis_mat    1    4  0.2292E-01
diis_mat    1    5  0.1588E-01
diis_mat    1    6 -0.1000E+01
diis_mat    2    1  0.4812E-01
diis_mat    2    2  0.3329E-01
diis_mat    2    3  0.2303E-01
diis_mat    2    4  0.1597E-01
diis_mat    2    5  0.1112E-01
diis_mat    2    6 -0.1000E+01
diis_mat    3    1  0.3318E-01
diis_mat    3    2  0.2303E-01
diis_mat    3    3  0.1600E-01
diis_mat    3    4  0.1114E-01
diis_mat    3    5  0.7797E-02
diis_mat    3    6 -0.1000E+01
diis_mat    4    1  0.2292E-01
diis_mat    4    2  0.1597E-01
diis_mat    4    3  0.1114E-01
diis_mat    4    4  0.7802E-02
diis_mat    4    5  0.5490E-02
diis_mat    4    6 -0.1000E+01
diis_mat    5    1  0.1588E-01
diis_mat    5    2  0.1112E-01
diis_mat    5    3  0.7797E-02
diis_mat    5    4  0.5490E-02
diis_mat    5    5  0.3887E-02
diis_mat    5    6 -0.1000E+01
diis_mat    6    1 -0.1000E+01
diis_mat    6    2 -0.1000E+01
diis_mat    6    3 -0.1000E+01
diis_mat    6    4 -0.1000E+01
diis_mat    6    5 -0.1000E+01
diis_mat    6    6  0.0000E+00
 csysv info           0
sol_vec    1  0.1553E+02 -0.6670E-09
sol_vec    2 -0.9971E+02  0.5365E-08
sol_vec    3  0.2357E+03 -0.1381E-07
sol_vec    4 -0.2439E+03  0.1445E-07
sol_vec    5  0.9333E+02 -0.5339E-08
sol_vec    6  0.4584E-06  0.2098E-14
 CCD energy ( -1212.2449104405471     ,  1.7314341537600918E-008)
dener    0    6  0.50963693E+01
 CCD energy ( -1212.2433861771192     ,  1.7250991250717021E-008)
dener    0    7  0.15242634E-02
 CCD energy ( -1212.2396866300023     ,  1.7206434432096006E-008)
dener    0    8  0.36995471E-02
 CCD energy ( -1212.2352185018779     ,  1.7175226910129020E-008)
dener    0    9  0.44681281E-02
 CCD energy ( -1212.2307442755309     ,  1.7153473322450544E-008)
dener    0   10  0.44742263E-02
 CCD energy ( -1212.2266444679206     ,  1.7138393183917561E-008)
dener    0   11  0.40998076E-02
diis_mat    1    1  0.3912E-06
diis_mat    1    2  0.2981E-06
diis_mat    1    3  0.2292E-06
diis_mat    1    4  0.1778E-06
diis_mat    1    5  0.1389E-06
diis_mat    1    6 -0.1000E+01
diis_mat    2    1  0.2981E-06
diis_mat    2    2  0.2291E-06
diis_mat    2    3  0.1776E-06
diis_mat    2    4  0.1387E-06
diis_mat    2    5  0.1091E-06
diis_mat    2    6 -0.1000E+01
diis_mat    3    1  0.2292E-06
diis_mat    3    2  0.1776E-06
diis_mat    3    3  0.1387E-06
diis_mat    3    4  0.1090E-06
diis_mat    3    5  0.8622E-07
diis_mat    3    6 -0.1000E+01
diis_mat    4    1  0.1778E-06
diis_mat    4    2  0.1387E-06
diis_mat    4    3  0.1090E-06
diis_mat    4    4  0.8619E-07
diis_mat    4    5  0.6850E-07
diis_mat    4    6 -0.1000E+01
diis_mat    5    1  0.1389E-06
diis_mat    5    2  0.1091E-06
diis_mat    5    3  0.8622E-07
diis_mat    5    4  0.6850E-07
diis_mat    5    5  0.5468E-07
diis_mat    5    6 -0.1000E+01
diis_mat    6    1 -0.1000E+01
diis_mat    6    2 -0.1000E+01
diis_mat    6    3 -0.1000E+01
diis_mat    6    4 -0.1000E+01
diis_mat    6    5 -0.1000E+01
diis_mat    6    6  0.0000E+00
 csysv info           0
sol_vec    1  0.7459E+02  0.1849E-05
sol_vec    2 -0.4080E+03 -0.9408E-05
sol_vec    3  0.8340E+03  0.1780E-04
sol_vec    4 -0.7551E+03 -0.1483E-04
sol_vec    5  0.2555E+03  0.4596E-05
sol_vec    6  0.8531E-12 -0.5906E-18
 CCD energy ( -1212.2092811644093     ,  1.7079868295019632E-008)
dener    0   12  0.17363304E-01
 CCD energy ( -1212.2094342363680     ,  1.7083902232592982E-008)
dener    0   13 -0.15307196E-03
 CCD energy ( -1212.2095467527306     ,  1.7087754173439441E-008)
dener    0   14 -0.11251636E-03
 CCD energy ( -1212.2096299292705     ,  1.7091220600627008E-008)
dener    0   15 -0.83176540E-04
 CCD energy ( -1212.2096917558597     ,  1.7094227822337474E-008)
dener    0   16 -0.61826589E-04
 CCD energy ( -1212.2097379563425     ,  1.7096774426194658E-008)
dener    0   17 -0.46200483E-04
diis_mat    1    1  0.7285E-12
diis_mat    1    2  0.5510E-12
diis_mat    1    3  0.4193E-12
diis_mat    1    4  0.3210E-12
diis_mat    1    5  0.2471E-12
diis_mat    1    6 -0.1000E+01
diis_mat    2    1  0.5510E-12
diis_mat    2    2  0.4199E-12
diis_mat    2    3  0.3218E-12
diis_mat    2    4  0.2480E-12
diis_mat    2    5  0.1921E-12
diis_mat    2    6 -0.1000E+01
diis_mat    3    1  0.4193E-12
diis_mat    3    2  0.3218E-12
diis_mat    3    3  0.2483E-12
diis_mat    3    4  0.1926E-12
diis_mat    3    5  0.1501E-12
diis_mat    3    6 -0.1000E+01
diis_mat    4    1  0.3210E-12
diis_mat    4    2  0.2480E-12
diis_mat    4    3  0.1926E-12
diis_mat    4    4  0.1502E-12
diis_mat    4    5  0.1177E-12
diis_mat    4    6 -0.1000E+01
diis_mat    5    1  0.2471E-12
diis_mat    5    2  0.1921E-12
diis_mat    5    3  0.1501E-12
diis_mat    5    4  0.1177E-12
diis_mat    5    5  0.9273E-13
diis_mat    5    6 -0.1000E+01
diis_mat    6    1 -0.1000E+01
diis_mat    6    2 -0.1000E+01
diis_mat    6    3 -0.1000E+01
diis_mat    6    4 -0.1000E+01
diis_mat    6    5 -0.1000E+01
diis_mat    6    6  0.0000E+00
 csysv info           0
sol_vec    1  0.8551E+02  0.4640E-05
sol_vec    2 -0.4615E+03 -0.2273E-04
sol_vec    3  0.9314E+03  0.4135E-04
sol_vec    4 -0.8334E+03 -0.3313E-04
sol_vec    5  0.2790E+03  0.9867E-05
sol_vec    6  0.3120E-17 -0.1292E-23
 CCD energy ( -1212.2098848233068     ,  1.7107722763565666E-008)
dener    0   18 -0.14686696E-03
 CCD energy ( -1212.2098847228881     ,  1.7107775142578900E-008)
dener    0   19  0.10041867E-06
 Total execution time CCD   167.02123498916626     


 ---------------------------------------------------------------------
 Boxsize   9.3788872768345168      Nmax           4
 A, Density, Kf         132  0.16000000000000000        1.3330210137859966     
 Twist averaged E0/N ( -1.9063986493179021     ,  4.8957185875534310E-028)
 Twist averaged mbpt2 ( -10.114611989815620     , -1.0973631143855399E-019)
 Twist averaged CCSD ( -9.1834082175976377     ,  1.2960435714074925E-010)
 kinetic_TF   2916.1860727459757     
  0.16000000000000000      ( -1.9063986493179021     ,  4.8957185875534310E-028) ( -1212.2098847228881     ,  1.7107775142578900E-008)

 E/N   1.33302104      0.159999996      -1.9063986493179021       -10.114611989815620       -9.1834082175976377        0.0000000000000000     
#Nmax, Nucleons, 3NFnexp, 3NFCutoff: 4 132 3 450
    -0.20895    -0.36343     1.33302     0.16000    -1.90640   -10.11461    -9.18341     0.00000
 ---------------------------------------------------------------------
 Total execution time for CCD code   2964.8348128795624     
mpprun info: Elapsed time (h:m:s):  0:49:27.028389
