mpprun info: Starting impi run on 4 node ( 16 rank X 8 th ) for job ID 8468720
Boundary Conditions PBC                                                                                                 
CC approx CCD                                                                                                 
 TNF: T TNF-approx:           3
 3NF Cutoff:   450.00000000000000      Nexp_3NF:           3
 NN regulator Exponent:    3.0000000000000000     
 -----------
 NN ci's
 -0.81852268217599999     
 -0.53436196940299996     
 -0.76622874978199995     
   1.0417614542870000     
 3NF ci's
 -0.81852268217599999     
   0.0000000000000000     
 -0.76622874978199995     
   1.0417614542870000     
 -----------
 --------
 c1s0(-1) -0.32580719749999998     
 c1s0(0) -0.34847043120400001     
 c1s0(1) -0.27979413698200001     
 c3s1(-1) -0.22329194775299999     
 c3s1(0) -0.22329194775299999     
 c3s1(1) -0.22329194775299999     
 --------
 -----------
 NLO contacts PW
   2.8286775874229999     
  0.73774249139299997     
 -0.17773811241000001     
 -0.88345755835200002     
  0.90501327656599995     
  0.49979402674899998     
 -0.86828720203800003     
 ----------
          C1            0.0889015408360041
          C2            0.0855488516757050
          C3           -0.0097884272069035
          C4           -0.0576800435085660
          C5           -0.0629964771670369
          C6           -0.0048906448433954
          C7           -0.1491771895014131
          D1           -0.3771581126597507
          D2           -0.9305750209334183
          D3            2.1195254080520742
          D4           -2.1246309930064329
          D5           -0.0131882077354610
          D6            0.6645429882213397
          D7            0.7806033045976430
          D8           -0.4752342494327860
          D9            0.0920642557695526
         D10           -0.0312443369241453
         D11            0.0232036046033312
         D12           -0.3040203100732521
         D13           -0.2963726204319913
         D14            1.4856672935233888
         D15           -0.3992014237014200

   3NF LECs:
          C1           -0.8185226821760000
          C3           -0.7662287497820000
          C4            1.0417614542870000
          cE           -0.1761800448290000
          cD           -0.4349616036020000

 delta_chiral_order           3
 delta cutoff   450.00000000000000     
 Boxsize   9.3788872768345168     
 Density  0.16000000000000000     
 K_f   1.3330210137859966     
 Nmax           4
 Total number of states        2916
 K-mesh   0.0000000000000000     
 K-mesh -0.66992865163213988     
 K-mesh  0.66992865163213988     
 K-mesh  -1.3398573032642798     
 K-mesh   1.3398573032642798     
 K-mesh  -2.0097859548964196     
 K-mesh   2.0097859548964196     
 K-mesh  -2.6797146065285595     
 K-mesh   2.6797146065285595     
   0.0000000000000000        9.3788872768345168     
   0.0000000000000000        9.3788872768345168     
   0.0000000000000000        9.3788872768345168     
   0.0000000000000000        9.3788872768345168     
 Kz-mesh   0.0000000000000000     
 Kz-mesh -0.66992865163213988     
 Kz-mesh  0.66992865163213988     
 Kz-mesh  -1.3398573032642798     
 Kz-mesh   1.3398573032642798     
 Kz-mesh  -2.0097859548964196     
 Kz-mesh   2.0097859548964196     
 Kz-mesh  -2.6797146065285595     
 Kz-mesh   2.6797146065285595     
 KY-mesh   0.0000000000000000     
 KY-mesh -0.66992865163213988     
 KY-mesh  0.66992865163213988     
 KY-mesh  -1.3398573032642798     
 KY-mesh   1.3398573032642798     
 KY-mesh  -2.0097859548964196     
 KY-mesh   2.0097859548964196     
 KY-mesh  -2.6797146065285595     
 KY-mesh   2.6797146065285595     
           4           4           4          -1           1          -1           1
 nkmin, nkmax           4           4           4
 Occupied j-orbits
     1       0.000000000        0   0   0  -1  -1 hole      
     2       0.000000000        0   0   0   1  -1 hole      
     3       0.000000000        0   0   0  -1   1 hole      
     4       0.000000000        0   0   0   1   1 hole      
     5       9.299790451        0   0  -1  -1  -1 hole      
     6       9.299790451        0   0  -1   1  -1 hole      
     7       9.299790451        0   0  -1  -1   1 hole      
     8       9.299790451        0   0  -1   1   1 hole      
     9       9.299790451        0   1   0  -1  -1 hole      
    10       9.299790451        0   1   0   1  -1 hole      
    11       9.299790451        0   1   0  -1   1 hole      
    12       9.299790451        0   1   0   1   1 hole      
    13       9.299790451        0  -1   0  -1  -1 hole      
    14       9.299790451        0  -1   0   1  -1 hole      
    15       9.299790451        0  -1   0  -1   1 hole      
    16       9.299790451        0  -1   0   1   1 hole      
    17       9.299790451        1   0   0  -1  -1 hole      
    18       9.299790451        1   0   0   1  -1 hole      
    19       9.299790451        1   0   0  -1   1 hole      
    20       9.299790451        1   0   0   1   1 hole      
    21       9.299790451        0   0   1  -1  -1 hole      
    22       9.299790451        0   0   1   1  -1 hole      
    23       9.299790451        0   0   1  -1   1 hole      
    24       9.299790451        0   0   1   1   1 hole      
    25       9.299790451       -1   0   0  -1  -1 hole      
    26       9.299790451       -1   0   0   1  -1 hole      
    27       9.299790451       -1   0   0  -1   1 hole      
    28       9.299790451       -1   0   0   1   1 hole      
    29       18.59958090        0   1   1  -1  -1 hole      
    30       18.59958090        0   1   1   1  -1 hole      
    31       18.59958090        0   1   1  -1   1 hole      
    32       18.59958090        0   1   1   1   1 hole      
    33       18.59958090       -1   1   0  -1  -1 hole      
    34       18.59958090       -1   1   0   1  -1 hole      
    35       18.59958090       -1   1   0  -1   1 hole      
    36       18.59958090       -1   1   0   1   1 hole      
    37       18.59958090        1   0   1  -1  -1 hole      
    38       18.59958090        1   0   1   1  -1 hole      
    39       18.59958090        1   0   1  -1   1 hole      
    40       18.59958090        1   0   1   1   1 hole      
    41       18.59958090        0   1  -1  -1  -1 hole      
    42       18.59958090        0   1  -1   1  -1 hole      
    43       18.59958090        0   1  -1  -1   1 hole      
    44       18.59958090        0   1  -1   1   1 hole      
    45       18.59958090        1   1   0  -1  -1 hole      
    46       18.59958090        1   1   0   1  -1 hole      
    47       18.59958090        1   1   0  -1   1 hole      
    48       18.59958090        1   1   0   1   1 hole      
    49       18.59958090        1   0  -1  -1  -1 hole      
    50       18.59958090        1   0  -1   1  -1 hole      
    51       18.59958090        1   0  -1  -1   1 hole      
    52       18.59958090        1   0  -1   1   1 hole      
    53       18.59958090       -1   0  -1  -1  -1 hole      
    54       18.59958090       -1   0  -1   1  -1 hole      
    55       18.59958090       -1   0  -1  -1   1 hole      
    56       18.59958090       -1   0  -1   1   1 hole      
    57       18.59958090        1  -1   0  -1  -1 hole      
    58       18.59958090        1  -1   0   1  -1 hole      
    59       18.59958090        1  -1   0  -1   1 hole      
    60       18.59958090        1  -1   0   1   1 hole      
    61       18.59958090        0  -1  -1  -1  -1 hole      
    62       18.59958090        0  -1  -1   1  -1 hole      
    63       18.59958090        0  -1  -1  -1   1 hole      
    64       18.59958090        0  -1  -1   1   1 hole      
    65       18.59958090       -1  -1   0  -1  -1 hole      
    66       18.59958090       -1  -1   0   1  -1 hole      
    67       18.59958090       -1  -1   0  -1   1 hole      
    68       18.59958090       -1  -1   0   1   1 hole      
    69       18.59958090       -1   0   1  -1  -1 hole      
    70       18.59958090       -1   0   1   1  -1 hole      
    71       18.59958090       -1   0   1  -1   1 hole      
    72       18.59958090       -1   0   1   1   1 hole      
    73       18.59958090        0  -1   1  -1  -1 hole      
    74       18.59958090        0  -1   1   1  -1 hole      
    75       18.59958090        0  -1   1  -1   1 hole      
    76       18.59958090        0  -1   1   1   1 hole      
    77       27.89937135        1  -1   1  -1  -1 hole      
    78       27.89937135        1  -1   1   1  -1 hole      
    79       27.89937135        1  -1   1  -1   1 hole      
    80       27.89937135        1  -1   1   1   1 hole      
    81       27.89937135        1   1  -1  -1  -1 hole      
    82       27.89937135        1   1  -1   1  -1 hole      
    83       27.89937135        1   1  -1  -1   1 hole      
    84       27.89937135        1   1  -1   1   1 hole      
    85       27.89937135        1   1   1  -1  -1 hole      
    86       27.89937135        1   1   1   1  -1 hole      
    87       27.89937135        1   1   1  -1   1 hole      
    88       27.89937135        1   1   1   1   1 hole      
    89       27.89937135        1  -1  -1  -1  -1 hole      
    90       27.89937135        1  -1  -1   1  -1 hole      
    91       27.89937135        1  -1  -1  -1   1 hole      
    92       27.89937135        1  -1  -1   1   1 hole      
    93       27.89937135       -1   1   1  -1  -1 hole      
    94       27.89937135       -1   1   1   1  -1 hole      
    95       27.89937135       -1   1   1  -1   1 hole      
    96       27.89937135       -1   1   1   1   1 hole      
    97       27.89937135       -1   1  -1  -1  -1 hole      
    98       27.89937135       -1   1  -1   1  -1 hole      
    99       27.89937135       -1   1  -1  -1   1 hole      
   100       27.89937135       -1   1  -1   1   1 hole      
   101       27.89937135       -1  -1  -1  -1  -1 hole      
   102       27.89937135       -1  -1  -1   1  -1 hole      
   103       27.89937135       -1  -1  -1  -1   1 hole      
   104       27.89937135       -1  -1  -1   1   1 hole      
   105       27.89937135       -1  -1   1  -1  -1 hole      
   106       27.89937135       -1  -1   1   1  -1 hole      
   107       27.89937135       -1  -1   1  -1   1 hole      
   108       27.89937135       -1  -1   1   1   1 hole      
   109       37.19916181        2   0   0  -1  -1 hole      
   110       37.19916181        2   0   0   1  -1 hole      
   111       37.19916181        2   0   0  -1   1 hole      
   112       37.19916181        2   0   0   1   1 hole      
   113       37.19916181        0   2   0  -1  -1 hole      
   114       37.19916181        0   2   0   1  -1 hole      
   115       37.19916181        0   2   0  -1   1 hole      
   116       37.19916181        0   2   0   1   1 hole      
   117       37.19916181        0   0   2  -1  -1 hole      
   118       37.19916181        0   0   2   1  -1 hole      
   119       37.19916181        0   0   2  -1   1 hole      
   120       37.19916181        0   0   2   1   1 hole      
   121       37.19916181        0  -2   0  -1  -1 hole      
   122       37.19916181        0  -2   0   1  -1 hole      
   123       37.19916181        0  -2   0  -1   1 hole      
   124       37.19916181        0  -2   0   1   1 hole      
   125       37.19916181       -2   0   0  -1  -1 hole      
   126       37.19916181       -2   0   0   1  -1 hole      
   127       37.19916181       -2   0   0  -1   1 hole      
   128       37.19916181       -2   0   0   1   1 hole      
   129       37.19916181        0   0  -2  -1  -1 hole      
   130       37.19916181        0   0  -2   1  -1 hole      
   131       37.19916181        0   0  -2  -1   1 hole      
   132       37.19916181        0   0  -2   1   1 hole      
 Unoccupied j-orbits
   133       46.49895226       -1   0   2  -1  -1 particle  
   134       46.49895226       -1   0   2   1  -1 particle  
   135       46.49895226       -1   0   2  -1   1 particle  
   136       46.49895226       -1   0   2   1   1 particle  
   137       46.49895226        0  -1   2  -1  -1 particle  
   138       46.49895226        0  -1   2   1  -1 particle  
   139       46.49895226        0  -1   2  -1   1 particle  
   140       46.49895226        0  -1   2   1   1 particle  
   141       46.49895226       -2  -1   0  -1  -1 particle  
   142       46.49895226       -2  -1   0   1  -1 particle  
   143       46.49895226       -2  -1   0  -1   1 particle  
 Sz and Tz for vacuum state   0.0000000000000000        0.0000000000000000     
          -8           8          -8           8          -8           8
 Total memory for lookup configs   2.2760448000000821E-002 GByte
 Total memory for channels   1.2264000000000000E-004 GByte
             48407808     3025488         555
             48407808     3025488        5448
 Setting up vnn for hhhh block
 Time to setup hhhh block   8.3738229274749756     
 Setting up vnn for hhhp block
 Time to setup hhhp block   16.671047925949097     
 Setting up vnn for hhpp block
 Time to setup hhpp block   24.775131940841675     
 Setting up vnn for hphp block
 Time to setup hphp block   24.758547067642212     
 Setting up vnn for pppp block
 Time to setup pppp block   1298.4146809577942     
 Total memory for vnn storage   3.3134343679999798      GByte
          -8           8          -8           8          -8           8
 Total memory for lookup ph configs   1.4699519999999406E-002 GByte
 Total memory for ph channels   2.6150400000000002E-004 GByte
             48407808     3025488        5448
 Setting up vnn for ph hpph block
 Time to setup ph hpph block  0.83102798461914062     
 Total memory for vnn/t2 ph storage   1.5490498559999188      GByte
 kinetic energy = (  2901.5346207972821     ,  0.0000000000000000     )
 below_ef =         132
 Vacuum expectation value ( -784.41992548360611     ,  0.0000000000000000     )
 3NF vacuum expectation value (  10.083152287178462     , -9.7914371751068620E-029)
 Vacuum expectation value with 3nf (  4.1405770941208404     , -9.7914371751068620E-029)
 Time for e0   2.7267932891845703E-002
 Time for f3nf   1.4228699207305908     
 e0 3nf (  1330.9761023119599     ,  1.6155871435222819E-026) (  1330.9761019075570     , -1.2924697071141057E-026)
 Setting up v3nf_2bNO for hhhh block
 Time to setup v3nf_2bNO hhhh block   6.9932827949523926     
 Setting up v3nf_2bNO for hhpp block
 Time to setup v3nf_2bNO hhpp block   138.63554501533508     
 Setting up v3nf_2bNO for hphp block
 Time to setup v3nf_2bNO hphp block   71.436519145965576     
 Setting up v3nf_NO for pppp block
 Time to setup v3nf_2bNO pppp block   1031.4346199035645     
 here we go...
 Total memory for t2 storage   1.5490498559999957      GByte
 here we go...
 here we go...
 here we go...
 here we go...
 here we go...
 here we go...
 here we go...
 here we go...
 here we go...
 here we go...
 here we go...
 here we go...
 here we go...
 here we go...
 here we go...
 CCD energy ( -625.04235042595485     , -8.8416927533602329E-018)
 diis space    48407808
 Storage of diis vectors   5.4216744959999996      Gb
 CCD energy ( -570.28436850311266     ,  3.2919561596476812E-017)
dener    0    1  0.54757982E+02
 CCD energy ( -534.57133989404690     ,  2.7780367860023656E-017)
dener    0    2  0.35713029E+02
 CCD energy ( -511.64165703713627     ,  1.5927541352796162E-017)
dener    0    3  0.22929683E+02
 CCD energy ( -497.18210648005618     , -1.3662403224120146E-017)
dener    0    4  0.14459551E+02
 CCD energy ( -488.26916598120772     , -6.4553095607224172E-017)
dener    0    5  0.89129405E+01
diis_mat    1    1  0.9555E-01
diis_mat    1    2  0.6595E-01
diis_mat    1    3  0.4547E-01
diis_mat    1    4  0.3140E-01
diis_mat    1    5  0.2175E-01
diis_mat    1    6 -0.1000E+01
diis_mat    2    1  0.6595E-01
diis_mat    2    2  0.4566E-01
diis_mat    2    3  0.3159E-01
diis_mat    2    4  0.2190E-01
diis_mat    2    5  0.1524E-01
diis_mat    2    6 -0.1000E+01
diis_mat    3    1  0.4547E-01
diis_mat    3    2  0.3159E-01
diis_mat    3    3  0.2194E-01
diis_mat    3    4  0.1528E-01
diis_mat    3    5  0.1069E-01
diis_mat    3    6 -0.1000E+01
diis_mat    4    1  0.3140E-01
diis_mat    4    2  0.2190E-01
diis_mat    4    3  0.1528E-01
diis_mat    4    4  0.1069E-01
diis_mat    4    5  0.7521E-02
diis_mat    4    6 -0.1000E+01
diis_mat    5    1  0.2175E-01
diis_mat    5    2  0.1524E-01
diis_mat    5    3  0.1069E-01
diis_mat    5    4  0.7521E-02
diis_mat    5    5  0.5322E-02
diis_mat    5    6 -0.1000E+01
diis_mat    6    1 -0.1000E+01
diis_mat    6    2 -0.1000E+01
diis_mat    6    3 -0.1000E+01
diis_mat    6    4 -0.1000E+01
diis_mat    6    5 -0.1000E+01
diis_mat    6    6  0.0000E+00
 csysv info           0
sol_vec    1  0.1535E+02  0.1072E-08
sol_vec    2 -0.9827E+02 -0.6228E-08
sol_vec    3  0.2323E+03  0.1331E-07
sol_vec    4 -0.2405E+03 -0.1238E-07
sol_vec    5  0.9220E+02  0.4231E-08
sol_vec    6  0.1181E-05 -0.1684E-14
 CCD energy ( -481.41862247424035     , -1.4943420948038945E-010)
dener    0    6  0.68505435E+01
 CCD energy ( -481.38860912788175     , -1.1530482191782713E-010)
dener    0    7  0.30013346E-01
 CCD energy ( -481.36687322672367     , -8.9391666144585245E-011)
dener    0    8  0.21735901E-01
 CCD energy ( -481.35102780586215     , -6.9639047196014783E-011)
dener    0    9  0.15845421E-01
 CCD energy ( -481.33941660241783     , -5.4515926539930186E-011)
dener    0   10  0.11611203E-01
 CCD energy ( -481.33087934955586     , -4.2882233845498955E-011)
dener    0   11  0.85372529E-02
diis_mat    1    1  0.1024E-05
diis_mat    1    2  0.7898E-06
diis_mat    1    3  0.6165E-06
diis_mat    1    4  0.4862E-06
diis_mat    1    5  0.3869E-06
diis_mat    1    6 -0.1000E+01
diis_mat    2    1  0.7898E-06
diis_mat    2    2  0.6161E-06
diis_mat    2    3  0.4856E-06
diis_mat    2    4  0.3862E-06
diis_mat    2    5  0.3095E-06
diis_mat    2    6 -0.1000E+01
diis_mat    3    1  0.6165E-06
diis_mat    3    2  0.4856E-06
diis_mat    3    3  0.3860E-06
diis_mat    3    4  0.3092E-06
diis_mat    3    5  0.2492E-06
diis_mat    3    6 -0.1000E+01
diis_mat    4    1  0.4862E-06
diis_mat    4    2  0.3862E-06
diis_mat    4    3  0.3092E-06
diis_mat    4    4  0.2491E-06
diis_mat    4    5  0.2018E-06
diis_mat    4    6 -0.1000E+01
diis_mat    5    1  0.3869E-06
diis_mat    5    2  0.3095E-06
diis_mat    5    3  0.2492E-06
diis_mat    5    4  0.2018E-06
diis_mat    5    5  0.1643E-06
diis_mat    5    6 -0.1000E+01
diis_mat    6    1 -0.1000E+01
diis_mat    6    2 -0.1000E+01
diis_mat    6    3 -0.1000E+01
diis_mat    6    4 -0.1000E+01
diis_mat    6    5 -0.1000E+01
diis_mat    6    6  0.0000E+00
 csysv info           0
sol_vec    1  0.6535E+02  0.4568E-06
sol_vec    2 -0.3634E+03 -0.2327E-05
sol_vec    3  0.7542E+03  0.4402E-05
sol_vec    4 -0.6923E+03 -0.3664E-05
sol_vec    5  0.2371E+03  0.1133E-05
sol_vec    6  0.1500E-10 -0.5836E-18
 CCD energy ( -481.30863184780867     , -6.2931478869474483E-012)
dener    0   12  0.22247502E-01
 CCD energy ( -481.30920131198729     , -7.0307581833047992E-012)
dener    0   13 -0.56946418E-03
 CCD energy ( -481.30961724375231     , -6.8138649445620083E-012)
dener    0   14 -0.41593177E-03
 CCD energy ( -481.30992290624806     , -6.1466724845307414E-012)
dener    0   15 -0.30566250E-03
 CCD energy ( -481.31014886940113     , -5.3141809295263012E-012)
dener    0   16 -0.22596315E-03
 CCD energy ( -481.31031686648123     , -4.4698038527546278E-012)
dener    0   17 -0.16799708E-03
diis_mat    1    1  0.8476E-11
diis_mat    1    2  0.6528E-11
diis_mat    1    3  0.5063E-11
diis_mat    1    4  0.3952E-11
diis_mat    1    5  0.3104E-11
diis_mat    1    6 -0.1000E+01
diis_mat    2    1  0.6528E-11
diis_mat    2    2  0.5062E-11
diis_mat    2    3  0.3952E-11
diis_mat    2    4  0.3104E-11
diis_mat    2    5  0.2452E-11
diis_mat    2    6 -0.1000E+01
diis_mat    3    1  0.5063E-11
diis_mat    3    2  0.3952E-11
diis_mat    3    3  0.3104E-11
diis_mat    3    4  0.2453E-11
diis_mat    3    5  0.1948E-11
diis_mat    3    6 -0.1000E+01
diis_mat    4    1  0.3952E-11
diis_mat    4    2  0.3104E-11
diis_mat    4    3  0.2453E-11
diis_mat    4    4  0.1948E-11
diis_mat    4    5  0.1555E-11
diis_mat    4    6 -0.1000E+01
diis_mat    5    1  0.3104E-11
diis_mat    5    2  0.2452E-11
diis_mat    5    3  0.1948E-11
diis_mat    5    4  0.1555E-11
diis_mat    5    5  0.1247E-11
diis_mat    5    6 -0.1000E+01
diis_mat    6    1 -0.1000E+01
diis_mat    6    2 -0.1000E+01
diis_mat    6    3 -0.1000E+01
diis_mat    6    4 -0.1000E+01
diis_mat    6    5 -0.1000E+01
diis_mat    6    6  0.0000E+00
 csysv info           0
sol_vec    1  0.8511E+02 -0.7035E-06
sol_vec    2 -0.4637E+03  0.3663E-05
sol_vec    3  0.9431E+03 -0.7089E-05
sol_vec    4 -0.8490E+03  0.6044E-05
sol_vec    5  0.2855E+03 -0.1914E-05
sol_vec    6  0.1291E-15  0.2257E-22
 CCD energy ( -481.31084289848798     ,  6.0686530665191015E-014)
dener    0   18 -0.52603201E-03
 CCD energy ( -481.31084238192955     ,  5.8039910152925068E-014)
dener    0   19  0.51655843E-06
 Total execution time CCD   166.98494911193848     


 ---------------------------------------------------------------------
 Boxsize   9.3788872768345168      Nmax           4
 A, Density, Kf         132  0.16000000000000000        1.3330210137859966     
 Twist averaged E0/N (  4.1405770941208404     , -9.7914371751068620E-029)
 Twist averaged mbpt2 ( -4.7351693214087485     , -6.6982520858789638E-020)
 Twist averaged CCSD ( -3.6462942604691633     ,  4.3969628903731113E-016)
 kinetic_TF   2916.1860727459757     
  0.16000000000000000      (  4.1405770941208404     , -9.7914371751068620E-029) ( -481.31084238192955     ,  5.8039910152925068E-014)

 E/N   1.33302104      0.159999996       4.1405770941208404       -4.7351693214087485       -3.6462942604691633        0.0000000000000000     
#Nmax, Nucleons, 3NFnexp, 3NFCutoff: 4 132 3 450
    -0.17618    -0.43496     1.33302     0.16000     4.14058    -4.73517    -3.64629     0.00000
 ---------------------------------------------------------------------
 Total execution time for CCD code   2938.4716360569000     
mpprun info: Elapsed time (h:m:s):  0:49:55.627576
