mpprun info: Starting impi run on 4 node ( 16 rank X 8 th ) for job ID 8468720
Boundary Conditions PBC                                                                                                 
CC approx CCD                                                                                                 
 TNF: T TNF-approx:           3
 3NF Cutoff:   450.00000000000000      Nexp_3NF:           3
 NN regulator Exponent:    3.0000000000000000     
 -----------
 NN ci's
 -0.61666699486499998     
 -0.52251994147900005     
 -0.73438983658900003     
  0.87900262997199996     
 3NF ci's
 -0.61666699486499998     
   0.0000000000000000     
 -0.73438983658900003     
  0.87900262997199996     
 -----------
 --------
 c1s0(-1) -0.36257660975200001     
 c1s0(0) -0.35965336581399998     
 c1s0(1) -0.30837176318699999     
 c3s1(-1) -0.21546267269899999     
 c3s1(0) -0.21546267269899999     
 c3s1(1) -0.21546267269899999     
 --------
 -----------
 NLO contacts PW
   2.4963412348050000     
  0.70079854328799995     
 -0.23745275791699999     
 -0.88956254791699996     
  0.88879025406199996     
  0.36413147911200000     
 -0.71759901150799998     
 ----------
          C1            0.0825301261148097
          C2            0.0807150625812356
          C3           -0.0107585827155163
          C4           -0.0439113225828019
          C5           -0.0461729279596645
          C6            0.0013076949055380
          C7           -0.1281683465737600
          D1           -0.3771581126597507
          D2           -0.9305750209334183
          D3            2.1195254080520742
          D4           -2.1246309930064329
          D5           -0.0131882077354610
          D6            0.6645429882213397
          D7            0.7806033045976430
          D8           -0.4752342494327860
          D9            0.0920642557695526
         D10           -0.0312443369241453
         D11            0.0232036046033312
         D12           -0.3040203100732521
         D13           -0.2963726204319913
         D14            1.4856672935233888
         D15           -0.3992014237014200

   3NF LECs:
          C1           -0.6166669948650000
          C3           -0.7343898365890000
          C4            0.8790026299720000
          cE           -0.2148894413440000
          cD           -0.4101325119010000

 delta_chiral_order           3
 delta cutoff   450.00000000000000     
 Boxsize   9.3788872768345168     
 Density  0.16000000000000000     
 K_f   1.3330210137859966     
 Nmax           4
 Total number of states        2916
 K-mesh   0.0000000000000000     
 K-mesh -0.66992865163213988     
 K-mesh  0.66992865163213988     
 K-mesh  -1.3398573032642798     
 K-mesh   1.3398573032642798     
 K-mesh  -2.0097859548964196     
 K-mesh   2.0097859548964196     
 K-mesh  -2.6797146065285595     
 K-mesh   2.6797146065285595     
   0.0000000000000000        9.3788872768345168     
   0.0000000000000000        9.3788872768345168     
   0.0000000000000000        9.3788872768345168     
   0.0000000000000000        9.3788872768345168     
 Kz-mesh   0.0000000000000000     
 Kz-mesh -0.66992865163213988     
 Kz-mesh  0.66992865163213988     
 Kz-mesh  -1.3398573032642798     
 Kz-mesh   1.3398573032642798     
 Kz-mesh  -2.0097859548964196     
 Kz-mesh   2.0097859548964196     
 Kz-mesh  -2.6797146065285595     
 Kz-mesh   2.6797146065285595     
 KY-mesh   0.0000000000000000     
 KY-mesh -0.66992865163213988     
 KY-mesh  0.66992865163213988     
 KY-mesh  -1.3398573032642798     
 KY-mesh   1.3398573032642798     
 KY-mesh  -2.0097859548964196     
 KY-mesh   2.0097859548964196     
 KY-mesh  -2.6797146065285595     
 KY-mesh   2.6797146065285595     
           4           4           4          -1           1          -1           1
 nkmin, nkmax           4           4           4
 Occupied j-orbits
     1       0.000000000        0   0   0  -1  -1 hole      
     2       0.000000000        0   0   0   1  -1 hole      
     3       0.000000000        0   0   0  -1   1 hole      
     4       0.000000000        0   0   0   1   1 hole      
     5       9.299790451        0   0  -1  -1  -1 hole      
     6       9.299790451        0   0  -1   1  -1 hole      
     7       9.299790451        0   0  -1  -1   1 hole      
     8       9.299790451        0   0  -1   1   1 hole      
     9       9.299790451        0   1   0  -1  -1 hole      
    10       9.299790451        0   1   0   1  -1 hole      
    11       9.299790451        0   1   0  -1   1 hole      
    12       9.299790451        0   1   0   1   1 hole      
    13       9.299790451        0  -1   0  -1  -1 hole      
    14       9.299790451        0  -1   0   1  -1 hole      
    15       9.299790451        0  -1   0  -1   1 hole      
    16       9.299790451        0  -1   0   1   1 hole      
    17       9.299790451        1   0   0  -1  -1 hole      
    18       9.299790451        1   0   0   1  -1 hole      
    19       9.299790451        1   0   0  -1   1 hole      
    20       9.299790451        1   0   0   1   1 hole      
    21       9.299790451        0   0   1  -1  -1 hole      
    22       9.299790451        0   0   1   1  -1 hole      
    23       9.299790451        0   0   1  -1   1 hole      
    24       9.299790451        0   0   1   1   1 hole      
    25       9.299790451       -1   0   0  -1  -1 hole      
    26       9.299790451       -1   0   0   1  -1 hole      
    27       9.299790451       -1   0   0  -1   1 hole      
    28       9.299790451       -1   0   0   1   1 hole      
    29       18.59958090        0   1   1  -1  -1 hole      
    30       18.59958090        0   1   1   1  -1 hole      
    31       18.59958090        0   1   1  -1   1 hole      
    32       18.59958090        0   1   1   1   1 hole      
    33       18.59958090       -1   1   0  -1  -1 hole      
    34       18.59958090       -1   1   0   1  -1 hole      
    35       18.59958090       -1   1   0  -1   1 hole      
    36       18.59958090       -1   1   0   1   1 hole      
    37       18.59958090        1   0   1  -1  -1 hole      
    38       18.59958090        1   0   1   1  -1 hole      
    39       18.59958090        1   0   1  -1   1 hole      
    40       18.59958090        1   0   1   1   1 hole      
    41       18.59958090        0   1  -1  -1  -1 hole      
    42       18.59958090        0   1  -1   1  -1 hole      
    43       18.59958090        0   1  -1  -1   1 hole      
    44       18.59958090        0   1  -1   1   1 hole      
    45       18.59958090        1   1   0  -1  -1 hole      
    46       18.59958090        1   1   0   1  -1 hole      
    47       18.59958090        1   1   0  -1   1 hole      
    48       18.59958090        1   1   0   1   1 hole      
    49       18.59958090        1   0  -1  -1  -1 hole      
    50       18.59958090        1   0  -1   1  -1 hole      
    51       18.59958090        1   0  -1  -1   1 hole      
    52       18.59958090        1   0  -1   1   1 hole      
    53       18.59958090       -1   0  -1  -1  -1 hole      
    54       18.59958090       -1   0  -1   1  -1 hole      
    55       18.59958090       -1   0  -1  -1   1 hole      
    56       18.59958090       -1   0  -1   1   1 hole      
    57       18.59958090        1  -1   0  -1  -1 hole      
    58       18.59958090        1  -1   0   1  -1 hole      
    59       18.59958090        1  -1   0  -1   1 hole      
    60       18.59958090        1  -1   0   1   1 hole      
    61       18.59958090        0  -1  -1  -1  -1 hole      
    62       18.59958090        0  -1  -1   1  -1 hole      
    63       18.59958090        0  -1  -1  -1   1 hole      
    64       18.59958090        0  -1  -1   1   1 hole      
    65       18.59958090       -1  -1   0  -1  -1 hole      
    66       18.59958090       -1  -1   0   1  -1 hole      
    67       18.59958090       -1  -1   0  -1   1 hole      
    68       18.59958090       -1  -1   0   1   1 hole      
    69       18.59958090       -1   0   1  -1  -1 hole      
    70       18.59958090       -1   0   1   1  -1 hole      
    71       18.59958090       -1   0   1  -1   1 hole      
    72       18.59958090       -1   0   1   1   1 hole      
    73       18.59958090        0  -1   1  -1  -1 hole      
    74       18.59958090        0  -1   1   1  -1 hole      
    75       18.59958090        0  -1   1  -1   1 hole      
    76       18.59958090        0  -1   1   1   1 hole      
    77       27.89937135        1  -1   1  -1  -1 hole      
    78       27.89937135        1  -1   1   1  -1 hole      
    79       27.89937135        1  -1   1  -1   1 hole      
    80       27.89937135        1  -1   1   1   1 hole      
    81       27.89937135        1   1  -1  -1  -1 hole      
    82       27.89937135        1   1  -1   1  -1 hole      
    83       27.89937135        1   1  -1  -1   1 hole      
    84       27.89937135        1   1  -1   1   1 hole      
    85       27.89937135        1   1   1  -1  -1 hole      
    86       27.89937135        1   1   1   1  -1 hole      
    87       27.89937135        1   1   1  -1   1 hole      
    88       27.89937135        1   1   1   1   1 hole      
    89       27.89937135        1  -1  -1  -1  -1 hole      
    90       27.89937135        1  -1  -1   1  -1 hole      
    91       27.89937135        1  -1  -1  -1   1 hole      
    92       27.89937135        1  -1  -1   1   1 hole      
    93       27.89937135       -1   1   1  -1  -1 hole      
    94       27.89937135       -1   1   1   1  -1 hole      
    95       27.89937135       -1   1   1  -1   1 hole      
    96       27.89937135       -1   1   1   1   1 hole      
    97       27.89937135       -1   1  -1  -1  -1 hole      
    98       27.89937135       -1   1  -1   1  -1 hole      
    99       27.89937135       -1   1  -1  -1   1 hole      
   100       27.89937135       -1   1  -1   1   1 hole      
   101       27.89937135       -1  -1  -1  -1  -1 hole      
   102       27.89937135       -1  -1  -1   1  -1 hole      
   103       27.89937135       -1  -1  -1  -1   1 hole      
   104       27.89937135       -1  -1  -1   1   1 hole      
   105       27.89937135       -1  -1   1  -1  -1 hole      
   106       27.89937135       -1  -1   1   1  -1 hole      
   107       27.89937135       -1  -1   1  -1   1 hole      
   108       27.89937135       -1  -1   1   1   1 hole      
   109       37.19916181        2   0   0  -1  -1 hole      
   110       37.19916181        2   0   0   1  -1 hole      
   111       37.19916181        2   0   0  -1   1 hole      
   112       37.19916181        2   0   0   1   1 hole      
   113       37.19916181        0   2   0  -1  -1 hole      
   114       37.19916181        0   2   0   1  -1 hole      
   115       37.19916181        0   2   0  -1   1 hole      
   116       37.19916181        0   2   0   1   1 hole      
   117       37.19916181        0   0   2  -1  -1 hole      
   118       37.19916181        0   0   2   1  -1 hole      
   119       37.19916181        0   0   2  -1   1 hole      
   120       37.19916181        0   0   2   1   1 hole      
   121       37.19916181        0  -2   0  -1  -1 hole      
   122       37.19916181        0  -2   0   1  -1 hole      
   123       37.19916181        0  -2   0  -1   1 hole      
   124       37.19916181        0  -2   0   1   1 hole      
   125       37.19916181       -2   0   0  -1  -1 hole      
   126       37.19916181       -2   0   0   1  -1 hole      
   127       37.19916181       -2   0   0  -1   1 hole      
   128       37.19916181       -2   0   0   1   1 hole      
   129       37.19916181        0   0  -2  -1  -1 hole      
   130       37.19916181        0   0  -2   1  -1 hole      
   131       37.19916181        0   0  -2  -1   1 hole      
   132       37.19916181        0   0  -2   1   1 hole      
 Unoccupied j-orbits
   133       46.49895226       -1   0   2  -1  -1 particle  
   134       46.49895226       -1   0   2   1  -1 particle  
   135       46.49895226       -1   0   2  -1   1 particle  
   136       46.49895226       -1   0   2   1   1 particle  
   137       46.49895226        0  -1   2  -1  -1 particle  
   138       46.49895226        0  -1   2   1  -1 particle  
   139       46.49895226        0  -1   2  -1   1 particle  
   140       46.49895226        0  -1   2   1   1 particle  
   141       46.49895226       -2  -1   0  -1  -1 particle  
   142       46.49895226       -2  -1   0   1  -1 particle  
   143       46.49895226       -2  -1   0  -1   1 particle  
 Sz and Tz for vacuum state   0.0000000000000000        0.0000000000000000     
          -8           8          -8           8          -8           8
 Total memory for lookup configs   2.2760448000000821E-002 GByte
 Total memory for channels   1.2264000000000000E-004 GByte
             48407808     3025488         555
             48407808     3025488        5448
 Setting up vnn for hhhh block
 Time to setup hhhh block   8.4243569374084473     
 Setting up vnn for hhhp block
 Time to setup hhhp block   16.772280931472778     
 Setting up vnn for hhpp block
 Time to setup hhpp block   24.701744079589844     
 Setting up vnn for hphp block
 Time to setup hphp block   24.693603992462158     
 Setting up vnn for pppp block
 Time to setup pppp block   1300.5050630569458     
 Total memory for vnn storage   3.3134343679999798      GByte
          -8           8          -8           8          -8           8
 Total memory for lookup ph configs   1.4699519999999406E-002 GByte
 Total memory for ph channels   2.6150400000000002E-004 GByte
             48407808     3025488        5448
 Setting up vnn for ph hpph block
 Time to setup ph hpph block  0.82714009284973145     
 Total memory for vnn/t2 ph storage   1.5490498559999188      GByte
 kinetic energy = (  2901.5346207972821     ,  0.0000000000000000     )
 below_ef =         132
 Vacuum expectation value ( -984.06582796682926     ,  0.0000000000000000     )
 3NF vacuum expectation value (  10.057834581132180     ,  3.6717889406650732E-029)
 Vacuum expectation value with 3nf (  2.6027904298683220     ,  3.6717889406650732E-029)
 Time for e0   3.4488916397094727E-002
 Time for f3nf   1.4282920360565186     
 e0 3nf (  1327.6341651144689     ,  8.0779358620561553E-027) (  1327.6341647094478     ,  4.8467614016778965E-027)
 Setting up v3nf_2bNO for hhhh block
 Time to setup v3nf_2bNO hhhh block   7.0070691108703613     
 Setting up v3nf_2bNO for hhpp block
 Time to setup v3nf_2bNO hhpp block   138.54108405113220     
 Setting up v3nf_2bNO for hphp block
 Time to setup v3nf_2bNO hphp block   71.630414009094238     
 Setting up v3nf_NO for pppp block
 Time to setup v3nf_2bNO pppp block   1026.2861750125885     
 Total memory for t2 storage   1.5490498559999957      GByte
 here we go...
 here we go...
 here we go...
 here we go...
 here we go...
 here we go...
 here we go...
 here we go...
 here we go...
 here we go...
 here we go...
 here we go...
 here we go...
 here we go...
 here we go...
 here we go...
 CCD energy ( -576.80463740952166     ,  1.2557073710599053E-017)
 diis space    48407808
 Storage of diis vectors   5.4216744959999996      Gb
 CCD energy ( -549.74895692914049     ,  1.0303594160401639E-012)
dener    0    1  0.27055680E+02
 CCD energy ( -532.35617751318102     ,  1.7648687269597193E-012)
dener    0    2  0.17392779E+02
 CCD energy ( -521.41290648248912     ,  2.2923834411903152E-012)
dener    0    3  0.10943271E+02
 CCD energy ( -514.72180450537235     ,  2.6752152406430990E-012)
dener    0    4  0.66911020E+01
 CCD energy ( -510.79739584828474     ,  2.9561368416030810E-012)
dener    0    5  0.39244087E+01
diis_mat    1    1  0.5648E-01
diis_mat    1    2  0.3972E-01
diis_mat    1    3  0.2798E-01
diis_mat    1    4  0.1977E-01
diis_mat    1    5  0.1403E-01
diis_mat    1    6 -0.1000E+01
diis_mat    2    1  0.3972E-01
diis_mat    2    2  0.2801E-01
diis_mat    2    3  0.1979E-01
diis_mat    2    4  0.1403E-01
diis_mat    2    5  0.9991E-02
diis_mat    2    6 -0.1000E+01
diis_mat    3    1  0.2798E-01
diis_mat    3    2  0.1979E-01
diis_mat    3    3  0.1403E-01
diis_mat    3    4  0.9984E-02
diis_mat    3    5  0.7139E-02
diis_mat    3    6 -0.1000E+01
diis_mat    4    1  0.1977E-01
diis_mat    4    2  0.1403E-01
diis_mat    4    3  0.9984E-02
diis_mat    4    4  0.7134E-02
diis_mat    4    5  0.5124E-02
diis_mat    4    6 -0.1000E+01
diis_mat    5    1  0.1403E-01
diis_mat    5    2  0.9991E-02
diis_mat    5    3  0.7139E-02
diis_mat    5    4  0.5124E-02
diis_mat    5    5  0.3698E-02
diis_mat    5    6 -0.1000E+01
diis_mat    6    1 -0.1000E+01
diis_mat    6    2 -0.1000E+01
diis_mat    6    3 -0.1000E+01
diis_mat    6    4 -0.1000E+01
diis_mat    6    5 -0.1000E+01
diis_mat    6    6  0.0000E+00
 csysv info           0
sol_vec    1  0.1655E+02  0.1108E-07
sol_vec    2 -0.1058E+03 -0.5784E-07
sol_vec    3  0.2488E+03  0.1127E-06
sol_vec    4 -0.2560E+03 -0.9689E-07
sol_vec    5  0.9745E+02  0.3098E-07
sol_vec    6  0.3965E-06 -0.2392E-14
 CCD energy ( -511.43419817234565     , -5.2630128964125620E-010)
dener    0    6 -0.63680232E+00
 CCD energy ( -511.41869883227935     , -3.7252606591801032E-010)
dener    0    7  0.15499340E-01
 CCD energy ( -511.40664185092601     , -2.6469903063208898E-010)
dener    0    8  0.12056981E-01
 CCD energy ( -511.39731689379153     , -1.8880934671345312E-010)
dener    0    9  0.93249571E-02
 CCD energy ( -511.39014464286174     , -1.3517920779340301E-010)
dener    0   10  0.71722509E-02
 CCD energy ( -511.38465874237306     , -9.7109969180169672E-011)
dener    0   11  0.54859005E-02
diis_mat    1    1  0.2995E-06
diis_mat    1    2  0.2395E-06
diis_mat    1    3  0.1926E-06
diis_mat    1    4  0.1556E-06
diis_mat    1    5  0.1262E-06
diis_mat    1    6 -0.1000E+01
diis_mat    2    1  0.2395E-06
diis_mat    2    2  0.1926E-06
diis_mat    2    3  0.1556E-06
diis_mat    2    4  0.1262E-06
diis_mat    2    5  0.1027E-06
diis_mat    2    6 -0.1000E+01
diis_mat    3    1  0.1926E-06
diis_mat    3    2  0.1556E-06
diis_mat    3    3  0.1262E-06
diis_mat    3    4  0.1027E-06
diis_mat    3    5  0.8391E-07
diis_mat    3    6 -0.1000E+01
diis_mat    4    1  0.1556E-06
diis_mat    4    2  0.1262E-06
diis_mat    4    3  0.1027E-06
diis_mat    4    4  0.8391E-07
diis_mat    4    5  0.6872E-07
diis_mat    4    6 -0.1000E+01
diis_mat    5    1  0.1262E-06
diis_mat    5    2  0.1027E-06
diis_mat    5    3  0.8391E-07
diis_mat    5    4  0.6872E-07
diis_mat    5    5  0.5642E-07
diis_mat    5    6 -0.1000E+01
diis_mat    6    1 -0.1000E+01
diis_mat    6    2 -0.1000E+01
diis_mat    6    3 -0.1000E+01
diis_mat    6    4 -0.1000E+01
diis_mat    6    5 -0.1000E+01
diis_mat    6    6  0.0000E+00
 csysv info           0
sol_vec    1  0.8482E+02 -0.1189E-05
sol_vec    2 -0.4598E+03  0.5943E-05
sol_vec    3  0.9317E+03 -0.1105E-04
sol_vec    4 -0.8363E+03  0.9065E-05
sol_vec    5  0.2806E+03 -0.2767E-05
sol_vec    6  0.1736E-11  0.1035E-18
 CCD energy ( -511.36925476752265     ,  5.1994825656281663E-012)
dener    0   12  0.15403975E-01
 CCD energy ( -511.36938695668175     ,  5.7138617847652236E-012)
dener    0   13 -0.13218916E-03
 CCD energy ( -511.36948262473800     ,  5.8384758238698087E-012)
dener    0   14 -0.95668056E-04
 CCD energy ( -511.36955223922394     ,  5.7538974570808572E-012)
dener    0   15 -0.69614486E-04
 CCD energy ( -511.36960317198168     ,  5.5686243357048915E-012)
dener    0   16 -0.50932758E-04
 CCD energy ( -511.36964063801520     ,  5.3454770881442476E-012)
dener    0   17 -0.37466034E-04
diis_mat    1    1  0.9116E-12
diis_mat    1    2  0.7111E-12
diis_mat    1    3  0.5584E-12
diis_mat    1    4  0.4411E-12
diis_mat    1    5  0.3504E-12
diis_mat    1    6 -0.1000E+01
diis_mat    2    1  0.7111E-12
diis_mat    2    2  0.5582E-12
diis_mat    2    3  0.4409E-12
diis_mat    2    4  0.3502E-12
diis_mat    2    5  0.2796E-12
diis_mat    2    6 -0.1000E+01
diis_mat    3    1  0.5584E-12
diis_mat    3    2  0.4409E-12
diis_mat    3    3  0.3501E-12
diis_mat    3    4  0.2795E-12
diis_mat    3    5  0.2242E-12
diis_mat    3    6 -0.1000E+01
diis_mat    4    1  0.4411E-12
diis_mat    4    2  0.3502E-12
diis_mat    4    3  0.2795E-12
diis_mat    4    4  0.2241E-12
diis_mat    4    5  0.1805E-12
diis_mat    4    6 -0.1000E+01
diis_mat    5    1  0.3504E-12
diis_mat    5    2  0.2796E-12
diis_mat    5    3  0.2242E-12
diis_mat    5    4  0.1805E-12
diis_mat    5    5  0.1459E-12
diis_mat    5    6 -0.1000E+01
diis_mat    6    1 -0.1000E+01
diis_mat    6    2 -0.1000E+01
diis_mat    6    3 -0.1000E+01
diis_mat    6    4 -0.1000E+01
diis_mat    6    5 -0.1000E+01
diis_mat    6    6  0.0000E+00
 csysv info           0
sol_vec    1  0.1544E+03  0.2265E-03
sol_vec    2 -0.8047E+03 -0.1122E-02
sol_vec    3  0.1569E+04  0.2070E-02
sol_vec    4 -0.1356E+04 -0.1688E-02
sol_vec    5  0.4384E+03  0.5124E-03
sol_vec    6 -0.3692E-18 -0.3589E-22
 CCD energy ( -511.36975284752327     ,  4.7068887891152027E-012)
dener    0   18 -0.11220951E-03
 CCD energy ( -511.36975285735252     ,  4.3570979086864935E-012)
dener    0   19 -0.98292503E-08
 Total execution time CCD   164.86596512794495     


 ---------------------------------------------------------------------
 Boxsize   9.3788872768345168      Nmax           4
 A, Density, Kf         132  0.16000000000000000        1.3330210137859966     
 Twist averaged E0/N (  2.6027904298683220     ,  3.6717889406650732E-029)
 Twist averaged mbpt2 ( -4.3697321015872852     ,  9.5129346292417076E-020)
 Twist averaged CCSD ( -3.8740132792223676     ,  3.3008317490049195E-014)
 kinetic_TF   2916.1860727459757     
  0.16000000000000000      (  2.6027904298683220     ,  3.6717889406650732E-029) ( -511.36975285735252     ,  4.3570979086864935E-012)

 E/N   1.33302104      0.159999996       2.6027904298683220       -4.3697321015872852       -3.8740132792223676        0.0000000000000000     
#Nmax, Nucleons, 3NFnexp, 3NFCutoff: 4 132 3 450
    -0.21489    -0.41013     1.33302     0.16000     2.60279    -4.36973    -3.87401     0.00000
 ---------------------------------------------------------------------
 Total execution time for CCD code   2935.9915139675140     
mpprun info: Elapsed time (h:m:s):  0:48:57.180948
