 LEC_c1_input!!!!= -0.73999999999999999     
 NN regulator Exponent:    3.0000000000000000     
 -----------
 NN ci's
   0.0000000000000000     
   0.0000000000000000     
   0.0000000000000000     
   0.0000000000000000     
 3NF ci's
   0.0000000000000000     
   0.0000000000000000     
   0.0000000000000000     
   0.0000000000000000     
 -----------
 --------
 c1s0(-1) -0.30961791443338998     
 c1s0(0) -0.31044306317344000     
 c1s0(1) -0.31025602752204001     
 c3s1(-1) -0.19101282179128001     
 c3s1(0) -0.19101282179128001     
 c3s1(1) -0.19101282179128001     
 --------
 -----------
 NLO contacts PW
   2.3953750698639600     
  0.72704893792456005     
   1.5246515557610000E-002
 -0.95141699037066996     
  0.53937803376996996     
  0.35844312523339000     
 -0.79362089675142000     
 ----------
          C1            0.0700111916986926
          C2            0.0393401450737187
          C3           -0.0089138277612553
          C4           -0.0717012160263660
          C5           -0.0510877696373188
          C6            0.0023536886189429
          C7           -0.1304318272490088
          D1           -0.3771581126597507
          D2           -0.9305750209334183
          D3            2.1195254080520742
          D4           -2.1246309930064329
          D5           -0.0131882077354610
          D6            0.6645429882213397
          D7            0.7806033045976430
          D8           -0.4752342494327860
          D9            0.0920642557695526
         D10           -0.0312443369241453
         D11            0.0232036046033312
         D12           -0.3040203100732521
         D13           -0.2963726204319913
         D14            1.4856672935233888
         D15           -0.3992014237014200
 wtf cE,cD=    0.0000000000000000           0.0000000000000000     

   3NF LECs:
          C1            0.0000000000000000
          C3            0.0000000000000000
          C4            0.0000000000000000
          cE            0.0000000000000000
          cD            0.0000000000000000

 delta_chiral_order           2
 delta cutoff   500.00000000000000     
Boundary Conditions PBC                                                                                                 
CC approx CCD(T)                                                                                              
 TNF: T TNF-approx:           3
 3NF Cutoff:   500.00000000000000      Nexp_3NF:           3
 Boxsize   8.1932127060064577     
 Density  0.12000000000000000     
 K_f   1.5259281401037115     
 Nmax           4
 Total number of states        1458
 K-mesh   0.0000000000000000     
 K-mesh -0.76687686901785990     
 K-mesh  0.76687686901785990     
 K-mesh  -1.5337537380357198     
 K-mesh   1.5337537380357198     
 K-mesh  -2.3006306070535798     
 K-mesh   2.3006306070535798     
 K-mesh  -3.0675074760714396     
 K-mesh   3.0675074760714396     
   0.0000000000000000        8.1932127060064577     
   0.0000000000000000        8.1932127060064577     
   0.0000000000000000        8.1932127060064577     
   0.0000000000000000        8.1932127060064577     
 Kz-mesh   0.0000000000000000     
 Kz-mesh -0.76687686901785990     
 Kz-mesh  0.76687686901785990     
 Kz-mesh  -1.5337537380357198     
 Kz-mesh   1.5337537380357198     
 Kz-mesh  -2.3006306070535798     
 Kz-mesh   2.3006306070535798     
 Kz-mesh  -3.0675074760714396     
 Kz-mesh   3.0675074760714396     
 KY-mesh   0.0000000000000000     
 KY-mesh -0.76687686901785990     
 KY-mesh  0.76687686901785990     
 KY-mesh  -1.5337537380357198     
 KY-mesh   1.5337537380357198     
 KY-mesh  -2.3006306070535798     
 KY-mesh   2.3006306070535798     
 KY-mesh  -3.0675074760714396     
 KY-mesh   3.0675074760714396     
           4           4           4          -1           1           1           1
 nkmin, nkmax           4           4           4
 Occupied j-orbits
     1       0.000000000        0   0   0  -1   1 hole      
     2       0.000000000        0   0   0   1   1 hole      
     3       12.18617290       -1   0   0  -1   1 hole      
     4       12.18617290       -1   0   0   1   1 hole      
     5       12.18617290        0   0  -1  -1   1 hole      
     6       12.18617290        0   0  -1   1   1 hole      
     7       12.18617290        0  -1   0  -1   1 hole      
     8       12.18617290        0  -1   0   1   1 hole      
     9       12.18617290        0   1   0  -1   1 hole      
    10       12.18617290        0   1   0   1   1 hole      
    11       12.18617290        1   0   0  -1   1 hole      
    12       12.18617290        1   0   0   1   1 hole      
    13       12.18617290        0   0   1  -1   1 hole      
    14       12.18617290        0   0   1   1   1 hole      
    15       24.37234579        1   1   0  -1   1 hole      
    16       24.37234579        1   1   0   1   1 hole      
    17       24.37234579        0   1   1  -1   1 hole      
    18       24.37234579        0   1   1   1   1 hole      
    19       24.37234579        1  -1   0  -1   1 hole      
    20       24.37234579        1  -1   0   1   1 hole      
    21       24.37234579       -1   0  -1  -1   1 hole      
    22       24.37234579       -1   0  -1   1   1 hole      
    23       24.37234579       -1  -1   0  -1   1 hole      
    24       24.37234579       -1  -1   0   1   1 hole      
    25       24.37234579       -1   0   1  -1   1 hole      
    26       24.37234579       -1   0   1   1   1 hole      
    27       24.37234579       -1   1   0  -1   1 hole      
    28       24.37234579       -1   1   0   1   1 hole      
    29       24.37234579        0   1  -1  -1   1 hole      
    30       24.37234579        0   1  -1   1   1 hole      
    31       24.37234579        1   0   1  -1   1 hole      
    32       24.37234579        1   0   1   1   1 hole      
    33       24.37234579        0  -1  -1  -1   1 hole      
    34       24.37234579        0  -1  -1   1   1 hole      
    35       24.37234579        0  -1   1  -1   1 hole      
    36       24.37234579        0  -1   1   1   1 hole      
    37       24.37234579        1   0  -1  -1   1 hole      
    38       24.37234579        1   0  -1   1   1 hole      
    39       36.55851869        1  -1   1  -1   1 hole      
    40       36.55851869        1  -1   1   1   1 hole      
    41       36.55851869       -1   1   1  -1   1 hole      
    42       36.55851869       -1   1   1   1   1 hole      
    43       36.55851869       -1  -1   1  -1   1 hole      
    44       36.55851869       -1  -1   1   1   1 hole      
    45       36.55851869        1  -1  -1  -1   1 hole      
    46       36.55851869        1  -1  -1   1   1 hole      
    47       36.55851869       -1   1  -1  -1   1 hole      
    48       36.55851869       -1   1  -1   1   1 hole      
    49       36.55851869       -1  -1  -1  -1   1 hole      
    50       36.55851869       -1  -1  -1   1   1 hole      
    51       36.55851869        1   1   1  -1   1 hole      
    52       36.55851869        1   1   1   1   1 hole      
    53       36.55851869        1   1  -1  -1   1 hole      
    54       36.55851869        1   1  -1   1   1 hole      
    55       48.74469159        0   0   2  -1   1 hole      
    56       48.74469159        0   0   2   1   1 hole      
    57       48.74469159       -2   0   0  -1   1 hole      
    58       48.74469159       -2   0   0   1   1 hole      
    59       48.74469159        0   2   0  -1   1 hole      
    60       48.74469159        0   2   0   1   1 hole      
    61       48.74469159        0   0  -2  -1   1 hole      
    62       48.74469159        0   0  -2   1   1 hole      
    63       48.74469159        2   0   0  -1   1 hole      
    64       48.74469159        2   0   0   1   1 hole      
    65       48.74469159        0  -2   0  -1   1 hole      
    66       48.74469159        0  -2   0   1   1 hole      
 Unoccupied j-orbits
    67       60.93086448       -2   0   1  -1   1 particle  
    68       60.93086448       -2   0   1   1   1 particle  
    69       60.93086448       -1   2   0  -1   1 particle  
    70       60.93086448       -1   2   0   1   1 particle  
    71       60.93086448       -1   0  -2  -1   1 particle  
    72       60.93086448       -1   0  -2   1   1 particle  
    73       60.93086448       -2   0  -1  -1   1 particle  
    74       60.93086448       -2   0  -1   1   1 particle  
    75       60.93086448        2  -1   0  -1   1 particle  
    76       60.93086448        2  -1   0   1   1 particle  
    77       60.93086448        2   0  -1  -1   1 particle  
 Sz and Tz for vacuum state   0.0000000000000000        66.000000000000000     
          -8           8          -8           8          -8           8
 Total memory for lookup configs   5.6901119999999113E-003 GByte
 Total memory for channels   4.0880000000000002E-005 GByte
              8067968      504248         185
              8067968      504248        1816
 Setting up vnn for hhhh block
 Time to setup hhhh block  0.92440394498407841     
 Setting up vnn for hhhp block
 Time to setup hhhp block   1.8254676209762692     
 Setting up vnn for hhpp block
 Time to setup hhpp block   3.6542661488056183     
 Setting up vnn for hphp block
 Time to setup hphp block   3.1322976518422365     
 Setting up vnn for pppp block
 Time to setup pppp block   143.82032712316141     
 Total memory for vnn storage  0.55222438400000029      GByte
          -8           8          -8           8          -8           8
 Total memory for lookup ph configs   3.6748800000001611E-003 GByte
 Total memory for ph channels   8.7168000000000003E-005 GByte
              8067968      504248        1816
 Setting up vnn for ph hpph block
 Time to setup ph hpph block  0.14126979978755116     
 Total memory for vnn/t2 ph storage  0.25817497600000122      GByte
 Vacuum expectation value               (709.89603780118989,0.0000000000000000)
 3NF vacuum expectation value               (2.5951664976100162,0.0000000000000000)
 Vacuum expectation value with 3nf               (13.351167070355318,0.0000000000000000)
 Time for e0   2.8143408708274364E-002
 Time for f3nf  0.28246243903413415     
 e0 3nf               (171.28098890461467,0.0000000000000000)               (171.28098884226108,0.0000000000000000)
 Setting up v3nf_2bNO for hhhh block
 Time to setup v3nf_2bNO hhhh block  0.92901982134208083     
 Setting up v3nf_2bNO for hhpp block
 Time to setup v3nf_2bNO hhpp block   19.290197415743023     
 Setting up v3nf_2bNO for hphp block
 Time to setup v3nf_2bNO hphp block   10.049772404599935     
 Setting up v3nf_NO for pppp block
 Time to setup v3nf_2bNO pppp block   134.69395851902664     
 here we go...
 Total memory for t2 storage  0.25817497600000017      GByte
 here we go...
 here we go...
 here we go...
 here we go...
 here we go...
 here we go...
 here we go...
 here we go...
 here we go...
 here we go...
 here we go...
 here we go...
 here we go...
 here we go...
 here we go...
 CCD energy         (719.57696617227725,4.90139764554683809E-018)
 diis space     8067968
 Storage of diis vectors  0.90361241599999997      Gb
 CCD energy        (732.13006894834518,-2.71691905881125224E-017)
dener    0    1  0.12553103E+02
 CCD energy        (740.36684302332731,-2.13379510814179019E-017)
dener    0    2  0.82367741E+01
 CCD energy        (745.75124123078740,-1.16600967332250883E-017)
dener    0    3  0.53843982E+01
 CCD energy        (749.26306677214541,-1.32905292775712097E-017)
dener    0    4  0.35118255E+01
 CCD energy        (751.55034690062212,-6.97775154036251941E-018)
dener    0    5  0.22872801E+01
diis_mat    1    1  0.8630E-02
diis_mat    1    2  0.5625E-02
diis_mat    1    3  0.3664E-02
diis_mat    1    4  0.2394E-02
diis_mat    1    5  0.1574E-02
diis_mat    1    6 -0.1000E+01
diis_mat    2    1  0.5625E-02
diis_mat    2    2  0.3673E-02
diis_mat    2    3  0.2397E-02
diis_mat    2    4  0.1570E-02
diis_mat    2    5  0.1035E-02
diis_mat    2    6 -0.1000E+01
diis_mat    3    1  0.3664E-02
diis_mat    3    2  0.2397E-02
diis_mat    3    3  0.1568E-02
diis_mat    3    4  0.1029E-02
diis_mat    3    5  0.6804E-03
diis_mat    3    6 -0.1000E+01
diis_mat    4    1  0.2394E-02
diis_mat    4    2  0.1570E-02
diis_mat    4    3  0.1029E-02
diis_mat    4    4  0.6777E-03
diis_mat    4    5  0.4492E-03
diis_mat    4    6 -0.1000E+01
diis_mat    5    1  0.1574E-02
diis_mat    5    2  0.1035E-02
diis_mat    5    3  0.6804E-03
diis_mat    5    4  0.4492E-03
diis_mat    5    5  0.2988E-03
diis_mat    5    6 -0.1000E+01
diis_mat    6    1 -0.1000E+01
diis_mat    6    2 -0.1000E+01
diis_mat    6    3 -0.1000E+01
diis_mat    6    4 -0.1000E+01
diis_mat    6    5 -0.1000E+01
diis_mat    6    6  0.0000E+00
 csysv info           0
sol_vec    1  0.7867E+01  0.1076E-07
sol_vec    2 -0.5509E+02 -0.5914E-07
sol_vec    3  0.1401E+03  0.1224E-06
sol_vec    4 -0.1545E+03 -0.1124E-06
sol_vec    5  0.6263E+02  0.3839E-07
sol_vec    6  0.2345E-08 -0.1092E-14
 CCD energy        (755.84124867092112,-3.71103750333098650E-010)
dener    0    6  0.42909018E+01
 CCD energy        (755.80904451630215,-2.46829741566231898E-010)
dener    0    7 -0.32204155E-01
 CCD energy        (755.78783699032090,-1.65608502682274323E-010)
dener    0    8 -0.21207526E-01
 CCD energy        (755.77377553645965,-1.12178966130205161E-010)
dener    0    9 -0.14061454E-01
 CCD energy        (755.76438670049492,-7.67764569672235196E-011)
dener    0   10 -0.93888360E-02
 CCD energy        (755.75807257106453,-5.31298186119464981E-011)
dener    0   11 -0.63141294E-02
diis_mat    1    1  0.1762E-07
diis_mat    1    2  0.8914E-08
diis_mat    1    3  0.3832E-08
diis_mat    1    4  0.9466E-09
diis_mat    1    5 -0.6164E-09
diis_mat    1    6 -0.1000E+01
diis_mat    2    1  0.8914E-08
diis_mat    2    2  0.5513E-08
diis_mat    2    3  0.3317E-08
diis_mat    2    4  0.1910E-08
diis_mat    2    5  0.1019E-08
diis_mat    2    6 -0.1000E+01
diis_mat    3    1  0.3832E-08
diis_mat    3    2  0.3317E-08
diis_mat    3    3  0.2724E-08
diis_mat    3    4  0.2167E-08
diis_mat    3    5  0.1688E-08
diis_mat    3    6 -0.1000E+01
diis_mat    4    1  0.9466E-09
diis_mat    4    2  0.1910E-08
diis_mat    4    3  0.2167E-08
diis_mat    4    4  0.2083E-08
diis_mat    4    5  0.1853E-08
diis_mat    4    6 -0.1000E+01
diis_mat    5    1 -0.6164E-09
diis_mat    5    2  0.1019E-08
diis_mat    5    3  0.1688E-08
diis_mat    5    4  0.1853E-08
diis_mat    5    5  0.1771E-08
diis_mat    5    6 -0.1000E+01
diis_mat    6    1 -0.1000E+01
diis_mat    6    2 -0.1000E+01
diis_mat    6    3 -0.1000E+01
diis_mat    6    4 -0.1000E+01
diis_mat    6    5 -0.1000E+01
diis_mat    6    6  0.0000E+00
 csysv info           0
sol_vec    1  0.2173E+02 -0.2178E-05
sol_vec    2 -0.1332E+03  0.1179E-04
sol_vec    3  0.3031E+03 -0.2365E-04
sol_vec    4 -0.3037E+03  0.2083E-04
sol_vec    5  0.1130E+03 -0.6784E-05
sol_vec    6  0.8124E-12  0.1059E-18
 CCD energy         (755.74398485143570,1.13834399450471210E-011)
dener    0   12 -0.14087720E-01
 CCD energy         (755.74398186371513,7.38179389061665339E-012)
dener    0   13 -0.29877206E-05
 CCD energy         (755.74397826072936,4.91833254952845814E-012)
dener    0   14 -0.36029857E-05
 CCD energy         (755.74397508910386,3.38097711442289316E-012)
dener    0   15 -0.31716255E-05
 CCD energy         (755.74397267998438,2.40310870760795562E-012)
dener    0   16 -0.24091195E-05
 CCD energy         (755.74397103836714,1.76541643130456093E-012)
dener    0   17 -0.16416172E-05
diis_mat    1    1  0.5449E-12
diis_mat    1    2  0.4590E-12
diis_mat    1    3  0.3788E-12
diis_mat    1    4  0.3085E-12
diis_mat    1    5  0.2491E-12
diis_mat    1    6 -0.1000E+01
diis_mat    2    1  0.4590E-12
diis_mat    2    2  0.4105E-12
diis_mat    2    3  0.3534E-12
diis_mat    2    4  0.2972E-12
diis_mat    2    5  0.2462E-12
diis_mat    2    6 -0.1000E+01
diis_mat    3    1  0.3788E-12
diis_mat    3    2  0.3534E-12
diis_mat    3    3  0.3127E-12
diis_mat    3    4  0.2681E-12
diis_mat    3    5  0.2254E-12
diis_mat    3    6 -0.1000E+01
diis_mat    4    1  0.3085E-12
diis_mat    4    2  0.2972E-12
diis_mat    4    3  0.2681E-12
diis_mat    4    4  0.2329E-12
diis_mat    4    5  0.1977E-12
diis_mat    4    6 -0.1000E+01
diis_mat    5    1  0.2491E-12
diis_mat    5    2  0.2462E-12
diis_mat    5    3  0.2254E-12
diis_mat    5    4  0.1977E-12
diis_mat    5    5  0.1690E-12
diis_mat    5    6 -0.1000E+01
diis_mat    6    1 -0.1000E+01
diis_mat    6    2 -0.1000E+01
diis_mat    6    3 -0.1000E+01
diis_mat    6    4 -0.1000E+01
diis_mat    6    5 -0.1000E+01
diis_mat    6    6  0.0000E+00
 csysv info           0
sol_vec    1  0.3480E+02  0.1018E-04
sol_vec    2 -0.2039E+03 -0.5332E-04
sol_vec    3  0.4446E+03  0.1035E-03
sol_vec    4 -0.4278E+03 -0.8834E-04
sol_vec    5  0.1533E+03  0.2795E-04
sol_vec    6  0.7227E-17 -0.7831E-23
 CCD energy        (755.74397406095034,-6.28018017345365179E-013)
dener    0   18  0.30225831E-05
 CCD energy        (755.74397370558472,-4.21045796945803313E-013)
dener    0   19 -0.35536559E-06
 Total execution time CCD   32.486427578143775     
 preparing to do CCD(T): 
          -8           8          -8           8          -8           8
 Total memory for lookup configs   1.1863487999999986E-002 GByte
 Total memory for channels   1.1892543999999986E-002 GByte
             89696544     5606034        1816
 Setting up vnn (NN+3NF) for hppp block
 Time to setup hppp block   216.80183165799826     
 Total memory for vnn storage  0.72946489599999531      GByte
          12          12          12           3           3
 Total memory for lookup t3-confs   1.2188792640000019      Gbyte
 3NF with deltas: T
           9835169512   614698094         539

 proc number   0      % work  0.100000E+03

          Channel #:     1
    Row index start:     1
      Row index end:     2
 Column index start:     1
   Column index end:  ****

          Channel #:     2
    Row index start:     1
      Row index end:     2
 Column index start:     1
   Column index end:  ****

          Channel #:     3
    Row index start:     1
      Row index end:     2
 Column index start:     1
   Column index end:  ****

          Channel #:     4
    Row index start:     1
      Row index end:     2
 Column index start:     1
   Column index end:  ****

          Channel #:     5
    Row index start:     1
      Row index end:     2
 Column index start:     1
   Column index end:  ****

          Channel #:     6
    Row index start:     1
      Row index end:     2
 Column index start:     1
   Column index end:  ****

          Channel #:     7
    Row index start:     1
      Row index end:     2
 Column index start:     1
   Column index end:  ****

          Channel #:     8
    Row index start:     1
      Row index end:     2
 Column index start:     1
   Column index end:  ****

          Channel #:     9
    Row index start:     1
      Row index end:     2
 Column index start:     1
   Column index end:  ****

          Channel #:    10
    Row index start:     1
      Row index end:     2
 Column index start:     1
   Column index end:  ****

          Channel #:    11
    Row index start:     1
      Row index end:     8
 Column index start:     1
   Column index end:  ****

          Channel #:    12
    Row index start:     1
      Row index end:    12
 Column index start:     1
   Column index end:  ****

          Channel #:    13
    Row index start:     1
      Row index end:     8
 Column index start:     1
   Column index end:  ****

          Channel #:    14
    Row index start:     1
      Row index end:     2
 Column index start:     1
   Column index end:  ****

          Channel #:    15
    Row index start:     1
      Row index end:     8
 Column index start:     1
   Column index end:  ****

          Channel #:    16
    Row index start:     1
      Row index end:    18
 Column index start:     1
   Column index end:  ****

          Channel #:    17
    Row index start:     1
      Row index end:    26
 Column index start:     1
   Column index end:  ****

          Channel #:    18
    Row index start:     1
      Row index end:    18
 Column index start:     1
   Column index end:  ****

          Channel #:    19
    Row index start:     1
      Row index end:     8
 Column index start:     1
   Column index end:  ****

          Channel #:    20
    Row index start:     1
      Row index end:    12
 Column index start:     1
   Column index end:  ****

          Channel #:    21
    Row index start:     1
      Row index end:    26
 Column index start:     1
   Column index end:  ****

          Channel #:    22
    Row index start:     1
      Row index end:    36
 Column index start:     1
   Column index end:  ****

          Channel #:    23
    Row index start:     1
      Row index end:    26
 Column index start:     1
   Column index end:  ****

          Channel #:    24
    Row index start:     1
      Row index end:    12
 Column index start:     1
   Column index end:  ****

          Channel #:    25
    Row index start:     1
      Row index end:     8
 Column index start:     1
   Column index end:  ****

          Channel #:    26
    Row index start:     1
      Row index end:    18
 Column index start:     1
   Column index end:  ****

          Channel #:    27
    Row index start:     1
      Row index end:    26
 Column index start:     1
   Column index end:  ****

          Channel #:    28
    Row index start:     1
      Row index end:    18
 Column index start:     1
   Column index end:  ****

          Channel #:    29
    Row index start:     1
      Row index end:     8
 Column index start:     1
   Column index end:  ****

          Channel #:    30
    Row index start:     1
      Row index end:     2
 Column index start:     1
   Column index end:  ****

          Channel #:    31
    Row index start:     1
      Row index end:     8
 Column index start:     1
   Column index end:  ****

          Channel #:    32
    Row index start:     1
      Row index end:    12
 Column index start:     1
   Column index end:  ****

          Channel #:    33
    Row index start:     1
      Row index end:     8
 Column index start:     1
   Column index end:  ****

          Channel #:    34
    Row index start:     1
      Row index end:     2
 Column index start:     1
   Column index end:  ****

          Channel #:    35
    Row index start:     1
      Row index end:     2
 Column index start:     1
   Column index end:  ****

          Channel #:    36
    Row index start:     1
      Row index end:    12
 Column index start:     1
   Column index end:  ****

          Channel #:    37
    Row index start:     1
      Row index end:    16
 Column index start:     1
   Column index end:  ****

          Channel #:    38
    Row index start:     1
      Row index end:    12
 Column index start:     1
   Column index end:  ****

          Channel #:    39
    Row index start:     1
      Row index end:     2
 Column index start:     1
   Column index end:  ****

          Channel #:    40
    Row index start:     1
      Row index end:     2
 Column index start:     1
   Column index end:  ****

          Channel #:    41
    Row index start:     1
      Row index end:    18
 Column index start:     1
   Column index end:  ****

          Channel #:    42
    Row index start:     1
      Row index end:    44
 Column index start:     1
   Column index end:  ****

          Channel #:    43
    Row index start:     1
      Row index end:    58
 Column index start:     1
   Column index end:  ****

          Channel #:    44
    Row index start:     1
      Row index end:    44
 Column index start:     1
   Column index end:  ****

          Channel #:    45
    Row index start:     1
      Row index end:    18
 Column index start:     1
   Column index end:  ****

          Channel #:    46
    Row index start:     1
      Row index end:     2
 Column index start:     1
   Column index end:  ****

          Channel #:    47
    Row index start:     1
      Row index end:    12
 Column index start:     1
   Column index end:  ****

          Channel #:    48
    Row index start:     1
      Row index end:    44
 Column index start:     1
   Column index end:  ****

          Channel #:    49
    Row index start:     1
      Row index end:    90
 Column index start:     1
   Column index end:  ****

          Channel #:    50
    Row index start:     1
      Row index end:   110
 Column index start:     1
   Column index end:  ****

          Channel #:    51
    Row index start:     1
      Row index end:    90
 Column index start:     1
   Column index end:  ****

          Channel #:    52
    Row index start:     1
      Row index end:    44
 Column index start:     1
   Column index end:  ****

          Channel #:    53
    Row index start:     1
      Row index end:    12
 Column index start:     1
   Column index end:  ****

          Channel #:    54
    Row index start:     1
      Row index end:    16
 Column index start:     1
   Column index end:  ****

          Channel #:    55
    Row index start:     1
      Row index end:    58
 Column index start:     1
   Column index end:  ****

          Channel #:    56
    Row index start:     1
      Row index end:   110
 Column index start:     1
   Column index end:  ****

          Channel #:    57
    Row index start:     1
      Row index end:   138
 Column index start:     1
   Column index end:  ****

          Channel #:    58
    Row index start:     1
      Row index end:   110
 Column index start:     1
   Column index end:  ****

          Channel #:    59
    Row index start:     1
      Row index end:    58
 Column index start:     1
   Column index end:  ****

          Channel #:    60
    Row index start:     1
      Row index end:    16
 Column index start:     1
   Column index end:  ****

          Channel #:    61
    Row index start:     1
      Row index end:    12
 Column index start:     1
   Column index end:  ****

          Channel #:    62
    Row index start:     1
      Row index end:    44
 Column index start:     1
   Column index end:  ****

          Channel #:    63
    Row index start:     1
      Row index end:    90
 Column index start:     1
   Column index end:  ****

          Channel #:    64
    Row index start:     1
      Row index end:   110
 Column index start:     1
   Column index end:  ****

          Channel #:    65
    Row index start:     1
      Row index end:    90
 Column index start:     1
   Column index end:  ****

          Channel #:    66
    Row index start:     1
      Row index end:    44
 Column index start:     1
   Column index end:  ****

          Channel #:    67
    Row index start:     1
      Row index end:    12
 Column index start:     1
   Column index end:  ****

          Channel #:    68
    Row index start:     1
      Row index end:     2
 Column index start:     1
   Column index end:  ****

          Channel #:    69
    Row index start:     1
      Row index end:    18
 Column index start:     1
   Column index end:  ****

          Channel #:    70
    Row index start:     1
      Row index end:    44
 Column index start:     1
   Column index end:  ****

          Channel #:    71
    Row index start:     1
      Row index end:    58
 Column index start:     1
   Column index end:  ****

          Channel #:    72
    Row index start:     1
      Row index end:    44
 Column index start:     1
   Column index end:  ****

          Channel #:    73
    Row index start:     1
      Row index end:    18
 Column index start:     1
   Column index end:  ****

          Channel #:    74
    Row index start:     1
      Row index end:     2
 Column index start:     1
   Column index end:  ****

          Channel #:    75
    Row index start:     1
      Row index end:     2
 Column index start:     1
   Column index end:  ****

          Channel #:    76
    Row index start:     1
      Row index end:    12
 Column index start:     1
   Column index end:  ****

          Channel #:    77
    Row index start:     1
      Row index end:    16
 Column index start:     1
   Column index end:  ****

          Channel #:    78
    Row index start:     1
      Row index end:    12
 Column index start:     1
   Column index end:  ****

          Channel #:    79
    Row index start:     1
      Row index end:     2
 Column index start:     1
   Column index end:  ****

          Channel #:    80
    Row index start:     1
      Row index end:     2
 Column index start:     1
   Column index end:  ****

          Channel #:    81
    Row index start:     1
      Row index end:     8
 Column index start:     1
   Column index end:  ****

          Channel #:    82
    Row index start:     1
      Row index end:    12
 Column index start:     1
   Column index end:  ****

          Channel #:    83
    Row index start:     1
      Row index end:     8
 Column index start:     1
   Column index end:  ****

          Channel #:    84
    Row index start:     1
      Row index end:     2
 Column index start:     1
   Column index end:  ****

          Channel #:    85
    Row index start:     1
      Row index end:     2
 Column index start:     1
   Column index end:  ****

          Channel #:    86
    Row index start:     1
      Row index end:    18
 Column index start:     1
   Column index end:  ****

          Channel #:    87
    Row index start:     1
      Row index end:    44
 Column index start:     1
   Column index end:  ****

          Channel #:    88
    Row index start:     1
      Row index end:    58
 Column index start:     1
   Column index end:  ****

          Channel #:    89
    Row index start:     1
      Row index end:    44
 Column index start:     1
   Column index end:  ****

          Channel #:    90
    Row index start:     1
      Row index end:    18
 Column index start:     1
   Column index end:  ****

          Channel #:    91
    Row index start:     1
      Row index end:     2
 Column index start:     1
   Column index end:  ****

          Channel #:    92
    Row index start:     1
      Row index end:     2
 Column index start:     1
   Column index end:  ****

          Channel #:    93
    Row index start:     1
      Row index end:    18
 Column index start:     1
   Column index end:  ****

          Channel #:    94
    Row index start:     1
      Row index end:    72
 Column index start:     1
   Column index end:  ****

          Channel #:    95
    Row index start:     1
      Row index end:   132
 Column index start:     1
   Column index end:  ****

          Channel #:    96
    Row index start:     1
      Row index end:   162
 Column index start:     1
   Column index end:  ****

          Channel #:    97
    Row index start:     1
      Row index end:   132
 Column index start:     1
   Column index end:  ****

          Channel #:    98
    Row index start:     1
      Row index end:    72
 Column index start:     1
   Column index end:  ****

          Channel #:    99
    Row index start:     1
      Row index end:    18
 Column index start:     1
   Column index end:  ****

          Channel #:   100
    Row index start:     1
      Row index end:     2
 Column index start:     1
   Column index end:  ****

          Channel #:   101
    Row index start:     1
      Row index end:     8
 Column index start:     1
   Column index end:  ****

          Channel #:   102
    Row index start:     1
      Row index end:    44
 Column index start:     1
   Column index end:  ****

          Channel #:   103
    Row index start:     1
      Row index end:   132
 Column index start:     1
   Column index end:  ****
           1      140934           2
           2      142142           2
           3      140934           2
           4      142142           2
           5      143314           2
           6      142142           2
           7      140934           2
           8      142142           2
           9      140934           2
          10      165140           2
          11      171146           8
          12      172700          12
          13      171146           8
          14      165140           2
          15      171146           8
          16      177104          18
          17      178618          26
          18      177104          18
          19      171146           8
          20      172700          12
          21      178618          26
          22      180090          36
          23      178618          26
          24      172700          12
          25      171146           8
          26      177104          18
          27      178618          26
          28      177104          18
          29      171146           8
          30      165140           2
          31      171146           8
          32      172700          12
          33      171146           8
          34      165140           2
          35      175428           2
          36      181878          12
          37      183578          16
          38      181878          12
          39      175428           2
          40      175428           2
          41      189980          18
          42      196714          44
          43      198434          58
          44      196714          44
          45      189980          18
          46      175428           2
          47      181878          12
          48      196714          44
          49      203344          90
          50      205010         110
          51      203344          90
          52      196714          44
          53      181878          12
          54      183578          16
          55      198434          58
          56      205010         110
          57      206610         138
          58      205010         110
          59      198434          58
          60      183578          16
          61      181878          12
          62      196714          44
          63      203344          90
          64      205010         110
          65      203344          90
          66      196714          44
          67      181878          12
          68      175428           2
          69      189980          18
          70      196714          44
          71      198434          58
          72      196714          44
          73      189980          18
          74      175428           2
          75      175428           2
          76      181878          12
          77      183578          16
          78      181878          12
          79      175428           2
          80      165140           2
          81      171146           8
          82      172700          12
          83      171146           8
          84      165140           2
          85      175428           2
          86      189980          18
          87      196714          44
          88      198434          58
          89      196714          44
          90      189980          18
          91      175428           2
          92      165140           2
          93      189980          18
          94      205512          72
          95      212492         132
          96      214200         162
          97      212492         132
          98      205512          72
          99      189980          18
         100      165140           2
         101      171146           8
         102      196714          44
         103      212492         132
 EXECUTION TIME FOR CCD(T)   460.64165133517236     
Kf, Dens          1.52593           0.12000  CCSD(T)         -0.15225           -0.16773


 ---------------------------------------------------------------------
 Boxsize   8.1932127060064577      Nmax           4
 A, Density, Kf          66  0.12000000000000000        1.5259281401037115     
 Twist averaged E0/N               (13.351167070355318,0.0000000000000000)
 Twist averaged mbpt2         (10.902681305640565,7.42636006901036064E-020)
 Twist averaged CCSD        (11.450666268266435,-6.37948177190611095E-015)
 kinetic_TF   1910.6423885152130     
  0.12000000000000000                    (13.351167070355318,0.0000000000000000)        (755.74397370558472,-4.21045796945803313E-013)

 E/N   1.52592814      0.119999997       13.351167070355318        10.902681305640565        11.450666268266435        11.282940720370435     
#Nmax, Nucleons, 3NFnexp, 3NFCutoff: 4  66 3 500
     0.00000     0.00000     1.52593     0.12000    13.35117    10.90268    11.45067    11.28294
 ---------------------------------------------------------------------
 Total execution time for CCD code   1078.4501798809506     
