 LEC_c1_input!!!!= -0.73999999999999999     
 NN regulator Exponent:    3.0000000000000000     
 -----------
 NN ci's
   0.0000000000000000     
   0.0000000000000000     
   0.0000000000000000     
   0.0000000000000000     
 3NF ci's
   0.0000000000000000     
   0.0000000000000000     
   0.0000000000000000     
   0.0000000000000000     
 -----------
 --------
 c1s0(-1) -0.30989318438155999     
 c1s0(0) -0.31071187206498002     
 c1s0(1) -0.31051099561092999     
 c3s1(-1) -0.19795061911327003     
 c3s1(0) -0.19795061911327003     
 c3s1(1) -0.19795061911327003     
 --------
 -----------
 NLO contacts PW
   2.3916381351315299     
  0.68690158579692995     
   4.8126656558199997E-003
  -1.0001124201544100     
  0.55897315027814998     
  0.36209423456860002     
 -0.80807335064310004     
 ----------
          C1            0.0720001027300621
          C2            0.0357651146100090
          C3           -0.0084426211561750
          C4           -0.0713184426396584
          C5           -0.0480216750409209
          C6            0.0024549431984854
          C7           -0.1320695280571399
          D1           -0.3771581126597507
          D2           -0.9305750209334183
          D3            2.1195254080520742
          D4           -2.1246309930064329
          D5           -0.0131882077354610
          D6            0.6645429882213397
          D7            0.7806033045976430
          D8           -0.4752342494327860
          D9            0.0920642557695526
         D10           -0.0312443369241453
         D11            0.0232036046033312
         D12           -0.3040203100732521
         D13           -0.2963726204319913
         D14            1.4856672935233888
         D15           -0.3992014237014200
 wtf cE,cD=    0.0000000000000000           0.0000000000000000     

   3NF LECs:
          C1            0.0000000000000000
          C3            0.0000000000000000
          C4            0.0000000000000000
          cE            0.0000000000000000
          cD            0.0000000000000000

 delta_chiral_order           2
 delta cutoff   450.00000000000000     
Boundary Conditions PBC                                                                                                 
CC approx CCD(T)                                                                                              
 TNF: T TNF-approx:           3
 3NF Cutoff:   450.00000000000000      Nexp_3NF:           3
 Boxsize   6.5029572342569342     
 Density  0.23999999999999999     
 K_f   1.9225489843435992     
 Nmax           4
 Total number of states        1458
 K-mesh   0.0000000000000000     
 K-mesh -0.96620430995307527     
 K-mesh  0.96620430995307527     
 K-mesh  -1.9324086199061505     
 K-mesh   1.9324086199061505     
 K-mesh  -2.8986129298592260     
 K-mesh   2.8986129298592260     
 K-mesh  -3.8648172398123011     
 K-mesh   3.8648172398123011     
   0.0000000000000000        6.5029572342569342     
   0.0000000000000000        6.5029572342569342     
   0.0000000000000000        6.5029572342569342     
   0.0000000000000000        6.5029572342569342     
 Kz-mesh   0.0000000000000000     
 Kz-mesh -0.96620430995307527     
 Kz-mesh  0.96620430995307527     
 Kz-mesh  -1.9324086199061505     
 Kz-mesh   1.9324086199061505     
 Kz-mesh  -2.8986129298592260     
 Kz-mesh   2.8986129298592260     
 Kz-mesh  -3.8648172398123011     
 Kz-mesh   3.8648172398123011     
 KY-mesh   0.0000000000000000     
 KY-mesh -0.96620430995307527     
 KY-mesh  0.96620430995307527     
 KY-mesh  -1.9324086199061505     
 KY-mesh   1.9324086199061505     
 KY-mesh  -2.8986129298592260     
 KY-mesh   2.8986129298592260     
 KY-mesh  -3.8648172398123011     
 KY-mesh   3.8648172398123011     
           4           4           4          -1           1           1           1
 nkmin, nkmax           4           4           4
 Occupied j-orbits
     1       0.000000000        0   0   0  -1   1 hole      
     2       0.000000000        0   0   0   1   1 hole      
     3       19.34434368        0   0  -1  -1   1 hole      
     4       19.34434368        0   0  -1   1   1 hole      
     5       19.34434368        0   1   0  -1   1 hole      
     6       19.34434368        0   1   0   1   1 hole      
     7       19.34434368        0  -1   0  -1   1 hole      
     8       19.34434368        0  -1   0   1   1 hole      
     9       19.34434368        1   0   0  -1   1 hole      
    10       19.34434368        1   0   0   1   1 hole      
    11       19.34434368        0   0   1  -1   1 hole      
    12       19.34434368        0   0   1   1   1 hole      
    13       19.34434368       -1   0   0  -1   1 hole      
    14       19.34434368       -1   0   0   1   1 hole      
    15       38.68868735        0   1   1  -1   1 hole      
    16       38.68868735        0   1   1   1   1 hole      
    17       38.68868735       -1   1   0  -1   1 hole      
    18       38.68868735       -1   1   0   1   1 hole      
    19       38.68868735        1   0   1  -1   1 hole      
    20       38.68868735        1   0   1   1   1 hole      
    21       38.68868735        0   1  -1  -1   1 hole      
    22       38.68868735        0   1  -1   1   1 hole      
    23       38.68868735        1   1   0  -1   1 hole      
    24       38.68868735        1   1   0   1   1 hole      
    25       38.68868735        1   0  -1  -1   1 hole      
    26       38.68868735        1   0  -1   1   1 hole      
    27       38.68868735       -1   0  -1  -1   1 hole      
    28       38.68868735       -1   0  -1   1   1 hole      
    29       38.68868735        1  -1   0  -1   1 hole      
    30       38.68868735        1  -1   0   1   1 hole      
    31       38.68868735        0  -1  -1  -1   1 hole      
    32       38.68868735        0  -1  -1   1   1 hole      
    33       38.68868735       -1  -1   0  -1   1 hole      
    34       38.68868735       -1  -1   0   1   1 hole      
    35       38.68868735       -1   0   1  -1   1 hole      
    36       38.68868735       -1   0   1   1   1 hole      
    37       38.68868735        0  -1   1  -1   1 hole      
    38       38.68868735        0  -1   1   1   1 hole      
    39       58.03303103        1  -1   1  -1   1 hole      
    40       58.03303103        1  -1   1   1   1 hole      
    41       58.03303103        1   1  -1  -1   1 hole      
    42       58.03303103        1   1  -1   1   1 hole      
    43       58.03303103        1   1   1  -1   1 hole      
    44       58.03303103        1   1   1   1   1 hole      
    45       58.03303103        1  -1  -1  -1   1 hole      
    46       58.03303103        1  -1  -1   1   1 hole      
    47       58.03303103       -1   1   1  -1   1 hole      
    48       58.03303103       -1   1   1   1   1 hole      
    49       58.03303103       -1   1  -1  -1   1 hole      
    50       58.03303103       -1   1  -1   1   1 hole      
    51       58.03303103       -1  -1  -1  -1   1 hole      
    52       58.03303103       -1  -1  -1   1   1 hole      
    53       58.03303103       -1  -1   1  -1   1 hole      
    54       58.03303103       -1  -1   1   1   1 hole      
    55       77.37737470        2   0   0  -1   1 hole      
    56       77.37737470        2   0   0   1   1 hole      
    57       77.37737470        0   2   0  -1   1 hole      
    58       77.37737470        0   2   0   1   1 hole      
    59       77.37737470        0   0   2  -1   1 hole      
    60       77.37737470        0   0   2   1   1 hole      
    61       77.37737470        0  -2   0  -1   1 hole      
    62       77.37737470        0  -2   0   1   1 hole      
    63       77.37737470       -2   0   0  -1   1 hole      
    64       77.37737470       -2   0   0   1   1 hole      
    65       77.37737470        0   0  -2  -1   1 hole      
    66       77.37737470        0   0  -2   1   1 hole      
 Unoccupied j-orbits
    67       96.72171838       -1   0   2  -1   1 particle  
    68       96.72171838       -1   0   2   1   1 particle  
    69       96.72171838        0  -1   2  -1   1 particle  
    70       96.72171838        0  -1   2   1   1 particle  
    71       96.72171838       -2  -1   0  -1   1 particle  
    72       96.72171838       -2  -1   0   1   1 particle  
    73       96.72171838        0  -1  -2  -1   1 particle  
    74       96.72171838        0  -1  -2   1   1 particle  
    75       96.72171838        1   0   2  -1   1 particle  
    76       96.72171838        1   0   2   1   1 particle  
    77       96.72171838       -2   0   1  -1   1 particle  
 Sz and Tz for vacuum state   0.0000000000000000        66.000000000000000     
          -8           8          -8           8          -8           8
 Total memory for lookup configs   5.6901119999999113E-003 GByte
 Total memory for channels   4.0880000000000002E-005 GByte
              8067968      504248         185
              8067968      504248        1816
 Setting up vnn for hhhh block
 Time to setup hhhh block  0.92483361484482884     
 Setting up vnn for hhhp block
 Time to setup hhhp block   1.8379291370511055     
 Setting up vnn for hhpp block
 Time to setup hhpp block   3.7363345636986196     
 Setting up vnn for hphp block
 Time to setup hphp block   3.1834449269808829     
 Setting up vnn for pppp block
 Time to setup pppp block   142.91819764813408     
 Total memory for vnn storage  0.55222438400000029      GByte
          -8           8          -8           8          -8           8
 Total memory for lookup ph configs   3.6748800000001611E-003 GByte
 Total memory for ph channels   8.7168000000000003E-005 GByte
              8067968      504248        1816
 Setting up vnn for ph hpph block
 Time to setup ph hpph block  0.14422207325696945     
 Total memory for vnn/t2 ph storage  0.25817497600000122      GByte
 Vacuum expectation value               (952.49892878929688,0.0000000000000000)
 3NF vacuum expectation value               (9.6981942969865553,0.0000000000000000)
 Vacuum expectation value with 3nf               (24.129996248339538,0.0000000000000000)
 Time for e0   2.8221287298947573E-002
 Time for f3nf  0.28058111201971769     
 e0 3nf               (640.08082499841908,0.0000000000000000)               (640.08082360111268,0.0000000000000000)
 Setting up v3nf_2bNO for hhhh block
 Time to setup v3nf_2bNO hhhh block  0.92849143920466304     
 Setting up v3nf_2bNO for hhpp block
 Time to setup v3nf_2bNO hhpp block   18.974081404972821     
 Setting up v3nf_2bNO for hphp block
 Time to setup v3nf_2bNO hphp block   9.9828097480349243     
 Setting up v3nf_NO for pppp block
 Time to setup v3nf_2bNO pppp block   134.85600208491087     
 Total memory for t2 storage  0.25817497600000017      GByte
 here we go...
 here we go...
 here we go...
 here we go...
 here we go...
 here we go...
 here we go...
 here we go...
 here we go...
 here we go...
 here we go...
 here we go...
 here we go...
 here we go...
 here we go...
 here we go...
 CCD energy         (1508.0028364608711,1.52117641238852404E-017)
 diis space     8067968
 Storage of diis vectors  0.90361241599999997      Gb
 CCD energy         (1511.4382989936114,1.91842982378836914E-017)
dener    0    1  0.34354625E+01
 CCD energy        (1513.7315955686413,-3.70362827424049114E-017)
dener    0    2  0.22932966E+01
 CCD energy        (1515.2532517652464,-3.49809994538623714E-017)
dener    0    3  0.15216562E+01
 CCD energy        (1516.2560329454127,-4.03828540524837407E-018)
dener    0    4  0.10027812E+01
 CCD energy         (1516.9114702944094,3.60935114349667010E-018)
dener    0    5  0.65543735E+00
diis_mat    1    1  0.2160E-02
diis_mat    1    2  0.1476E-02
diis_mat    1    3  0.1011E-02
diis_mat    1    4  0.6959E-03
diis_mat    1    5  0.4816E-03
diis_mat    1    6 -0.1000E+01
diis_mat    2    1  0.1476E-02
diis_mat    2    2  0.1013E-02
diis_mat    2    3  0.6970E-03
diis_mat    2    4  0.4822E-03
diis_mat    2    5  0.3357E-03
diis_mat    2    6 -0.1000E+01
diis_mat    3    1  0.1011E-02
diis_mat    3    2  0.6970E-03
diis_mat    3    3  0.4824E-03
diis_mat    3    4  0.3358E-03
diis_mat    3    5  0.2354E-03
diis_mat    3    6 -0.1000E+01
diis_mat    4    1  0.6959E-03
diis_mat    4    2  0.4822E-03
diis_mat    4    3  0.3358E-03
diis_mat    4    4  0.2354E-03
diis_mat    4    5  0.1662E-03
diis_mat    4    6 -0.1000E+01
diis_mat    5    1  0.4816E-03
diis_mat    5    2  0.3357E-03
diis_mat    5    3  0.2354E-03
diis_mat    5    4  0.1662E-03
diis_mat    5    5  0.1184E-03
diis_mat    5    6 -0.1000E+01
diis_mat    6    1 -0.1000E+01
diis_mat    6    2 -0.1000E+01
diis_mat    6    3 -0.1000E+01
diis_mat    6    4 -0.1000E+01
diis_mat    6    5 -0.1000E+01
diis_mat    6    6  0.0000E+00
 csysv info           0
sol_vec    1  0.1493E+02  0.8990E-06
sol_vec    2 -0.9771E+02 -0.4651E-05
sol_vec    3  0.2337E+03  0.8972E-05
sol_vec    4 -0.2434E+03 -0.7636E-05
sol_vec    5  0.9352E+02  0.2416E-05
sol_vec    6  0.4729E-08 -0.1512E-14
 CCD energy        (1517.9451269289527,-2.58577411814338568E-009)
dener    0    6  0.10336566E+01
 CCD energy        (1517.9429623793656,-1.75869828499964767E-009)
dener    0    7 -0.21645496E-02
 CCD energy        (1517.9416079418522,-1.19532818788736732E-009)
dener    0    8 -0.13544375E-02
 CCD energy        (1517.9407779982484,-8.11666247655389945E-010)
dener    0    9 -0.82994360E-03
 CCD energy        (1517.9402843525540,-5.50483351164567089E-010)
dener    0   10 -0.49364569E-03
 CCD energy        (1517.9400036214627,-3.72775953546257269E-010)
dener    0   11 -0.28073109E-03
diis_mat    1    1  0.3506E-08
diis_mat    1    2  0.2711E-08
diis_mat    1    3  0.2108E-08
diis_mat    1    4  0.1648E-08
diis_mat    1    5  0.1295E-08
diis_mat    1    6 -0.1000E+01
diis_mat    2    1  0.2711E-08
diis_mat    2    2  0.2127E-08
diis_mat    2    3  0.1676E-08
diis_mat    2    4  0.1326E-08
diis_mat    2    5  0.1052E-08
diis_mat    2    6 -0.1000E+01
diis_mat    3    1  0.2108E-08
diis_mat    3    2  0.1676E-08
diis_mat    3    3  0.1336E-08
diis_mat    3    4  0.1067E-08
diis_mat    3    5  0.8539E-09
diis_mat    3    6 -0.1000E+01
diis_mat    4    1  0.1648E-08
diis_mat    4    2  0.1326E-08
diis_mat    4    3  0.1067E-08
diis_mat    4    4  0.8594E-09
diis_mat    4    5  0.6923E-09
diis_mat    4    6 -0.1000E+01
diis_mat    5    1  0.1295E-08
diis_mat    5    2  0.1052E-08
diis_mat    5    3  0.8539E-09
diis_mat    5    4  0.6923E-09
diis_mat    5    5  0.5609E-09
diis_mat    5    6 -0.1000E+01
diis_mat    6    1 -0.1000E+01
diis_mat    6    2 -0.1000E+01
diis_mat    6    3 -0.1000E+01
diis_mat    6    4 -0.1000E+01
diis_mat    6    5 -0.1000E+01
diis_mat    6    6  0.0000E+00
 csysv info           0
sol_vec    1  0.8557E+02 -0.4408E-05
sol_vec    2 -0.4608E+03  0.2229E-04
sol_vec    3  0.9285E+03 -0.4198E-04
sol_vec    4 -0.8297E+03  0.3488E-04
sol_vec    5  0.2774E+03 -0.1078E-04
sol_vec    6  0.1953E-14  0.1164E-19
 CCD energy         (1517.9399900839744,7.19181347005721034E-012)
dener    0   12 -0.13537488E-04
 CCD energy         (1517.9399906615556,5.19503566782242132E-012)
dener    0   13  0.57758126E-06
 Total execution time CCD   23.199995451606810     
 preparing to do CCD(T): 
          -8           8          -8           8          -8           8
 Total memory for lookup configs   1.1863487999999986E-002 GByte
 Total memory for channels   1.1892543999999986E-002 GByte
             89696544     5606034        1816
 Setting up vnn (NN+3NF) for hppp block
 Time to setup hppp block   213.20951746404171     
 Total memory for vnn storage  0.72946489599999531      GByte
          12          12          12           3           3
 Total memory for lookup t3-confs   1.2188792640000019      Gbyte
 3NF with deltas: T
           9835169512   614698094         539

 proc number   0      % work  0.100000E+03

          Channel #:     1
    Row index start:     1
      Row index end:     2
 Column index start:     1
   Column index end:  ****

          Channel #:     2
    Row index start:     1
      Row index end:     2
 Column index start:     1
   Column index end:  ****

          Channel #:     3
    Row index start:     1
      Row index end:     2
 Column index start:     1
   Column index end:  ****

          Channel #:     4
    Row index start:     1
      Row index end:     2
 Column index start:     1
   Column index end:  ****

          Channel #:     5
    Row index start:     1
      Row index end:     2
 Column index start:     1
   Column index end:  ****

          Channel #:     6
    Row index start:     1
      Row index end:     2
 Column index start:     1
   Column index end:  ****

          Channel #:     7
    Row index start:     1
      Row index end:     2
 Column index start:     1
   Column index end:  ****

          Channel #:     8
    Row index start:     1
      Row index end:     2
 Column index start:     1
   Column index end:  ****

          Channel #:     9
    Row index start:     1
      Row index end:     2
 Column index start:     1
   Column index end:  ****

          Channel #:    10
    Row index start:     1
      Row index end:     2
 Column index start:     1
   Column index end:  ****

          Channel #:    11
    Row index start:     1
      Row index end:     8
 Column index start:     1
   Column index end:  ****

          Channel #:    12
    Row index start:     1
      Row index end:    12
 Column index start:     1
   Column index end:  ****

          Channel #:    13
    Row index start:     1
      Row index end:     8
 Column index start:     1
   Column index end:  ****

          Channel #:    14
    Row index start:     1
      Row index end:     2
 Column index start:     1
   Column index end:  ****

          Channel #:    15
    Row index start:     1
      Row index end:     8
 Column index start:     1
   Column index end:  ****

          Channel #:    16
    Row index start:     1
      Row index end:    18
 Column index start:     1
   Column index end:  ****

          Channel #:    17
    Row index start:     1
      Row index end:    26
 Column index start:     1
   Column index end:  ****

          Channel #:    18
    Row index start:     1
      Row index end:    18
 Column index start:     1
   Column index end:  ****

          Channel #:    19
    Row index start:     1
      Row index end:     8
 Column index start:     1
   Column index end:  ****

          Channel #:    20
    Row index start:     1
      Row index end:    12
 Column index start:     1
   Column index end:  ****

          Channel #:    21
    Row index start:     1
      Row index end:    26
 Column index start:     1
   Column index end:  ****

          Channel #:    22
    Row index start:     1
      Row index end:    36
 Column index start:     1
   Column index end:  ****

          Channel #:    23
    Row index start:     1
      Row index end:    26
 Column index start:     1
   Column index end:  ****

          Channel #:    24
    Row index start:     1
      Row index end:    12
 Column index start:     1
   Column index end:  ****

          Channel #:    25
    Row index start:     1
      Row index end:     8
 Column index start:     1
   Column index end:  ****

          Channel #:    26
    Row index start:     1
      Row index end:    18
 Column index start:     1
   Column index end:  ****

          Channel #:    27
    Row index start:     1
      Row index end:    26
 Column index start:     1
   Column index end:  ****

          Channel #:    28
    Row index start:     1
      Row index end:    18
 Column index start:     1
   Column index end:  ****

          Channel #:    29
    Row index start:     1
      Row index end:     8
 Column index start:     1
   Column index end:  ****

          Channel #:    30
    Row index start:     1
      Row index end:     2
 Column index start:     1
   Column index end:  ****

          Channel #:    31
    Row index start:     1
      Row index end:     8
 Column index start:     1
   Column index end:  ****

          Channel #:    32
    Row index start:     1
      Row index end:    12
 Column index start:     1
   Column index end:  ****

          Channel #:    33
    Row index start:     1
      Row index end:     8
 Column index start:     1
   Column index end:  ****

          Channel #:    34
    Row index start:     1
      Row index end:     2
 Column index start:     1
   Column index end:  ****

          Channel #:    35
    Row index start:     1
      Row index end:     2
 Column index start:     1
   Column index end:  ****

          Channel #:    36
    Row index start:     1
      Row index end:    12
 Column index start:     1
   Column index end:  ****

          Channel #:    37
    Row index start:     1
      Row index end:    16
 Column index start:     1
   Column index end:  ****

          Channel #:    38
    Row index start:     1
      Row index end:    12
 Column index start:     1
   Column index end:  ****

          Channel #:    39
    Row index start:     1
      Row index end:     2
 Column index start:     1
   Column index end:  ****

          Channel #:    40
    Row index start:     1
      Row index end:     2
 Column index start:     1
   Column index end:  ****

          Channel #:    41
    Row index start:     1
      Row index end:    18
 Column index start:     1
   Column index end:  ****

          Channel #:    42
    Row index start:     1
      Row index end:    44
 Column index start:     1
   Column index end:  ****

          Channel #:    43
    Row index start:     1
      Row index end:    58
 Column index start:     1
   Column index end:  ****

          Channel #:    44
    Row index start:     1
      Row index end:    44
 Column index start:     1
   Column index end:  ****

          Channel #:    45
    Row index start:     1
      Row index end:    18
 Column index start:     1
   Column index end:  ****

          Channel #:    46
    Row index start:     1
      Row index end:     2
 Column index start:     1
   Column index end:  ****

          Channel #:    47
    Row index start:     1
      Row index end:    12
 Column index start:     1
   Column index end:  ****

          Channel #:    48
    Row index start:     1
      Row index end:    44
 Column index start:     1
   Column index end:  ****

          Channel #:    49
    Row index start:     1
      Row index end:    90
 Column index start:     1
   Column index end:  ****

          Channel #:    50
    Row index start:     1
      Row index end:   110
 Column index start:     1
   Column index end:  ****

          Channel #:    51
    Row index start:     1
      Row index end:    90
 Column index start:     1
   Column index end:  ****

          Channel #:    52
    Row index start:     1
      Row index end:    44
 Column index start:     1
   Column index end:  ****

          Channel #:    53
    Row index start:     1
      Row index end:    12
 Column index start:     1
   Column index end:  ****

          Channel #:    54
    Row index start:     1
      Row index end:    16
 Column index start:     1
   Column index end:  ****

          Channel #:    55
    Row index start:     1
      Row index end:    58
 Column index start:     1
   Column index end:  ****

          Channel #:    56
    Row index start:     1
      Row index end:   110
 Column index start:     1
   Column index end:  ****

          Channel #:    57
    Row index start:     1
      Row index end:   138
 Column index start:     1
   Column index end:  ****

          Channel #:    58
    Row index start:     1
      Row index end:   110
 Column index start:     1
   Column index end:  ****

          Channel #:    59
    Row index start:     1
      Row index end:    58
 Column index start:     1
   Column index end:  ****

          Channel #:    60
    Row index start:     1
      Row index end:    16
 Column index start:     1
   Column index end:  ****

          Channel #:    61
    Row index start:     1
      Row index end:    12
 Column index start:     1
   Column index end:  ****

          Channel #:    62
    Row index start:     1
      Row index end:    44
 Column index start:     1
   Column index end:  ****

          Channel #:    63
    Row index start:     1
      Row index end:    90
 Column index start:     1
   Column index end:  ****

          Channel #:    64
    Row index start:     1
      Row index end:   110
 Column index start:     1
   Column index end:  ****

          Channel #:    65
    Row index start:     1
      Row index end:    90
 Column index start:     1
   Column index end:  ****

          Channel #:    66
    Row index start:     1
      Row index end:    44
 Column index start:     1
   Column index end:  ****

          Channel #:    67
    Row index start:     1
      Row index end:    12
 Column index start:     1
   Column index end:  ****

          Channel #:    68
    Row index start:     1
      Row index end:     2
 Column index start:     1
   Column index end:  ****

          Channel #:    69
    Row index start:     1
      Row index end:    18
 Column index start:     1
   Column index end:  ****

          Channel #:    70
    Row index start:     1
      Row index end:    44
 Column index start:     1
   Column index end:  ****

          Channel #:    71
    Row index start:     1
      Row index end:    58
 Column index start:     1
   Column index end:  ****

          Channel #:    72
    Row index start:     1
      Row index end:    44
 Column index start:     1
   Column index end:  ****

          Channel #:    73
    Row index start:     1
      Row index end:    18
 Column index start:     1
   Column index end:  ****

          Channel #:    74
    Row index start:     1
      Row index end:     2
 Column index start:     1
   Column index end:  ****

          Channel #:    75
    Row index start:     1
      Row index end:     2
 Column index start:     1
   Column index end:  ****

          Channel #:    76
    Row index start:     1
      Row index end:    12
 Column index start:     1
   Column index end:  ****

          Channel #:    77
    Row index start:     1
      Row index end:    16
 Column index start:     1
   Column index end:  ****

          Channel #:    78
    Row index start:     1
      Row index end:    12
 Column index start:     1
   Column index end:  ****

          Channel #:    79
    Row index start:     1
      Row index end:     2
 Column index start:     1
   Column index end:  ****

          Channel #:    80
    Row index start:     1
      Row index end:     2
 Column index start:     1
   Column index end:  ****

          Channel #:    81
    Row index start:     1
      Row index end:     8
 Column index start:     1
   Column index end:  ****

          Channel #:    82
    Row index start:     1
      Row index end:    12
 Column index start:     1
   Column index end:  ****

          Channel #:    83
    Row index start:     1
      Row index end:     8
 Column index start:     1
   Column index end:  ****

          Channel #:    84
    Row index start:     1
      Row index end:     2
 Column index start:     1
   Column index end:  ****

          Channel #:    85
    Row index start:     1
      Row index end:     2
 Column index start:     1
   Column index end:  ****

          Channel #:    86
    Row index start:     1
      Row index end:    18
 Column index start:     1
   Column index end:  ****

          Channel #:    87
    Row index start:     1
      Row index end:    44
 Column index start:     1
   Column index end:  ****

          Channel #:    88
    Row index start:     1
      Row index end:    58
 Column index start:     1
   Column index end:  ****

          Channel #:    89
    Row index start:     1
      Row index end:    44
 Column index start:     1
   Column index end:  ****

          Channel #:    90
    Row index start:     1
      Row index end:    18
 Column index start:     1
   Column index end:  ****

          Channel #:    91
    Row index start:     1
      Row index end:     2
 Column index start:     1
   Column index end:  ****

          Channel #:    92
    Row index start:     1
      Row index end:     2
 Column index start:     1
   Column index end:  ****

          Channel #:    93
    Row index start:     1
      Row index end:    18
 Column index start:     1
   Column index end:  ****

          Channel #:    94
    Row index start:     1
      Row index end:    72
 Column index start:     1
   Column index end:  ****

          Channel #:    95
    Row index start:     1
      Row index end:   132
 Column index start:     1
   Column index end:  ****

          Channel #:    96
    Row index start:     1
      Row index end:   162
 Column index start:     1
   Column index end:  ****

          Channel #:    97
    Row index start:     1
      Row index end:   132
 Column index start:     1
   Column index end:  ****

          Channel #:    98
    Row index start:     1
      Row index end:    72
 Column index start:     1
   Column index end:  ****

          Channel #:    99
    Row index start:     1
      Row index end:    18
 Column index start:     1
   Column index end:  ****

          Channel #:   100
    Row index start:     1
      Row index end:     2
 Column index start:     1
   Column index end:  ****

          Channel #:   101
    Row index start:     1
      Row index end:     8
 Column index start:     1
   Column index end:  ****

          Channel #:   102
    Row index start:     1
      Row index end:    44
 Column index start:     1
   Column index end:  ****

          Channel #:   103
    Row index start:     1
      Row index end:   132
 Column index start:     1
   Column index end:  ****
           1      140934           2
           2      142142           2
           3      140934           2
           4      142142           2
           5      143314           2
           6      142142           2
           7      140934           2
           8      142142           2
           9      140934           2
          10      165140           2
          11      171146           8
          12      172700          12
          13      171146           8
          14      165140           2
          15      171146           8
          16      177104          18
          17      178618          26
          18      177104          18
          19      171146           8
          20      172700          12
          21      178618          26
          22      180090          36
          23      178618          26
          24      172700          12
          25      171146           8
          26      177104          18
          27      178618          26
          28      177104          18
          29      171146           8
          30      165140           2
          31      171146           8
          32      172700          12
          33      171146           8
          34      165140           2
          35      175428           2
          36      181878          12
          37      183578          16
          38      181878          12
          39      175428           2
          40      175428           2
          41      189980          18
          42      196714          44
          43      198434          58
          44      196714          44
          45      189980          18
          46      175428           2
          47      181878          12
          48      196714          44
          49      203344          90
          50      205010         110
          51      203344          90
          52      196714          44
          53      181878          12
          54      183578          16
          55      198434          58
          56      205010         110
          57      206610         138
          58      205010         110
          59      198434          58
          60      183578          16
          61      181878          12
          62      196714          44
          63      203344          90
          64      205010         110
          65      203344          90
          66      196714          44
          67      181878          12
          68      175428           2
          69      189980          18
          70      196714          44
          71      198434          58
          72      196714          44
          73      189980          18
          74      175428           2
          75      175428           2
          76      181878          12
          77      183578          16
          78      181878          12
          79      175428           2
          80      165140           2
          81      171146           8
          82      172700          12
          83      171146           8
          84      165140           2
          85      175428           2
          86      189980          18
          87      196714          44
          88      198434          58
          89      196714          44
          90      189980          18
          91      175428           2
          92      165140           2
          93      189980          18
          94      205512          72
          95      212492         132
          96      214200         162
          97      212492         132
          98      205512          72
          99      189980          18
         100      165140           2
         101      171146           8
         102      196714          44
         103      212492         132
 EXECUTION TIME FOR CCD(T)   460.38306687586010     
Kf, Dens          1.92255           0.24000  CCSD(T)         -0.08620           -0.08737


 ---------------------------------------------------------------------
 Boxsize   6.5029572342569342      Nmax           4
 A, Density, Kf          66  0.23999999999999999        1.9225489843435992     
 Twist averaged E0/N               (24.129996248339538,0.0000000000000000)
 Twist averaged mbpt2         (22.848527825164712,2.30481274604321843E-019)
 Twist averaged CCSD         (22.999090767599327,7.87126616336730518E-014)
 kinetic_TF   3032.9557374640817     
  0.23999999999999999                    (24.129996248339538,0.0000000000000000)         (1517.9399906615556,5.19503566782242132E-012)

 E/N   1.92254901      0.239999995       24.129996248339538        22.848527825164712        22.999090767599327        22.911722171021591     
#Nmax, Nucleons, 3NFnexp, 3NFCutoff: 4  66 3 450
     0.00000     0.00000     1.92255     0.24000    24.13000    22.84853    22.99909    22.91172
 ---------------------------------------------------------------------
 Total execution time for CCD code   1068.8169437879696     
