 LEC_c1_input!!!!= -0.73999999999999999     
 NN regulator Exponent:    3.0000000000000000     
 -----------
 NN ci's
   0.0000000000000000     
   0.0000000000000000     
   0.0000000000000000     
   0.0000000000000000     
 3NF ci's
   0.0000000000000000     
   0.0000000000000000     
   0.0000000000000000     
   0.0000000000000000     
 -----------
 --------
 c1s0(-1) -0.30989318438155999     
 c1s0(0) -0.31071187206498002     
 c1s0(1) -0.31051099561092999     
 c3s1(-1) -0.19795061911327003     
 c3s1(0) -0.19795061911327003     
 c3s1(1) -0.19795061911327003     
 --------
 -----------
 NLO contacts PW
   2.3916381351315299     
  0.68690158579692995     
   4.8126656558199997E-003
  -1.0001124201544100     
  0.55897315027814998     
  0.36209423456860002     
 -0.80807335064310004     
 ----------
          C1            0.0720001027300621
          C2            0.0357651146100090
          C3           -0.0084426211561750
          C4           -0.0713184426396584
          C5           -0.0480216750409209
          C6            0.0024549431984854
          C7           -0.1320695280571399
          D1           -0.3771581126597507
          D2           -0.9305750209334183
          D3            2.1195254080520742
          D4           -2.1246309930064329
          D5           -0.0131882077354610
          D6            0.6645429882213397
          D7            0.7806033045976430
          D8           -0.4752342494327860
          D9            0.0920642557695526
         D10           -0.0312443369241453
         D11            0.0232036046033312
         D12           -0.3040203100732521
         D13           -0.2963726204319913
         D14            1.4856672935233888
         D15           -0.3992014237014200
 wtf cE,cD=    0.0000000000000000           0.0000000000000000     

   3NF LECs:
          C1            0.0000000000000000
          C3            0.0000000000000000
          C4            0.0000000000000000
          cE            0.0000000000000000
          cD            0.0000000000000000

 delta_chiral_order           2
 delta cutoff   450.00000000000000     
Boundary Conditions PBC                                                                                                 
CC approx CCD(T)                                                                                              
 TNF: T TNF-approx:           3
 3NF Cutoff:   450.00000000000000      Nexp_3NF:           3
 Boxsize   6.0368107367976851     
 Density  0.29999999999999999     
 K_f   2.0710031125777077     
 Nmax           4
 Total number of states        1458
 K-mesh   0.0000000000000000     
 K-mesh  -1.0408120415106119     
 K-mesh   1.0408120415106119     
 K-mesh  -2.0816240830212238     
 K-mesh   2.0816240830212238     
 K-mesh  -3.1224361245318359     
 K-mesh   3.1224361245318359     
 K-mesh  -4.1632481660424476     
 K-mesh   4.1632481660424476     
   0.0000000000000000        6.0368107367976851     
   0.0000000000000000        6.0368107367976851     
   0.0000000000000000        6.0368107367976851     
   0.0000000000000000        6.0368107367976851     
 Kz-mesh   0.0000000000000000     
 Kz-mesh  -1.0408120415106119     
 Kz-mesh   1.0408120415106119     
 Kz-mesh  -2.0816240830212238     
 Kz-mesh   2.0816240830212238     
 Kz-mesh  -3.1224361245318359     
 Kz-mesh   3.1224361245318359     
 Kz-mesh  -4.1632481660424476     
 Kz-mesh   4.1632481660424476     
 KY-mesh   0.0000000000000000     
 KY-mesh  -1.0408120415106119     
 KY-mesh   1.0408120415106119     
 KY-mesh  -2.0816240830212238     
 KY-mesh   2.0816240830212238     
 KY-mesh  -3.1224361245318359     
 KY-mesh   3.1224361245318359     
 KY-mesh  -4.1632481660424476     
 KY-mesh   4.1632481660424476     
           4           4           4          -1           1           1           1
 nkmin, nkmax           4           4           4
 Occupied j-orbits
     1       0.000000000        0   0   0  -1   1 hole      
     2       0.000000000        0   0   0   1   1 hole      
     3       22.44712240        0   0  -1  -1   1 hole      
     4       22.44712240        0   0  -1   1   1 hole      
     5       22.44712240       -1   0   0  -1   1 hole      
     6       22.44712240       -1   0   0   1   1 hole      
     7       22.44712240        0  -1   0  -1   1 hole      
     8       22.44712240        0  -1   0   1   1 hole      
     9       22.44712240        0   1   0  -1   1 hole      
    10       22.44712240        0   1   0   1   1 hole      
    11       22.44712240        0   0   1  -1   1 hole      
    12       22.44712240        0   0   1   1   1 hole      
    13       22.44712240        1   0   0  -1   1 hole      
    14       22.44712240        1   0   0   1   1 hole      
    15       44.89424480        0   1  -1  -1   1 hole      
    16       44.89424480        0   1  -1   1   1 hole      
    17       44.89424480       -1   0   1  -1   1 hole      
    18       44.89424480       -1   0   1   1   1 hole      
    19       44.89424480       -1  -1   0  -1   1 hole      
    20       44.89424480       -1  -1   0   1   1 hole      
    21       44.89424480        1   0   1  -1   1 hole      
    22       44.89424480        1   0   1   1   1 hole      
    23       44.89424480        0   1   1  -1   1 hole      
    24       44.89424480        0   1   1   1   1 hole      
    25       44.89424480       -1   1   0  -1   1 hole      
    26       44.89424480       -1   1   0   1   1 hole      
    27       44.89424480        1   0  -1  -1   1 hole      
    28       44.89424480        1   0  -1   1   1 hole      
    29       44.89424480        1  -1   0  -1   1 hole      
    30       44.89424480        1  -1   0   1   1 hole      
    31       44.89424480        0  -1  -1  -1   1 hole      
    32       44.89424480        0  -1  -1   1   1 hole      
    33       44.89424480        1   1   0  -1   1 hole      
    34       44.89424480        1   1   0   1   1 hole      
    35       44.89424480       -1   0  -1  -1   1 hole      
    36       44.89424480       -1   0  -1   1   1 hole      
    37       44.89424480        0  -1   1  -1   1 hole      
    38       44.89424480        0  -1   1   1   1 hole      
    39       67.34136720       -1  -1  -1  -1   1 hole      
    40       67.34136720       -1  -1  -1   1   1 hole      
    41       67.34136720        1  -1   1  -1   1 hole      
    42       67.34136720        1  -1   1   1   1 hole      
    43       67.34136720       -1   1  -1  -1   1 hole      
    44       67.34136720       -1   1  -1   1   1 hole      
    45       67.34136720        1  -1  -1  -1   1 hole      
    46       67.34136720        1  -1  -1   1   1 hole      
    47       67.34136720       -1   1   1  -1   1 hole      
    48       67.34136720       -1   1   1   1   1 hole      
    49       67.34136720       -1  -1   1  -1   1 hole      
    50       67.34136720       -1  -1   1   1   1 hole      
    51       67.34136720        1   1   1  -1   1 hole      
    52       67.34136720        1   1   1   1   1 hole      
    53       67.34136720        1   1  -1  -1   1 hole      
    54       67.34136720        1   1  -1   1   1 hole      
    55       89.78848960        2   0   0  -1   1 hole      
    56       89.78848960        2   0   0   1   1 hole      
    57       89.78848960        0   0  -2  -1   1 hole      
    58       89.78848960        0   0  -2   1   1 hole      
    59       89.78848960       -2   0   0  -1   1 hole      
    60       89.78848960       -2   0   0   1   1 hole      
    61       89.78848960        0   2   0  -1   1 hole      
    62       89.78848960        0   2   0   1   1 hole      
    63       89.78848960        0  -2   0  -1   1 hole      
    64       89.78848960        0  -2   0   1   1 hole      
    65       89.78848960        0   0   2  -1   1 hole      
    66       89.78848960        0   0   2   1   1 hole      
 Unoccupied j-orbits
    67       112.2356120       -1  -2   0  -1   1 particle  
    68       112.2356120       -1  -2   0   1   1 particle  
    69       112.2356120        2   1   0  -1   1 particle  
    70       112.2356120        2   1   0   1   1 particle  
    71       112.2356120       -1   0  -2  -1   1 particle  
    72       112.2356120       -1   0  -2   1   1 particle  
    73       112.2356120        1   0   2  -1   1 particle  
    74       112.2356120        1   0   2   1   1 particle  
    75       112.2356120        1   0  -2  -1   1 particle  
    76       112.2356120        1   0  -2   1   1 particle  
    77       112.2356120        0   2  -1  -1   1 particle  
 Sz and Tz for vacuum state   0.0000000000000000        66.000000000000000     
          -8           8          -8           8          -8           8
 Total memory for lookup configs   5.6901119999999113E-003 GByte
 Total memory for channels   4.0880000000000002E-005 GByte
              8067968      504248         185
              8067968      504248        1816
 Setting up vnn for hhhh block
 Time to setup hhhh block  0.91331896325573325     
 Setting up vnn for hhhp block
 Time to setup hhhp block   1.7921273149549961     
 Setting up vnn for hhpp block
 Time to setup hhpp block   3.7595657031051815     
 Setting up vnn for hphp block
 Time to setup hphp block   3.1047470839694142     
 Setting up vnn for pppp block
 Time to setup pppp block   143.89577352767810     
 Total memory for vnn storage  0.55222438400000029      GByte
          -8           8          -8           8          -8           8
 Total memory for lookup ph configs   3.6748800000001611E-003 GByte
 Total memory for ph channels   8.7168000000000003E-005 GByte
              8067968      504248        1816
 Setting up vnn for ph hpph block
 Time to setup ph hpph block  0.14577526319772005     
 Total memory for vnn/t2 ph storage  0.25817497600000122      GByte
 Vacuum expectation value               (1175.4551541758342,0.0000000000000000)
 3NF vacuum expectation value               (14.097701963940935,0.0000000000000000)
 Vacuum expectation value with 3nf               (31.907628542362669,0.0000000000000000)
 Time for e0   2.8358060866594315E-002
 Time for f3nf  0.27837328333407640     
 e0 3nf        (930.44833236077352,-4.30823235704701876E-026)               (930.44832962010173,0.0000000000000000)
 Setting up v3nf_2bNO for hhhh block
 Time to setup v3nf_2bNO hhhh block  0.92985707102343440     
 Setting up v3nf_2bNO for hhpp block
 Time to setup v3nf_2bNO hhpp block   18.743048895616084     
 Setting up v3nf_2bNO for hphp block
 Time to setup v3nf_2bNO hphp block   9.9986953339539468     
 Setting up v3nf_NO for pppp block
 Time to setup v3nf_2bNO pppp block   134.74604759598151     
 here we go...
 Total memory for t2 storage  0.25817497600000017      GByte
 here we go...
 here we go...
 here we go...
 here we go...
 here we go...
 here we go...
 here we go...
 here we go...
 here we go...
 here we go...
 here we go...
 here we go...
 here we go...
 here we go...
 here we go...
 CCD energy         (2034.5104756811540,2.58078337314387924E-017)
 diis space     8067968
 Storage of diis vectors  0.90361241599999997      Gb
 CCD energy         (2037.1702808488608,7.14495464311157243E-018)
dener    0    1  0.26598052E+01
 CCD energy         (2038.9335154547348,2.67601829128724741E-018)
dener    0    2  0.17632346E+01
 CCD energy        (2040.0938192447798,-8.03289629693754485E-018)
dener    0    3  0.11603038E+01
 CCD energy        (2040.8506514969299,-1.92583557661114798E-017)
dener    0    4  0.75683225E+00
 CCD energy        (2041.3388639909135,-6.59281493415877040E-018)
dener    0    5  0.48821249E+00
diis_mat    1    1  0.1616E-02
diis_mat    1    2  0.1106E-02
diis_mat    1    3  0.7583E-03
diis_mat    1    4  0.5216E-03
diis_mat    1    5  0.3602E-03
diis_mat    1    6 -0.1000E+01
diis_mat    2    1  0.1106E-02
diis_mat    2    2  0.7605E-03
diis_mat    2    3  0.5245E-03
diis_mat    2    4  0.3632E-03
diis_mat    2    5  0.2527E-03
diis_mat    2    6 -0.1000E+01
diis_mat    3    1  0.7583E-03
diis_mat    3    2  0.5245E-03
diis_mat    3    3  0.3641E-03
diis_mat    3    4  0.2540E-03
diis_mat    3    5  0.1783E-03
diis_mat    3    6 -0.1000E+01
diis_mat    4    1  0.5216E-03
diis_mat    4    2  0.3632E-03
diis_mat    4    3  0.2540E-03
diis_mat    4    4  0.1787E-03
diis_mat    4    5  0.1266E-03
diis_mat    4    6 -0.1000E+01
diis_mat    5    1  0.3602E-03
diis_mat    5    2  0.2527E-03
diis_mat    5    3  0.1783E-03
diis_mat    5    4  0.1266E-03
diis_mat    5    5  0.9059E-04
diis_mat    5    6 -0.1000E+01
diis_mat    6    1 -0.1000E+01
diis_mat    6    2 -0.1000E+01
diis_mat    6    3 -0.1000E+01
diis_mat    6    4 -0.1000E+01
diis_mat    6    5 -0.1000E+01
diis_mat    6    6  0.0000E+00
 csysv info           0
sol_vec    1  0.1438E+02 -0.3503E-05
sol_vec    2 -0.9717E+02  0.1803E-04
sol_vec    3  0.2368E+03 -0.3460E-04
sol_vec    4 -0.2492E+03  0.2930E-04
sol_vec    5  0.9626E+02 -0.9224E-05
sol_vec    6  0.6933E-09  0.2061E-14
 CCD energy         (2042.0145953564866,5.04817990517812768E-009)
dener    0    6  0.67573137E+00
 CCD energy         (2042.0140339558154,3.40867374541299433E-009)
dener    0    7 -0.56140067E-03
 CCD energy         (2042.0138649899066,2.29789964786208428E-009)
dener    0    8 -0.16896591E-03
 CCD energy         (2042.0139114735230,1.54592755629313747E-009)
dener    0    9  0.46483616E-04
 CCD energy         (2042.0140659741512,1.03738327138784992E-009)
dener    0   10  0.15450063E-03
 CCD energy         (2042.0142649546922,6.93925138089781847E-010)
dener    0   11  0.19898054E-03
diis_mat    1    1  0.1280E-08
diis_mat    1    2  0.9676E-09
diis_mat    1    3  0.7373E-09
diis_mat    1    4  0.5658E-09
diis_mat    1    5  0.4372E-09
diis_mat    1    6 -0.1000E+01
diis_mat    2    1  0.9676E-09
diis_mat    2    2  0.7643E-09
diis_mat    2    3  0.6053E-09
diis_mat    2    4  0.4805E-09
diis_mat    2    5  0.3824E-09
diis_mat    2    6 -0.1000E+01
diis_mat    3    1  0.7373E-09
diis_mat    3    2  0.6053E-09
diis_mat    3    3  0.4948E-09
diis_mat    3    4  0.4033E-09
diis_mat    3    5  0.3279E-09
diis_mat    3    6 -0.1000E+01
diis_mat    4    1  0.5658E-09
diis_mat    4    2  0.4805E-09
diis_mat    4    3  0.4033E-09
diis_mat    4    4  0.3355E-09
diis_mat    4    5  0.2773E-09
diis_mat    4    6 -0.1000E+01
diis_mat    5    1  0.4372E-09
diis_mat    5    2  0.3824E-09
diis_mat    5    3  0.3279E-09
diis_mat    5    4  0.2773E-09
diis_mat    5    5  0.2321E-09
diis_mat    5    6 -0.1000E+01
diis_mat    6    1 -0.1000E+01
diis_mat    6    2 -0.1000E+01
diis_mat    6    3 -0.1000E+01
diis_mat    6    4 -0.1000E+01
diis_mat    6    5 -0.1000E+01
diis_mat    6    6  0.0000E+00
 csysv info           0
sol_vec    1  0.1066E+03 -0.6600E-04
sol_vec    2 -0.5680E+03  0.3337E-03
sol_vec    3  0.1132E+04 -0.6284E-03
sol_vec    4 -0.1000E+04  0.5221E-03
sol_vec    5  0.3305E+03 -0.1614E-03
sol_vec    6 -0.5502E-14  0.4787E-19
 CCD energy         (2042.0156703924042,1.39486374734833922E-011)
dener    0   12  0.14054377E-02
 CCD energy         (2042.0156690325227,1.52259797358610951E-011)
dener    0   13 -0.13598816E-05
 CCD energy         (2042.0156689108990,1.48095086696481932E-011)
dener    0   14 -0.12162374E-06
 Total execution time CCD   28.596801739186049     
 preparing to do CCD(T): 
          -8           8          -8           8          -8           8
 Total memory for lookup configs   1.1863487999999986E-002 GByte
 Total memory for channels   1.1892543999999986E-002 GByte
             89696544     5606034        1816
 Setting up vnn (NN+3NF) for hppp block
 Time to setup hppp block   212.19619983108714     
 Total memory for vnn storage  0.72946489599999531      GByte
          12          12          12           3           3
 Total memory for lookup t3-confs   1.2188792640000019      Gbyte
 3NF with deltas: T
           9835169512   614698094         539

 proc number   0      % work  0.100000E+03

          Channel #:     1
    Row index start:     1
      Row index end:     2
 Column index start:     1
   Column index end:  ****

          Channel #:     2
    Row index start:     1
      Row index end:     2
 Column index start:     1
   Column index end:  ****

          Channel #:     3
    Row index start:     1
      Row index end:     2
 Column index start:     1
   Column index end:  ****

          Channel #:     4
    Row index start:     1
      Row index end:     2
 Column index start:     1
   Column index end:  ****

          Channel #:     5
    Row index start:     1
      Row index end:     2
 Column index start:     1
   Column index end:  ****

          Channel #:     6
    Row index start:     1
      Row index end:     2
 Column index start:     1
   Column index end:  ****

          Channel #:     7
    Row index start:     1
      Row index end:     2
 Column index start:     1
   Column index end:  ****

          Channel #:     8
    Row index start:     1
      Row index end:     2
 Column index start:     1
   Column index end:  ****

          Channel #:     9
    Row index start:     1
      Row index end:     2
 Column index start:     1
   Column index end:  ****

          Channel #:    10
    Row index start:     1
      Row index end:     2
 Column index start:     1
   Column index end:  ****

          Channel #:    11
    Row index start:     1
      Row index end:     8
 Column index start:     1
   Column index end:  ****

          Channel #:    12
    Row index start:     1
      Row index end:    12
 Column index start:     1
   Column index end:  ****

          Channel #:    13
    Row index start:     1
      Row index end:     8
 Column index start:     1
   Column index end:  ****

          Channel #:    14
    Row index start:     1
      Row index end:     2
 Column index start:     1
   Column index end:  ****

          Channel #:    15
    Row index start:     1
      Row index end:     8
 Column index start:     1
   Column index end:  ****

          Channel #:    16
    Row index start:     1
      Row index end:    18
 Column index start:     1
   Column index end:  ****

          Channel #:    17
    Row index start:     1
      Row index end:    26
 Column index start:     1
   Column index end:  ****

          Channel #:    18
    Row index start:     1
      Row index end:    18
 Column index start:     1
   Column index end:  ****

          Channel #:    19
    Row index start:     1
      Row index end:     8
 Column index start:     1
   Column index end:  ****

          Channel #:    20
    Row index start:     1
      Row index end:    12
 Column index start:     1
   Column index end:  ****

          Channel #:    21
    Row index start:     1
      Row index end:    26
 Column index start:     1
   Column index end:  ****

          Channel #:    22
    Row index start:     1
      Row index end:    36
 Column index start:     1
   Column index end:  ****

          Channel #:    23
    Row index start:     1
      Row index end:    26
 Column index start:     1
   Column index end:  ****

          Channel #:    24
    Row index start:     1
      Row index end:    12
 Column index start:     1
   Column index end:  ****

          Channel #:    25
    Row index start:     1
      Row index end:     8
 Column index start:     1
   Column index end:  ****

          Channel #:    26
    Row index start:     1
      Row index end:    18
 Column index start:     1
   Column index end:  ****

          Channel #:    27
    Row index start:     1
      Row index end:    26
 Column index start:     1
   Column index end:  ****

          Channel #:    28
    Row index start:     1
      Row index end:    18
 Column index start:     1
   Column index end:  ****

          Channel #:    29
    Row index start:     1
      Row index end:     8
 Column index start:     1
   Column index end:  ****

          Channel #:    30
    Row index start:     1
      Row index end:     2
 Column index start:     1
   Column index end:  ****

          Channel #:    31
    Row index start:     1
      Row index end:     8
 Column index start:     1
   Column index end:  ****

          Channel #:    32
    Row index start:     1
      Row index end:    12
 Column index start:     1
   Column index end:  ****

          Channel #:    33
    Row index start:     1
      Row index end:     8
 Column index start:     1
   Column index end:  ****

          Channel #:    34
    Row index start:     1
      Row index end:     2
 Column index start:     1
   Column index end:  ****

          Channel #:    35
    Row index start:     1
      Row index end:     2
 Column index start:     1
   Column index end:  ****

          Channel #:    36
    Row index start:     1
      Row index end:    12
 Column index start:     1
   Column index end:  ****

          Channel #:    37
    Row index start:     1
      Row index end:    16
 Column index start:     1
   Column index end:  ****

          Channel #:    38
    Row index start:     1
      Row index end:    12
 Column index start:     1
   Column index end:  ****

          Channel #:    39
    Row index start:     1
      Row index end:     2
 Column index start:     1
   Column index end:  ****

          Channel #:    40
    Row index start:     1
      Row index end:     2
 Column index start:     1
   Column index end:  ****

          Channel #:    41
    Row index start:     1
      Row index end:    18
 Column index start:     1
   Column index end:  ****

          Channel #:    42
    Row index start:     1
      Row index end:    44
 Column index start:     1
   Column index end:  ****

          Channel #:    43
    Row index start:     1
      Row index end:    58
 Column index start:     1
   Column index end:  ****

          Channel #:    44
    Row index start:     1
      Row index end:    44
 Column index start:     1
   Column index end:  ****

          Channel #:    45
    Row index start:     1
      Row index end:    18
 Column index start:     1
   Column index end:  ****

          Channel #:    46
    Row index start:     1
      Row index end:     2
 Column index start:     1
   Column index end:  ****

          Channel #:    47
    Row index start:     1
      Row index end:    12
 Column index start:     1
   Column index end:  ****

          Channel #:    48
    Row index start:     1
      Row index end:    44
 Column index start:     1
   Column index end:  ****

          Channel #:    49
    Row index start:     1
      Row index end:    90
 Column index start:     1
   Column index end:  ****

          Channel #:    50
    Row index start:     1
      Row index end:   110
 Column index start:     1
   Column index end:  ****

          Channel #:    51
    Row index start:     1
      Row index end:    90
 Column index start:     1
   Column index end:  ****

          Channel #:    52
    Row index start:     1
      Row index end:    44
 Column index start:     1
   Column index end:  ****

          Channel #:    53
    Row index start:     1
      Row index end:    12
 Column index start:     1
   Column index end:  ****

          Channel #:    54
    Row index start:     1
      Row index end:    16
 Column index start:     1
   Column index end:  ****

          Channel #:    55
    Row index start:     1
      Row index end:    58
 Column index start:     1
   Column index end:  ****

          Channel #:    56
    Row index start:     1
      Row index end:   110
 Column index start:     1
   Column index end:  ****

          Channel #:    57
    Row index start:     1
      Row index end:   138
 Column index start:     1
   Column index end:  ****

          Channel #:    58
    Row index start:     1
      Row index end:   110
 Column index start:     1
   Column index end:  ****

          Channel #:    59
    Row index start:     1
      Row index end:    58
 Column index start:     1
   Column index end:  ****

          Channel #:    60
    Row index start:     1
      Row index end:    16
 Column index start:     1
   Column index end:  ****

          Channel #:    61
    Row index start:     1
      Row index end:    12
 Column index start:     1
   Column index end:  ****

          Channel #:    62
    Row index start:     1
      Row index end:    44
 Column index start:     1
   Column index end:  ****

          Channel #:    63
    Row index start:     1
      Row index end:    90
 Column index start:     1
   Column index end:  ****

          Channel #:    64
    Row index start:     1
      Row index end:   110
 Column index start:     1
   Column index end:  ****

          Channel #:    65
    Row index start:     1
      Row index end:    90
 Column index start:     1
   Column index end:  ****

          Channel #:    66
    Row index start:     1
      Row index end:    44
 Column index start:     1
   Column index end:  ****

          Channel #:    67
    Row index start:     1
      Row index end:    12
 Column index start:     1
   Column index end:  ****

          Channel #:    68
    Row index start:     1
      Row index end:     2
 Column index start:     1
   Column index end:  ****

          Channel #:    69
    Row index start:     1
      Row index end:    18
 Column index start:     1
   Column index end:  ****

          Channel #:    70
    Row index start:     1
      Row index end:    44
 Column index start:     1
   Column index end:  ****

          Channel #:    71
    Row index start:     1
      Row index end:    58
 Column index start:     1
   Column index end:  ****

          Channel #:    72
    Row index start:     1
      Row index end:    44
 Column index start:     1
   Column index end:  ****

          Channel #:    73
    Row index start:     1
      Row index end:    18
 Column index start:     1
   Column index end:  ****

          Channel #:    74
    Row index start:     1
      Row index end:     2
 Column index start:     1
   Column index end:  ****

          Channel #:    75
    Row index start:     1
      Row index end:     2
 Column index start:     1
   Column index end:  ****

          Channel #:    76
    Row index start:     1
      Row index end:    12
 Column index start:     1
   Column index end:  ****

          Channel #:    77
    Row index start:     1
      Row index end:    16
 Column index start:     1
   Column index end:  ****

          Channel #:    78
    Row index start:     1
      Row index end:    12
 Column index start:     1
   Column index end:  ****

          Channel #:    79
    Row index start:     1
      Row index end:     2
 Column index start:     1
   Column index end:  ****

          Channel #:    80
    Row index start:     1
      Row index end:     2
 Column index start:     1
   Column index end:  ****

          Channel #:    81
    Row index start:     1
      Row index end:     8
 Column index start:     1
   Column index end:  ****

          Channel #:    82
    Row index start:     1
      Row index end:    12
 Column index start:     1
   Column index end:  ****

          Channel #:    83
    Row index start:     1
      Row index end:     8
 Column index start:     1
   Column index end:  ****

          Channel #:    84
    Row index start:     1
      Row index end:     2
 Column index start:     1
   Column index end:  ****

          Channel #:    85
    Row index start:     1
      Row index end:     2
 Column index start:     1
   Column index end:  ****

          Channel #:    86
    Row index start:     1
      Row index end:    18
 Column index start:     1
   Column index end:  ****

          Channel #:    87
    Row index start:     1
      Row index end:    44
 Column index start:     1
   Column index end:  ****

          Channel #:    88
    Row index start:     1
      Row index end:    58
 Column index start:     1
   Column index end:  ****

          Channel #:    89
    Row index start:     1
      Row index end:    44
 Column index start:     1
   Column index end:  ****

          Channel #:    90
    Row index start:     1
      Row index end:    18
 Column index start:     1
   Column index end:  ****

          Channel #:    91
    Row index start:     1
      Row index end:     2
 Column index start:     1
   Column index end:  ****

          Channel #:    92
    Row index start:     1
      Row index end:     2
 Column index start:     1
   Column index end:  ****

          Channel #:    93
    Row index start:     1
      Row index end:    18
 Column index start:     1
   Column index end:  ****

          Channel #:    94
    Row index start:     1
      Row index end:    72
 Column index start:     1
   Column index end:  ****

          Channel #:    95
    Row index start:     1
      Row index end:   132
 Column index start:     1
   Column index end:  ****

          Channel #:    96
    Row index start:     1
      Row index end:   162
 Column index start:     1
   Column index end:  ****

          Channel #:    97
    Row index start:     1
      Row index end:   132
 Column index start:     1
   Column index end:  ****

          Channel #:    98
    Row index start:     1
      Row index end:    72
 Column index start:     1
   Column index end:  ****

          Channel #:    99
    Row index start:     1
      Row index end:    18
 Column index start:     1
   Column index end:  ****

          Channel #:   100
    Row index start:     1
      Row index end:     2
 Column index start:     1
   Column index end:  ****

          Channel #:   101
    Row index start:     1
      Row index end:     8
 Column index start:     1
   Column index end:  ****

          Channel #:   102
    Row index start:     1
      Row index end:    44
 Column index start:     1
   Column index end:  ****

          Channel #:   103
    Row index start:     1
      Row index end:   132
 Column index start:     1
   Column index end:  ****
           1      140934           2
           2      142142           2
           3      140934           2
           4      142142           2
           5      143314           2
           6      142142           2
           7      140934           2
           8      142142           2
           9      140934           2
          10      165140           2
          11      171146           8
          12      172700          12
          13      171146           8
          14      165140           2
          15      171146           8
          16      177104          18
          17      178618          26
          18      177104          18
          19      171146           8
          20      172700          12
          21      178618          26
          22      180090          36
          23      178618          26
          24      172700          12
          25      171146           8
          26      177104          18
          27      178618          26
          28      177104          18
          29      171146           8
          30      165140           2
          31      171146           8
          32      172700          12
          33      171146           8
          34      165140           2
          35      175428           2
          36      181878          12
          37      183578          16
          38      181878          12
          39      175428           2
          40      175428           2
          41      189980          18
          42      196714          44
          43      198434          58
          44      196714          44
          45      189980          18
          46      175428           2
          47      181878          12
          48      196714          44
          49      203344          90
          50      205010         110
          51      203344          90
          52      196714          44
          53      181878          12
          54      183578          16
          55      198434          58
          56      205010         110
          57      206610         138
          58      205010         110
          59      198434          58
          60      183578          16
          61      181878          12
          62      196714          44
          63      203344          90
          64      205010         110
          65      203344          90
          66      196714          44
          67      181878          12
          68      175428           2
          69      189980          18
          70      196714          44
          71      198434          58
          72      196714          44
          73      189980          18
          74      175428           2
          75      175428           2
          76      181878          12
          77      183578          16
          78      181878          12
          79      175428           2
          80      165140           2
          81      171146           8
          82      172700          12
          83      171146           8
          84      165140           2
          85      175428           2
          86      189980          18
          87      196714          44
          88      198434          58
          89      196714          44
          90      189980          18
          91      175428           2
          92      165140           2
          93      189980          18
          94      205512          72
          95      212492         132
          96      214200         162
          97      212492         132
          98      205512          72
          99      189980          18
         100      165140           2
         101      171146           8
         102      196714          44
         103      212492         132
 EXECUTION TIME FOR CCD(T)   457.46216115308926     
Kf, Dens          2.07100           0.30000  CCSD(T)         -0.07418           -0.07470


 ---------------------------------------------------------------------
 Boxsize   6.0368107367976851      Nmax           4
 A, Density, Kf          66  0.29999999999999999        2.0710031125777077     
 Twist averaged E0/N               (31.907628542362669,0.0000000000000000)
 Twist averaged mbpt2         (30.825916298199303,3.91027783809678662E-019)
 Twist averaged CCSD         (30.939631347134831,2.24386494994669595E-013)
 kinetic_TF   3519.4333709637749     
  0.29999999999999999                    (31.907628542362669,0.0000000000000000)         (2042.0156689108990,1.48095086696481932E-011)

 E/N   2.07100320      0.300000012       31.907628542362669        30.825916298199303        30.939631347134831        30.864930873486315     
#Nmax, Nucleons, 3NFnexp, 3NFCutoff: 4  66 3 450
     0.00000     0.00000     2.07100     0.30000    31.90763    30.82592    30.93963    30.86493
 ---------------------------------------------------------------------
 Total execution time for CCD code   1064.9719402841292     
