 LEC_c1_input!!!!= -0.73999999999999999     
 NN regulator Exponent:    3.0000000000000000     
 -----------
 NN ci's
 -0.73999999999999999     
 -0.48999999999999999     
 -0.65000000000000002     
  0.95999999999999996     
 3NF ci's
 -0.73999999999999999     
   0.0000000000000000     
 -0.65000000000000002     
  0.95999999999999996     
 -----------
 --------
 c1s0(-1) -0.33730263694315998     
 c1s0(0) -0.33832018127720997     
 c1s0(1) -0.33822306540604002     
 c3s1(-1) -0.22172149166243998     
 c3s1(0) -0.22172149166243998     
 c3s1(1) -0.22172149166243998     
 --------
 -----------
 NLO contacts PW
   2.4880194679419998     
  0.69845361947997997     
  -1.2651332138180000E-002
 -0.93726352031727012     
  0.67535339158562002     
  0.35447945007624998     
 -0.85952613767910990     
 ----------
          C1            0.0769766853664699
          C2            0.0513123028571311
          C3           -0.0081570300398342
          C4           -0.0717263088734619
          C5           -0.0573504366310365
          C6            0.0016975555105799
          C7           -0.1264690842845873
          D1           -0.3771581126597507
          D2           -0.9305750209334183
          D3            2.1195254080520742
          D4           -2.1246309930064329
          D5           -0.0131882077354610
          D6            0.6645429882213397
          D7            0.7806033045976430
          D8           -0.4752342494327860
          D9            0.0920642557695526
         D10           -0.0312443369241453
         D11            0.0232036046033312
         D12           -0.3040203100732521
         D13           -0.2963726204319913
         D14            1.4856672935233888
         D15           -0.3992014237014200
 wtf cE,cD=  -0.81999999999999995         -0.34999999999999998     

   3NF LECs:
          C1           -0.7400000000000000
          C3           -0.6500000000000000
          C4            0.9600000000000000
          cE           -0.3500000000000000
          cD           -0.8200000000000000

 delta_chiral_order           3
 delta cutoff   500.00000000000000     
Boundary Conditions PBC                                                                                                 
CC approx CCD(T)                                                                                              
 TNF: T TNF-approx:           3
 3NF Cutoff:   500.00000000000000      Nexp_3NF:           3
 Boxsize   7.4440277647691362     
 Density  0.16000000000000000     
 K_f   1.6795012352211809     
 Nmax           4
 Total number of states        1458
 K-mesh   0.0000000000000000     
 K-mesh -0.84405721011902246     
 K-mesh  0.84405721011902246     
 K-mesh  -1.6881144202380449     
 K-mesh   1.6881144202380449     
 K-mesh  -2.5321716303570674     
 K-mesh   2.5321716303570674     
 K-mesh  -3.3762288404760898     
 K-mesh   3.3762288404760898     
   0.0000000000000000        7.4440277647691362     
   0.0000000000000000        7.4440277647691362     
   0.0000000000000000        7.4440277647691362     
   0.0000000000000000        7.4440277647691362     
 Kz-mesh   0.0000000000000000     
 Kz-mesh -0.84405721011902246     
 Kz-mesh  0.84405721011902246     
 Kz-mesh  -1.6881144202380449     
 Kz-mesh   1.6881144202380449     
 Kz-mesh  -2.5321716303570674     
 Kz-mesh   2.5321716303570674     
 Kz-mesh  -3.3762288404760898     
 Kz-mesh   3.3762288404760898     
 KY-mesh   0.0000000000000000     
 KY-mesh -0.84405721011902246     
 KY-mesh  0.84405721011902246     
 KY-mesh  -1.6881144202380449     
 KY-mesh   1.6881144202380449     
 KY-mesh  -2.5321716303570674     
 KY-mesh   2.5321716303570674     
 KY-mesh  -3.3762288404760898     
 KY-mesh   3.3762288404760898     
           4           4           4          -1           1           1           1
 nkmin, nkmax           4           4           4
 Occupied j-orbits
     1       0.000000000        0   0   0  -1   1 hole      
     2       0.000000000        0   0   0   1   1 hole      
     3       14.76249715       -1   0   0  -1   1 hole      
     4       14.76249715       -1   0   0   1   1 hole      
     5       14.76249715        0   0  -1  -1   1 hole      
     6       14.76249715        0   0  -1   1   1 hole      
     7       14.76249715        0  -1   0  -1   1 hole      
     8       14.76249715        0  -1   0   1   1 hole      
     9       14.76249715        0   1   0  -1   1 hole      
    10       14.76249715        0   1   0   1   1 hole      
    11       14.76249715        1   0   0  -1   1 hole      
    12       14.76249715        1   0   0   1   1 hole      
    13       14.76249715        0   0   1  -1   1 hole      
    14       14.76249715        0   0   1   1   1 hole      
    15       29.52499429        1   1   0  -1   1 hole      
    16       29.52499429        1   1   0   1   1 hole      
    17       29.52499429        0   1   1  -1   1 hole      
    18       29.52499429        0   1   1   1   1 hole      
    19       29.52499429        1  -1   0  -1   1 hole      
    20       29.52499429        1  -1   0   1   1 hole      
    21       29.52499429       -1   0  -1  -1   1 hole      
    22       29.52499429       -1   0  -1   1   1 hole      
    23       29.52499429       -1  -1   0  -1   1 hole      
    24       29.52499429       -1  -1   0   1   1 hole      
    25       29.52499429       -1   0   1  -1   1 hole      
    26       29.52499429       -1   0   1   1   1 hole      
    27       29.52499429       -1   1   0  -1   1 hole      
    28       29.52499429       -1   1   0   1   1 hole      
    29       29.52499429        0   1  -1  -1   1 hole      
    30       29.52499429        0   1  -1   1   1 hole      
    31       29.52499429        1   0   1  -1   1 hole      
    32       29.52499429        1   0   1   1   1 hole      
    33       29.52499429        0  -1   1  -1   1 hole      
    34       29.52499429        0  -1   1   1   1 hole      
    35       29.52499429        1   0  -1  -1   1 hole      
    36       29.52499429        1   0  -1   1   1 hole      
    37       29.52499429        0  -1  -1  -1   1 hole      
    38       29.52499429        0  -1  -1   1   1 hole      
    39       44.28749144        1  -1   1  -1   1 hole      
    40       44.28749144        1  -1   1   1   1 hole      
    41       44.28749144        1  -1  -1  -1   1 hole      
    42       44.28749144        1  -1  -1   1   1 hole      
    43       44.28749144       -1   1  -1  -1   1 hole      
    44       44.28749144       -1   1  -1   1   1 hole      
    45       44.28749144       -1   1   1  -1   1 hole      
    46       44.28749144       -1   1   1   1   1 hole      
    47       44.28749144       -1  -1  -1  -1   1 hole      
    48       44.28749144       -1  -1  -1   1   1 hole      
    49       44.28749144        1   1  -1  -1   1 hole      
    50       44.28749144        1   1  -1   1   1 hole      
    51       44.28749144        1   1   1  -1   1 hole      
    52       44.28749144        1   1   1   1   1 hole      
    53       44.28749144       -1  -1   1  -1   1 hole      
    54       44.28749144       -1  -1   1   1   1 hole      
    55       59.04998858        0   0  -2  -1   1 hole      
    56       59.04998858        0   0  -2   1   1 hole      
    57       59.04998858        2   0   0  -1   1 hole      
    58       59.04998858        2   0   0   1   1 hole      
    59       59.04998858        0   0   2  -1   1 hole      
    60       59.04998858        0   0   2   1   1 hole      
    61       59.04998858        0   2   0  -1   1 hole      
    62       59.04998858        0   2   0   1   1 hole      
    63       59.04998858        0  -2   0  -1   1 hole      
    64       59.04998858        0  -2   0   1   1 hole      
    65       59.04998858       -2   0   0  -1   1 hole      
    66       59.04998858       -2   0   0   1   1 hole      
 Unoccupied j-orbits
    67       73.81248573       -2   0  -1  -1   1 particle  
    68       73.81248573       -2   0  -1   1   1 particle  
    69       73.81248573       -1   0  -2  -1   1 particle  
    70       73.81248573       -1   0  -2   1   1 particle  
    71       73.81248573       -2   0   1  -1   1 particle  
    72       73.81248573       -2   0   1   1   1 particle  
    73       73.81248573       -2  -1   0  -1   1 particle  
    74       73.81248573       -2  -1   0   1   1 particle  
    75       73.81248573       -1   2   0  -1   1 particle  
    76       73.81248573       -1   2   0   1   1 particle  
    77       73.81248573       -2   1   0  -1   1 particle  
 Sz and Tz for vacuum state   0.0000000000000000        66.000000000000000     
          -8           8          -8           8          -8           8
 Total memory for lookup configs   5.6901119999999113E-003 GByte
 Total memory for channels   4.0880000000000002E-005 GByte
              8067968      504248         185
              8067968      504248        1816
 Setting up vnn for hhhh block
 Time to setup hhhh block   1.0163626099238172     
 Setting up vnn for hhhp block
 Time to setup hhhp block   2.0531135729979724     
 Setting up vnn for hhpp block
 Time to setup hhpp block   4.0381687309127301     
 Setting up vnn for hphp block
 Time to setup hphp block   3.3992590910056606     
 Setting up vnn for pppp block
 Time to setup pppp block   159.88970385608263     
 Total memory for vnn storage  0.55222438400000029      GByte
          -8           8          -8           8          -8           8
 Total memory for lookup ph configs   3.6748800000001611E-003 GByte
 Total memory for ph channels   8.7168000000000003E-005 GByte
              8067968      504248        1816
 Setting up vnn for ph hpph block
 Time to setup ph hpph block  0.14875875599682331     
 Total memory for vnn/t2 ph storage  0.25817497600000122      GByte
 Vacuum expectation value               (794.82950274962457,0.0000000000000000)
 3NF vacuum expectation value               (6.3137483104493937,0.0000000000000000)
 Vacuum expectation value with 3nf               (18.356619564231586,0.0000000000000000)
 Time for e0   2.8493924997746944E-002
 Time for f3nf  0.30297716509085149     
 e0 3nf               (416.70738861033624,0.0000000000000000)               (416.70738848965999,0.0000000000000000)
 Setting up v3nf_2bNO for hhhh block
 Time to setup v3nf_2bNO hhhh block  0.93255360389593989     
 Setting up v3nf_2bNO for hhpp block
 Time to setup v3nf_2bNO hhpp block   18.790387424058281     
 Setting up v3nf_2bNO for hphp block
 Time to setup v3nf_2bNO hphp block   9.9765857560560107     
 Setting up v3nf_NO for pppp block
 Time to setup v3nf_2bNO pppp block   134.82933528395370     
 Total memory for t2 storage  0.25817497600000017      GByte
 here we go...
 here we go...
 here we go...
 here we go...
 here we go...
 here we go...
 here we go...
 here we go...
 here we go...
 here we go...
 here we go...
 here we go...
 here we go...
 here we go...
 here we go...
 here we go...
 CCD energy        (926.19803218979621,-3.07628559296982119E-017)
 diis space     8067968
 Storage of diis vectors  0.90361241599999997      Gb
 CCD energy        (947.67301656992470,-3.09305065648442473E-017)
dener    0    1  0.21474984E+02
 CCD energy         (961.77102504757033,1.69630656135188432E-017)
dener    0    2  0.14098008E+02
 CCD energy         (970.95817913881729,6.14151826318571140E-018)
dener    0    3  0.91871541E+01
 CCD energy         (976.91250247227185,7.27884528333182148E-018)
dener    0    4  0.59543233E+01
 CCD energy        (980.75456635481373,-5.54269243925652275E-017)
dener    0    5  0.38420639E+01
diis_mat    1    1  0.1377E-01
diis_mat    1    2  0.8988E-02
diis_mat    1    3  0.5829E-02
diis_mat    1    4  0.3772E-02
diis_mat    1    5  0.2443E-02
diis_mat    1    6 -0.1000E+01
diis_mat    2    1  0.8988E-02
diis_mat    2    2  0.5884E-02
diis_mat    2    3  0.3829E-02
diis_mat    2    4  0.2488E-02
diis_mat    2    5  0.1619E-02
diis_mat    2    6 -0.1000E+01
diis_mat    3    1  0.5829E-02
diis_mat    3    2  0.3829E-02
diis_mat    3    3  0.2502E-02
diis_mat    3    4  0.1634E-02
diis_mat    3    5  0.1070E-02
diis_mat    3    6 -0.1000E+01
diis_mat    4    1  0.3772E-02
diis_mat    4    2  0.2488E-02
diis_mat    4    3  0.1634E-02
diis_mat    4    4  0.1073E-02
diis_mat    4    5  0.7073E-03
diis_mat    4    6 -0.1000E+01
diis_mat    5    1  0.2443E-02
diis_mat    5    2  0.1619E-02
diis_mat    5    3  0.1070E-02
diis_mat    5    4  0.7073E-03
diis_mat    5    5  0.4699E-03
diis_mat    5    6 -0.1000E+01
diis_mat    6    1 -0.1000E+01
diis_mat    6    2 -0.1000E+01
diis_mat    6    3 -0.1000E+01
diis_mat    6    4 -0.1000E+01
diis_mat    6    5 -0.1000E+01
diis_mat    6    6  0.0000E+00
 csysv info           0
sol_vec    1  0.1060E+02  0.1388E-08
sol_vec    2 -0.7184E+02 -0.1054E-07
sol_vec    3  0.1778E+03  0.2694E-07
sol_vec    4 -0.1914E+03 -0.2856E-07
sol_vec    5  0.7585E+02  0.1077E-07
sol_vec    6  0.8966E-07 -0.1089E-14
 CCD energy        (987.45579092183641,-8.37045463876826538E-013)
dener    0    6  0.67012246E+01
 CCD energy        (987.40332709243262,-1.36246102448622756E-011)
dener    0    7 -0.52463829E-01
 CCD energy        (987.37056634506234,-1.87577424125333734E-011)
dener    0    8 -0.32760747E-01
 CCD energy        (987.35012595637249,-1.97975054978024880E-011)
dener    0    9 -0.20440389E-01
 CCD energy        (987.33740205567847,-1.87800897968655337E-011)
dener    0   10 -0.12723901E-01
 CCD energy        (987.32951523225381,-1.68476211914313996E-011)
dener    0   11 -0.78868234E-02
diis_mat    1    1  0.1675E-06
diis_mat    1    2  0.1100E-06
diis_mat    1    3  0.7323E-07
diis_mat    1    4  0.4941E-07
diis_mat    1    5  0.3381E-07
diis_mat    1    6 -0.1000E+01
diis_mat    2    1  0.1100E-06
diis_mat    2    2  0.7398E-07
diis_mat    2    3  0.5048E-07
diis_mat    2    4  0.3497E-07
diis_mat    2    5  0.2460E-07
diis_mat    2    6 -0.1000E+01
diis_mat    3    1  0.7323E-07
diis_mat    3    2  0.5048E-07
diis_mat    3    3  0.3534E-07
diis_mat    3    4  0.2512E-07
diis_mat    3    5  0.1813E-07
diis_mat    3    6 -0.1000E+01
diis_mat    4    1  0.4941E-07
diis_mat    4    2  0.3497E-07
diis_mat    4    3  0.2512E-07
diis_mat    4    4  0.1831E-07
diis_mat    4    5  0.1353E-07
diis_mat    4    6 -0.1000E+01
diis_mat    5    1  0.3381E-07
diis_mat    5    2  0.2460E-07
diis_mat    5    3  0.1813E-07
diis_mat    5    4  0.1353E-07
diis_mat    5    5  0.1022E-07
diis_mat    5    6 -0.1000E+01
diis_mat    6    1 -0.1000E+01
diis_mat    6    2 -0.1000E+01
diis_mat    6    3 -0.1000E+01
diis_mat    6    4 -0.1000E+01
diis_mat    6    5 -0.1000E+01
diis_mat    6    6  0.0000E+00
 csysv info           0
sol_vec    1  0.5679E+02 -0.7181E-07
sol_vec    2 -0.3170E+03  0.3803E-06
sol_vec    3  0.6605E+03 -0.7471E-06
sol_vec    4 -0.6089E+03  0.6449E-06
sol_vec    5  0.2097E+03 -0.2063E-06
sol_vec    6 -0.7315E-12  0.1342E-19
 CCD energy         (987.31820860463279,4.46092118515518916E-013)
dener    0   12 -0.11306628E-01
 CCD energy         (987.31816350697818,4.24352189578954442E-013)
dener    0   13 -0.45097655E-04
 CCD energy         (987.31813890379590,3.75692054436210782E-013)
dener    0   14 -0.24603182E-04
 CCD energy         (987.31812517658318,3.19614945118113430E-013)
dener    0   15 -0.13727213E-04
 CCD energy         (987.31811714853825,2.65343466203952556E-013)
dener    0   16 -0.80280449E-05
 CCD energy         (987.31811208321710,2.16874477651223544E-013)
dener    0   17 -0.50653212E-05
diis_mat    1    1 -0.1772E-12
diis_mat    1    2 -0.5660E-13
diis_mat    1    3  0.4756E-14
diis_mat    1    4  0.3331E-13
diis_mat    1    5  0.4415E-13
diis_mat    1    6 -0.1000E+01
diis_mat    2    1 -0.5660E-13
diis_mat    2    2  0.2643E-13
diis_mat    2    3  0.6427E-13
diis_mat    2    4  0.7763E-13
diis_mat    2    5  0.7828E-13
diis_mat    2    6 -0.1000E+01
diis_mat    3    1  0.4756E-14
diis_mat    3    2  0.6427E-13
diis_mat    3    3  0.8837E-13
diis_mat    3    4  0.9362E-13
diis_mat    3    5  0.8939E-13
diis_mat    3    6 -0.1000E+01
diis_mat    4    1  0.3331E-13
diis_mat    4    2  0.7763E-13
diis_mat    4    3  0.9362E-13
diis_mat    4    4  0.9470E-13
diis_mat    4    5  0.8849E-13
diis_mat    4    6 -0.1000E+01
diis_mat    5    1  0.4415E-13
diis_mat    5    2  0.7828E-13
diis_mat    5    3  0.8939E-13
diis_mat    5    4  0.8849E-13
diis_mat    5    5  0.8180E-13
diis_mat    5    6 -0.1000E+01
diis_mat    6    1 -0.1000E+01
diis_mat    6    2 -0.1000E+01
diis_mat    6    3 -0.1000E+01
diis_mat    6    4 -0.1000E+01
diis_mat    6    5 -0.1000E+01
diis_mat    6    6  0.0000E+00
 csysv info           0
sol_vec    1  0.4843E+02  0.1360E-04
sol_vec    2 -0.2754E+03 -0.7367E-04
sol_vec    3  0.5840E+03  0.1477E-03
sol_vec    4 -0.5472E+03 -0.1299E-03
sol_vec    5  0.1912E+03  0.4221E-04
sol_vec    6  0.2519E-17 -0.1038E-22
 CCD energy        (987.31809014800831,-8.17782590362036896E-014)
dener    0   18 -0.21935209E-04
 CCD energy        (987.31809020618857,-2.29647955412598948E-014)
dener    0   19  0.58180262E-07
 Total execution time CCD   32.926068112021312     
 preparing to do CCD(T): 
          -8           8          -8           8          -8           8
 Total memory for lookup configs   1.1863487999999986E-002 GByte
 Total memory for channels   1.1892543999999986E-002 GByte
             89696544     5606034        1816
 Setting up vnn (NN+3NF) for hppp block
 Time to setup hppp block   212.05376429797616     
 Total memory for vnn storage  0.72946489599999531      GByte
          12          12          12           3           3
 Total memory for lookup t3-confs   1.2188792640000019      Gbyte
 3NF with deltas: T
           9835169512   614698094         539

 proc number   0      % work  0.100000E+03

          Channel #:     1
    Row index start:     1
      Row index end:     2
 Column index start:     1
   Column index end:  ****

          Channel #:     2
    Row index start:     1
      Row index end:     2
 Column index start:     1
   Column index end:  ****

          Channel #:     3
    Row index start:     1
      Row index end:     2
 Column index start:     1
   Column index end:  ****

          Channel #:     4
    Row index start:     1
      Row index end:     2
 Column index start:     1
   Column index end:  ****

          Channel #:     5
    Row index start:     1
      Row index end:     2
 Column index start:     1
   Column index end:  ****

          Channel #:     6
    Row index start:     1
      Row index end:     2
 Column index start:     1
   Column index end:  ****

          Channel #:     7
    Row index start:     1
      Row index end:     2
 Column index start:     1
   Column index end:  ****

          Channel #:     8
    Row index start:     1
      Row index end:     2
 Column index start:     1
   Column index end:  ****

          Channel #:     9
    Row index start:     1
      Row index end:     2
 Column index start:     1
   Column index end:  ****

          Channel #:    10
    Row index start:     1
      Row index end:     2
 Column index start:     1
   Column index end:  ****

          Channel #:    11
    Row index start:     1
      Row index end:     8
 Column index start:     1
   Column index end:  ****

          Channel #:    12
    Row index start:     1
      Row index end:    12
 Column index start:     1
   Column index end:  ****

          Channel #:    13
    Row index start:     1
      Row index end:     8
 Column index start:     1
   Column index end:  ****

          Channel #:    14
    Row index start:     1
      Row index end:     2
 Column index start:     1
   Column index end:  ****

          Channel #:    15
    Row index start:     1
      Row index end:     8
 Column index start:     1
   Column index end:  ****

          Channel #:    16
    Row index start:     1
      Row index end:    18
 Column index start:     1
   Column index end:  ****

          Channel #:    17
    Row index start:     1
      Row index end:    26
 Column index start:     1
   Column index end:  ****

          Channel #:    18
    Row index start:     1
      Row index end:    18
 Column index start:     1
   Column index end:  ****

          Channel #:    19
    Row index start:     1
      Row index end:     8
 Column index start:     1
   Column index end:  ****

          Channel #:    20
    Row index start:     1
      Row index end:    12
 Column index start:     1
   Column index end:  ****

          Channel #:    21
    Row index start:     1
      Row index end:    26
 Column index start:     1
   Column index end:  ****

          Channel #:    22
    Row index start:     1
      Row index end:    36
 Column index start:     1
   Column index end:  ****

          Channel #:    23
    Row index start:     1
      Row index end:    26
 Column index start:     1
   Column index end:  ****

          Channel #:    24
    Row index start:     1
      Row index end:    12
 Column index start:     1
   Column index end:  ****

          Channel #:    25
    Row index start:     1
      Row index end:     8
 Column index start:     1
   Column index end:  ****

          Channel #:    26
    Row index start:     1
      Row index end:    18
 Column index start:     1
   Column index end:  ****

          Channel #:    27
    Row index start:     1
      Row index end:    26
 Column index start:     1
   Column index end:  ****

          Channel #:    28
    Row index start:     1
      Row index end:    18
 Column index start:     1
   Column index end:  ****

          Channel #:    29
    Row index start:     1
      Row index end:     8
 Column index start:     1
   Column index end:  ****

          Channel #:    30
    Row index start:     1
      Row index end:     2
 Column index start:     1
   Column index end:  ****

          Channel #:    31
    Row index start:     1
      Row index end:     8
 Column index start:     1
   Column index end:  ****

          Channel #:    32
    Row index start:     1
      Row index end:    12
 Column index start:     1
   Column index end:  ****

          Channel #:    33
    Row index start:     1
      Row index end:     8
 Column index start:     1
   Column index end:  ****

          Channel #:    34
    Row index start:     1
      Row index end:     2
 Column index start:     1
   Column index end:  ****

          Channel #:    35
    Row index start:     1
      Row index end:     2
 Column index start:     1
   Column index end:  ****

          Channel #:    36
    Row index start:     1
      Row index end:    12
 Column index start:     1
   Column index end:  ****

          Channel #:    37
    Row index start:     1
      Row index end:    16
 Column index start:     1
   Column index end:  ****

          Channel #:    38
    Row index start:     1
      Row index end:    12
 Column index start:     1
   Column index end:  ****

          Channel #:    39
    Row index start:     1
      Row index end:     2
 Column index start:     1
   Column index end:  ****

          Channel #:    40
    Row index start:     1
      Row index end:     2
 Column index start:     1
   Column index end:  ****

          Channel #:    41
    Row index start:     1
      Row index end:    18
 Column index start:     1
   Column index end:  ****

          Channel #:    42
    Row index start:     1
      Row index end:    44
 Column index start:     1
   Column index end:  ****

          Channel #:    43
    Row index start:     1
      Row index end:    58
 Column index start:     1
   Column index end:  ****

          Channel #:    44
    Row index start:     1
      Row index end:    44
 Column index start:     1
   Column index end:  ****

          Channel #:    45
    Row index start:     1
      Row index end:    18
 Column index start:     1
   Column index end:  ****

          Channel #:    46
    Row index start:     1
      Row index end:     2
 Column index start:     1
   Column index end:  ****

          Channel #:    47
    Row index start:     1
      Row index end:    12
 Column index start:     1
   Column index end:  ****

          Channel #:    48
    Row index start:     1
      Row index end:    44
 Column index start:     1
   Column index end:  ****

          Channel #:    49
    Row index start:     1
      Row index end:    90
 Column index start:     1
   Column index end:  ****

          Channel #:    50
    Row index start:     1
      Row index end:   110
 Column index start:     1
   Column index end:  ****

          Channel #:    51
    Row index start:     1
      Row index end:    90
 Column index start:     1
   Column index end:  ****

          Channel #:    52
    Row index start:     1
      Row index end:    44
 Column index start:     1
   Column index end:  ****

          Channel #:    53
    Row index start:     1
      Row index end:    12
 Column index start:     1
   Column index end:  ****

          Channel #:    54
    Row index start:     1
      Row index end:    16
 Column index start:     1
   Column index end:  ****

          Channel #:    55
    Row index start:     1
      Row index end:    58
 Column index start:     1
   Column index end:  ****

          Channel #:    56
    Row index start:     1
      Row index end:   110
 Column index start:     1
   Column index end:  ****

          Channel #:    57
    Row index start:     1
      Row index end:   138
 Column index start:     1
   Column index end:  ****

          Channel #:    58
    Row index start:     1
      Row index end:   110
 Column index start:     1
   Column index end:  ****

          Channel #:    59
    Row index start:     1
      Row index end:    58
 Column index start:     1
   Column index end:  ****

          Channel #:    60
    Row index start:     1
      Row index end:    16
 Column index start:     1
   Column index end:  ****

          Channel #:    61
    Row index start:     1
      Row index end:    12
 Column index start:     1
   Column index end:  ****

          Channel #:    62
    Row index start:     1
      Row index end:    44
 Column index start:     1
   Column index end:  ****

          Channel #:    63
    Row index start:     1
      Row index end:    90
 Column index start:     1
   Column index end:  ****

          Channel #:    64
    Row index start:     1
      Row index end:   110
 Column index start:     1
   Column index end:  ****

          Channel #:    65
    Row index start:     1
      Row index end:    90
 Column index start:     1
   Column index end:  ****

          Channel #:    66
    Row index start:     1
      Row index end:    44
 Column index start:     1
   Column index end:  ****

          Channel #:    67
    Row index start:     1
      Row index end:    12
 Column index start:     1
   Column index end:  ****

          Channel #:    68
    Row index start:     1
      Row index end:     2
 Column index start:     1
   Column index end:  ****

          Channel #:    69
    Row index start:     1
      Row index end:    18
 Column index start:     1
   Column index end:  ****

          Channel #:    70
    Row index start:     1
      Row index end:    44
 Column index start:     1
   Column index end:  ****

          Channel #:    71
    Row index start:     1
      Row index end:    58
 Column index start:     1
   Column index end:  ****

          Channel #:    72
    Row index start:     1
      Row index end:    44
 Column index start:     1
   Column index end:  ****

          Channel #:    73
    Row index start:     1
      Row index end:    18
 Column index start:     1
   Column index end:  ****

          Channel #:    74
    Row index start:     1
      Row index end:     2
 Column index start:     1
   Column index end:  ****

          Channel #:    75
    Row index start:     1
      Row index end:     2
 Column index start:     1
   Column index end:  ****

          Channel #:    76
    Row index start:     1
      Row index end:    12
 Column index start:     1
   Column index end:  ****

          Channel #:    77
    Row index start:     1
      Row index end:    16
 Column index start:     1
   Column index end:  ****

          Channel #:    78
    Row index start:     1
      Row index end:    12
 Column index start:     1
   Column index end:  ****

          Channel #:    79
    Row index start:     1
      Row index end:     2
 Column index start:     1
   Column index end:  ****

          Channel #:    80
    Row index start:     1
      Row index end:     2
 Column index start:     1
   Column index end:  ****

          Channel #:    81
    Row index start:     1
      Row index end:     8
 Column index start:     1
   Column index end:  ****

          Channel #:    82
    Row index start:     1
      Row index end:    12
 Column index start:     1
   Column index end:  ****

          Channel #:    83
    Row index start:     1
      Row index end:     8
 Column index start:     1
   Column index end:  ****

          Channel #:    84
    Row index start:     1
      Row index end:     2
 Column index start:     1
   Column index end:  ****

          Channel #:    85
    Row index start:     1
      Row index end:     2
 Column index start:     1
   Column index end:  ****

          Channel #:    86
    Row index start:     1
      Row index end:    18
 Column index start:     1
   Column index end:  ****

          Channel #:    87
    Row index start:     1
      Row index end:    44
 Column index start:     1
   Column index end:  ****

          Channel #:    88
    Row index start:     1
      Row index end:    58
 Column index start:     1
   Column index end:  ****

          Channel #:    89
    Row index start:     1
      Row index end:    44
 Column index start:     1
   Column index end:  ****

          Channel #:    90
    Row index start:     1
      Row index end:    18
 Column index start:     1
   Column index end:  ****

          Channel #:    91
    Row index start:     1
      Row index end:     2
 Column index start:     1
   Column index end:  ****

          Channel #:    92
    Row index start:     1
      Row index end:     2
 Column index start:     1
   Column index end:  ****

          Channel #:    93
    Row index start:     1
      Row index end:    18
 Column index start:     1
   Column index end:  ****

          Channel #:    94
    Row index start:     1
      Row index end:    72
 Column index start:     1
   Column index end:  ****

          Channel #:    95
    Row index start:     1
      Row index end:   132
 Column index start:     1
   Column index end:  ****

          Channel #:    96
    Row index start:     1
      Row index end:   162
 Column index start:     1
   Column index end:  ****

          Channel #:    97
    Row index start:     1
      Row index end:   132
 Column index start:     1
   Column index end:  ****

          Channel #:    98
    Row index start:     1
      Row index end:    72
 Column index start:     1
   Column index end:  ****

          Channel #:    99
    Row index start:     1
      Row index end:    18
 Column index start:     1
   Column index end:  ****

          Channel #:   100
    Row index start:     1
      Row index end:     2
 Column index start:     1
   Column index end:  ****

          Channel #:   101
    Row index start:     1
      Row index end:     8
 Column index start:     1
   Column index end:  ****

          Channel #:   102
    Row index start:     1
      Row index end:    44
 Column index start:     1
   Column index end:  ****

          Channel #:   103
    Row index start:     1
      Row index end:   132
 Column index start:     1
   Column index end:  ****
           1      140934           2
           2      142142           2
           3      140934           2
           4      142142           2
           5      143314           2
           6      142142           2
           7      140934           2
           8      142142           2
           9      140934           2
          10      165140           2
          11      171146           8
          12      172700          12
          13      171146           8
          14      165140           2
          15      171146           8
          16      177104          18
          17      178618          26
          18      177104          18
          19      171146           8
          20      172700          12
          21      178618          26
          22      180090          36
          23      178618          26
          24      172700          12
          25      171146           8
          26      177104          18
          27      178618          26
          28      177104          18
          29      171146           8
          30      165140           2
          31      171146           8
          32      172700          12
          33      171146           8
          34      165140           2
          35      175428           2
          36      181878          12
          37      183578          16
          38      181878          12
          39      175428           2
          40      175428           2
          41      189980          18
          42      196714          44
          43      198434          58
          44      196714          44
          45      189980          18
          46      175428           2
          47      181878          12
          48      196714          44
          49      203344          90
          50      205010         110
          51      203344          90
          52      196714          44
          53      181878          12
          54      183578          16
          55      198434          58
          56      205010         110
          57      206610         138
          58      205010         110
          59      198434          58
          60      183578          16
          61      181878          12
          62      196714          44
          63      203344          90
          64      205010         110
          65      203344          90
          66      196714          44
          67      181878          12
          68      175428           2
          69      189980          18
          70      196714          44
          71      198434          58
          72      196714          44
          73      189980          18
          74      175428           2
          75      175428           2
          76      181878          12
          77      183578          16
          78      181878          12
          79      175428           2
          80      165140           2
          81      171146           8
          82      172700          12
          83      171146           8
          84      165140           2
          85      175428           2
          86      189980          18
          87      196714          44
          88      198434          58
          89      196714          44
          90      189980          18
          91      175428           2
          92      165140           2
          93      189980          18
          94      205512          72
          95      212492         132
          96      214200         162
          97      212492         132
          98      205512          72
          99      189980          18
         100      165140           2
         101      171146           8
         102      196714          44
         103      212492         132
 EXECUTION TIME FOR CCD(T)   458.40454804804176     
Kf, Dens          1.67950           0.16000  CCSD(T)         -0.43290           -0.44062


 ---------------------------------------------------------------------
 Boxsize   7.4440277647691362      Nmax           4
 A, Density, Kf          66  0.16000000000000000        1.6795012352211809     
 Twist averaged E0/N               (18.356619564231586,0.0000000000000000)
 Twist averaged mbpt2        (14.033303518027216,-4.66103877722700166E-019)
 Twist averaged CCSD        (14.959365003124070,-3.47951447594846916E-016)
 kinetic_TF   2314.5784198059869     
  0.16000000000000000                    (18.356619564231586,0.0000000000000000)        (987.31809020618857,-2.29647955412598948E-014)

 E/N   1.67950118      0.159999996       18.356619564231586        14.033303518027216        14.959365003124070        14.518745252385933     
#Nmax, Nucleons, 3NFnexp, 3NFCutoff: 4  66 3 500
    -0.35000    -0.82000     1.67950     0.16000    18.35662    14.03330    14.95937    14.51875
 ---------------------------------------------------------------------
 Total execution time for CCD code   1087.1517271429766     
