 LEC_c1_input!!!!= -0.73999999999999999     
 NN regulator Exponent:    3.0000000000000000     
 -----------
 NN ci's
 -0.73999999999999999     
 -0.48999999999999999     
 -0.65000000000000002     
  0.95999999999999996     
 3NF ci's
 -0.73999999999999999     
   0.0000000000000000     
 -0.65000000000000002     
  0.95999999999999996     
 -----------
 --------
 c1s0(-1) -0.33730263694315998     
 c1s0(0) -0.33832018127720997     
 c1s0(1) -0.33822306540604002     
 c3s1(-1) -0.22172149166243998     
 c3s1(0) -0.22172149166243998     
 c3s1(1) -0.22172149166243998     
 --------
 -----------
 NLO contacts PW
   2.4880194679419998     
  0.69845361947997997     
  -1.2651332138180000E-002
 -0.93726352031727012     
  0.67535339158562002     
  0.35447945007624998     
 -0.85952613767910990     
 ----------
          C1            0.0769766853664699
          C2            0.0513123028571311
          C3           -0.0081570300398342
          C4           -0.0717263088734619
          C5           -0.0573504366310365
          C6            0.0016975555105799
          C7           -0.1264690842845873
          D1           -0.3771581126597507
          D2           -0.9305750209334183
          D3            2.1195254080520742
          D4           -2.1246309930064329
          D5           -0.0131882077354610
          D6            0.6645429882213397
          D7            0.7806033045976430
          D8           -0.4752342494327860
          D9            0.0920642557695526
         D10           -0.0312443369241453
         D11            0.0232036046033312
         D12           -0.3040203100732521
         D13           -0.2963726204319913
         D14            1.4856672935233888
         D15           -0.3992014237014200
 wtf cE,cD=  -0.81999999999999995         -0.34999999999999998     

   3NF LECs:
          C1           -0.7400000000000000
          C3           -0.6500000000000000
          C4            0.9600000000000000
          cE           -0.3500000000000000
          cD           -0.8200000000000000

 delta_chiral_order           3
 delta cutoff   500.00000000000000     
Boundary Conditions PBC                                                                                                 
CC approx CCD(T)                                                                                              
 TNF: T TNF-approx:           3
 3NF Cutoff:   500.00000000000000      Nexp_3NF:           3
 Boxsize   7.7828495157683539     
 Density  0.14000000000000001     
 K_f   1.6063851421796711     
 Nmax           4
 Total number of states        1458
 K-mesh   0.0000000000000000     
 K-mesh -0.80731167864027231     
 K-mesh  0.80731167864027231     
 K-mesh  -1.6146233572805446     
 K-mesh   1.6146233572805446     
 K-mesh  -2.4219350359208169     
 K-mesh   2.4219350359208169     
 K-mesh  -3.2292467145610892     
 K-mesh   3.2292467145610892     
   0.0000000000000000        7.7828495157683539     
   0.0000000000000000        7.7828495157683539     
   0.0000000000000000        7.7828495157683539     
   0.0000000000000000        7.7828495157683539     
 Kz-mesh   0.0000000000000000     
 Kz-mesh -0.80731167864027231     
 Kz-mesh  0.80731167864027231     
 Kz-mesh  -1.6146233572805446     
 Kz-mesh   1.6146233572805446     
 Kz-mesh  -2.4219350359208169     
 Kz-mesh   2.4219350359208169     
 Kz-mesh  -3.2292467145610892     
 Kz-mesh   3.2292467145610892     
 KY-mesh   0.0000000000000000     
 KY-mesh -0.80731167864027231     
 KY-mesh  0.80731167864027231     
 KY-mesh  -1.6146233572805446     
 KY-mesh   1.6146233572805446     
 KY-mesh  -2.4219350359208169     
 KY-mesh   2.4219350359208169     
 KY-mesh  -3.2292467145610892     
 KY-mesh   3.2292467145610892     
           4           4           4          -1           1           1           1
 nkmin, nkmax           4           4           4
 Occupied j-orbits
     1       0.000000000        0   0   0  -1   1 hole      
     2       0.000000000        0   0   0   1   1 hole      
     3       13.50512252       -1   0   0  -1   1 hole      
     4       13.50512252       -1   0   0   1   1 hole      
     5       13.50512252        0   0  -1  -1   1 hole      
     6       13.50512252        0   0  -1   1   1 hole      
     7       13.50512252        0  -1   0  -1   1 hole      
     8       13.50512252        0  -1   0   1   1 hole      
     9       13.50512252        0   1   0  -1   1 hole      
    10       13.50512252        0   1   0   1   1 hole      
    11       13.50512252        1   0   0  -1   1 hole      
    12       13.50512252        1   0   0   1   1 hole      
    13       13.50512252        0   0   1  -1   1 hole      
    14       13.50512252        0   0   1   1   1 hole      
    15       27.01024505        1   1   0  -1   1 hole      
    16       27.01024505        1   1   0   1   1 hole      
    17       27.01024505        0   1   1  -1   1 hole      
    18       27.01024505        0   1   1   1   1 hole      
    19       27.01024505        1  -1   0  -1   1 hole      
    20       27.01024505        1  -1   0   1   1 hole      
    21       27.01024505       -1   0  -1  -1   1 hole      
    22       27.01024505       -1   0  -1   1   1 hole      
    23       27.01024505       -1  -1   0  -1   1 hole      
    24       27.01024505       -1  -1   0   1   1 hole      
    25       27.01024505       -1   0   1  -1   1 hole      
    26       27.01024505       -1   0   1   1   1 hole      
    27       27.01024505       -1   1   0  -1   1 hole      
    28       27.01024505       -1   1   0   1   1 hole      
    29       27.01024505        0   1  -1  -1   1 hole      
    30       27.01024505        0   1  -1   1   1 hole      
    31       27.01024505        1   0   1  -1   1 hole      
    32       27.01024505        1   0   1   1   1 hole      
    33       27.01024505        0  -1   1  -1   1 hole      
    34       27.01024505        0  -1   1   1   1 hole      
    35       27.01024505        1   0  -1  -1   1 hole      
    36       27.01024505        1   0  -1   1   1 hole      
    37       27.01024505        0  -1  -1  -1   1 hole      
    38       27.01024505        0  -1  -1   1   1 hole      
    39       40.51536757       -1  -1  -1  -1   1 hole      
    40       40.51536757       -1  -1  -1   1   1 hole      
    41       40.51536757       -1   1  -1  -1   1 hole      
    42       40.51536757       -1   1  -1   1   1 hole      
    43       40.51536757        1   1  -1  -1   1 hole      
    44       40.51536757        1   1  -1   1   1 hole      
    45       40.51536757       -1  -1   1  -1   1 hole      
    46       40.51536757       -1  -1   1   1   1 hole      
    47       40.51536757        1  -1   1  -1   1 hole      
    48       40.51536757        1  -1   1   1   1 hole      
    49       40.51536757        1   1   1  -1   1 hole      
    50       40.51536757        1   1   1   1   1 hole      
    51       40.51536757       -1   1   1  -1   1 hole      
    52       40.51536757       -1   1   1   1   1 hole      
    53       40.51536757        1  -1  -1  -1   1 hole      
    54       40.51536757        1  -1  -1   1   1 hole      
    55       54.02049010        0   2   0  -1   1 hole      
    56       54.02049010        0   2   0   1   1 hole      
    57       54.02049010        0   0  -2  -1   1 hole      
    58       54.02049010        0   0  -2   1   1 hole      
    59       54.02049010        2   0   0  -1   1 hole      
    60       54.02049010        2   0   0   1   1 hole      
    61       54.02049010        0  -2   0  -1   1 hole      
    62       54.02049010        0  -2   0   1   1 hole      
    63       54.02049010       -2   0   0  -1   1 hole      
    64       54.02049010       -2   0   0   1   1 hole      
    65       54.02049010        0   0   2  -1   1 hole      
    66       54.02049010        0   0   2   1   1 hole      
 Unoccupied j-orbits
    67       67.52561262       -2  -1   0  -1   1 particle  
    68       67.52561262       -2  -1   0   1   1 particle  
    69       67.52561262       -1   0  -2  -1   1 particle  
    70       67.52561262       -1   0  -2   1   1 particle  
    71       67.52561262       -1   0   2  -1   1 particle  
    72       67.52561262       -1   0   2   1   1 particle  
    73       67.52561262       -2   1   0  -1   1 particle  
    74       67.52561262       -2   1   0   1   1 particle  
    75       67.52561262       -1  -2   0  -1   1 particle  
    76       67.52561262       -1  -2   0   1   1 particle  
    77       67.52561262       -1   2   0  -1   1 particle  
 Sz and Tz for vacuum state   0.0000000000000000        66.000000000000000     
          -8           8          -8           8          -8           8
 Total memory for lookup configs   5.6901119999999113E-003 GByte
 Total memory for channels   4.0880000000000002E-005 GByte
              8067968      504248         185
              8067968      504248        1816
 Setting up vnn for hhhh block
 Time to setup hhhh block   1.0089236060157418     
 Setting up vnn for hhhp block
 Time to setup hhhp block   2.0413141039898619     
 Setting up vnn for hhpp block
 Time to setup hhpp block   3.9202993409708142     
 Setting up vnn for hphp block
 Time to setup hphp block   3.3723992910236120     
 Setting up vnn for pppp block
 Time to setup pppp block   159.60597938694991     
 Total memory for vnn storage  0.55222438400000029      GByte
          -8           8          -8           8          -8           8
 Total memory for lookup ph configs   3.6748800000001611E-003 GByte
 Total memory for ph channels   8.7168000000000003E-005 GByte
              8067968      504248        1816
 Setting up vnn for ph hpph block
 Time to setup ph hpph block  0.14732924592681229     
 Total memory for vnn/t2 ph storage  0.25817497600000122      GByte
 Vacuum expectation value               (717.99126109289955,0.0000000000000000)
 3NF vacuum expectation value               (4.7957845668685888,0.0000000000000000)
 Vacuum expectation value with 3nf               (15.674440037973127,0.0000000000000000)
 Time for e0   2.7668406954035163E-002
 Time for f3nf  0.30393212998751551     
 e0 3nf               (316.52178148460456,0.0000000000000000)               (316.52178141332683,0.0000000000000000)
 Setting up v3nf_2bNO for hhhh block
 Time to setup v3nf_2bNO hhhh block  0.93131820298731327     
 Setting up v3nf_2bNO for hhpp block
 Time to setup v3nf_2bNO hhpp block   19.024096398963593     
 Setting up v3nf_2bNO for hphp block
 Time to setup v3nf_2bNO hphp block   10.188666607020423     
 Setting up v3nf_NO for pppp block
 Time to setup v3nf_2bNO pppp block   135.50359846896026     
 here we go...
 Total memory for t2 storage  0.25817497600000017      GByte
 here we go...
 here we go...
 here we go...
 here we go...
 here we go...
 here we go...
 here we go...
 here we go...
 here we go...
 here we go...
 here we go...
 here we go...
 here we go...
 here we go...
 here we go...
 CCD energy        (778.75566966161557,-4.60686967295377448E-018)
 diis space     8067968
 Storage of diis vectors  0.90361241599999997      Gb
 CCD energy        (799.55041277762530,-1.21687482898574212E-017)
dener    0    1  0.20794743E+02
 CCD energy        (813.13789139012783,-3.07720948600954421E-018)
dener    0    2  0.13587479E+02
 CCD energy        (821.95872092294337,-1.00504727443683509E-017)
dener    0    3  0.88208295E+01
 CCD energy         (827.66017152220218,1.25806346040720758E-017)
dener    0    4  0.57014506E+01
 CCD energy        (831.33392330587810,-5.16494453066642165E-017)
dener    0    5  0.36737518E+01
diis_mat    1    1  0.1316E-01
diis_mat    1    2  0.8510E-02
diis_mat    1    3  0.5470E-02
diis_mat    1    4  0.3512E-02
diis_mat    1    5  0.2260E-02
diis_mat    1    6 -0.1000E+01
diis_mat    2    1  0.8510E-02
diis_mat    2    2  0.5520E-02
diis_mat    2    3  0.3561E-02
diis_mat    2    4  0.2296E-02
diis_mat    2    5  0.1484E-02
diis_mat    2    6 -0.1000E+01
diis_mat    3    1  0.5470E-02
diis_mat    3    2  0.3561E-02
diis_mat    3    3  0.2307E-02
diis_mat    3    4  0.1495E-02
diis_mat    3    5  0.9718E-03
diis_mat    3    6 -0.1000E+01
diis_mat    4    1  0.3512E-02
diis_mat    4    2  0.2296E-02
diis_mat    4    3  0.1495E-02
diis_mat    4    4  0.9738E-03
diis_mat    4    5  0.6374E-03
diis_mat    4    6 -0.1000E+01
diis_mat    5    1  0.2260E-02
diis_mat    5    2  0.1484E-02
diis_mat    5    3  0.9718E-03
diis_mat    5    4  0.6374E-03
diis_mat    5    5  0.4203E-03
diis_mat    5    6 -0.1000E+01
diis_mat    6    1 -0.1000E+01
diis_mat    6    2 -0.1000E+01
diis_mat    6    3 -0.1000E+01
diis_mat    6    4 -0.1000E+01
diis_mat    6    5 -0.1000E+01
diis_mat    6    6  0.0000E+00
 csysv info           0
sol_vec    1  0.8991E+01  0.3399E-08
sol_vec    2 -0.6223E+02 -0.2016E-07
sol_vec    3  0.1568E+03  0.4447E-07
sol_vec    4 -0.1716E+03 -0.4297E-07
sol_vec    5  0.6898E+02  0.1526E-07
sol_vec    6  0.1006E-06 -0.1293E-14
 CCD energy        (837.88113570163159,-2.16912044978923168E-010)
dener    0    6  0.65472124E+01
 CCD energy        (837.82626609470128,-1.50045428902252357E-010)
dener    0    7 -0.54869607E-01
 CCD energy        (837.79138471796330,-1.04903157537721062E-010)
dener    0    8 -0.34881377E-01
 CCD energy        (837.76913372709896,-7.41705006117208639E-011)
dener    0    9 -0.22250991E-01
 CCD energy        (837.75490049459540,-5.30548401193398182E-011)
dener    0   10 -0.14233233E-01
 CCD energy        (837.74577807553874,-3.84021948339585348E-011)
dener    0   11 -0.91224191E-02
diis_mat    1    1  0.1569E-06
diis_mat    1    2  0.1016E-06
diis_mat    1    3  0.6651E-07
diis_mat    1    4  0.4408E-07
diis_mat    1    5  0.2957E-07
diis_mat    1    6 -0.1000E+01
diis_mat    2    1  0.1016E-06
diis_mat    2    2  0.6738E-07
diis_mat    2    3  0.4530E-07
diis_mat    2    4  0.3088E-07
diis_mat    2    5  0.2134E-07
diis_mat    2    6 -0.1000E+01
diis_mat    3    1  0.6651E-07
diis_mat    3    2  0.4530E-07
diis_mat    3    3  0.3130E-07
diis_mat    3    4  0.2193E-07
diis_mat    3    5  0.1558E-07
diis_mat    3    6 -0.1000E+01
diis_mat    4    1  0.4408E-07
diis_mat    4    2  0.3088E-07
diis_mat    4    3  0.2193E-07
diis_mat    4    4  0.1578E-07
diis_mat    4    5  0.1150E-07
diis_mat    4    6 -0.1000E+01
diis_mat    5    1  0.2957E-07
diis_mat    5    2  0.2134E-07
diis_mat    5    3  0.1558E-07
diis_mat    5    4  0.1150E-07
diis_mat    5    5  0.8572E-08
diis_mat    5    6 -0.1000E+01
diis_mat    6    1 -0.1000E+01
diis_mat    6    2 -0.1000E+01
diis_mat    6    3 -0.1000E+01
diis_mat    6    4 -0.1000E+01
diis_mat    6    5 -0.1000E+01
diis_mat    6    6  0.0000E+00
 csysv info           0
sol_vec    1  0.4760E+02 -0.1214E-05
sol_vec    2 -0.2688E+03  0.6504E-05
sol_vec    3  0.5665E+03 -0.1291E-04
sol_vec    4 -0.5283E+03  0.1125E-04
sol_vec    5  0.1840E+03 -0.3630E-05
sol_vec    6 -0.1177E-11  0.3562E-18
 CCD energy         (837.72971292648162,1.55115802370667461E-011)
dener    0   12 -0.16065149E-01
 CCD energy         (837.72969535651555,1.16973619107397524E-011)
dener    0   13 -0.17569966E-04
 CCD energy         (837.72968881328688,8.82781893612131129E-012)
dener    0   14 -0.65432287E-05
 CCD energy         (837.72968700207412,6.67919932487666494E-012)
dener    0   15 -0.18112127E-05
 CCD energy         (837.72968690272955,5.07254558584480484E-012)
dener    0   16 -0.99344618E-07
 Total execution time CCD   27.398525823955424     
 preparing to do CCD(T): 
          -8           8          -8           8          -8           8
 Total memory for lookup configs   1.1863487999999986E-002 GByte
 Total memory for channels   1.1892543999999986E-002 GByte
             89696544     5606034        1816
 Setting up vnn (NN+3NF) for hppp block
 Time to setup hppp block   213.91516099194996     
 Total memory for vnn storage  0.72946489599999531      GByte
          12          12          12           3           3
 Total memory for lookup t3-confs   1.2188792640000019      Gbyte
 3NF with deltas: T
           9835169512   614698094         539

 proc number   0      % work  0.100000E+03

          Channel #:     1
    Row index start:     1
      Row index end:     2
 Column index start:     1
   Column index end:  ****

          Channel #:     2
    Row index start:     1
      Row index end:     2
 Column index start:     1
   Column index end:  ****

          Channel #:     3
    Row index start:     1
      Row index end:     2
 Column index start:     1
   Column index end:  ****

          Channel #:     4
    Row index start:     1
      Row index end:     2
 Column index start:     1
   Column index end:  ****

          Channel #:     5
    Row index start:     1
      Row index end:     2
 Column index start:     1
   Column index end:  ****

          Channel #:     6
    Row index start:     1
      Row index end:     2
 Column index start:     1
   Column index end:  ****

          Channel #:     7
    Row index start:     1
      Row index end:     2
 Column index start:     1
   Column index end:  ****

          Channel #:     8
    Row index start:     1
      Row index end:     2
 Column index start:     1
   Column index end:  ****

          Channel #:     9
    Row index start:     1
      Row index end:     2
 Column index start:     1
   Column index end:  ****

          Channel #:    10
    Row index start:     1
      Row index end:     2
 Column index start:     1
   Column index end:  ****

          Channel #:    11
    Row index start:     1
      Row index end:     8
 Column index start:     1
   Column index end:  ****

          Channel #:    12
    Row index start:     1
      Row index end:    12
 Column index start:     1
   Column index end:  ****

          Channel #:    13
    Row index start:     1
      Row index end:     8
 Column index start:     1
   Column index end:  ****

          Channel #:    14
    Row index start:     1
      Row index end:     2
 Column index start:     1
   Column index end:  ****

          Channel #:    15
    Row index start:     1
      Row index end:     8
 Column index start:     1
   Column index end:  ****

          Channel #:    16
    Row index start:     1
      Row index end:    18
 Column index start:     1
   Column index end:  ****

          Channel #:    17
    Row index start:     1
      Row index end:    26
 Column index start:     1
   Column index end:  ****

          Channel #:    18
    Row index start:     1
      Row index end:    18
 Column index start:     1
   Column index end:  ****

          Channel #:    19
    Row index start:     1
      Row index end:     8
 Column index start:     1
   Column index end:  ****

          Channel #:    20
    Row index start:     1
      Row index end:    12
 Column index start:     1
   Column index end:  ****

          Channel #:    21
    Row index start:     1
      Row index end:    26
 Column index start:     1
   Column index end:  ****

          Channel #:    22
    Row index start:     1
      Row index end:    36
 Column index start:     1
   Column index end:  ****

          Channel #:    23
    Row index start:     1
      Row index end:    26
 Column index start:     1
   Column index end:  ****

          Channel #:    24
    Row index start:     1
      Row index end:    12
 Column index start:     1
   Column index end:  ****

          Channel #:    25
    Row index start:     1
      Row index end:     8
 Column index start:     1
   Column index end:  ****

          Channel #:    26
    Row index start:     1
      Row index end:    18
 Column index start:     1
   Column index end:  ****

          Channel #:    27
    Row index start:     1
      Row index end:    26
 Column index start:     1
   Column index end:  ****

          Channel #:    28
    Row index start:     1
      Row index end:    18
 Column index start:     1
   Column index end:  ****

          Channel #:    29
    Row index start:     1
      Row index end:     8
 Column index start:     1
   Column index end:  ****

          Channel #:    30
    Row index start:     1
      Row index end:     2
 Column index start:     1
   Column index end:  ****

          Channel #:    31
    Row index start:     1
      Row index end:     8
 Column index start:     1
   Column index end:  ****

          Channel #:    32
    Row index start:     1
      Row index end:    12
 Column index start:     1
   Column index end:  ****

          Channel #:    33
    Row index start:     1
      Row index end:     8
 Column index start:     1
   Column index end:  ****

          Channel #:    34
    Row index start:     1
      Row index end:     2
 Column index start:     1
   Column index end:  ****

          Channel #:    35
    Row index start:     1
      Row index end:     2
 Column index start:     1
   Column index end:  ****

          Channel #:    36
    Row index start:     1
      Row index end:    12
 Column index start:     1
   Column index end:  ****

          Channel #:    37
    Row index start:     1
      Row index end:    16
 Column index start:     1
   Column index end:  ****

          Channel #:    38
    Row index start:     1
      Row index end:    12
 Column index start:     1
   Column index end:  ****

          Channel #:    39
    Row index start:     1
      Row index end:     2
 Column index start:     1
   Column index end:  ****

          Channel #:    40
    Row index start:     1
      Row index end:     2
 Column index start:     1
   Column index end:  ****

          Channel #:    41
    Row index start:     1
      Row index end:    18
 Column index start:     1
   Column index end:  ****

          Channel #:    42
    Row index start:     1
      Row index end:    44
 Column index start:     1
   Column index end:  ****

          Channel #:    43
    Row index start:     1
      Row index end:    58
 Column index start:     1
   Column index end:  ****

          Channel #:    44
    Row index start:     1
      Row index end:    44
 Column index start:     1
   Column index end:  ****

          Channel #:    45
    Row index start:     1
      Row index end:    18
 Column index start:     1
   Column index end:  ****

          Channel #:    46
    Row index start:     1
      Row index end:     2
 Column index start:     1
   Column index end:  ****

          Channel #:    47
    Row index start:     1
      Row index end:    12
 Column index start:     1
   Column index end:  ****

          Channel #:    48
    Row index start:     1
      Row index end:    44
 Column index start:     1
   Column index end:  ****

          Channel #:    49
    Row index start:     1
      Row index end:    90
 Column index start:     1
   Column index end:  ****

          Channel #:    50
    Row index start:     1
      Row index end:   110
 Column index start:     1
   Column index end:  ****

          Channel #:    51
    Row index start:     1
      Row index end:    90
 Column index start:     1
   Column index end:  ****

          Channel #:    52
    Row index start:     1
      Row index end:    44
 Column index start:     1
   Column index end:  ****

          Channel #:    53
    Row index start:     1
      Row index end:    12
 Column index start:     1
   Column index end:  ****

          Channel #:    54
    Row index start:     1
      Row index end:    16
 Column index start:     1
   Column index end:  ****

          Channel #:    55
    Row index start:     1
      Row index end:    58
 Column index start:     1
   Column index end:  ****

          Channel #:    56
    Row index start:     1
      Row index end:   110
 Column index start:     1
   Column index end:  ****

          Channel #:    57
    Row index start:     1
      Row index end:   138
 Column index start:     1
   Column index end:  ****

          Channel #:    58
    Row index start:     1
      Row index end:   110
 Column index start:     1
   Column index end:  ****

          Channel #:    59
    Row index start:     1
      Row index end:    58
 Column index start:     1
   Column index end:  ****

          Channel #:    60
    Row index start:     1
      Row index end:    16
 Column index start:     1
   Column index end:  ****

          Channel #:    61
    Row index start:     1
      Row index end:    12
 Column index start:     1
   Column index end:  ****

          Channel #:    62
    Row index start:     1
      Row index end:    44
 Column index start:     1
   Column index end:  ****

          Channel #:    63
    Row index start:     1
      Row index end:    90
 Column index start:     1
   Column index end:  ****

          Channel #:    64
    Row index start:     1
      Row index end:   110
 Column index start:     1
   Column index end:  ****

          Channel #:    65
    Row index start:     1
      Row index end:    90
 Column index start:     1
   Column index end:  ****

          Channel #:    66
    Row index start:     1
      Row index end:    44
 Column index start:     1
   Column index end:  ****

          Channel #:    67
    Row index start:     1
      Row index end:    12
 Column index start:     1
   Column index end:  ****

          Channel #:    68
    Row index start:     1
      Row index end:     2
 Column index start:     1
   Column index end:  ****

          Channel #:    69
    Row index start:     1
      Row index end:    18
 Column index start:     1
   Column index end:  ****

          Channel #:    70
    Row index start:     1
      Row index end:    44
 Column index start:     1
   Column index end:  ****

          Channel #:    71
    Row index start:     1
      Row index end:    58
 Column index start:     1
   Column index end:  ****

          Channel #:    72
    Row index start:     1
      Row index end:    44
 Column index start:     1
   Column index end:  ****

          Channel #:    73
    Row index start:     1
      Row index end:    18
 Column index start:     1
   Column index end:  ****

          Channel #:    74
    Row index start:     1
      Row index end:     2
 Column index start:     1
   Column index end:  ****

          Channel #:    75
    Row index start:     1
      Row index end:     2
 Column index start:     1
   Column index end:  ****

          Channel #:    76
    Row index start:     1
      Row index end:    12
 Column index start:     1
   Column index end:  ****

          Channel #:    77
    Row index start:     1
      Row index end:    16
 Column index start:     1
   Column index end:  ****

          Channel #:    78
    Row index start:     1
      Row index end:    12
 Column index start:     1
   Column index end:  ****

          Channel #:    79
    Row index start:     1
      Row index end:     2
 Column index start:     1
   Column index end:  ****

          Channel #:    80
    Row index start:     1
      Row index end:     2
 Column index start:     1
   Column index end:  ****

          Channel #:    81
    Row index start:     1
      Row index end:     8
 Column index start:     1
   Column index end:  ****

          Channel #:    82
    Row index start:     1
      Row index end:    12
 Column index start:     1
   Column index end:  ****

          Channel #:    83
    Row index start:     1
      Row index end:     8
 Column index start:     1
   Column index end:  ****

          Channel #:    84
    Row index start:     1
      Row index end:     2
 Column index start:     1
   Column index end:  ****

          Channel #:    85
    Row index start:     1
      Row index end:     2
 Column index start:     1
   Column index end:  ****

          Channel #:    86
    Row index start:     1
      Row index end:    18
 Column index start:     1
   Column index end:  ****

          Channel #:    87
    Row index start:     1
      Row index end:    44
 Column index start:     1
   Column index end:  ****

          Channel #:    88
    Row index start:     1
      Row index end:    58
 Column index start:     1
   Column index end:  ****

          Channel #:    89
    Row index start:     1
      Row index end:    44
 Column index start:     1
   Column index end:  ****

          Channel #:    90
    Row index start:     1
      Row index end:    18
 Column index start:     1
   Column index end:  ****

          Channel #:    91
    Row index start:     1
      Row index end:     2
 Column index start:     1
   Column index end:  ****

          Channel #:    92
    Row index start:     1
      Row index end:     2
 Column index start:     1
   Column index end:  ****

          Channel #:    93
    Row index start:     1
      Row index end:    18
 Column index start:     1
   Column index end:  ****

          Channel #:    94
    Row index start:     1
      Row index end:    72
 Column index start:     1
   Column index end:  ****

          Channel #:    95
    Row index start:     1
      Row index end:   132
 Column index start:     1
   Column index end:  ****

          Channel #:    96
    Row index start:     1
      Row index end:   162
 Column index start:     1
   Column index end:  ****

          Channel #:    97
    Row index start:     1
      Row index end:   132
 Column index start:     1
   Column index end:  ****

          Channel #:    98
    Row index start:     1
      Row index end:    72
 Column index start:     1
   Column index end:  ****

          Channel #:    99
    Row index start:     1
      Row index end:    18
 Column index start:     1
   Column index end:  ****

          Channel #:   100
    Row index start:     1
      Row index end:     2
 Column index start:     1
   Column index end:  ****

          Channel #:   101
    Row index start:     1
      Row index end:     8
 Column index start:     1
   Column index end:  ****

          Channel #:   102
    Row index start:     1
      Row index end:    44
 Column index start:     1
   Column index end:  ****

          Channel #:   103
    Row index start:     1
      Row index end:   132
 Column index start:     1
   Column index end:  ****
           1      140934           2
           2      142142           2
           3      140934           2
           4      142142           2
           5      143314           2
           6      142142           2
           7      140934           2
           8      142142           2
           9      140934           2
          10      165140           2
          11      171146           8
          12      172700          12
          13      171146           8
          14      165140           2
          15      171146           8
          16      177104          18
          17      178618          26
          18      177104          18
          19      171146           8
          20      172700          12
          21      178618          26
          22      180090          36
          23      178618          26
          24      172700          12
          25      171146           8
          26      177104          18
          27      178618          26
          28      177104          18
          29      171146           8
          30      165140           2
          31      171146           8
          32      172700          12
          33      171146           8
          34      165140           2
          35      175428           2
          36      181878          12
          37      183578          16
          38      181878          12
          39      175428           2
          40      175428           2
          41      189980          18
          42      196714          44
          43      198434          58
          44      196714          44
          45      189980          18
          46      175428           2
          47      181878          12
          48      196714          44
          49      203344          90
          50      205010         110
          51      203344          90
          52      196714          44
          53      181878          12
          54      183578          16
          55      198434          58
          56      205010         110
          57      206610         138
          58      205010         110
          59      198434          58
          60      183578          16
          61      181878          12
          62      196714          44
          63      203344          90
          64      205010         110
          65      203344          90
          66      196714          44
          67      181878          12
          68      175428           2
          69      189980          18
          70      196714          44
          71      198434          58
          72      196714          44
          73      189980          18
          74      175428           2
          75      175428           2
          76      181878          12
          77      183578          16
          78      181878          12
          79      175428           2
          80      165140           2
          81      171146           8
          82      172700          12
          83      171146           8
          84      165140           2
          85      175428           2
          86      189980          18
          87      196714          44
          88      198434          58
          89      196714          44
          90      189980          18
          91      175428           2
          92      165140           2
          93      189980          18
          94      205512          72
          95      212492         132
          96      214200         162
          97      212492         132
          98      205512          72
          99      189980          18
         100      165140           2
         101      171146           8
         102      196714          44
         103      212492         132
 EXECUTION TIME FOR CCD(T)   459.39722250006162     
Kf, Dens          1.60639           0.14000  CCSD(T)         -0.34050           -0.35298


 ---------------------------------------------------------------------
 Boxsize   7.7828495157683539      Nmax           4
 A, Density, Kf          66  0.14000000000000001        1.6063851421796711     
 Twist averaged E0/N               (15.674440037973127,0.0000000000000000)
 Twist averaged mbpt2        (11.799328328206297,-6.98010556508147660E-020)
 Twist averaged CCSD         (12.692874043980751,7.68567513006788634E-014)
 kinetic_TF   2117.4375069729986     
  0.14000000000000001                    (15.674440037973127,0.0000000000000000)         (837.72968690272955,5.07254558584480484E-012)

 E/N   1.60638511      0.140000001       15.674440037973127        11.799328328206297        12.692874043980751        12.339898151423752     
#Nmax, Nucleons, 3NFnexp, 3NFCutoff: 4  66 3 500
    -0.35000    -0.82000     1.60639     0.14000    15.67444    11.79933    12.69287    12.33990
 ---------------------------------------------------------------------
 Total execution time for CCD code   1086.1154381829547     
