 LEC_c1_input!!!!= -0.73999999999999999     
 NN regulator Exponent:    3.0000000000000000     
 -----------
 NN ci's
 -0.73999999999999999     
 -0.48999999999999999     
 -0.65000000000000002     
  0.95999999999999996     
 3NF ci's
 -0.73999999999999999     
   0.0000000000000000     
 -0.65000000000000002     
  0.95999999999999996     
 -----------
 --------
 c1s0(-1) -0.33730263694315998     
 c1s0(0) -0.33832018127720997     
 c1s0(1) -0.33822306540604002     
 c3s1(-1) -0.22172149166243998     
 c3s1(0) -0.22172149166243998     
 c3s1(1) -0.22172149166243998     
 --------
 -----------
 NLO contacts PW
   2.4880194679419998     
  0.69845361947997997     
  -1.2651332138180000E-002
 -0.93726352031727012     
  0.67535339158562002     
  0.35447945007624998     
 -0.85952613767910990     
 ----------
          C1            0.0769766853664699
          C2            0.0513123028571311
          C3           -0.0081570300398342
          C4           -0.0717263088734619
          C5           -0.0573504366310365
          C6            0.0016975555105799
          C7           -0.1264690842845873
          D1           -0.3771581126597507
          D2           -0.9305750209334183
          D3            2.1195254080520742
          D4           -2.1246309930064329
          D5           -0.0131882077354610
          D6            0.6645429882213397
          D7            0.7806033045976430
          D8           -0.4752342494327860
          D9            0.0920642557695526
         D10           -0.0312443369241453
         D11            0.0232036046033312
         D12           -0.3040203100732521
         D13           -0.2963726204319913
         D14            1.4856672935233888
         D15           -0.3992014237014200
 wtf cE,cD=  -0.81999999999999995         -0.34999999999999998     

   3NF LECs:
          C1           -0.7400000000000000
          C3           -0.6500000000000000
          C4            0.9600000000000000
          cE           -0.3500000000000000
          cD           -0.8200000000000000

 delta_chiral_order           3
 delta cutoff   500.00000000000000     
Boundary Conditions PBC                                                                                                 
CC approx CCD(T)                                                                                              
 TNF: T TNF-approx:           3
 3NF Cutoff:   500.00000000000000      Nexp_3NF:           3
 Boxsize   6.6943295008216941     
 Density  0.22000000000000000     
 K_f   1.8675886546092395     
 Nmax           4
 Total number of states        1458
 K-mesh   0.0000000000000000     
 K-mesh -0.93858321530309374     
 K-mesh  0.93858321530309374     
 K-mesh  -1.8771664306061875     
 K-mesh   1.8771664306061875     
 K-mesh  -2.8157496459092815     
 K-mesh   2.8157496459092815     
 K-mesh  -3.7543328612123750     
 K-mesh   3.7543328612123750     
   0.0000000000000000        6.6943295008216941     
   0.0000000000000000        6.6943295008216941     
   0.0000000000000000        6.6943295008216941     
   0.0000000000000000        6.6943295008216941     
 Kz-mesh   0.0000000000000000     
 Kz-mesh -0.93858321530309374     
 Kz-mesh  0.93858321530309374     
 Kz-mesh  -1.8771664306061875     
 Kz-mesh   1.8771664306061875     
 Kz-mesh  -2.8157496459092815     
 Kz-mesh   2.8157496459092815     
 Kz-mesh  -3.7543328612123750     
 Kz-mesh   3.7543328612123750     
 KY-mesh   0.0000000000000000     
 KY-mesh -0.93858321530309374     
 KY-mesh  0.93858321530309374     
 KY-mesh  -1.8771664306061875     
 KY-mesh   1.8771664306061875     
 KY-mesh  -2.8157496459092815     
 KY-mesh   2.8157496459092815     
 KY-mesh  -3.7543328612123750     
 KY-mesh   3.7543328612123750     
           4           4           4          -1           1           1           1
 nkmin, nkmax           4           4           4
 Occupied j-orbits
     1       0.000000000        0   0   0  -1   1 hole      
     2       0.000000000        0   0   0   1   1 hole      
     3       18.25415044        0   0  -1  -1   1 hole      
     4       18.25415044        0   0  -1   1   1 hole      
     5       18.25415044       -1   0   0  -1   1 hole      
     6       18.25415044       -1   0   0   1   1 hole      
     7       18.25415044        0  -1   0  -1   1 hole      
     8       18.25415044        0  -1   0   1   1 hole      
     9       18.25415044        0   1   0  -1   1 hole      
    10       18.25415044        0   1   0   1   1 hole      
    11       18.25415044        0   0   1  -1   1 hole      
    12       18.25415044        0   0   1   1   1 hole      
    13       18.25415044        1   0   0  -1   1 hole      
    14       18.25415044        1   0   0   1   1 hole      
    15       36.50830088        0   1  -1  -1   1 hole      
    16       36.50830088        0   1  -1   1   1 hole      
    17       36.50830088       -1   0   1  -1   1 hole      
    18       36.50830088       -1   0   1   1   1 hole      
    19       36.50830088       -1  -1   0  -1   1 hole      
    20       36.50830088       -1  -1   0   1   1 hole      
    21       36.50830088        1   0   1  -1   1 hole      
    22       36.50830088        1   0   1   1   1 hole      
    23       36.50830088        0   1   1  -1   1 hole      
    24       36.50830088        0   1   1   1   1 hole      
    25       36.50830088       -1   1   0  -1   1 hole      
    26       36.50830088       -1   1   0   1   1 hole      
    27       36.50830088        1   0  -1  -1   1 hole      
    28       36.50830088        1   0  -1   1   1 hole      
    29       36.50830088        1  -1   0  -1   1 hole      
    30       36.50830088        1  -1   0   1   1 hole      
    31       36.50830088        0  -1  -1  -1   1 hole      
    32       36.50830088        0  -1  -1   1   1 hole      
    33       36.50830088        1   1   0  -1   1 hole      
    34       36.50830088        1   1   0   1   1 hole      
    35       36.50830088       -1   0  -1  -1   1 hole      
    36       36.50830088       -1   0  -1   1   1 hole      
    37       36.50830088        0  -1   1  -1   1 hole      
    38       36.50830088        0  -1   1   1   1 hole      
    39       54.76245132       -1  -1  -1  -1   1 hole      
    40       54.76245132       -1  -1  -1   1   1 hole      
    41       54.76245132        1  -1   1  -1   1 hole      
    42       54.76245132        1  -1   1   1   1 hole      
    43       54.76245132       -1   1  -1  -1   1 hole      
    44       54.76245132       -1   1  -1   1   1 hole      
    45       54.76245132        1  -1  -1  -1   1 hole      
    46       54.76245132        1  -1  -1   1   1 hole      
    47       54.76245132       -1   1   1  -1   1 hole      
    48       54.76245132       -1   1   1   1   1 hole      
    49       54.76245132       -1  -1   1  -1   1 hole      
    50       54.76245132       -1  -1   1   1   1 hole      
    51       54.76245132        1   1   1  -1   1 hole      
    52       54.76245132        1   1   1   1   1 hole      
    53       54.76245132        1   1  -1  -1   1 hole      
    54       54.76245132        1   1  -1   1   1 hole      
    55       73.01660176        2   0   0  -1   1 hole      
    56       73.01660176        2   0   0   1   1 hole      
    57       73.01660176        0   0  -2  -1   1 hole      
    58       73.01660176        0   0  -2   1   1 hole      
    59       73.01660176       -2   0   0  -1   1 hole      
    60       73.01660176       -2   0   0   1   1 hole      
    61       73.01660176        0   2   0  -1   1 hole      
    62       73.01660176        0   2   0   1   1 hole      
    63       73.01660176        0  -2   0  -1   1 hole      
    64       73.01660176        0  -2   0   1   1 hole      
    65       73.01660176        0   0   2  -1   1 hole      
    66       73.01660176        0   0   2   1   1 hole      
 Unoccupied j-orbits
    67       91.27075220       -1  -2   0  -1   1 particle  
    68       91.27075220       -1  -2   0   1   1 particle  
    69       91.27075220        2   1   0  -1   1 particle  
    70       91.27075220        2   1   0   1   1 particle  
    71       91.27075220       -1   0  -2  -1   1 particle  
    72       91.27075220       -1   0  -2   1   1 particle  
    73       91.27075220        1   0   2  -1   1 particle  
    74       91.27075220        1   0   2   1   1 particle  
    75       91.27075220        1   0  -2  -1   1 particle  
    76       91.27075220        1   0  -2   1   1 particle  
    77       91.27075220        0   2  -1  -1   1 particle  
 Sz and Tz for vacuum state   0.0000000000000000        66.000000000000000     
          -8           8          -8           8          -8           8
 Total memory for lookup configs   5.6901119999999113E-003 GByte
 Total memory for channels   4.0880000000000002E-005 GByte
              8067968      504248         185
              8067968      504248        1816
 Setting up vnn for hhhh block
 Time to setup hhhh block   1.0059180160751566     
 Setting up vnn for hhhp block
 Time to setup hhhp block   2.0184318500105292     
 Setting up vnn for hhpp block
 Time to setup hhpp block   4.2408411459764466     
 Setting up vnn for hphp block
 Time to setup hphp block   3.4643497299402952     
 Setting up vnn for pppp block
 Time to setup pppp block   159.74359212606214     
 Total memory for vnn storage  0.55222438400000029      GByte
          -8           8          -8           8          -8           8
 Total memory for lookup ph configs   3.6748800000001611E-003 GByte
 Total memory for ph channels   8.7168000000000003E-005 GByte
              8067968      504248        1816
 Setting up vnn for ph hpph block
 Time to setup ph hpph block  0.14661366306245327     
 Total memory for vnn/t2 ph storage  0.25817497600000122      GByte
 Vacuum expectation value               (1082.0522528074396,0.0000000000000000)
 3NF vacuum expectation value               (11.893335168165700,0.0000000000000000)
 Vacuum expectation value with 3nf               (28.288066271308725,0.0000000000000000)
 Time for e0   2.7679331949912012E-002
 Time for f3nf  0.30134463903959841     
 e0 3nf        (784.96012151574996,-1.72329294281880756E-026)               (784.96012109893627,0.0000000000000000)
 Setting up v3nf_2bNO for hhhh block
 Time to setup v3nf_2bNO hhhh block  0.94955215894151479     
 Setting up v3nf_2bNO for hhpp block
 Time to setup v3nf_2bNO hhpp block   18.998791620018892     
 Setting up v3nf_2bNO for hphp block
 Time to setup v3nf_2bNO hphp block   10.044077876955271     
 Setting up v3nf_NO for pppp block
 here we go...
 Time to setup v3nf_2bNO pppp block   137.56832344399299     
 here we go...
 Total memory for t2 storage  0.25817497600000017      GByte
 here we go...
 here we go...
 here we go...
 here we go...
 here we go...
 here we go...
 here we go...
 here we go...
 here we go...
 here we go...
 here we go...
 here we go...
 here we go...
 here we go...
 CCD energy        (1519.6297636135318,-6.84394518977816091E-017)
 diis space     8067968
 Storage of diis vectors  0.90361241599999997      Gb
 CCD energy        (1542.4504723884775,-1.81302528198023519E-017)
dener    0    1  0.22820709E+02
 CCD energy        (1557.4898084237284,-7.38435175687265388E-017)
dener    0    2  0.15039336E+02
 CCD energy        (1567.2979784785914,-1.06761780504566339E-016)
dener    0    3  0.98081701E+01
 CCD energy        (1573.6342449488134,-2.50081282982585342E-017)
dener    0    4  0.63362665E+01
 CCD energy         (1577.6887376235163,3.56943819876024928E-018)
dener    0    5  0.40544927E+01
diis_mat    1    1  0.1717E-01
diis_mat    1    2  0.1146E-01
diis_mat    1    3  0.7602E-02
diis_mat    1    4  0.5030E-02
diis_mat    1    5  0.3328E-02
diis_mat    1    6 -0.1000E+01
diis_mat    2    1  0.1146E-01
diis_mat    2    2  0.7668E-02
diis_mat    2    3  0.5104E-02
diis_mat    2    4  0.3391E-02
diis_mat    2    5  0.2255E-02
diis_mat    2    6 -0.1000E+01
diis_mat    3    1  0.7602E-02
diis_mat    3    2  0.5104E-02
diis_mat    3    3  0.3411E-02
diis_mat    3    4  0.2277E-02
diis_mat    3    5  0.1523E-02
diis_mat    3    6 -0.1000E+01
diis_mat    4    1  0.5030E-02
diis_mat    4    2  0.3391E-02
diis_mat    4    3  0.2277E-02
diis_mat    4    4  0.1530E-02
diis_mat    4    5  0.1030E-02
diis_mat    4    6 -0.1000E+01
diis_mat    5    1  0.3328E-02
diis_mat    5    2  0.2255E-02
diis_mat    5    3  0.1523E-02
diis_mat    5    4  0.1030E-02
diis_mat    5    5  0.6999E-03
diis_mat    5    6 -0.1000E+01
diis_mat    6    1 -0.1000E+01
diis_mat    6    2 -0.1000E+01
diis_mat    6    3 -0.1000E+01
diis_mat    6    4 -0.1000E+01
diis_mat    6    5 -0.1000E+01
diis_mat    6    6  0.0000E+00
 csysv info           0
sol_vec    1  0.1468E+02 -0.1560E-08
sol_vec    2 -0.9452E+02  0.9139E-08
sol_vec    3  0.2245E+03 -0.1965E-07
sol_vec    4 -0.2335E+03  0.1837E-07
sol_vec    5  0.8984E+02 -0.6301E-08
sol_vec    6  0.8408E-07  0.3830E-15
 CCD energy         (1583.7922512587993,6.45798545096101859E-011)
dener    0    6  0.61035136E+01
 CCD energy         (1583.7670395514888,4.70259410931337588E-011)
dener    0    7 -0.25211707E-01
 CCD energy         (1583.7522354055645,3.43469998329594215E-011)
dener    0    8 -0.14804146E-01
 CCD energy         (1583.7437920661464,2.51832117800303704E-011)
dener    0    9 -0.84433394E-02
 CCD energy         (1583.7391952926280,1.85493670778479898E-011)
dener    0   10 -0.45967735E-02
 CCD energy         (1583.7368890860880,1.37350788865549242E-011)
dener    0   11 -0.23062065E-02
diis_mat    1    1  0.1056E-06
diis_mat    1    2  0.7759E-07
diis_mat    1    3  0.5790E-07
diis_mat    1    4  0.4384E-07
diis_mat    1    5  0.3364E-07
diis_mat    1    6 -0.1000E+01
diis_mat    2    1  0.7759E-07
diis_mat    2    2  0.5780E-07
diis_mat    2    3  0.4369E-07
diis_mat    2    4  0.3346E-07
diis_mat    2    5  0.2594E-07
diis_mat    2    6 -0.1000E+01
diis_mat    3    1  0.5790E-07
diis_mat    3    2  0.4369E-07
diis_mat    3    3  0.3341E-07
diis_mat    3    4  0.2586E-07
diis_mat    3    5  0.2023E-07
diis_mat    3    6 -0.1000E+01
diis_mat    4    1  0.4384E-07
diis_mat    4    2  0.3346E-07
diis_mat    4    3  0.2586E-07
diis_mat    4    4  0.2020E-07
diis_mat    4    5  0.1593E-07
diis_mat    4    6 -0.1000E+01
diis_mat    5    1  0.3364E-07
diis_mat    5    2  0.2594E-07
diis_mat    5    3  0.2023E-07
diis_mat    5    4  0.1593E-07
diis_mat    5    5  0.1265E-07
diis_mat    5    6 -0.1000E+01
diis_mat    6    1 -0.1000E+01
diis_mat    6    2 -0.1000E+01
diis_mat    6    3 -0.1000E+01
diis_mat    6    4 -0.1000E+01
diis_mat    6    5 -0.1000E+01
diis_mat    6    6  0.0000E+00
 csysv info           0
sol_vec    1  0.7061E+02 -0.6758E-06
sol_vec    2 -0.3897E+03  0.3478E-05
sol_vec    3  0.8028E+03 -0.6650E-05
sol_vec    4 -0.7317E+03  0.5596E-05
sol_vec    5  0.2490E+03 -0.1749E-05
sol_vec    6  0.1748E-11  0.1895E-18
 CCD energy         (1583.7397036766522,6.78833445562443695E-012)
dener    0   12  0.28145906E-02
 CCD energy         (1583.7396184343952,5.91929913933439290E-012)
dener    0   13 -0.85242257E-04
 CCD energy         (1583.7395560810403,5.00353115968208449E-012)
dener    0   14 -0.62353355E-04
 CCD energy         (1583.7395101588136,4.14412492404457442E-012)
dener    0   15 -0.45922227E-04
 CCD energy         (1583.7394761179703,3.38515095870029347E-012)
dener    0   16 -0.34040843E-04
 CCD energy         (1583.7394507290164,2.73890571012661005E-012)
dener    0   17 -0.25388954E-04
diis_mat    1    1  0.9085E-12
diis_mat    1    2  0.6665E-12
diis_mat    1    3  0.4949E-12
diis_mat    1    4  0.3717E-12
diis_mat    1    5  0.2823E-12
diis_mat    1    6 -0.1000E+01
diis_mat    2    1  0.6665E-12
diis_mat    2    2  0.4934E-12
diis_mat    2    3  0.3696E-12
diis_mat    2    4  0.2799E-12
diis_mat    2    5  0.2141E-12
diis_mat    2    6 -0.1000E+01
diis_mat    3    1  0.4949E-12
diis_mat    3    2  0.3696E-12
diis_mat    3    3  0.2791E-12
diis_mat    3    4  0.2130E-12
diis_mat    3    5  0.1640E-12
diis_mat    3    6 -0.1000E+01
diis_mat    4    1  0.3717E-12
diis_mat    4    2  0.2799E-12
diis_mat    4    3  0.2130E-12
diis_mat    4    4  0.1636E-12
diis_mat    4    5  0.1269E-12
diis_mat    4    6 -0.1000E+01
diis_mat    5    1  0.2823E-12
diis_mat    5    2  0.2141E-12
diis_mat    5    3  0.1640E-12
diis_mat    5    4  0.1269E-12
diis_mat    5    5  0.9890E-13
diis_mat    5    6 -0.1000E+01
diis_mat    6    1 -0.1000E+01
diis_mat    6    2 -0.1000E+01
diis_mat    6    3 -0.1000E+01
diis_mat    6    4 -0.1000E+01
diis_mat    6    5 -0.1000E+01
diis_mat    6    6  0.0000E+00
 csysv info           0
sol_vec    1  0.1198E+03 -0.9234E-04
sol_vec    2 -0.6429E+03  0.4767E-03
sol_vec    3  0.1288E+04 -0.9152E-03
sol_vec    4 -0.1141E+04  0.7740E-03
sol_vec    5  0.3772E+03 -0.2432E-03
sol_vec    6 -0.7007E-17  0.3331E-22
 CCD energy        (1583.7393699780255,-2.24115197883992137E-013)
dener    0   18 -0.80750991E-04
 CCD energy        (1583.7393698296551,-1.33685842315385921E-013)
dener    0   19 -0.14837042E-06
 Total execution time CCD   33.092221072991379     
 preparing to do CCD(T): 
          -8           8          -8           8          -8           8
 Total memory for lookup configs   1.1863487999999986E-002 GByte
 Total memory for channels   1.1892543999999986E-002 GByte
             89696544     5606034        1816
 Setting up vnn (NN+3NF) for hppp block
 Time to setup hppp block   215.38575395604130     
 Total memory for vnn storage  0.72946489599999531      GByte
          12          12          12           3           3
 Total memory for lookup t3-confs   1.2188792640000019      Gbyte
 3NF with deltas: T
           9835169512   614698094         539

 proc number   0      % work  0.100000E+03

          Channel #:     1
    Row index start:     1
      Row index end:     2
 Column index start:     1
   Column index end:  ****

          Channel #:     2
    Row index start:     1
      Row index end:     2
 Column index start:     1
   Column index end:  ****

          Channel #:     3
    Row index start:     1
      Row index end:     2
 Column index start:     1
   Column index end:  ****

          Channel #:     4
    Row index start:     1
      Row index end:     2
 Column index start:     1
   Column index end:  ****

          Channel #:     5
    Row index start:     1
      Row index end:     2
 Column index start:     1
   Column index end:  ****

          Channel #:     6
    Row index start:     1
      Row index end:     2
 Column index start:     1
   Column index end:  ****

          Channel #:     7
    Row index start:     1
      Row index end:     2
 Column index start:     1
   Column index end:  ****

          Channel #:     8
    Row index start:     1
      Row index end:     2
 Column index start:     1
   Column index end:  ****

          Channel #:     9
    Row index start:     1
      Row index end:     2
 Column index start:     1
   Column index end:  ****

          Channel #:    10
    Row index start:     1
      Row index end:     2
 Column index start:     1
   Column index end:  ****

          Channel #:    11
    Row index start:     1
      Row index end:     8
 Column index start:     1
   Column index end:  ****

          Channel #:    12
    Row index start:     1
      Row index end:    12
 Column index start:     1
   Column index end:  ****

          Channel #:    13
    Row index start:     1
      Row index end:     8
 Column index start:     1
   Column index end:  ****

          Channel #:    14
    Row index start:     1
      Row index end:     2
 Column index start:     1
   Column index end:  ****

          Channel #:    15
    Row index start:     1
      Row index end:     8
 Column index start:     1
   Column index end:  ****

          Channel #:    16
    Row index start:     1
      Row index end:    18
 Column index start:     1
   Column index end:  ****

          Channel #:    17
    Row index start:     1
      Row index end:    26
 Column index start:     1
   Column index end:  ****

          Channel #:    18
    Row index start:     1
      Row index end:    18
 Column index start:     1
   Column index end:  ****

          Channel #:    19
    Row index start:     1
      Row index end:     8
 Column index start:     1
   Column index end:  ****

          Channel #:    20
    Row index start:     1
      Row index end:    12
 Column index start:     1
   Column index end:  ****

          Channel #:    21
    Row index start:     1
      Row index end:    26
 Column index start:     1
   Column index end:  ****

          Channel #:    22
    Row index start:     1
      Row index end:    36
 Column index start:     1
   Column index end:  ****

          Channel #:    23
    Row index start:     1
      Row index end:    26
 Column index start:     1
   Column index end:  ****

          Channel #:    24
    Row index start:     1
      Row index end:    12
 Column index start:     1
   Column index end:  ****

          Channel #:    25
    Row index start:     1
      Row index end:     8
 Column index start:     1
   Column index end:  ****

          Channel #:    26
    Row index start:     1
      Row index end:    18
 Column index start:     1
   Column index end:  ****

          Channel #:    27
    Row index start:     1
      Row index end:    26
 Column index start:     1
   Column index end:  ****

          Channel #:    28
    Row index start:     1
      Row index end:    18
 Column index start:     1
   Column index end:  ****

          Channel #:    29
    Row index start:     1
      Row index end:     8
 Column index start:     1
   Column index end:  ****

          Channel #:    30
    Row index start:     1
      Row index end:     2
 Column index start:     1
   Column index end:  ****

          Channel #:    31
    Row index start:     1
      Row index end:     8
 Column index start:     1
   Column index end:  ****

          Channel #:    32
    Row index start:     1
      Row index end:    12
 Column index start:     1
   Column index end:  ****

          Channel #:    33
    Row index start:     1
      Row index end:     8
 Column index start:     1
   Column index end:  ****

          Channel #:    34
    Row index start:     1
      Row index end:     2
 Column index start:     1
   Column index end:  ****

          Channel #:    35
    Row index start:     1
      Row index end:     2
 Column index start:     1
   Column index end:  ****

          Channel #:    36
    Row index start:     1
      Row index end:    12
 Column index start:     1
   Column index end:  ****

          Channel #:    37
    Row index start:     1
      Row index end:    16
 Column index start:     1
   Column index end:  ****

          Channel #:    38
    Row index start:     1
      Row index end:    12
 Column index start:     1
   Column index end:  ****

          Channel #:    39
    Row index start:     1
      Row index end:     2
 Column index start:     1
   Column index end:  ****

          Channel #:    40
    Row index start:     1
      Row index end:     2
 Column index start:     1
   Column index end:  ****

          Channel #:    41
    Row index start:     1
      Row index end:    18
 Column index start:     1
   Column index end:  ****

          Channel #:    42
    Row index start:     1
      Row index end:    44
 Column index start:     1
   Column index end:  ****

          Channel #:    43
    Row index start:     1
      Row index end:    58
 Column index start:     1
   Column index end:  ****

          Channel #:    44
    Row index start:     1
      Row index end:    44
 Column index start:     1
   Column index end:  ****

          Channel #:    45
    Row index start:     1
      Row index end:    18
 Column index start:     1
   Column index end:  ****

          Channel #:    46
    Row index start:     1
      Row index end:     2
 Column index start:     1
   Column index end:  ****

          Channel #:    47
    Row index start:     1
      Row index end:    12
 Column index start:     1
   Column index end:  ****

          Channel #:    48
    Row index start:     1
      Row index end:    44
 Column index start:     1
   Column index end:  ****

          Channel #:    49
    Row index start:     1
      Row index end:    90
 Column index start:     1
   Column index end:  ****

          Channel #:    50
    Row index start:     1
      Row index end:   110
 Column index start:     1
   Column index end:  ****

          Channel #:    51
    Row index start:     1
      Row index end:    90
 Column index start:     1
   Column index end:  ****

          Channel #:    52
    Row index start:     1
      Row index end:    44
 Column index start:     1
   Column index end:  ****

          Channel #:    53
    Row index start:     1
      Row index end:    12
 Column index start:     1
   Column index end:  ****

          Channel #:    54
    Row index start:     1
      Row index end:    16
 Column index start:     1
   Column index end:  ****

          Channel #:    55
    Row index start:     1
      Row index end:    58
 Column index start:     1
   Column index end:  ****

          Channel #:    56
    Row index start:     1
      Row index end:   110
 Column index start:     1
   Column index end:  ****

          Channel #:    57
    Row index start:     1
      Row index end:   138
 Column index start:     1
   Column index end:  ****

          Channel #:    58
    Row index start:     1
      Row index end:   110
 Column index start:     1
   Column index end:  ****

          Channel #:    59
    Row index start:     1
      Row index end:    58
 Column index start:     1
   Column index end:  ****

          Channel #:    60
    Row index start:     1
      Row index end:    16
 Column index start:     1
   Column index end:  ****

          Channel #:    61
    Row index start:     1
      Row index end:    12
 Column index start:     1
   Column index end:  ****

          Channel #:    62
    Row index start:     1
      Row index end:    44
 Column index start:     1
   Column index end:  ****

          Channel #:    63
    Row index start:     1
      Row index end:    90
 Column index start:     1
   Column index end:  ****

          Channel #:    64
    Row index start:     1
      Row index end:   110
 Column index start:     1
   Column index end:  ****

          Channel #:    65
    Row index start:     1
      Row index end:    90
 Column index start:     1
   Column index end:  ****

          Channel #:    66
    Row index start:     1
      Row index end:    44
 Column index start:     1
   Column index end:  ****

          Channel #:    67
    Row index start:     1
      Row index end:    12
 Column index start:     1
   Column index end:  ****

          Channel #:    68
    Row index start:     1
      Row index end:     2
 Column index start:     1
   Column index end:  ****

          Channel #:    69
    Row index start:     1
      Row index end:    18
 Column index start:     1
   Column index end:  ****

          Channel #:    70
    Row index start:     1
      Row index end:    44
 Column index start:     1
   Column index end:  ****

          Channel #:    71
    Row index start:     1
      Row index end:    58
 Column index start:     1
   Column index end:  ****

          Channel #:    72
    Row index start:     1
      Row index end:    44
 Column index start:     1
   Column index end:  ****

          Channel #:    73
    Row index start:     1
      Row index end:    18
 Column index start:     1
   Column index end:  ****

          Channel #:    74
    Row index start:     1
      Row index end:     2
 Column index start:     1
   Column index end:  ****

          Channel #:    75
    Row index start:     1
      Row index end:     2
 Column index start:     1
   Column index end:  ****

          Channel #:    76
    Row index start:     1
      Row index end:    12
 Column index start:     1
   Column index end:  ****

          Channel #:    77
    Row index start:     1
      Row index end:    16
 Column index start:     1
   Column index end:  ****

          Channel #:    78
    Row index start:     1
      Row index end:    12
 Column index start:     1
   Column index end:  ****

          Channel #:    79
    Row index start:     1
      Row index end:     2
 Column index start:     1
   Column index end:  ****

          Channel #:    80
    Row index start:     1
      Row index end:     2
 Column index start:     1
   Column index end:  ****

          Channel #:    81
    Row index start:     1
      Row index end:     8
 Column index start:     1
   Column index end:  ****

          Channel #:    82
    Row index start:     1
      Row index end:    12
 Column index start:     1
   Column index end:  ****

          Channel #:    83
    Row index start:     1
      Row index end:     8
 Column index start:     1
   Column index end:  ****

          Channel #:    84
    Row index start:     1
      Row index end:     2
 Column index start:     1
   Column index end:  ****

          Channel #:    85
    Row index start:     1
      Row index end:     2
 Column index start:     1
   Column index end:  ****

          Channel #:    86
    Row index start:     1
      Row index end:    18
 Column index start:     1
   Column index end:  ****

          Channel #:    87
    Row index start:     1
      Row index end:    44
 Column index start:     1
   Column index end:  ****

          Channel #:    88
    Row index start:     1
      Row index end:    58
 Column index start:     1
   Column index end:  ****

          Channel #:    89
    Row index start:     1
      Row index end:    44
 Column index start:     1
   Column index end:  ****

          Channel #:    90
    Row index start:     1
      Row index end:    18
 Column index start:     1
   Column index end:  ****

          Channel #:    91
    Row index start:     1
      Row index end:     2
 Column index start:     1
   Column index end:  ****

          Channel #:    92
    Row index start:     1
      Row index end:     2
 Column index start:     1
   Column index end:  ****

          Channel #:    93
    Row index start:     1
      Row index end:    18
 Column index start:     1
   Column index end:  ****

          Channel #:    94
    Row index start:     1
      Row index end:    72
 Column index start:     1
   Column index end:  ****

          Channel #:    95
    Row index start:     1
      Row index end:   132
 Column index start:     1
   Column index end:  ****

          Channel #:    96
    Row index start:     1
      Row index end:   162
 Column index start:     1
   Column index end:  ****

          Channel #:    97
    Row index start:     1
      Row index end:   132
 Column index start:     1
   Column index end:  ****

          Channel #:    98
    Row index start:     1
      Row index end:    72
 Column index start:     1
   Column index end:  ****

          Channel #:    99
    Row index start:     1
      Row index end:    18
 Column index start:     1
   Column index end:  ****

          Channel #:   100
    Row index start:     1
      Row index end:     2
 Column index start:     1
   Column index end:  ****

          Channel #:   101
    Row index start:     1
      Row index end:     8
 Column index start:     1
   Column index end:  ****

          Channel #:   102
    Row index start:     1
      Row index end:    44
 Column index start:     1
   Column index end:  ****

          Channel #:   103
    Row index start:     1
      Row index end:   132
 Column index start:     1
   Column index end:  ****
           1      140934           2
           2      142142           2
           3      140934           2
           4      142142           2
           5      143314           2
           6      142142           2
           7      140934           2
           8      142142           2
           9      140934           2
          10      165140           2
          11      171146           8
          12      172700          12
          13      171146           8
          14      165140           2
          15      171146           8
          16      177104          18
          17      178618          26
          18      177104          18
          19      171146           8
          20      172700          12
          21      178618          26
          22      180090          36
          23      178618          26
          24      172700          12
          25      171146           8
          26      177104          18
          27      178618          26
          28      177104          18
          29      171146           8
          30      165140           2
          31      171146           8
          32      172700          12
          33      171146           8
          34      165140           2
          35      175428           2
          36      181878          12
          37      183578          16
          38      181878          12
          39      175428           2
          40      175428           2
          41      189980          18
          42      196714          44
          43      198434          58
          44      196714          44
          45      189980          18
          46      175428           2
          47      181878          12
          48      196714          44
          49      203344          90
          50      205010         110
          51      203344          90
          52      196714          44
          53      181878          12
          54      183578          16
          55      198434          58
          56      205010         110
          57      206610         138
          58      205010         110
          59      198434          58
          60      183578          16
          61      181878          12
          62      196714          44
          63      203344          90
          64      205010         110
          65      203344          90
          66      196714          44
          67      181878          12
          68      175428           2
          69      189980          18
          70      196714          44
          71      198434          58
          72      196714          44
          73      189980          18
          74      175428           2
          75      175428           2
          76      181878          12
          77      183578          16
          78      181878          12
          79      175428           2
          80      165140           2
          81      171146           8
          82      172700          12
          83      171146           8
          84      165140           2
          85      175428           2
          86      189980          18
          87      196714          44
          88      198434          58
          89      196714          44
          90      189980          18
          91      175428           2
          92      165140           2
          93      189980          18
          94      205512          72
          95      212492         132
          96      214200         162
          97      212492         132
          98      205512          72
          99      189980          18
         100      165140           2
         101      171146           8
         102      196714          44
         103      212492         132
 EXECUTION TIME FOR CCD(T)   459.80913245491683     
Kf, Dens          1.86759           0.22000  CCSD(T)         -0.66757           -0.66771


 ---------------------------------------------------------------------
 Boxsize   6.6943295008216941      Nmax           4
 A, Density, Kf          66  0.22000000000000000        1.8675886546092395     
 Twist averaged E0/N               (28.288066271308725,0.0000000000000000)
 Twist averaged mbpt2        (23.024693388083815,-1.03696139239063041E-018)
 Twist averaged CCSD        (23.996051058025078,-2.02554306538463518E-015)
 kinetic_TF   2862.0268146542016     
  0.22000000000000000                    (28.288066271308725,0.0000000000000000)        (1583.7393698296551,-1.33685842315385921E-013)

 E/N   1.86758864      0.219999999       28.288066271308725        23.024693388083815        23.996051058025078        23.328343381021071     
#Nmax, Nucleons, 3NFnexp, 3NFCutoff: 4  66 3 500
    -0.35000    -0.82000     1.86759     0.22000    28.28807    23.02469    23.99605    23.32834
 ---------------------------------------------------------------------
 Total execution time for CCD code   1100.7412515309406     
