mpprun info: Starting impi run on 4 node ( 16 rank X 8 th ) for job ID 8591427
Boundary Conditions PBC                                                                                                 
CC approx CCD                                                                                                 
 TNF: T TNF-approx:           3
 3NF Cutoff:   450.00000000000000      Nexp_3NF:           3
 NN regulator Exponent:    3.0000000000000000     
 -----------
 NN ci's
 -0.82362986641699998     
 -0.54322099267299995     
 -0.59021427822700001     
  0.96837342481900002     
 3NF ci's
 -0.82362986641699998     
   0.0000000000000000     
 -0.59021427822700001     
  0.96837342481900002     
 -----------
 --------
 c1s0(-1) -0.33951813745600001     
 c1s0(0) -0.32006559688100000     
 c1s0(1) -0.33419987101900001     
 c3s1(-1) -0.29461110296900000     
 c3s1(0) -0.29461110296900000     
 c3s1(1) -0.29461110296900000     
 --------
 -----------
 NLO contacts PW
   2.6599480715069999     
  0.67517816171300005     
 -0.23581401920900000     
 -0.86544272497999997     
  0.87409831820299999     
  0.45562262642899998     
 -0.77303609295300002     
 ----------
          C1            0.0848408179623832
          C2            0.0809842722599940
          C3           -0.0105417875308214
          C4           -0.0486706972325532
          C5           -0.0521074997234707
          C6           -0.0034439029849807
          C7           -0.1400510697792207
          D1           -0.3771581126597507
          D2           -0.9305750209334183
          D3            2.1195254080520742
          D4           -2.1246309930064329
          D5           -0.0131882077354610
          D6            0.6645429882213397
          D7            0.7806033045976430
          D8           -0.4752342494327860
          D9            0.0920642557695526
         D10           -0.0312443369241453
         D11            0.0232036046033312
         D12           -0.3040203100732521
         D13           -0.2963726204319913
         D14            1.4856672935233888
         D15           -0.3992014237014200

   3NF LECs:
          C1           -0.8236298664170000
          C3           -0.5902142782270000
          C4            0.9683734248190000
          cE           -0.2043756262130000
          cD           -0.4278145073050000

 delta_chiral_order           3
 delta cutoff   450.00000000000000     
 Boxsize   8.7065876911736115     
 Density  0.20000000000000001     
 K_f   1.4359533573210104     
 Nmax           4
 Total number of states        2916
 K-mesh   0.0000000000000000     
 K-mesh -0.72165876346128355     
 K-mesh  0.72165876346128355     
 K-mesh  -1.4433175269225671     
 K-mesh   1.4433175269225671     
 K-mesh  -2.1649762903838505     
 K-mesh   2.1649762903838505     
 K-mesh  -2.8866350538451342     
 K-mesh   2.8866350538451342     
   0.0000000000000000        8.7065876911736115     
   0.0000000000000000        8.7065876911736115     
   0.0000000000000000        8.7065876911736115     
   0.0000000000000000        8.7065876911736115     
 Kz-mesh   0.0000000000000000     
 Kz-mesh -0.72165876346128355     
 Kz-mesh  0.72165876346128355     
 Kz-mesh  -1.4433175269225671     
 Kz-mesh   1.4433175269225671     
 Kz-mesh  -2.1649762903838505     
 Kz-mesh   2.1649762903838505     
 Kz-mesh  -2.8866350538451342     
 Kz-mesh   2.8866350538451342     
 KY-mesh   0.0000000000000000     
 KY-mesh -0.72165876346128355     
 KY-mesh  0.72165876346128355     
 KY-mesh  -1.4433175269225671     
 KY-mesh   1.4433175269225671     
 KY-mesh  -2.1649762903838505     
 KY-mesh   2.1649762903838505     
 KY-mesh  -2.8866350538451342     
 KY-mesh   2.8866350538451342     
           4           4           4          -1           1          -1           1
 nkmin, nkmax           4           4           4
 Occupied j-orbits
     1       0.000000000        0   0   0  -1  -1 hole      
     2       0.000000000        0   0   0   1  -1 hole      
     3       0.000000000        0   0   0  -1   1 hole      
     4       0.000000000        0   0   0   1   1 hole      
     5       10.79145088        1   0   0  -1  -1 hole      
     6       10.79145088        1   0   0   1  -1 hole      
     7       10.79145088        1   0   0  -1   1 hole      
     8       10.79145088        1   0   0   1   1 hole      
     9       10.79145088        0   0  -1  -1  -1 hole      
    10       10.79145088        0   0  -1   1  -1 hole      
    11       10.79145088        0   0  -1  -1   1 hole      
    12       10.79145088        0   0  -1   1   1 hole      
    13       10.79145088        0  -1   0  -1  -1 hole      
    14       10.79145088        0  -1   0   1  -1 hole      
    15       10.79145088        0  -1   0  -1   1 hole      
    16       10.79145088        0  -1   0   1   1 hole      
    17       10.79145088       -1   0   0  -1  -1 hole      
    18       10.79145088       -1   0   0   1  -1 hole      
    19       10.79145088       -1   0   0  -1   1 hole      
    20       10.79145088       -1   0   0   1   1 hole      
    21       10.79145088        0   1   0  -1  -1 hole      
    22       10.79145088        0   1   0   1  -1 hole      
    23       10.79145088        0   1   0  -1   1 hole      
    24       10.79145088        0   1   0   1   1 hole      
    25       10.79145088        0   0   1  -1  -1 hole      
    26       10.79145088        0   0   1   1  -1 hole      
    27       10.79145088        0   0   1  -1   1 hole      
    28       10.79145088        0   0   1   1   1 hole      
    29       21.58290176        0  -1  -1  -1  -1 hole      
    30       21.58290176        0  -1  -1   1  -1 hole      
    31       21.58290176        0  -1  -1  -1   1 hole      
    32       21.58290176        0  -1  -1   1   1 hole      
    33       21.58290176        1  -1   0  -1  -1 hole      
    34       21.58290176        1  -1   0   1  -1 hole      
    35       21.58290176        1  -1   0  -1   1 hole      
    36       21.58290176        1  -1   0   1   1 hole      
    37       21.58290176        1   0  -1  -1  -1 hole      
    38       21.58290176        1   0  -1   1  -1 hole      
    39       21.58290176        1   0  -1  -1   1 hole      
    40       21.58290176        1   0  -1   1   1 hole      
    41       21.58290176        0   1  -1  -1  -1 hole      
    42       21.58290176        0   1  -1   1  -1 hole      
    43       21.58290176        0   1  -1  -1   1 hole      
    44       21.58290176        0   1  -1   1   1 hole      
    45       21.58290176        1   1   0  -1  -1 hole      
    46       21.58290176        1   1   0   1  -1 hole      
    47       21.58290176        1   1   0  -1   1 hole      
    48       21.58290176        1   1   0   1   1 hole      
    49       21.58290176       -1   1   0  -1  -1 hole      
    50       21.58290176       -1   1   0   1  -1 hole      
    51       21.58290176       -1   1   0  -1   1 hole      
    52       21.58290176       -1   1   0   1   1 hole      
    53       21.58290176        0   1   1  -1  -1 hole      
    54       21.58290176        0   1   1   1  -1 hole      
    55       21.58290176        0   1   1  -1   1 hole      
    56       21.58290176        0   1   1   1   1 hole      
    57       21.58290176        1   0   1  -1  -1 hole      
    58       21.58290176        1   0   1   1  -1 hole      
    59       21.58290176        1   0   1  -1   1 hole      
    60       21.58290176        1   0   1   1   1 hole      
    61       21.58290176        0  -1   1  -1  -1 hole      
    62       21.58290176        0  -1   1   1  -1 hole      
    63       21.58290176        0  -1   1  -1   1 hole      
    64       21.58290176        0  -1   1   1   1 hole      
    65       21.58290176       -1   0   1  -1  -1 hole      
    66       21.58290176       -1   0   1   1  -1 hole      
    67       21.58290176       -1   0   1  -1   1 hole      
    68       21.58290176       -1   0   1   1   1 hole      
    69       21.58290176       -1  -1   0  -1  -1 hole      
    70       21.58290176       -1  -1   0   1  -1 hole      
    71       21.58290176       -1  -1   0  -1   1 hole      
    72       21.58290176       -1  -1   0   1   1 hole      
    73       21.58290176       -1   0  -1  -1  -1 hole      
    74       21.58290176       -1   0  -1   1  -1 hole      
    75       21.58290176       -1   0  -1  -1   1 hole      
    76       21.58290176       -1   0  -1   1   1 hole      
    77       32.37435264        1  -1   1  -1  -1 hole      
    78       32.37435264        1  -1   1   1  -1 hole      
    79       32.37435264        1  -1   1  -1   1 hole      
    80       32.37435264        1  -1   1   1   1 hole      
    81       32.37435264       -1   1   1  -1  -1 hole      
    82       32.37435264       -1   1   1   1  -1 hole      
    83       32.37435264       -1   1   1  -1   1 hole      
    84       32.37435264       -1   1   1   1   1 hole      
    85       32.37435264        1   1   1  -1  -1 hole      
    86       32.37435264        1   1   1   1  -1 hole      
    87       32.37435264        1   1   1  -1   1 hole      
    88       32.37435264        1   1   1   1   1 hole      
    89       32.37435264       -1   1  -1  -1  -1 hole      
    90       32.37435264       -1   1  -1   1  -1 hole      
    91       32.37435264       -1   1  -1  -1   1 hole      
    92       32.37435264       -1   1  -1   1   1 hole      
    93       32.37435264       -1  -1   1  -1  -1 hole      
    94       32.37435264       -1  -1   1   1  -1 hole      
    95       32.37435264       -1  -1   1  -1   1 hole      
    96       32.37435264       -1  -1   1   1   1 hole      
    97       32.37435264       -1  -1  -1  -1  -1 hole      
    98       32.37435264       -1  -1  -1   1  -1 hole      
    99       32.37435264       -1  -1  -1  -1   1 hole      
   100       32.37435264       -1  -1  -1   1   1 hole      
   101       32.37435264        1  -1  -1  -1  -1 hole      
   102       32.37435264        1  -1  -1   1  -1 hole      
   103       32.37435264        1  -1  -1  -1   1 hole      
   104       32.37435264        1  -1  -1   1   1 hole      
   105       32.37435264        1   1  -1  -1  -1 hole      
   106       32.37435264        1   1  -1   1  -1 hole      
   107       32.37435264        1   1  -1  -1   1 hole      
   108       32.37435264        1   1  -1   1   1 hole      
   109       43.16580351        0   2   0  -1  -1 hole      
   110       43.16580351        0   2   0   1  -1 hole      
   111       43.16580351        0   2   0  -1   1 hole      
   112       43.16580351        0   2   0   1   1 hole      
   113       43.16580351        0   0   2  -1  -1 hole      
   114       43.16580351        0   0   2   1  -1 hole      
   115       43.16580351        0   0   2  -1   1 hole      
   116       43.16580351        0   0   2   1   1 hole      
   117       43.16580351       -2   0   0  -1  -1 hole      
   118       43.16580351       -2   0   0   1  -1 hole      
   119       43.16580351       -2   0   0  -1   1 hole      
   120       43.16580351       -2   0   0   1   1 hole      
   121       43.16580351        0   0  -2  -1  -1 hole      
   122       43.16580351        0   0  -2   1  -1 hole      
   123       43.16580351        0   0  -2  -1   1 hole      
   124       43.16580351        0   0  -2   1   1 hole      
   125       43.16580351        0  -2   0  -1  -1 hole      
   126       43.16580351        0  -2   0   1  -1 hole      
   127       43.16580351        0  -2   0  -1   1 hole      
   128       43.16580351        0  -2   0   1   1 hole      
   129       43.16580351        2   0   0  -1  -1 hole      
   130       43.16580351        2   0   0   1  -1 hole      
   131       43.16580351        2   0   0  -1   1 hole      
   132       43.16580351        2   0   0   1   1 hole      
 Unoccupied j-orbits
   133       53.95725439       -1  -2   0  -1  -1 particle  
   134       53.95725439       -1  -2   0   1  -1 particle  
   135       53.95725439       -1  -2   0  -1   1 particle  
   136       53.95725439       -1  -2   0   1   1 particle  
   137       53.95725439        0  -2  -1  -1  -1 particle  
   138       53.95725439        0  -2  -1   1  -1 particle  
   139       53.95725439        0  -2  -1  -1   1 particle  
   140       53.95725439        0  -2  -1   1   1 particle  
   141       53.95725439       -1   2   0  -1  -1 particle  
   142       53.95725439       -1   2   0   1  -1 particle  
   143       53.95725439       -1   2   0  -1   1 particle  
 Sz and Tz for vacuum state   0.0000000000000000        0.0000000000000000     
          -8           8          -8           8          -8           8
 Total memory for lookup configs   2.2760448000000821E-002 GByte
 Total memory for channels   1.2264000000000000E-004 GByte
             48407808     3025488         555
             48407808     3025488        5448
 Setting up vnn for hhhh block
 Time to setup hhhh block   8.2572951316833496     
 Setting up vnn for hhhp block
 Time to setup hhhp block   16.678488969802856     
 Setting up vnn for hhpp block
 Time to setup hhpp block   24.907581090927124     
 Setting up vnn for hphp block
 Time to setup hphp block   24.642185926437378     
 Setting up vnn for pppp block
 Time to setup pppp block   1304.7227661609650     
 Total memory for vnn storage   3.3134343679999798      GByte
          -8           8          -8           8          -8           8
 Total memory for lookup ph configs   1.4699519999999406E-002 GByte
 Total memory for ph channels   2.6150400000000002E-004 GByte
             48407808     3025488        5448
 Setting up vnn for ph hpph block
 Time to setup ph hpph block  0.83086681365966797     
 Total memory for vnn/t2 ph storage   1.5490498559999188      GByte
 kinetic energy = (  3366.9326740583933     ,  0.0000000000000000     )
 below_ef =         132
 Vacuum expectation value ( -3396.9293386229083     ,  0.0000000000000000     )
 3NF vacuum expectation value (  15.634690910441952     , -3.4270030112874017E-028)
 Vacuum expectation value with 3nf ( -10.099622260943717     , -3.4270030112874017E-028)
 Time for e0   2.5762081146240234E-002
 Time for f3nf   1.4066951274871826     
 e0 3nf (  2063.7792011338834     ,  4.6582761943286073E-026) (  2063.7792001783378     , -4.5236439748993701E-026)
 Setting up v3nf_2bNO for hhhh block
 Time to setup v3nf_2bNO hhhh block   7.0536201000213623     
 Setting up v3nf_2bNO for hhpp block
 Time to setup v3nf_2bNO hhpp block   140.49920105934143     
 Setting up v3nf_2bNO for hphp block
 Time to setup v3nf_2bNO hphp block   72.604330062866211     
 Setting up v3nf_NO for pppp block
 here we go...
 here we go...
 here we go...
 here we go...
 here we go...
 here we go...
 here we go...
 Time to setup v3nf_2bNO pppp block   1057.7936592102051     
 here we go...
 Total memory for t2 storage   1.5490498559999957      GByte
 here we go...
 here we go...
 here we go...
 here we go...
 here we go...
 here we go...
 here we go...
 here we go...
 CCD energy ( -2336.2578318779947     , -1.2512937197418624E-017)
 diis space    48407808
 Storage of diis vectors   5.4216744959999996      Gb
 CCD energy ( -2298.1094095495587     ,  4.2793008276728796E-009)
dener    0    1  0.38148422E+02
 CCD energy ( -2272.5166779248048     ,  8.5936562841813424E-009)
dener    0    2  0.25592732E+02
 CCD energy ( -2255.5563827066658     ,  1.3094092071705661E-008)
dener    0    3  0.16960295E+02
 CCD energy ( -2244.4783881453927     ,  1.7796312109551601E-008)
dener    0    4  0.11077995E+02
 CCD energy ( -2237.3738256973238     ,  2.2642081502280950E-008)
dener    0    5  0.71045624E+01
diis_mat    1    1  0.6721E-01
diis_mat    1    2  0.4763E-01
diis_mat    1    3  0.3378E-01
diis_mat    1    4  0.2400E-01
diis_mat    1    5  0.1711E-01
diis_mat    1    6 -0.1000E+01
diis_mat    2    1  0.4763E-01
diis_mat    2    2  0.3385E-01
diis_mat    2    3  0.2408E-01
diis_mat    2    4  0.1717E-01
diis_mat    2    5  0.1229E-01
diis_mat    2    6 -0.1000E+01
diis_mat    3    1  0.3378E-01
diis_mat    3    2  0.2408E-01
diis_mat    3    3  0.1719E-01
diis_mat    3    4  0.1231E-01
diis_mat    3    5  0.8845E-02
diis_mat    3    6 -0.1000E+01
diis_mat    4    1  0.2400E-01
diis_mat    4    2  0.1717E-01
diis_mat    4    3  0.1231E-01
diis_mat    4    4  0.8849E-02
diis_mat    4    5  0.6390E-02
diis_mat    4    6 -0.1000E+01
diis_mat    5    1  0.1711E-01
diis_mat    5    2  0.1229E-01
diis_mat    5    3  0.8845E-02
diis_mat    5    4  0.6390E-02
diis_mat    5    5  0.4638E-02
diis_mat    5    6 -0.1000E+01
diis_mat    6    1 -0.1000E+01
diis_mat    6    2 -0.1000E+01
diis_mat    6    3 -0.1000E+01
diis_mat    6    4 -0.1000E+01
diis_mat    6    5 -0.1000E+01
diis_mat    6    6  0.0000E+00
 csysv info           0
sol_vec    1  0.2058E+02 -0.2179E-07
sol_vec    2 -0.1290E+03  0.1493E-06
sol_vec    3  0.2978E+03 -0.3586E-06
sol_vec    4 -0.3011E+03  0.3647E-06
sol_vec    5  0.1127E+03 -0.1336E-06
sol_vec    6  0.3255E-06  0.4889E-15
 CCD energy ( -2230.2248856035794     ,  7.5774300139923573E-008)
dener    0    6  0.71489401E+01
 CCD energy ( -2230.2451744184254     ,  7.5672838924522711E-008)
dener    0    7 -0.20288815E-01
 CCD energy ( -2230.2565421101067     ,  7.5940474078298908E-008)
dener    0    8 -0.11367692E-01
 CCD energy ( -2230.2624090877471     ,  7.6396697264200831E-008)
dener    0    9 -0.58669776E-02
 CCD energy ( -2230.2649689736818     ,  7.6929650273506134E-008)
dener    0   10 -0.25598859E-02
 CCD energy ( -2230.2656132715656     ,  7.7472527502998472E-008)
dener    0   11 -0.64429788E-03
diis_mat    1    1  0.2987E-06
diis_mat    1    2  0.2284E-06
diis_mat    1    3  0.1761E-06
diis_mat    1    4  0.1369E-06
diis_mat    1    5  0.1072E-06
diis_mat    1    6 -0.1000E+01
diis_mat    2    1  0.2284E-06
diis_mat    2    2  0.1763E-06
diis_mat    2    3  0.1372E-06
diis_mat    2    4  0.1076E-06
diis_mat    2    5  0.8484E-07
diis_mat    2    6 -0.1000E+01
diis_mat    3    1  0.1761E-06
diis_mat    3    2  0.1372E-06
diis_mat    3    3  0.1077E-06
diis_mat    3    4  0.8503E-07
diis_mat    3    5  0.6753E-07
diis_mat    3    6 -0.1000E+01
diis_mat    4    1  0.1369E-06
diis_mat    4    2  0.1076E-06
diis_mat    4    3  0.8503E-07
diis_mat    4    4  0.6760E-07
diis_mat    4    5  0.5402E-07
diis_mat    4    6 -0.1000E+01
diis_mat    5    1  0.1072E-06
diis_mat    5    2  0.8484E-07
diis_mat    5    3  0.6753E-07
diis_mat    5    4  0.5402E-07
diis_mat    5    5  0.4339E-07
diis_mat    5    6 -0.1000E+01
diis_mat    6    1 -0.1000E+01
diis_mat    6    2 -0.1000E+01
diis_mat    6    3 -0.1000E+01
diis_mat    6    4 -0.1000E+01
diis_mat    6    5 -0.1000E+01
diis_mat    6    6  0.0000E+00
 csysv info           0
sol_vec    1  0.9523E+02  0.5532E-05
sol_vec    2 -0.5110E+03 -0.2780E-04
sol_vec    3  0.1026E+04  0.5200E-04
sol_vec    4 -0.9122E+03 -0.4291E-04
sol_vec    5  0.3035E+03  0.1318E-04
sol_vec    6  0.4918E-12 -0.1306E-17
 CCD energy ( -2230.2566419355717     ,  8.0823268317940409E-008)
dener    0   12  0.89713360E-02
 CCD energy ( -2230.2566362200587     ,  8.0869135450252309E-008)
dener    0   13  0.57155128E-05
 CCD energy ( -2230.2566360161804     ,  8.0903041231133305E-008)
dener    0   14  0.20387847E-06
 Total execution time CCD   119.29827499389648     


 ---------------------------------------------------------------------
 Boxsize   8.7065876911736115      Nmax           4
 A, Density, Kf         132  0.20000000000000001        1.4359533573210104     
 Twist averaged E0/N ( -10.099622260943717     , -3.4270030112874017E-028)
 Twist averaged mbpt2 ( -17.698922968772688     , -9.4794978768322914E-020)
 Twist averaged CCSD ( -16.895883606183187     ,  6.1290182750858567E-010)
 kinetic_TF   3383.9341779987058     
  0.20000000000000001      ( -10.099622260943717     , -3.4270030112874017E-028) ( -2230.2566360161804     ,  8.0903041231133305E-008)

 E/N   1.43595338      0.200000003      -10.099622260943717       -17.698922968772688       -16.895883606183187        0.0000000000000000     
#Nmax, Nucleons, 3NFnexp, 3NFCutoff: 4 132 3 450
    -0.20438    -0.42781     1.43595     0.20000   -10.09962   -17.69892   -16.89588     0.00000
 ---------------------------------------------------------------------
 Total execution time for CCD code   2928.6042408943176     
mpprun info: Elapsed time (h:m:s):  0:48:49.827617
