./10.txt: ccd=       (-1884.6796231616700,-2.07771286919645527E-013)
./11.txt: ccd=        (-1674.3279084184244,9.81322429840198371E-014)
./12.txt: ccd=        (-1452.2610813191563,1.17697505568587118E-013)
./13.txt: ccd=       (-1922.9017559509830,-7.73562493749215040E-015)
./14.txt: ccd=       (-1506.5884448633321,-6.18412168646754114E-014)
./15.txt: ccd=       (-1479.7776955362697,-1.06529469056184708E-013)
./16.txt: ccd=       (-919.73416263744537,-2.78798370409056981E-013)
./17.txt: ccd=        (-1903.2897260340528,6.39006478027002530E-013)
./18.txt: ccd=        (-2028.3254186293429,8.14097654850496832E-014)
./19.txt: ccd=        (-1887.1495539819275,6.24782699614582659E-012)
./1.txt: ccd=        (-1406.5551502246435,5.29510475740584843E-014)
./20.txt: ccd=        (-1775.8168145358788,3.03383585375889364E-013)
./21.txt: ccd=        (-1275.3834892882587,4.88013498419803977E-013)
./22.txt: ccd=       (-1766.2456014046047,-2.85547358599837982E-013)
./23.txt: ccd=        (-2397.4451028572498,1.42684750548969510E-013)
./24.txt: ccd=       (-2008.3340344582659,-1.29995318290486200E-013)
./25.txt: ccd=        (-1917.5047124546893,3.19944872509035992E-013)
./26.txt: ccd=        (-1139.1093273578447,9.80757578342864418E-014)
./27.txt: ccd=        (-2994.2224991040671,5.08013244414904203E-014)
./28.txt: ccd=        (-1925.6550979237868,1.27260347721893505E-013)
./29.txt: ccd=        (-1704.0396829683482,5.49390633389088363E-012)
./2.txt: ccd=       (-2097.4842044702996,-1.01183220046621583E-012)
./30.txt: ccd=       (-1854.8913493795303,-2.51969302574090934E-013)
./31.txt: ccd=        (-1906.0988801754456,8.84020475654868768E-012)
./32.txt: ccd=       (-1900.2211037682375,-1.02343785308077512E-013)
./33.txt: ccd=        (-2040.9660938013344,1.36900826550950586E-012)
./34.txt: ccd=       (-1650.5647642398521,-7.48979735475993888E-012)
./35.txt: ccd=        (-1533.1781153433390,5.88818034519995800E-013)
./36.txt: ccd=       (-2026.2090449761708,-5.80092175403507678E-014)
./37.txt: ccd=        (-1743.8273567233650,1.34880149382036318E-013)
./38.txt: ccd=        (-1590.8845806228196,1.14745638908856601E-012)
./39.txt: ccd=        (-1864.5355589814435,1.11819845323602480E-012)
./3.txt: ccd=        (-2117.8350525466421,1.31245118350357543E-013)
./40.txt: ccd=        (-1171.2486107416087,2.43920641029940757E-014)
./41.txt: ccd=       (-1372.5238506414498,-1.94765652822997289E-013)
./42.txt: ccd=        (-1063.5409738239680,5.72998123955563924E-014)
./43.txt: ccd=       (-1758.1327249186343,-4.53146396377763299E-012)
./44.txt: ccd=       (-1525.1358759990003,-5.11937228929440267E-014)
./45.txt: ccd=        (-1954.9408525786007,1.92466852800312210E-013)
./46.txt: ccd=        (-1812.2966085647233,1.71466430724180546E-013)
./47.txt: ccd=       (-1667.1454260911250,-6.79242861993510079E-014)
./48.txt: ccd=       (-1722.5764807835083,-4.52852801878786912E-014)
./49.txt: ccd=        (-1478.4840221720119,3.64920127990052831E-013)
./4.txt: ccd=        (-1041.6107060104287,6.43543080373334220E-014)
./50.txt: ccd=       (-1664.6306896205460,-1.01551370495981867E-013)
./5.txt: ccd=        (-1975.0911648297099,5.40572785253515166E-013)
./6.txt: ccd=        (-1741.6114655682818,7.48350432659715878E-013)
./7.txt: ccd=        (-2254.1931678658657,2.34728501617365585E-015)
./8.txt: ccd=        (-2046.8119035897626,2.15378814450950265E-013)
./9.txt: ccd=        (-1409.7548178932873,1.69101011240844038E-013)
