./10.txt: ccd=         (855.08373616231847,1.94820344405179883E-012)
./11.txt: ccd=        (1292.2962935378848,-1.20159518573388063E-012)
./12.txt: ccd=        (1336.9668630868414,-7.43834445503161984E-012)
./13.txt: ccd=         (2010.9964705968127,1.14680947921099206E-012)
./14.txt: ccd=        (1260.4751079378536,-3.09799016542232419E-013)
./15.txt: ccd=        (1696.5604414450875,-1.41394440210833666E-013)
./16.txt: ccd=         (1558.3491149648751,3.37464068428265146E-013)
./17.txt: ccd=        (1465.3059931223856,-1.10708021943707739E-012)
./18.txt: ccd=         (1352.3923905813595,1.14749419118093695E-012)
./19.txt: ccd=        (1004.8229377953861,-1.46564242725068897E-011)
./1.txt: ccd=        (1567.9037625270450,-2.63970625934634416E-013)
./20.txt: ccd=        (1824.4924707330347,-3.55707129573283659E-015)
./21.txt: ccd=         (982.48920596085543,6.60720175972786348E-013)
./22.txt: ccd=         (1256.4205841421390,4.35979949690570784E-013)
./23.txt: ccd=         (1573.8056137270730,2.02985105997332181E-011)
./24.txt: ccd=         (1373.5262100761740,1.36574585813312616E-011)
./25.txt: ccd=        (648.67301495137565,-1.07841318799096862E-013)
./26.txt: ccd=         (1837.0451373833280,4.03611820039821127E-012)
./27.txt: ccd=        (720.00468485042143,-2.53410901635256041E-013)
./28.txt: ccd=        (1120.6262923153206,-4.36034904960299324E-014)
./29.txt: ccd=        (1305.9743555840548,-6.69958166487531594E-012)
./2.txt: ccd=         (1508.5275398848796,1.07001047587143186E-011)
./30.txt: ccd=        (692.29177058745245,-5.84561599027933533E-013)
./31.txt: ccd=        (1399.1165528562931,-1.02442172815845505E-014)
./32.txt: ccd=        (1017.8710896150258,-7.59463688063859686E-013)
./33.txt: ccd=        (1459.9730936677843,-1.16355433487679087E-012)
./34.txt: ccd=        (1172.5658317133759,-8.04731897440719069E-013)
./35.txt: ccd=         (1407.7487466473963,5.69491422448718359E-012)
./36.txt: ccd=         (1364.3413879328452,6.19278090760916691E-013)
./37.txt: ccd=        (601.42112063179422,-5.80780278066366439E-013)
./38.txt: ccd=        (1309.1640531028734,-4.82038618184518900E-014)
./39.txt: ccd=         (737.83456835355378,6.45903647004950164E-012)
./3.txt: ccd=        (946.33438425268150,-2.79653404443676015E-013)
./40.txt: ccd=        (1019.1142731042031,-6.77343744745105709E-013)
./41.txt: ccd=         (1590.7175527394295,3.77590319319067588E-013)
./42.txt: ccd=         (1198.5601787975552,4.77062524100216550E-013)
./43.txt: ccd=        (1732.1210418065575,-7.27423640523371012E-013)
./44.txt: ccd=        (1643.6600438907224,-3.84046380600591624E-013)
./45.txt: ccd=         (1170.4000844772338,1.06527539539100643E-012)
./46.txt: ccd=         (1558.7002742282450,1.60238737981169801E-012)
./47.txt: ccd=         (1357.9659753428598,4.58272949425337086E-011)
./48.txt: ccd=        (1478.9671610377472,-5.85488147601326377E-013)
./49.txt: ccd=         (1567.8642933800386,4.71283371885575850E-013)
./4.txt: ccd=        (2284.9771458215178,-1.18853587288573409E-011)
./50.txt: ccd=         (806.45769769825495,9.93566378970489461E-013)
./5.txt: ccd=         (1006.8946662904673,5.20822050568631346E-012)
./6.txt: ccd=         (1549.3610534569175,1.57754511650094528E-012)
./7.txt: ccd=        (1712.0564748523725,-2.58425912662354495E-013)
./8.txt: ccd=         (1400.4957640947471,4.51385381797452270E-013)
./9.txt: ccd=         (1091.2355806946543,1.18494334778813289E-012)
