mpprun info: Starting impi run on 4 node ( 16 rank X 8 th ) for job ID 8615752
Boundary Conditions PBC                                                                                                 
CC approx CCD                                                                                                 
 TNF: T TNF-approx:           3
 3NF Cutoff:   450.00000000000000      Nexp_3NF:           3
 NN regulator Exponent:    3.0000000000000000     
 -----------
 NN ci's
 -0.69697115409099997     
 -0.40674486718600000     
 -0.74000807269000002     
   1.0682108142419999     
 3NF ci's
 -0.69697115409099997     
   0.0000000000000000     
 -0.74000807269000002     
   1.0682108142419999     
 -----------
 --------
 c1s0(-1) -0.37930675857700002     
 c1s0(0) -0.34619823255200000     
 c1s0(1) -0.30660248631400000     
 c3s1(-1) -0.27797816054399999     
 c3s1(0) -0.27797816054399999     
 c3s1(1) -0.27797816054399999     
 --------
 -----------
 NLO contacts PW
   2.9262105500679998     
  0.60520088702899999     
 -0.25761957150499998     
 -0.91058316049400001     
  0.93157574892999995     
  0.35950193108200001     
 -0.90656700054100003     
 ----------
          C1            0.0938721612856847
          C2            0.0797691196028655
          C3           -0.0126198440033656
          C4           -0.0677904363382650
          C5           -0.0599116361378017
          C6           -0.0000740606878015
          C7           -0.1210783025899611
          D1           -0.3771581126597507
          D2           -0.9305750209334183
          D3            2.1195254080520742
          D4           -2.1246309930064329
          D5           -0.0131882077354610
          D6            0.6645429882213397
          D7            0.7806033045976430
          D8           -0.4752342494327860
          D9            0.0920642557695526
         D10           -0.0312443369241453
         D11            0.0232036046033312
         D12           -0.3040203100732521
         D13           -0.2963726204319913
         D14            1.4856672935233888
         D15           -0.3992014237014200

   3NF LECs:
          C1           -0.6969711540910000
          C3           -0.7400080726900000
          C4            1.0682108142419999
          cE           -0.2049933378130000
          cD           -0.4215157107230000

 delta_chiral_order           3
 delta cutoff   450.00000000000000     
 Boxsize   10.322801154563670     
 Density  0.12000000000000000     
 K_f   1.2111299674142548     
 Nmax           4
 Total number of states        2916
 K-mesh   0.0000000000000000     
 K-mesh -0.60867057430451499     
 K-mesh  0.60867057430451499     
 K-mesh  -1.2173411486090300     
 K-mesh   1.2173411486090300     
 K-mesh  -1.8260117229135451     
 K-mesh   1.8260117229135451     
 K-mesh  -2.4346822972180600     
 K-mesh   2.4346822972180600     
   0.0000000000000000        10.322801154563670     
   0.0000000000000000        10.322801154563670     
   0.0000000000000000        10.322801154563670     
   0.0000000000000000        10.322801154563670     
 Kz-mesh   0.0000000000000000     
 Kz-mesh -0.60867057430451499     
 Kz-mesh  0.60867057430451499     
 Kz-mesh  -1.2173411486090300     
 Kz-mesh   1.2173411486090300     
 Kz-mesh  -1.8260117229135451     
 Kz-mesh   1.8260117229135451     
 Kz-mesh  -2.4346822972180600     
 Kz-mesh   2.4346822972180600     
 KY-mesh   0.0000000000000000     
 KY-mesh -0.60867057430451499     
 KY-mesh  0.60867057430451499     
 KY-mesh  -1.2173411486090300     
 KY-mesh   1.2173411486090300     
 KY-mesh  -1.8260117229135451     
 KY-mesh   1.8260117229135451     
 KY-mesh  -2.4346822972180600     
 KY-mesh   2.4346822972180600     
           4           4           4          -1           1          -1           1
 nkmin, nkmax           4           4           4
 Occupied j-orbits
     1       0.000000000        0   0   0  -1  -1 hole      
     2       0.000000000        0   0   0   1  -1 hole      
     3       0.000000000        0   0   0  -1   1 hole      
     4       0.000000000        0   0   0   1   1 hole      
     5       7.676807875        0   0  -1  -1  -1 hole      
     6       7.676807875        0   0  -1   1  -1 hole      
     7       7.676807875        0   0  -1  -1   1 hole      
     8       7.676807875        0   0  -1   1   1 hole      
     9       7.676807875        0   1   0  -1  -1 hole      
    10       7.676807875        0   1   0   1  -1 hole      
    11       7.676807875        0   1   0  -1   1 hole      
    12       7.676807875        0   1   0   1   1 hole      
    13       7.676807875        0  -1   0  -1  -1 hole      
    14       7.676807875        0  -1   0   1  -1 hole      
    15       7.676807875        0  -1   0  -1   1 hole      
    16       7.676807875        0  -1   0   1   1 hole      
    17       7.676807875        1   0   0  -1  -1 hole      
    18       7.676807875        1   0   0   1  -1 hole      
    19       7.676807875        1   0   0  -1   1 hole      
    20       7.676807875        1   0   0   1   1 hole      
    21       7.676807875        0   0   1  -1  -1 hole      
    22       7.676807875        0   0   1   1  -1 hole      
    23       7.676807875        0   0   1  -1   1 hole      
    24       7.676807875        0   0   1   1   1 hole      
    25       7.676807875       -1   0   0  -1  -1 hole      
    26       7.676807875       -1   0   0   1  -1 hole      
    27       7.676807875       -1   0   0  -1   1 hole      
    28       7.676807875       -1   0   0   1   1 hole      
    29       15.35361575        0   1   1  -1  -1 hole      
    30       15.35361575        0   1   1   1  -1 hole      
    31       15.35361575        0   1   1  -1   1 hole      
    32       15.35361575        0   1   1   1   1 hole      
    33       15.35361575       -1   1   0  -1  -1 hole      
    34       15.35361575       -1   1   0   1  -1 hole      
    35       15.35361575       -1   1   0  -1   1 hole      
    36       15.35361575       -1   1   0   1   1 hole      
    37       15.35361575        1   0   1  -1  -1 hole      
    38       15.35361575        1   0   1   1  -1 hole      
    39       15.35361575        1   0   1  -1   1 hole      
    40       15.35361575        1   0   1   1   1 hole      
    41       15.35361575        0   1  -1  -1  -1 hole      
    42       15.35361575        0   1  -1   1  -1 hole      
    43       15.35361575        0   1  -1  -1   1 hole      
    44       15.35361575        0   1  -1   1   1 hole      
    45       15.35361575        1   1   0  -1  -1 hole      
    46       15.35361575        1   1   0   1  -1 hole      
    47       15.35361575        1   1   0  -1   1 hole      
    48       15.35361575        1   1   0   1   1 hole      
    49       15.35361575        1   0  -1  -1  -1 hole      
    50       15.35361575        1   0  -1   1  -1 hole      
    51       15.35361575        1   0  -1  -1   1 hole      
    52       15.35361575        1   0  -1   1   1 hole      
    53       15.35361575       -1   0  -1  -1  -1 hole      
    54       15.35361575       -1   0  -1   1  -1 hole      
    55       15.35361575       -1   0  -1  -1   1 hole      
    56       15.35361575       -1   0  -1   1   1 hole      
    57       15.35361575        1  -1   0  -1  -1 hole      
    58       15.35361575        1  -1   0   1  -1 hole      
    59       15.35361575        1  -1   0  -1   1 hole      
    60       15.35361575        1  -1   0   1   1 hole      
    61       15.35361575        0  -1  -1  -1  -1 hole      
    62       15.35361575        0  -1  -1   1  -1 hole      
    63       15.35361575        0  -1  -1  -1   1 hole      
    64       15.35361575        0  -1  -1   1   1 hole      
    65       15.35361575       -1  -1   0  -1  -1 hole      
    66       15.35361575       -1  -1   0   1  -1 hole      
    67       15.35361575       -1  -1   0  -1   1 hole      
    68       15.35361575       -1  -1   0   1   1 hole      
    69       15.35361575       -1   0   1  -1  -1 hole      
    70       15.35361575       -1   0   1   1  -1 hole      
    71       15.35361575       -1   0   1  -1   1 hole      
    72       15.35361575       -1   0   1   1   1 hole      
    73       15.35361575        0  -1   1  -1  -1 hole      
    74       15.35361575        0  -1   1   1  -1 hole      
    75       15.35361575        0  -1   1  -1   1 hole      
    76       15.35361575        0  -1   1   1   1 hole      
    77       23.03042363        1  -1   1  -1  -1 hole      
    78       23.03042363        1  -1   1   1  -1 hole      
    79       23.03042363        1  -1   1  -1   1 hole      
    80       23.03042363        1  -1   1   1   1 hole      
    81       23.03042363        1   1  -1  -1  -1 hole      
    82       23.03042363        1   1  -1   1  -1 hole      
    83       23.03042363        1   1  -1  -1   1 hole      
    84       23.03042363        1   1  -1   1   1 hole      
    85       23.03042363        1   1   1  -1  -1 hole      
    86       23.03042363        1   1   1   1  -1 hole      
    87       23.03042363        1   1   1  -1   1 hole      
    88       23.03042363        1   1   1   1   1 hole      
    89       23.03042363        1  -1  -1  -1  -1 hole      
    90       23.03042363        1  -1  -1   1  -1 hole      
    91       23.03042363        1  -1  -1  -1   1 hole      
    92       23.03042363        1  -1  -1   1   1 hole      
    93       23.03042363       -1   1   1  -1  -1 hole      
    94       23.03042363       -1   1   1   1  -1 hole      
    95       23.03042363       -1   1   1  -1   1 hole      
    96       23.03042363       -1   1   1   1   1 hole      
    97       23.03042363       -1   1  -1  -1  -1 hole      
    98       23.03042363       -1   1  -1   1  -1 hole      
    99       23.03042363       -1   1  -1  -1   1 hole      
   100       23.03042363       -1   1  -1   1   1 hole      
   101       23.03042363       -1  -1  -1  -1  -1 hole      
   102       23.03042363       -1  -1  -1   1  -1 hole      
   103       23.03042363       -1  -1  -1  -1   1 hole      
   104       23.03042363       -1  -1  -1   1   1 hole      
   105       23.03042363       -1  -1   1  -1  -1 hole      
   106       23.03042363       -1  -1   1   1  -1 hole      
   107       23.03042363       -1  -1   1  -1   1 hole      
   108       23.03042363       -1  -1   1   1   1 hole      
   109       30.70723150        2   0   0  -1  -1 hole      
   110       30.70723150        2   0   0   1  -1 hole      
   111       30.70723150        2   0   0  -1   1 hole      
   112       30.70723150        2   0   0   1   1 hole      
   113       30.70723150        0   2   0  -1  -1 hole      
   114       30.70723150        0   2   0   1  -1 hole      
   115       30.70723150        0   2   0  -1   1 hole      
   116       30.70723150        0   2   0   1   1 hole      
   117       30.70723150        0   0   2  -1  -1 hole      
   118       30.70723150        0   0   2   1  -1 hole      
   119       30.70723150        0   0   2  -1   1 hole      
   120       30.70723150        0   0   2   1   1 hole      
   121       30.70723150        0  -2   0  -1  -1 hole      
   122       30.70723150        0  -2   0   1  -1 hole      
   123       30.70723150        0  -2   0  -1   1 hole      
   124       30.70723150        0  -2   0   1   1 hole      
   125       30.70723150       -2   0   0  -1  -1 hole      
   126       30.70723150       -2   0   0   1  -1 hole      
   127       30.70723150       -2   0   0  -1   1 hole      
   128       30.70723150       -2   0   0   1   1 hole      
   129       30.70723150        0   0  -2  -1  -1 hole      
   130       30.70723150        0   0  -2   1  -1 hole      
   131       30.70723150        0   0  -2  -1   1 hole      
   132       30.70723150        0   0  -2   1   1 hole      
 Unoccupied j-orbits
   133       38.38403938       -1   0   2  -1  -1 particle  
   134       38.38403938       -1   0   2   1  -1 particle  
   135       38.38403938       -1   0   2  -1   1 particle  
   136       38.38403938       -1   0   2   1   1 particle  
   137       38.38403938        0  -1   2  -1  -1 particle  
   138       38.38403938        0  -1   2   1  -1 particle  
   139       38.38403938        0  -1   2  -1   1 particle  
   140       38.38403938        0  -1   2   1   1 particle  
   141       38.38403938       -2  -1   0  -1  -1 particle  
   142       38.38403938       -2  -1   0   1  -1 particle  
   143       38.38403938       -2  -1   0  -1   1 particle  
 Sz and Tz for vacuum state   0.0000000000000000        0.0000000000000000     
          -8           8          -8           8          -8           8
 Total memory for lookup configs   2.2760448000000821E-002 GByte
 Total memory for channels   1.2264000000000000E-004 GByte
             48407808     3025488         555
             48407808     3025488        5448
 Setting up vnn for hhhh block
 Time to setup hhhh block   8.2325448989868164     
 Setting up vnn for hhhp block
 Time to setup hhhp block   16.615893125534058     
 Setting up vnn for hhpp block
 Time to setup hhpp block   24.951333045959473     
 Setting up vnn for hphp block
 Time to setup hphp block   24.689267158508301     
 Setting up vnn for pppp block
 Time to setup pppp block   1295.5820000171661     
 Total memory for vnn storage   3.3134343679999798      GByte
          -8           8          -8           8          -8           8
 Total memory for lookup ph configs   1.4699519999999406E-002 GByte
 Total memory for ph channels   2.6150400000000002E-004 GByte
             48407808     3025488        5448
 Setting up vnn for ph hpph block
 Time to setup ph hpph block  0.82691192626953125     
 Total memory for vnn/t2 ph storage   1.5490498559999188      GByte
 kinetic energy = (  2395.1640570054274     ,  0.0000000000000000     )
 below_ef =         132
 Vacuum expectation value ( -2404.5508339304884     ,  0.0000000000000000     )
 3NF vacuum expectation value (  5.3795317124647131     , -9.7914371751068620E-029)
 Vacuum expectation value with 3nf ( -12.836762483978381     , -9.7914371751068620E-029)
 Time for e0   2.3738861083984375E-002
 Time for f3nf   1.4048998355865479     
 e0 3nf (  710.09818617097130     ,  1.6492451839351166E-026) (  710.09818604534212     , -1.2924697071141057E-026)
 Setting up v3nf_2bNO for hhhh block
 Time to setup v3nf_2bNO hhhh block   6.9155201911926270     
 Setting up v3nf_2bNO for hhpp block
 Time to setup v3nf_2bNO hhpp block   139.08286595344543     
 Setting up v3nf_2bNO for hphp block
 Time to setup v3nf_2bNO hphp block   71.865844011306763     
 Setting up v3nf_NO for pppp block
 here we go...
 Time to setup v3nf_2bNO pppp block   1018.1181550025940     
 Total memory for t2 storage   1.5490498559999957      GByte
 here we go...
 here we go...
 here we go...
 here we go...
 here we go...
 here we go...
 here we go...
 here we go...
 here we go...
 here we go...
 here we go...
 here we go...
 here we go...
 here we go...
 here we go...
 CCD energy ( -2769.9725534833178     , -2.5059065115445069E-018)
 diis space    48407808
 Storage of diis vectors   5.4216744959999996      Gb
 CCD energy ( -2709.7572374863612     ,  1.2027912505839446E-017)
dener    0    1  0.60215316E+02
 CCD energy ( -2668.9151795395633     ,  4.9646937810880308E-017)
dener    0    2  0.40842058E+02
 CCD energy ( -2641.3611397863351     ,  3.0790665051922560E-017)
dener    0    3  0.27554040E+02
 CCD energy ( -2622.8544776903782     ,  1.5397485670633407E-017)
dener    0    4  0.18506662E+02
 CCD energy ( -2610.4738661059282     ,  6.4407711144093070E-017)
dener    0    5  0.12380612E+02
diis_mat    1    1  0.1212E+00
diis_mat    1    2  0.8354E-01
diis_mat    1    3  0.5750E-01
diis_mat    1    4  0.3958E-01
diis_mat    1    5  0.2727E-01
diis_mat    1    6 -0.1000E+01
diis_mat    2    1  0.8354E-01
diis_mat    2    2  0.5768E-01
diis_mat    2    3  0.3976E-01
diis_mat    2    4  0.2741E-01
diis_mat    2    5  0.1892E-01
diis_mat    2    6 -0.1000E+01
diis_mat    3    1  0.5750E-01
diis_mat    3    2  0.3976E-01
diis_mat    3    3  0.2745E-01
diis_mat    3    4  0.1895E-01
diis_mat    3    5  0.1310E-01
diis_mat    3    6 -0.1000E+01
diis_mat    4    1  0.3958E-01
diis_mat    4    2  0.2741E-01
diis_mat    4    3  0.1895E-01
diis_mat    4    4  0.1311E-01
diis_mat    4    5  0.9078E-02
diis_mat    4    6 -0.1000E+01
diis_mat    5    1  0.2727E-01
diis_mat    5    2  0.1892E-01
diis_mat    5    3  0.1310E-01
diis_mat    5    4  0.9078E-02
diis_mat    5    5  0.6300E-02
diis_mat    5    6 -0.1000E+01
diis_mat    6    1 -0.1000E+01
diis_mat    6    2 -0.1000E+01
diis_mat    6    3 -0.1000E+01
diis_mat    6    4 -0.1000E+01
diis_mat    6    5 -0.1000E+01
diis_mat    6    6  0.0000E+00
 csysv info           0
sol_vec    1  0.1065E+02 -0.1643E-09
sol_vec    2 -0.6998E+02  0.1043E-08
sol_vec    3  0.1698E+03 -0.2394E-08
sol_vec    4 -0.1805E+03  0.2367E-08
sol_vec    5  0.7110E+02 -0.8514E-09
sol_vec    6  0.8109E-06  0.2183E-15
 CCD energy ( -2586.5719538283483     ,  1.5321130923500584E-011)
dener    0    6  0.23901912E+02
 CCD energy ( -2586.6151758218284     ,  1.1946662509330704E-011)
dener    0    7 -0.43221993E-01
 CCD energy ( -2586.6465545536025     ,  9.3234673027803945E-012)
dener    0    8 -0.31378732E-01
 CCD energy ( -2586.6693906854302     ,  7.2851700998291826E-012)
dener    0    9 -0.22836132E-01
 CCD energy ( -2586.6860532699511     ,  5.7007413740413649E-012)
dener    0   10 -0.16662585E-01
 CCD energy ( -2586.6982465008441     ,  4.4679671693750478E-012)
dener    0   11 -0.12193231E-01
diis_mat    1    1  0.5389E-06
diis_mat    1    2  0.4013E-06
diis_mat    1    3  0.3036E-06
diis_mat    1    4  0.2329E-06
diis_mat    1    5  0.1809E-06
diis_mat    1    6 -0.1000E+01
diis_mat    2    1  0.4013E-06
diis_mat    2    2  0.3033E-06
diis_mat    2    3  0.2325E-06
diis_mat    2    4  0.1805E-06
diis_mat    2    5  0.1417E-06
diis_mat    2    6 -0.1000E+01
diis_mat    3    1  0.3036E-06
diis_mat    3    2  0.2325E-06
diis_mat    3    3  0.1803E-06
diis_mat    3    4  0.1415E-06
diis_mat    3    5  0.1121E-06
diis_mat    3    6 -0.1000E+01
diis_mat    4    1  0.2329E-06
diis_mat    4    2  0.1805E-06
diis_mat    4    3  0.1415E-06
diis_mat    4    4  0.1120E-06
diis_mat    4    5  0.8948E-07
diis_mat    4    6 -0.1000E+01
diis_mat    5    1  0.1809E-06
diis_mat    5    2  0.1417E-06
diis_mat    5    3  0.1121E-06
diis_mat    5    4  0.8948E-07
diis_mat    5    5  0.7197E-07
diis_mat    5    6 -0.1000E+01
diis_mat    6    1 -0.1000E+01
diis_mat    6    2 -0.1000E+01
diis_mat    6    3 -0.1000E+01
diis_mat    6    4 -0.1000E+01
diis_mat    6    5 -0.1000E+01
diis_mat    6    6  0.0000E+00
 csysv info           0
sol_vec    1  0.5635E+02 -0.1970E-06
sol_vec    2 -0.3178E+03  0.1033E-05
sol_vec    3  0.6683E+03 -0.2008E-05
sol_vec    4 -0.6209E+03  0.1714E-05
sol_vec    5  0.2151E+03 -0.5419E-06
sol_vec    6  0.1497E-10  0.4395E-18
 CCD energy ( -2586.7334582980075     ,  1.5506205092282240E-012)
dener    0   12 -0.35211797E-01
 CCD energy ( -2586.7337002342069     ,  1.4124693259180359E-012)
dener    0   13 -0.24193620E-03
 CCD energy ( -2586.7338635032793     ,  1.2092055089053991E-012)
dener    0   14 -0.16326907E-03
 CCD energy ( -2586.7339734532729     ,  9.9597995866264648E-013)
dener    0   15 -0.10994999E-03
 CCD energy ( -2586.7340472610717     ,  7.9917058560959630E-013)
dener    0   16 -0.73807799E-04
 CCD energy ( -2586.7340965805720     ,  6.2946063349574264E-013)
dener    0   17 -0.49319500E-04
diis_mat    1    1  0.8825E-11
diis_mat    1    2  0.6896E-11
diis_mat    1    3  0.5429E-11
diis_mat    1    4  0.4303E-11
diis_mat    1    5  0.3429E-11
diis_mat    1    6 -0.1000E+01
diis_mat    2    1  0.6896E-11
diis_mat    2    2  0.5427E-11
diis_mat    2    3  0.4299E-11
diis_mat    2    4  0.3425E-11
diis_mat    2    5  0.2743E-11
diis_mat    2    6 -0.1000E+01
diis_mat    3    1  0.5429E-11
diis_mat    3    2  0.4299E-11
diis_mat    3    3  0.3424E-11
diis_mat    3    4  0.2741E-11
diis_mat    3    5  0.2205E-11
diis_mat    3    6 -0.1000E+01
diis_mat    4    1  0.4303E-11
diis_mat    4    2  0.3425E-11
diis_mat    4    3  0.2741E-11
diis_mat    4    4  0.2204E-11
diis_mat    4    5  0.1779E-11
diis_mat    4    6 -0.1000E+01
diis_mat    5    1  0.3429E-11
diis_mat    5    2  0.2743E-11
diis_mat    5    3  0.2205E-11
diis_mat    5    4  0.1779E-11
diis_mat    5    5  0.1440E-11
diis_mat    5    6 -0.1000E+01
diis_mat    6    1 -0.1000E+01
diis_mat    6    2 -0.1000E+01
diis_mat    6    3 -0.1000E+01
diis_mat    6    4 -0.1000E+01
diis_mat    6    5 -0.1000E+01
diis_mat    6    6  0.0000E+00
 csysv info           0
sol_vec    1  0.8119E+02  0.7158E-06
sol_vec    2 -0.4427E+03 -0.3955E-05
sol_vec    3  0.9016E+03  0.8060E-05
sol_vec    4 -0.8131E+03 -0.7178E-05
sol_vec    5  0.2739E+03  0.2356E-05
sol_vec    6  0.1152E-15  0.1361E-22
 CCD energy ( -2586.7341805390943     ,  3.5714027424082630E-013)
dener    0   18 -0.83958522E-04
 CCD energy ( -2586.7341809041623     ,  2.5299516613308940E-013)
dener    0   19 -0.36506810E-06
 Total execution time CCD   165.91377902030945     


 ---------------------------------------------------------------------
 Boxsize   10.322801154563670      Nmax           4
 A, Density, Kf         132  0.12000000000000000        1.2111299674142548     
 Twist averaged E0/N ( -12.836762483978381     , -9.7914371751068620E-029)
 Twist averaged mbpt2 ( -20.984640556691801     , -1.8984140238973537E-020)
 Twist averaged CCSD ( -19.596471067455774     ,  1.9166300464627983E-015)
 kinetic_TF   2407.2585641117353     
  0.12000000000000000      ( -12.836762483978381     , -9.7914371751068620E-029) ( -2586.7341809041623     ,  2.5299516613308940E-013)

 E/N   1.21113002      0.119999997      -12.836762483978381       -20.984640556691801       -19.596471067455774        0.0000000000000000     
#Nmax, Nucleons, 3NFnexp, 3NFCutoff: 4 132 3 450
    -0.20499    -0.42152     1.21113     0.12000   -12.83676   -20.98464   -19.59647     0.00000
 ---------------------------------------------------------------------
 Total execution time for CCD code   2977.0583300590515     
mpprun info: Elapsed time (h:m:s):  0:49:42.455026
