./10.txt: ccd=        (1551.8917356086627,-3.66063342491163050E-013)
./11.txt: ccd=         (785.19153215784422,1.71798344301320382E-011)
./12.txt: ccd=        (815.86897870830660,-2.26455131319198064E-013)
./13.txt: ccd=        (1246.7383633805407,-6.57673506744564511E-013)
./14.txt: ccd=        (877.29842517225859,-1.34955950758838194E-013)
./15.txt: ccd=       (-460.94241540382234,-3.48052238630511489E-009)
./16.txt: ccd=        (1485.1585795652934,-6.77174290032917996E-014)
./17.txt: ccd=        (1285.1403478948739,-1.21291470665290443E-012)
./18.txt: ccd=         (1093.7342531147583,1.69476337273168039E-013)
./19.txt: ccd=         (837.56164185314208,8.70014285024765310E-014)
./1.txt: ccd=         (597.95326064192614,1.64277983611358340E-013)
./20.txt: ccd=        (335.47329574764490,-1.19598528454036811E-013)
./21.txt: ccd=        (-321.22563990050384,2.94911046961609326E-006)
./22.txt: ccd=       (-463.12676853384755,-1.33112278685037733E-005)
./23.txt: ccd=         (680.66448152398902,7.34670168121850064E-014)
./24.txt: ccd=         (45.013582746029016,3.80925500787045126E-009)
./25.txt: ccd=        (1428.1033324339573,-8.69676646111461170E-015)
./26.txt: ccd=        (276.72092675887848,-6.21673564772216425E-014)
./27.txt: ccd=         (1447.5347551653831,1.36749362297803528E-012)
./28.txt: ccd=         (697.46841030424491,9.78511859833211208E-013)
./29.txt: ccd=        (628.80080672765666,-3.72479892276428411E-013)
./2.txt: ccd=        (996.86096087557985,-1.25324361272055843E-012)
./30.txt: ccd=         (697.88475596895398,3.07198250633761171E-012)
./31.txt: ccd=         (592.69448993082835,1.09495246185325311E-013)
./32.txt: ccd=         (18.599016826249198,9.06694775738526053E-014)
./33.txt: ccd=        (944.64378689280898,-3.61619271436238757E-013)
./34.txt: ccd=        (1189.6271727381657,-4.86346003514445213E-014)
./35.txt: ccd=         (1628.0736354707810,1.83873520993917965E-013)
./36.txt: ccd=       (-279.24542227021311,-1.13827463902678316E-012)
./37.txt: ccd=       (-24.465552834667477,-4.72847139595563847E-013)
./38.txt: ccd=         (1027.8589412734286,2.54677866883631801E-014)
./39.txt: ccd=        (130.96027174565256,-1.48681621832994682E-007)
./3.txt: ccd=         (1685.7249036808480,1.13480211432436742E-013)
./40.txt: ccd=        (1094.0308065916820,-2.64887849332294060E-013)
./41.txt: ccd=         (400.30439653345411,5.55014581685736870E-014)
./42.txt: ccd=       (-166.51866446033509,-2.39852551544636477E-007)
./43.txt: ccd=        (572.00211697701798,-8.14473848699340138E-013)
./44.txt: ccd=        (536.04513173531211,-5.78098602325974257E-014)
./45.txt: ccd=        (212.98916529365582,-1.64922602637899122E-013)
./46.txt: ccd=       (-138.20310333343059,-2.26836500746932653E-013)
./47.txt: ccd=        (882.46142865765091,-4.60495231882351084E-013)
./48.txt: ccd=        (378.27607350972784,-1.21704285391887222E-013)
./49.txt: ccd=         (477.85310915584159,3.46474621545448678E-014)
./4.txt: ccd=         (530.44508279616173,5.35543090870854825E-014)
./50.txt: ccd=        (700.42691716178024,-3.75009656076387798E-005)
./51.txt: ccd=        (-478.21967024545404,8.70367072659008042E-008)
./52.txt: ccd=        (621.65790451969372,-4.23628098926416271E-011)
./53.txt: ccd=         (731.61174875101506,3.93313965986409098E-013)
./54.txt: ccd=       (-897.53005721854879,-2.82796706508688327E-006)
./55.txt: ccd=         (583.46480690793987,1.84539662981237511E-013)
./56.txt: ccd=        (1095.4342286016649,-1.71719557607286200E-013)
./57.txt: ccd=        (-797.32609589642482,6.51112000105786117E-009)
./58.txt: ccd=         (549.95158345049708,2.48517078847709825E-007)
./59.txt: ccd=         (536.07159428831881,1.48821126417294421E-013)
./5.txt: ccd=         (1096.8287854008208,2.22062522561207616E-013)
./60.txt: ccd=        (480.77065029374609,-2.77603053459915976E-008)
./61.txt: ccd=         (982.11079386570168,9.64245698178547804E-012)
./62.txt: ccd=        (510.04097336085664,-3.77386516863711086E-010)
./63.txt: ccd=       (-192.35584813705216,-6.47305066595450702E-008)
./64.txt: ccd=        (-407.29387846033319,1.62459809592507650E-006)
./6.txt: ccd=         (1487.7140362220609,9.95613071961421282E-014)
./7.txt: ccd=         (1070.2177272264842,8.37247654684594973E-013)
./8.txt: ccd=        (1578.4677638220489,-9.61364822641046706E-013)
./9.txt: ccd=         (1375.8276836891150,1.89883112107883850E-013)
