./10.txt: ccdt=         (961.39953152024941,5.62143394008128906E-012)
./11.txt: ccdt=         (995.66864115377928,1.92323825302260156E-012)
./12.txt: ccdt=        (1041.3140764137154,-4.11649272882997298E-012)
./13.txt: ccdt=        (1031.1446959200694,-4.57367854961725118E-012)
./14.txt: ccdt=         (609.39357585639505,5.83599794575207213E-013)
./15.txt: ccdt=         (604.16162679097613,1.93380922368973518E-012)
./16.txt: ccdt=        (796.12181327501582,-2.82766235417464104E-012)
./17.txt: ccdt=         (742.10496163825292,5.09465200154113790E-013)
./18.txt: ccdt=        (671.93886330021542,-4.65220359958583249E-012)
./19.txt: ccdt=         (592.06569690648223,2.72719648979301647E-012)
./1.txt: ccdt=        (744.51439254105162,-8.01437920698246598E-013)
./20.txt: ccdt=        (761.11419953825498,-3.55253774293921501E-012)
./21.txt: ccdt=        (799.91193897687515,-3.56806268150802954E-013)
./22.txt: ccdt=         (698.59496498373983,9.55851617548968422E-013)
./23.txt: ccdt=         (500.19559738450096,7.21119027181058184E-014)
./24.txt: ccdt=        (679.76237866272163,-6.42746128278910573E-013)
./25.txt: ccdt=         (684.63318096418891,1.86224497939406903E-012)
./26.txt: ccdt=         (918.02305275253048,4.95698674100978611E-013)
./27.txt: ccdt=         (819.84424819847777,8.90695893662086699E-013)
./28.txt: ccdt=         (800.77451299739971,2.15851087104848724E-013)
./29.txt: ccdt=        (373.50494480660620,-2.73695860532750508E-013)
./2.txt: ccdt=         (974.45905411983779,9.97134233830604624E-013)
./30.txt: ccdt=        (782.98455380436212,-1.93925876517270179E-013)
./31.txt: ccdt=         (786.46999187695985,5.15280609322602723E-012)
./32.txt: ccdt=         (688.98250960764176,3.32911166562985422E-012)
./33.txt: ccdt=        (502.27821743191072,-6.00583256401989604E-013)
./34.txt: ccdt=        (915.78044025136217,-8.21512635181706889E-013)
./3.txt: ccdt=         (837.09192408258491,8.86893605883810649E-013)
./4.txt: ccdt=        (632.08417598554763,-1.24941022303730609E-013)
./5.txt: ccdt=        (748.22630406085739,-7.60363280352529613E-013)
./6.txt: ccdt=         (974.34265612691843,3.89793108994904779E-013)
./7.txt: ccdt=        (961.28984959702416,-1.51066320453505658E-011)
./8.txt: ccdt=         (678.43348930461298,5.18313064708394148E-012)
./9.txt: ccdt=        (1058.6156574901470,-3.59503738316693038E-012)
