mpprun info: Starting impi run on 4 node ( 16 rank X 8 th ) for job ID 8744622
Boundary Conditions PBC                                                                                                 
CC approx CCD                                                                                                 
 TNF: T TNF-approx:           3
 3NF Cutoff:   450.00000000000000      Nexp_3NF:           3
 NN regulator Exponent:    3.0000000000000000     
 -----------
 NN ci's
 -0.66732465846300004     
 -0.58450318370099996     
 -0.52285200170799995     
  0.97293692096200002     
 3NF ci's
 -0.66732465846300004     
   0.0000000000000000     
 -0.52285200170799995     
  0.97293692096200002     
 -----------
 --------
 c1s0(-1) -0.40170227081200000     
 c1s0(0) -0.36654571414800002     
 c1s0(1) -0.31906563280500000     
 c3s1(-1) -0.21836719996400000     
 c3s1(0) -0.21836719996400000     
 c3s1(1) -0.21836719996400000     
 --------
 -----------
 NLO contacts PW
   2.3961034170039999     
  0.67199424832499999     
 -0.22502831569400000     
 -0.84665014009399997     
   1.1144312185100000     
  0.43138895567800001     
 -0.78724568747900003     
 ----------
          C1            0.0893160814516620
          C2            0.0994623814238221
          C3           -0.0055494344196647
          C4           -0.0312461808023698
          C5           -0.0545158701318222
          C6           -0.0028039293251146
          C7           -0.1344292259771210
          D1           -0.3771581126597507
          D2           -0.9305750209334183
          D3            2.1195254080520742
          D4           -2.1246309930064329
          D5           -0.0131882077354610
          D6            0.6645429882213397
          D7            0.7806033045976430
          D8           -0.4752342494327860
          D9            0.0920642557695526
         D10           -0.0312443369241453
         D11            0.0232036046033312
         D12           -0.3040203100732521
         D13           -0.2963726204319913
         D14            1.4856672935233888
         D15           -0.3992014237014200

   3NF LECs:
          C1           -0.6673246584630000
          C3           -0.5228520017079999
          C4            0.9729369209620000
          cE           -0.1490327722620000
          cD           -0.4449922520480000

 delta_chiral_order           3
 delta cutoff   450.00000000000000     
 Boxsize   7.7828495157683539     
 Density  0.14000000000000001     
 K_f   1.6063851421796711     
 Nmax           4
 Total number of states        1458
 K-mesh   0.0000000000000000     
 K-mesh -0.80731167864027231     
 K-mesh  0.80731167864027231     
 K-mesh  -1.6146233572805446     
 K-mesh   1.6146233572805446     
 K-mesh  -2.4219350359208169     
 K-mesh   2.4219350359208169     
 K-mesh  -3.2292467145610892     
 K-mesh   3.2292467145610892     
   0.0000000000000000        7.7828495157683539     
   0.0000000000000000        7.7828495157683539     
   0.0000000000000000        7.7828495157683539     
   0.0000000000000000        7.7828495157683539     
 Kz-mesh   0.0000000000000000     
 Kz-mesh -0.80731167864027231     
 Kz-mesh  0.80731167864027231     
 Kz-mesh  -1.6146233572805446     
 Kz-mesh   1.6146233572805446     
 Kz-mesh  -2.4219350359208169     
 Kz-mesh   2.4219350359208169     
 Kz-mesh  -3.2292467145610892     
 Kz-mesh   3.2292467145610892     
 KY-mesh   0.0000000000000000     
 KY-mesh -0.80731167864027231     
 KY-mesh  0.80731167864027231     
 KY-mesh  -1.6146233572805446     
 KY-mesh   1.6146233572805446     
 KY-mesh  -2.4219350359208169     
 KY-mesh   2.4219350359208169     
 KY-mesh  -3.2292467145610892     
 KY-mesh   3.2292467145610892     
           4           4           4          -1           1           1           1
 nkmin, nkmax           4           4           4
 Occupied j-orbits
     1       0.000000000        0   0   0  -1   1 hole      
     2       0.000000000        0   0   0   1   1 hole      
     3       13.50512252       -1   0   0  -1   1 hole      
     4       13.50512252       -1   0   0   1   1 hole      
     5       13.50512252        0   0  -1  -1   1 hole      
     6       13.50512252        0   0  -1   1   1 hole      
     7       13.50512252        0  -1   0  -1   1 hole      
     8       13.50512252        0  -1   0   1   1 hole      
     9       13.50512252        0   1   0  -1   1 hole      
    10       13.50512252        0   1   0   1   1 hole      
    11       13.50512252        1   0   0  -1   1 hole      
    12       13.50512252        1   0   0   1   1 hole      
    13       13.50512252        0   0   1  -1   1 hole      
    14       13.50512252        0   0   1   1   1 hole      
    15       27.01024505        1   1   0  -1   1 hole      
    16       27.01024505        1   1   0   1   1 hole      
    17       27.01024505        0   1   1  -1   1 hole      
    18       27.01024505        0   1   1   1   1 hole      
    19       27.01024505        1  -1   0  -1   1 hole      
    20       27.01024505        1  -1   0   1   1 hole      
    21       27.01024505       -1   0  -1  -1   1 hole      
    22       27.01024505       -1   0  -1   1   1 hole      
    23       27.01024505       -1  -1   0  -1   1 hole      
    24       27.01024505       -1  -1   0   1   1 hole      
    25       27.01024505       -1   0   1  -1   1 hole      
    26       27.01024505       -1   0   1   1   1 hole      
    27       27.01024505       -1   1   0  -1   1 hole      
    28       27.01024505       -1   1   0   1   1 hole      
    29       27.01024505        0   1  -1  -1   1 hole      
    30       27.01024505        0   1  -1   1   1 hole      
    31       27.01024505        1   0   1  -1   1 hole      
    32       27.01024505        1   0   1   1   1 hole      
    33       27.01024505        0  -1   1  -1   1 hole      
    34       27.01024505        0  -1   1   1   1 hole      
    35       27.01024505        1   0  -1  -1   1 hole      
    36       27.01024505        1   0  -1   1   1 hole      
    37       27.01024505        0  -1  -1  -1   1 hole      
    38       27.01024505        0  -1  -1   1   1 hole      
    39       40.51536757       -1  -1  -1  -1   1 hole      
    40       40.51536757       -1  -1  -1   1   1 hole      
    41       40.51536757       -1   1  -1  -1   1 hole      
    42       40.51536757       -1   1  -1   1   1 hole      
    43       40.51536757        1   1  -1  -1   1 hole      
    44       40.51536757        1   1  -1   1   1 hole      
    45       40.51536757       -1  -1   1  -1   1 hole      
    46       40.51536757       -1  -1   1   1   1 hole      
    47       40.51536757        1  -1   1  -1   1 hole      
    48       40.51536757        1  -1   1   1   1 hole      
    49       40.51536757        1   1   1  -1   1 hole      
    50       40.51536757        1   1   1   1   1 hole      
    51       40.51536757       -1   1   1  -1   1 hole      
    52       40.51536757       -1   1   1   1   1 hole      
    53       40.51536757        1  -1  -1  -1   1 hole      
    54       40.51536757        1  -1  -1   1   1 hole      
    55       54.02049010        0   2   0  -1   1 hole      
    56       54.02049010        0   2   0   1   1 hole      
    57       54.02049010        0   0  -2  -1   1 hole      
    58       54.02049010        0   0  -2   1   1 hole      
    59       54.02049010        2   0   0  -1   1 hole      
    60       54.02049010        2   0   0   1   1 hole      
    61       54.02049010        0  -2   0  -1   1 hole      
    62       54.02049010        0  -2   0   1   1 hole      
    63       54.02049010       -2   0   0  -1   1 hole      
    64       54.02049010       -2   0   0   1   1 hole      
    65       54.02049010        0   0   2  -1   1 hole      
    66       54.02049010        0   0   2   1   1 hole      
 Unoccupied j-orbits
    67       67.52561262       -2  -1   0  -1   1 particle  
    68       67.52561262       -2  -1   0   1   1 particle  
    69       67.52561262       -1   0  -2  -1   1 particle  
    70       67.52561262       -1   0  -2   1   1 particle  
    71       67.52561262       -1   0   2  -1   1 particle  
    72       67.52561262       -1   0   2   1   1 particle  
    73       67.52561262       -2   1   0  -1   1 particle  
    74       67.52561262       -2   1   0   1   1 particle  
    75       67.52561262       -1  -2   0  -1   1 particle  
    76       67.52561262       -1  -2   0   1   1 particle  
    77       67.52561262       -1   2   0  -1   1 particle  
 Sz and Tz for vacuum state   0.0000000000000000        66.000000000000000     
          -8           8          -8           8          -8           8
 Total memory for lookup configs   5.6901119999999113E-003 GByte
 Total memory for channels   4.0880000000000002E-005 GByte
              8067968      504248         185
              8067968      504248        1816
 Setting up vnn for hhhh block
 Time to setup hhhh block   1.3303880691528320     
 Setting up vnn for hhhp block
 Time to setup hhhp block   2.8035149574279785     
 Setting up vnn for hhpp block
 Time to setup hhpp block   4.1893270015716553     
 Setting up vnn for hphp block
 Time to setup hphp block   4.1766250133514404     
 Setting up vnn for pppp block
 Time to setup pppp block   215.22343277931213     
 Total memory for vnn storage  0.55222438400000029      GByte
          -8           8          -8           8          -8           8
 Total memory for lookup ph configs   3.6748800000001611E-003 GByte
 Total memory for ph channels   8.7168000000000003E-005 GByte
              8067968      504248        1816
 Setting up vnn for ph hpph block
 Time to setup ph hpph block  0.13792800903320312     
 Total memory for vnn/t2 ph storage  0.25817497600000122      GByte
 kinetic energy = (  2106.7991138410543     ,  0.0000000000000000     )
 below_ef =          66
 Vacuum expectation value (  1358.8895981118310     ,  0.0000000000000000     )
 3NF vacuum expectation value (  4.4175013718050584     ,  0.0000000000000000     )
 Vacuum expectation value with 3nf (  25.006737706832801     ,  0.0000000000000000     )
 Time for e0   1.2118101119995117E-002
 Time for f3nf  0.21552705764770508     
 e0 3nf (  291.55509072873252     ,  1.0770580892617547E-027) (  291.55509053913386     ,  0.0000000000000000     )
 Setting up v3nf_2bNO for hhhh block
 Time to setup v3nf_2bNO hhhh block  0.62348103523254395     
 Setting up v3nf_2bNO for hhpp block
 Time to setup v3nf_2bNO hhpp block   11.732236146926880     
 Setting up v3nf_2bNO for hphp block
 Time to setup v3nf_2bNO hphp block   6.3089368343353271     
 Setting up v3nf_NO for pppp block
 Time to setup v3nf_2bNO pppp block   83.989946126937866     
 Total memory for t2 storage  0.25817497600000017      GByte
 here we go...
 here we go...
 here we go...
 here we go...
 here we go...
 here we go...
 here we go...
 here we go...
 here we go...
 here we go...
 here we go...
 here we go...
 here we go...
 here we go...
 here we go...
 here we go...
 CCD energy (  1468.8551055587147     , -2.6404155068692346E-017)
 diis space     8067968
 Storage of diis vectors  0.90361241599999997      Gb
 CCD energy (  1478.8158126123444     ,  4.4217196845493810E-018)
dener    0    1  0.99607071E+01
 CCD energy (  1485.4135258699318     , -8.3127737446318257E-018)
dener    0    2  0.65977133E+01
 CCD energy (  1489.7518022367203     , -2.6899490675835081E-017)
dener    0    3  0.43382764E+01
 CCD energy (  1492.5859019961308     ,  7.5247736274669262E-018)
dener    0    4  0.28340998E+01
 CCD energy (  1494.4253435246474     ,  8.5366323413373445E-018)
dener    0    5  0.18394415E+01
diis_mat    1    1  0.9232E-02
diis_mat    1    2  0.6124E-02
diis_mat    1    3  0.4045E-02
diis_mat    1    4  0.2669E-02
diis_mat    1    5  0.1762E-02
diis_mat    1    6 -0.1000E+01
diis_mat    2    1  0.6124E-02
diis_mat    2    2  0.4075E-02
diis_mat    2    3  0.2702E-02
diis_mat    2    4  0.1791E-02
diis_mat    2    5  0.1189E-02
diis_mat    2    6 -0.1000E+01
diis_mat    3    1  0.4045E-02
diis_mat    3    2  0.2702E-02
diis_mat    3    3  0.1800E-02
diis_mat    3    4  0.1200E-02
diis_mat    3    5  0.8015E-03
diis_mat    3    6 -0.1000E+01
diis_mat    4    1  0.2669E-02
diis_mat    4    2  0.1791E-02
diis_mat    4    3  0.1200E-02
diis_mat    4    4  0.8046E-03
diis_mat    4    5  0.5417E-03
diis_mat    4    6 -0.1000E+01
diis_mat    5    1  0.1762E-02
diis_mat    5    2  0.1189E-02
diis_mat    5    3  0.8015E-03
diis_mat    5    4  0.5417E-03
diis_mat    5    5  0.3679E-03
diis_mat    5    6 -0.1000E+01
diis_mat    6    1 -0.1000E+01
diis_mat    6    2 -0.1000E+01
diis_mat    6    3 -0.1000E+01
diis_mat    6    4 -0.1000E+01
diis_mat    6    5 -0.1000E+01
diis_mat    6    6  0.0000E+00
 csysv info           0
sol_vec    1  0.1207E+02 -0.1235E-07
sol_vec    2 -0.8061E+02  0.6957E-07
sol_vec    3  0.1968E+03 -0.1455E-06
sol_vec    4 -0.2091E+03  0.1334E-06
sol_vec    5  0.8187E+02 -0.4519E-07
sol_vec    6  0.5194E-07  0.1582E-14
 CCD energy (  1497.4760599032381     ,  3.1714250895112445E-010)
dener    0    6  0.30507164E+01
 CCD energy (  1497.4620703949427     ,  2.2367667062896255E-010)
dener    0    7 -0.13989508E-01
 CCD energy (  1497.4534625480312     ,  1.5861145632868399E-010)
dener    0    8 -0.86078469E-02
 CCD energy (  1497.4482437394527     ,  1.1312931719855275E-010)
dener    0    9 -0.52188086E-02
 CCD energy (  1497.4451475702231     ,  8.1192347680553437E-011)
dener    0   10 -0.30961692E-02
 CCD energy (  1497.4433703298951     ,  5.8656004675549334E-011)
dener    0   11 -0.17772403E-02
diis_mat    1    1  0.6182E-07
diis_mat    1    2  0.4449E-07
diis_mat    1    3  0.3254E-07
diis_mat    1    4  0.2417E-07
diis_mat    1    5  0.1821E-07
diis_mat    1    6 -0.1000E+01
diis_mat    2    1  0.4449E-07
diis_mat    2    2  0.3235E-07
diis_mat    2    3  0.2389E-07
diis_mat    2    4  0.1791E-07
diis_mat    2    5  0.1362E-07
diis_mat    2    6 -0.1000E+01
diis_mat    3    1  0.3254E-07
diis_mat    3    2  0.2389E-07
diis_mat    3    3  0.1782E-07
diis_mat    3    4  0.1348E-07
diis_mat    3    5  0.1033E-07
diis_mat    3    6 -0.1000E+01
diis_mat    4    1  0.2417E-07
diis_mat    4    2  0.1791E-07
diis_mat    4    3  0.1348E-07
diis_mat    4    4  0.1028E-07
diis_mat    4    5  0.7933E-08
diis_mat    4    6 -0.1000E+01
diis_mat    5    1  0.1821E-07
diis_mat    5    2  0.1362E-07
diis_mat    5    3  0.1033E-07
diis_mat    5    4  0.7933E-08
diis_mat    5    5  0.6163E-08
diis_mat    5    6 -0.1000E+01
diis_mat    6    1 -0.1000E+01
diis_mat    6    2 -0.1000E+01
diis_mat    6    3 -0.1000E+01
diis_mat    6    4 -0.1000E+01
diis_mat    6    5 -0.1000E+01
diis_mat    6    6  0.0000E+00
 csysv info           0
sol_vec    1  0.6933E+02  0.1608E-05
sol_vec    2 -0.3815E+03 -0.8367E-05
sol_vec    3  0.7842E+03  0.1617E-04
sol_vec    4 -0.7137E+03 -0.1376E-04
sol_vec    5  0.2427E+03  0.4346E-05
sol_vec    6  0.2815E-12 -0.1372E-18
 CCD energy (  1497.4428388788970     , -7.9901342801090266E-012)
dener    0   12 -0.53145100E-03
 CCD energy (  1497.4428110249539     , -6.4419768603271704E-012)
dener    0   13 -0.27853943E-04
 CCD energy (  1497.4427916132490     , -5.1466493455496868E-012)
dener    0   14 -0.19411705E-04
 CCD energy (  1497.4427778745044     , -4.0869898689234768E-012)
dener    0   15 -0.13738745E-04
 CCD energy (  1497.4427680032261     , -3.2328409800376276E-012)
dener    0   16 -0.98712783E-05
 CCD energy (  1497.4427608088367     , -2.5512659720539623E-012)
dener    0   17 -0.71943894E-05
diis_mat    1    1  0.1422E-12
diis_mat    1    2  0.1037E-12
diis_mat    1    3  0.7641E-13
diis_mat    1    4  0.5685E-13
diis_mat    1    5  0.4268E-13
diis_mat    1    6 -0.1000E+01
diis_mat    2    1  0.1037E-12
diis_mat    2    2  0.7686E-13
diis_mat    2    3  0.5751E-13
diis_mat    2    4  0.4342E-13
diis_mat    2    5  0.3304E-13
diis_mat    2    6 -0.1000E+01
diis_mat    3    1  0.7641E-13
diis_mat    3    2  0.5751E-13
diis_mat    3    3  0.4366E-13
diis_mat    3    4  0.3339E-13
diis_mat    3    5  0.2572E-13
diis_mat    3    6 -0.1000E+01
diis_mat    4    1  0.5685E-13
diis_mat    4    2  0.4342E-13
diis_mat    4    3  0.3339E-13
diis_mat    4    4  0.2585E-13
diis_mat    4    5  0.2012E-13
diis_mat    4    6 -0.1000E+01
diis_mat    5    1  0.4268E-13
diis_mat    5    2  0.3304E-13
diis_mat    5    3  0.2572E-13
diis_mat    5    4  0.2012E-13
diis_mat    5    5  0.1580E-13
diis_mat    5    6 -0.1000E+01
diis_mat    6    1 -0.1000E+01
diis_mat    6    2 -0.1000E+01
diis_mat    6    3 -0.1000E+01
diis_mat    6    4 -0.1000E+01
diis_mat    6    5 -0.1000E+01
diis_mat    6    6  0.0000E+00
 csysv info           0
sol_vec    1  0.6465E+02 -0.2487E-03
sol_vec    2 -0.3564E+03  0.1270E-02
sol_vec    3  0.7342E+03 -0.2411E-02
sol_vec    4 -0.6700E+03  0.2018E-02
sol_vec    5  0.2285E+03 -0.6277E-03
sol_vec    6  0.4507E-18 -0.3452E-23
 CCD energy (  1497.4427384939768     , -4.2712561158990446E-012)
dener    0   18 -0.22314860E-04
 CCD energy (  1497.4427384169089     , -2.7446442469619069E-012)
dener    0   19 -0.77067966E-07
 Total execution time CCD   25.625116109848022     


 ---------------------------------------------------------------------
 Boxsize   7.7828495157683539      Nmax           4
 A, Density, Kf          66  0.14000000000000001        1.6063851421796711     
 Twist averaged E0/N (  25.006737706832801     ,  0.0000000000000000     )
 Twist averaged mbpt2 (  22.255380387253254     , -4.0006295558624766E-019)
 Twist averaged CCSD (  22.688526339650135     , -4.1585518893362226E-014)
 kinetic_TF   2117.4375069729986     
  0.14000000000000001      (  25.006737706832801     ,  0.0000000000000000     ) (  1497.4427384169089     , -2.7446442469619069E-012)

 E/N   1.60638511      0.140000001       25.006737706832801        22.255380387253254        22.688526339650135        0.0000000000000000     
#Nmax, Nucleons, 3NFnexp, 3NFCutoff: 4  66 3 450
    -0.14903    -0.44499     1.60639     0.14000    25.00674    22.25538    22.68853     0.00000
 ---------------------------------------------------------------------
 Total execution time for CCD code   380.80820918083191     
mpprun info: Elapsed time (h:m:s):  0:06:22.111879
