mpprun info: Starting impi run on 4 node ( 16 rank X 8 th ) for job ID 8744622
Boundary Conditions PBC                                                                                                 
CC approx CCD                                                                                                 
 TNF: T TNF-approx:           3
 3NF Cutoff:   450.00000000000000      Nexp_3NF:           3
 NN regulator Exponent:    3.0000000000000000     
 -----------
 NN ci's
 -0.65324388999100003     
 -0.45508991630700002     
 -0.58272570278600000     
  0.94421316659400001     
 3NF ci's
 -0.65324388999100003     
   0.0000000000000000     
 -0.58272570278600000     
  0.94421316659400001     
 -----------
 --------
 c1s0(-1) -0.29547295393599998     
 c1s0(0) -0.30294401200999999     
 c1s0(1) -0.33766931364600000     
 c3s1(-1) -0.21664149907899999     
 c3s1(0) -0.21664149907899999     
 c3s1(1) -0.21664149907899999     
 --------
 -----------
 NLO contacts PW
   2.3173209329420001     
  0.78074040073499995     
 -0.19624599317499999     
 -0.76176534184699995     
   1.0609111843960000     
  0.42362726358100000     
  -1.0293957081439999     
 ----------
          C1            0.0907202130843787
          C2            0.0747995770336577
          C3           -0.0031100249485270
          C4           -0.0398669940494925
          C5           -0.0879960382434289
          C6           -0.0038655523254683
          C7           -0.1275622422122376
          D1           -0.3771581126597507
          D2           -0.9305750209334183
          D3            2.1195254080520742
          D4           -2.1246309930064329
          D5           -0.0131882077354610
          D6            0.6645429882213397
          D7            0.7806033045976430
          D8           -0.4752342494327860
          D9            0.0920642557695526
         D10           -0.0312443369241453
         D11            0.0232036046033312
         D12           -0.3040203100732521
         D13           -0.2963726204319913
         D14            1.4856672935233888
         D15           -0.3992014237014200

   3NF LECs:
          C1           -0.6532438899910000
          C3           -0.5827257027860000
          C4            0.9442131665940000
          cE           -0.1556015373710000
          cD           -0.4030108252270000

 delta_chiral_order           3
 delta cutoff   450.00000000000000     
 Boxsize   7.7828495157683539     
 Density  0.14000000000000001     
 K_f   1.6063851421796711     
 Nmax           4
 Total number of states        1458
 K-mesh   0.0000000000000000     
 K-mesh -0.80731167864027231     
 K-mesh  0.80731167864027231     
 K-mesh  -1.6146233572805446     
 K-mesh   1.6146233572805446     
 K-mesh  -2.4219350359208169     
 K-mesh   2.4219350359208169     
 K-mesh  -3.2292467145610892     
 K-mesh   3.2292467145610892     
   0.0000000000000000        7.7828495157683539     
   0.0000000000000000        7.7828495157683539     
   0.0000000000000000        7.7828495157683539     
   0.0000000000000000        7.7828495157683539     
 Kz-mesh   0.0000000000000000     
 Kz-mesh -0.80731167864027231     
 Kz-mesh  0.80731167864027231     
 Kz-mesh  -1.6146233572805446     
 Kz-mesh   1.6146233572805446     
 Kz-mesh  -2.4219350359208169     
 Kz-mesh   2.4219350359208169     
 Kz-mesh  -3.2292467145610892     
 Kz-mesh   3.2292467145610892     
 KY-mesh   0.0000000000000000     
 KY-mesh -0.80731167864027231     
 KY-mesh  0.80731167864027231     
 KY-mesh  -1.6146233572805446     
 KY-mesh   1.6146233572805446     
 KY-mesh  -2.4219350359208169     
 KY-mesh   2.4219350359208169     
 KY-mesh  -3.2292467145610892     
 KY-mesh   3.2292467145610892     
           4           4           4          -1           1           1           1
 nkmin, nkmax           4           4           4
 Occupied j-orbits
     1       0.000000000        0   0   0  -1   1 hole      
     2       0.000000000        0   0   0   1   1 hole      
     3       13.50512252       -1   0   0  -1   1 hole      
     4       13.50512252       -1   0   0   1   1 hole      
     5       13.50512252        0   0  -1  -1   1 hole      
     6       13.50512252        0   0  -1   1   1 hole      
     7       13.50512252        0  -1   0  -1   1 hole      
     8       13.50512252        0  -1   0   1   1 hole      
     9       13.50512252        0   1   0  -1   1 hole      
    10       13.50512252        0   1   0   1   1 hole      
    11       13.50512252        1   0   0  -1   1 hole      
    12       13.50512252        1   0   0   1   1 hole      
    13       13.50512252        0   0   1  -1   1 hole      
    14       13.50512252        0   0   1   1   1 hole      
    15       27.01024505        1   1   0  -1   1 hole      
    16       27.01024505        1   1   0   1   1 hole      
    17       27.01024505        0   1   1  -1   1 hole      
    18       27.01024505        0   1   1   1   1 hole      
    19       27.01024505        1  -1   0  -1   1 hole      
    20       27.01024505        1  -1   0   1   1 hole      
    21       27.01024505       -1   0  -1  -1   1 hole      
    22       27.01024505       -1   0  -1   1   1 hole      
    23       27.01024505       -1  -1   0  -1   1 hole      
    24       27.01024505       -1  -1   0   1   1 hole      
    25       27.01024505       -1   0   1  -1   1 hole      
    26       27.01024505       -1   0   1   1   1 hole      
    27       27.01024505       -1   1   0  -1   1 hole      
    28       27.01024505       -1   1   0   1   1 hole      
    29       27.01024505        0   1  -1  -1   1 hole      
    30       27.01024505        0   1  -1   1   1 hole      
    31       27.01024505        1   0   1  -1   1 hole      
    32       27.01024505        1   0   1   1   1 hole      
    33       27.01024505        0  -1   1  -1   1 hole      
    34       27.01024505        0  -1   1   1   1 hole      
    35       27.01024505        1   0  -1  -1   1 hole      
    36       27.01024505        1   0  -1   1   1 hole      
    37       27.01024505        0  -1  -1  -1   1 hole      
    38       27.01024505        0  -1  -1   1   1 hole      
    39       40.51536757       -1  -1  -1  -1   1 hole      
    40       40.51536757       -1  -1  -1   1   1 hole      
    41       40.51536757       -1   1  -1  -1   1 hole      
    42       40.51536757       -1   1  -1   1   1 hole      
    43       40.51536757        1   1  -1  -1   1 hole      
    44       40.51536757        1   1  -1   1   1 hole      
    45       40.51536757       -1  -1   1  -1   1 hole      
    46       40.51536757       -1  -1   1   1   1 hole      
    47       40.51536757        1  -1   1  -1   1 hole      
    48       40.51536757        1  -1   1   1   1 hole      
    49       40.51536757        1   1   1  -1   1 hole      
    50       40.51536757        1   1   1   1   1 hole      
    51       40.51536757       -1   1   1  -1   1 hole      
    52       40.51536757       -1   1   1   1   1 hole      
    53       40.51536757        1  -1  -1  -1   1 hole      
    54       40.51536757        1  -1  -1   1   1 hole      
    55       54.02049010        0   2   0  -1   1 hole      
    56       54.02049010        0   2   0   1   1 hole      
    57       54.02049010        0   0  -2  -1   1 hole      
    58       54.02049010        0   0  -2   1   1 hole      
    59       54.02049010        2   0   0  -1   1 hole      
    60       54.02049010        2   0   0   1   1 hole      
    61       54.02049010        0  -2   0  -1   1 hole      
    62       54.02049010        0  -2   0   1   1 hole      
    63       54.02049010       -2   0   0  -1   1 hole      
    64       54.02049010       -2   0   0   1   1 hole      
    65       54.02049010        0   0   2  -1   1 hole      
    66       54.02049010        0   0   2   1   1 hole      
 Unoccupied j-orbits
    67       67.52561262       -2  -1   0  -1   1 particle  
    68       67.52561262       -2  -1   0   1   1 particle  
    69       67.52561262       -1   0  -2  -1   1 particle  
    70       67.52561262       -1   0  -2   1   1 particle  
    71       67.52561262       -1   0   2  -1   1 particle  
    72       67.52561262       -1   0   2   1   1 particle  
    73       67.52561262       -2   1   0  -1   1 particle  
    74       67.52561262       -2   1   0   1   1 particle  
    75       67.52561262       -1  -2   0  -1   1 particle  
    76       67.52561262       -1  -2   0   1   1 particle  
    77       67.52561262       -1   2   0  -1   1 particle  
 Sz and Tz for vacuum state   0.0000000000000000        66.000000000000000     
          -8           8          -8           8          -8           8
 Total memory for lookup configs   5.6901119999999113E-003 GByte
 Total memory for channels   4.0880000000000002E-005 GByte
              8067968      504248         185
              8067968      504248        1816
 Setting up vnn for hhhh block
 Time to setup hhhh block   1.3300879001617432     
 Setting up vnn for hhhp block
 Time to setup hhhp block   2.6882309913635254     
 Setting up vnn for hhpp block
 Time to setup hhpp block   4.0338590145111084     
 Setting up vnn for hphp block
 Time to setup hphp block   4.1062099933624268     
 Setting up vnn for pppp block
 Time to setup pppp block   214.92594885826111     
 Total memory for vnn storage  0.55222438400000029      GByte
          -8           8          -8           8          -8           8
 Total memory for lookup ph configs   3.6748800000001611E-003 GByte
 Total memory for ph channels   8.7168000000000003E-005 GByte
              8067968      504248        1816
 Setting up vnn for ph hpph block
 Time to setup ph hpph block  0.13783597946166992     
 Total memory for vnn/t2 ph storage  0.25817497600000122      GByte
 kinetic energy = (  2106.7991138410543     ,  0.0000000000000000     )
 below_ef =          66
 Vacuum expectation value (  490.18904762927468     ,  0.0000000000000000     )
 3NF vacuum expectation value (  4.4798100506314311     ,  0.0000000000000000     )
 Vacuum expectation value with 3nf (  11.906916832893168     ,  0.0000000000000000     )
 Time for e0   1.2340784072875977E-002
 Time for f3nf  0.21442294120788574     
 e0 3nf (  295.66746353396456     ,  0.0000000000000000     ) (  295.66746334167448     ,  0.0000000000000000     )
 Setting up v3nf_2bNO for hhhh block
 Time to setup v3nf_2bNO hhhh block  0.62275695800781250     
 Setting up v3nf_2bNO for hhpp block
 Time to setup v3nf_2bNO hhpp block   11.590453147888184     
 Setting up v3nf_2bNO for hphp block
 Time to setup v3nf_2bNO hphp block   6.2513160705566406     
 Setting up v3nf_NO for pppp block
 Time to setup v3nf_2bNO pppp block   84.039301872253418     
 Total memory for t2 storage  0.25817497600000017      GByte
 here we go...
 here we go...
 here we go...
 here we go...
 here we go...
 here we go...
 here we go...
 here we go...
 here we go...
 here we go...
 here we go...
 here we go...
 here we go...
 here we go...
 here we go...
 here we go...
 CCD energy (  519.81572527167623     ,  1.8593073613647591E-017)
 diis space     8067968
 Storage of diis vectors  0.90361241599999997      Gb
 CCD energy (  547.13666022518919     , -2.1356939787860881E-017)
dener    0    1  0.27320935E+02
 CCD energy (  564.46071540665207     ,  5.7287078331304702E-017)
dener    0    2  0.17324055E+02
 CCD energy (  575.28955725881406     , -5.1939696572959327E-017)
dener    0    3  0.10828842E+02
 CCD energy (  581.97693339887201     , -1.7728554682397360E-018)
dener    0    4  0.66873761E+01
 CCD energy (  586.05966935441199     ,  1.7980420011981487E-017)
dener    0    5  0.40827360E+01
diis_mat    1    1  0.1458E-01
diis_mat    1    2  0.9327E-02
diis_mat    1    3  0.5888E-02
diis_mat    1    4  0.3694E-02
diis_mat    1    5  0.2317E-02
diis_mat    1    6 -0.1000E+01
diis_mat    2    1  0.9327E-02
diis_mat    2    2  0.6014E-02
diis_mat    2    3  0.3837E-02
diis_mat    2    4  0.2441E-02
diis_mat    2    5  0.1559E-02
diis_mat    2    6 -0.1000E+01
diis_mat    3    1  0.5888E-02
diis_mat    3    2  0.3837E-02
diis_mat    3    3  0.2481E-02
diis_mat    3    4  0.1606E-02
diis_mat    3    5  0.1049E-02
diis_mat    3    6 -0.1000E+01
diis_mat    4    1  0.3694E-02
diis_mat    4    2  0.2441E-02
diis_mat    4    3  0.1606E-02
diis_mat    4    4  0.1063E-02
diis_mat    4    5  0.7130E-03
diis_mat    4    6 -0.1000E+01
diis_mat    5    1  0.2317E-02
diis_mat    5    2  0.1559E-02
diis_mat    5    3  0.1049E-02
diis_mat    5    4  0.7130E-03
diis_mat    5    5  0.4933E-03
diis_mat    5    6 -0.1000E+01
diis_mat    6    1 -0.1000E+01
diis_mat    6    2 -0.1000E+01
diis_mat    6    3 -0.1000E+01
diis_mat    6    4 -0.1000E+01
diis_mat    6    5 -0.1000E+01
diis_mat    6    6  0.0000E+00
 csysv info           0
sol_vec    1  0.1241E+02  0.1601E-09
sol_vec    2 -0.8272E+02 -0.1004E-08
sol_vec    3  0.2025E+03  0.2276E-08
sol_vec    4 -0.2162E+03 -0.2217E-08
sol_vec    5  0.8502E+02  0.7850E-09
sol_vec    6  0.8690E-06 -0.2192E-15
 CCD energy (  591.45400611111677     , -8.6203996405222369E-012)
dener    0    6  0.53943368E+01
 CCD energy (  591.36265153971806     , -6.4230157871330293E-012)
dener    0    7 -0.91354571E-01
 CCD energy (  591.30929417162190     , -4.7982274298183133E-012)
dener    0    8 -0.53357368E-01
 CCD energy (  591.27864433847981     , -3.6028580473580557E-012)
dener    0    9 -0.30649833E-01
 CCD energy (  591.26148938281858     , -2.7242274904880746E-012)
dener    0   10 -0.17154956E-01
 CCD energy (  591.25228442340756     , -2.0773516158030695E-012)
dener    0   11 -0.92049594E-02
diis_mat    1    1  0.9253E-06
diis_mat    1    2  0.6942E-06
diis_mat    1    3  0.5307E-06
diis_mat    1    4  0.4121E-06
diis_mat    1    5  0.3243E-06
diis_mat    1    6 -0.1000E+01
diis_mat    2    1  0.6942E-06
diis_mat    2    2  0.5293E-06
diis_mat    2    3  0.4102E-06
diis_mat    2    4  0.3223E-06
diis_mat    2    5  0.2561E-06
diis_mat    2    6 -0.1000E+01
diis_mat    3    1  0.5307E-06
diis_mat    3    2  0.4102E-06
diis_mat    3    3  0.3216E-06
diis_mat    3    4  0.2551E-06
diis_mat    3    5  0.2043E-06
diis_mat    3    6 -0.1000E+01
diis_mat    4    1  0.4121E-06
diis_mat    4    2  0.3223E-06
diis_mat    4    3  0.2551E-06
diis_mat    4    4  0.2040E-06
diis_mat    4    5  0.1644E-06
diis_mat    4    6 -0.1000E+01
diis_mat    5    1  0.3243E-06
diis_mat    5    2  0.2561E-06
diis_mat    5    3  0.2043E-06
diis_mat    5    4  0.1644E-06
diis_mat    5    5  0.1332E-06
diis_mat    5    6 -0.1000E+01
diis_mat    6    1 -0.1000E+01
diis_mat    6    2 -0.1000E+01
diis_mat    6    3 -0.1000E+01
diis_mat    6    4 -0.1000E+01
diis_mat    6    5 -0.1000E+01
diis_mat    6    6  0.0000E+00
 csysv info           0
sol_vec    1  0.7279E+02  0.8939E-06
sol_vec    2 -0.4035E+03 -0.4663E-05
sol_vec    3  0.8335E+03  0.9015E-05
sol_vec    4 -0.7608E+03 -0.7658E-05
sol_vec    5  0.2590E+03  0.2412E-05
sol_vec    6 -0.2546E-11 -0.2399E-17
 CCD energy (  591.25169726365107     , -4.4542628626161223E-011)
dener    0   12 -0.58715976E-03
 CCD energy (  591.25159682051390     , -3.3943731219575097E-011)
dener    0   13 -0.10044314E-03
 CCD energy (  591.25152592009977     , -2.5865218577975033E-011)
dener    0   14 -0.70900414E-04
 CCD energy (  591.25147260748895     , -1.9748635985279931E-011)
dener    0   15 -0.53312611E-04
 CCD energy (  591.25143044313540     , -1.5132570765410281E-011)
dener    0   16 -0.42164353E-04
 CCD energy (  591.25139591201446     , -1.1650433288717199E-011)
dener    0   17 -0.34531121E-04
diis_mat    1    1 -0.1394E-12
diis_mat    1    2  0.3084E-12
diis_mat    1    3  0.4996E-12
diis_mat    1    4  0.5525E-12
diis_mat    1    5  0.5349E-12
diis_mat    1    6 -0.1000E+01
diis_mat    2    1  0.3084E-12
diis_mat    2    2  0.6437E-12
diis_mat    2    3  0.7638E-12
diis_mat    2    4  0.7693E-12
diis_mat    2    5  0.7177E-12
diis_mat    2    6 -0.1000E+01
diis_mat    3    1  0.4996E-12
diis_mat    3    2  0.7638E-12
diis_mat    3    3  0.8452E-12
diis_mat    3    4  0.8292E-12
diis_mat    3    5  0.7656E-12
diis_mat    3    6 -0.1000E+01
diis_mat    4    1  0.5525E-12
diis_mat    4    2  0.7693E-12
diis_mat    4    3  0.8292E-12
diis_mat    4    4  0.8058E-12
diis_mat    4    5  0.7416E-12
diis_mat    4    6 -0.1000E+01
diis_mat    5    1  0.5349E-12
diis_mat    5    2  0.7177E-12
diis_mat    5    3  0.7656E-12
diis_mat    5    4  0.7416E-12
diis_mat    5    5  0.6823E-12
diis_mat    5    6 -0.1000E+01
diis_mat    6    1 -0.1000E+01
diis_mat    6    2 -0.1000E+01
diis_mat    6    3 -0.1000E+01
diis_mat    6    4 -0.1000E+01
diis_mat    6    5 -0.1000E+01
diis_mat    6    6  0.0000E+00
 csysv info           0
sol_vec    1  0.6379E+02  0.2683E-05
sol_vec    2 -0.3594E+03 -0.1364E-04
sol_vec    3  0.7537E+03  0.2573E-04
sol_vec    4 -0.6976E+03 -0.2136E-04
sol_vec    5  0.2405E+03  0.6592E-05
sol_vec    6  0.4933E-15 -0.3538E-22
 CCD energy (  591.25120984647504     ,  1.1102215928338324E-012)
dener    0   18 -0.18606554E-03
 CCD energy (  591.25120963330073     ,  5.9671889452279053E-013)
dener    0   19 -0.21317422E-06
 Total execution time CCD   25.828223943710327     


 ---------------------------------------------------------------------
 Boxsize   7.7828495157683539      Nmax           4
 A, Density, Kf          66  0.14000000000000001        1.6063851421796711     
 Twist averaged E0/N (  11.906916832893168     ,  0.0000000000000000     )
 Twist averaged mbpt2 (  7.8759958374496399     ,  2.8171323657041803E-019)
 Twist averaged CCSD (  8.9583516611106173     ,  9.0411953715574318E-015)
 kinetic_TF   2117.4375069729986     
  0.14000000000000001      (  11.906916832893168     ,  0.0000000000000000     ) (  591.25120963330073     ,  5.9671889452279053E-013)

 E/N   1.60638511      0.140000001       11.906916832893168        7.8759958374496399        8.9583516611106173        0.0000000000000000     
#Nmax, Nucleons, 3NFnexp, 3NFCutoff: 4  66 3 450
    -0.15560    -0.40301     1.60639     0.14000    11.90692     7.87600     8.95835     0.00000
 ---------------------------------------------------------------------
 Total execution time for CCD code   379.34486699104309     
mpprun info: Elapsed time (h:m:s):  0:06:21.408550
