mpprun info: Starting impi run on 4 node ( 16 rank X 8 th ) for job ID 8744622
Boundary Conditions PBC                                                                                                 
CC approx CCD                                                                                                 
 TNF: T TNF-approx:           3
 3NF Cutoff:   450.00000000000000      Nexp_3NF:           3
 NN regulator Exponent:    3.0000000000000000     
 -----------
 NN ci's
 -0.59748819701800004     
 -0.47135091184599998     
 -0.76819774653299999     
   1.1451902555230000     
 3NF ci's
 -0.59748819701800004     
   0.0000000000000000     
 -0.76819774653299999     
   1.1451902555230000     
 -----------
 --------
 c1s0(-1) -0.31144761280299998     
 c1s0(0) -0.36487810156799999     
 c1s0(1) -0.27568508811100001     
 c3s1(-1) -0.30013894904900001     
 c3s1(0) -0.30013894904900001     
 c3s1(1) -0.30013894904900001     
 --------
 -----------
 NLO contacts PW
   2.5329398330770001     
  0.63191273281899996     
 -0.25519147612400001     
 -0.74602584483300005     
   1.0426467122590000     
  0.51653029826300001     
 -0.81964057829400006     
 ----------
          C1            0.0884886665332194
          C2            0.0965238485932047
          C3           -0.0063553748885267
          C4           -0.0350421769484497
          C5           -0.0621490269242769
          C6           -0.0084583018708613
          C7           -0.1405570382599333
          D1           -0.3771581126597507
          D2           -0.9305750209334183
          D3            2.1195254080520742
          D4           -2.1246309930064329
          D5           -0.0131882077354610
          D6            0.6645429882213397
          D7            0.7806033045976430
          D8           -0.4752342494327860
          D9            0.0920642557695526
         D10           -0.0312443369241453
         D11            0.0232036046033312
         D12           -0.3040203100732521
         D13           -0.2963726204319913
         D14            1.4856672935233888
         D15           -0.3992014237014200

   3NF LECs:
          C1           -0.5974881970180000
          C3           -0.7681977465330000
          C4            1.1451902555230000
          cE           -0.1776417754290000
          cD           -0.4918919271040000

 delta_chiral_order           3
 delta cutoff   450.00000000000000     
 Boxsize   7.7828495157683539     
 Density  0.14000000000000001     
 K_f   1.6063851421796711     
 Nmax           4
 Total number of states        1458
 K-mesh   0.0000000000000000     
 K-mesh -0.80731167864027231     
 K-mesh  0.80731167864027231     
 K-mesh  -1.6146233572805446     
 K-mesh   1.6146233572805446     
 K-mesh  -2.4219350359208169     
 K-mesh   2.4219350359208169     
 K-mesh  -3.2292467145610892     
 K-mesh   3.2292467145610892     
   0.0000000000000000        7.7828495157683539     
   0.0000000000000000        7.7828495157683539     
   0.0000000000000000        7.7828495157683539     
   0.0000000000000000        7.7828495157683539     
 Kz-mesh   0.0000000000000000     
 Kz-mesh -0.80731167864027231     
 Kz-mesh  0.80731167864027231     
 Kz-mesh  -1.6146233572805446     
 Kz-mesh   1.6146233572805446     
 Kz-mesh  -2.4219350359208169     
 Kz-mesh   2.4219350359208169     
 Kz-mesh  -3.2292467145610892     
 Kz-mesh   3.2292467145610892     
 KY-mesh   0.0000000000000000     
 KY-mesh -0.80731167864027231     
 KY-mesh  0.80731167864027231     
 KY-mesh  -1.6146233572805446     
 KY-mesh   1.6146233572805446     
 KY-mesh  -2.4219350359208169     
 KY-mesh   2.4219350359208169     
 KY-mesh  -3.2292467145610892     
 KY-mesh   3.2292467145610892     
           4           4           4          -1           1           1           1
 nkmin, nkmax           4           4           4
 Occupied j-orbits
     1       0.000000000        0   0   0  -1   1 hole      
     2       0.000000000        0   0   0   1   1 hole      
     3       13.50512252       -1   0   0  -1   1 hole      
     4       13.50512252       -1   0   0   1   1 hole      
     5       13.50512252        0   0  -1  -1   1 hole      
     6       13.50512252        0   0  -1   1   1 hole      
     7       13.50512252        0  -1   0  -1   1 hole      
     8       13.50512252        0  -1   0   1   1 hole      
     9       13.50512252        0   1   0  -1   1 hole      
    10       13.50512252        0   1   0   1   1 hole      
    11       13.50512252        1   0   0  -1   1 hole      
    12       13.50512252        1   0   0   1   1 hole      
    13       13.50512252        0   0   1  -1   1 hole      
    14       13.50512252        0   0   1   1   1 hole      
    15       27.01024505        1   1   0  -1   1 hole      
    16       27.01024505        1   1   0   1   1 hole      
    17       27.01024505        0   1   1  -1   1 hole      
    18       27.01024505        0   1   1   1   1 hole      
    19       27.01024505        1  -1   0  -1   1 hole      
    20       27.01024505        1  -1   0   1   1 hole      
    21       27.01024505       -1   0  -1  -1   1 hole      
    22       27.01024505       -1   0  -1   1   1 hole      
    23       27.01024505       -1  -1   0  -1   1 hole      
    24       27.01024505       -1  -1   0   1   1 hole      
    25       27.01024505       -1   0   1  -1   1 hole      
    26       27.01024505       -1   0   1   1   1 hole      
    27       27.01024505       -1   1   0  -1   1 hole      
    28       27.01024505       -1   1   0   1   1 hole      
    29       27.01024505        0   1  -1  -1   1 hole      
    30       27.01024505        0   1  -1   1   1 hole      
    31       27.01024505        1   0   1  -1   1 hole      
    32       27.01024505        1   0   1   1   1 hole      
    33       27.01024505        0  -1   1  -1   1 hole      
    34       27.01024505        0  -1   1   1   1 hole      
    35       27.01024505        1   0  -1  -1   1 hole      
    36       27.01024505        1   0  -1   1   1 hole      
    37       27.01024505        0  -1  -1  -1   1 hole      
    38       27.01024505        0  -1  -1   1   1 hole      
    39       40.51536757       -1  -1  -1  -1   1 hole      
    40       40.51536757       -1  -1  -1   1   1 hole      
    41       40.51536757       -1   1  -1  -1   1 hole      
    42       40.51536757       -1   1  -1   1   1 hole      
    43       40.51536757        1   1  -1  -1   1 hole      
    44       40.51536757        1   1  -1   1   1 hole      
    45       40.51536757       -1  -1   1  -1   1 hole      
    46       40.51536757       -1  -1   1   1   1 hole      
    47       40.51536757        1  -1   1  -1   1 hole      
    48       40.51536757        1  -1   1   1   1 hole      
    49       40.51536757        1   1   1  -1   1 hole      
    50       40.51536757        1   1   1   1   1 hole      
    51       40.51536757       -1   1   1  -1   1 hole      
    52       40.51536757       -1   1   1   1   1 hole      
    53       40.51536757        1  -1  -1  -1   1 hole      
    54       40.51536757        1  -1  -1   1   1 hole      
    55       54.02049010        0   2   0  -1   1 hole      
    56       54.02049010        0   2   0   1   1 hole      
    57       54.02049010        0   0  -2  -1   1 hole      
    58       54.02049010        0   0  -2   1   1 hole      
    59       54.02049010        2   0   0  -1   1 hole      
    60       54.02049010        2   0   0   1   1 hole      
    61       54.02049010        0  -2   0  -1   1 hole      
    62       54.02049010        0  -2   0   1   1 hole      
    63       54.02049010       -2   0   0  -1   1 hole      
    64       54.02049010       -2   0   0   1   1 hole      
    65       54.02049010        0   0   2  -1   1 hole      
    66       54.02049010        0   0   2   1   1 hole      
 Unoccupied j-orbits
    67       67.52561262       -2  -1   0  -1   1 particle  
    68       67.52561262       -2  -1   0   1   1 particle  
    69       67.52561262       -1   0  -2  -1   1 particle  
    70       67.52561262       -1   0  -2   1   1 particle  
    71       67.52561262       -1   0   2  -1   1 particle  
    72       67.52561262       -1   0   2   1   1 particle  
    73       67.52561262       -2   1   0  -1   1 particle  
    74       67.52561262       -2   1   0   1   1 particle  
    75       67.52561262       -1  -2   0  -1   1 particle  
    76       67.52561262       -1  -2   0   1   1 particle  
    77       67.52561262       -1   2   0  -1   1 particle  
 Sz and Tz for vacuum state   0.0000000000000000        66.000000000000000     
          -8           8          -8           8          -8           8
 Total memory for lookup configs   5.6901119999999113E-003 GByte
 Total memory for channels   4.0880000000000002E-005 GByte
              8067968      504248         185
              8067968      504248        1816
 Setting up vnn for hhhh block
 Time to setup hhhh block   1.3561258316040039     
 Setting up vnn for hhhp block
 Time to setup hhhp block   2.7645339965820312     
 Setting up vnn for hhpp block
 Time to setup hhpp block   4.3186249732971191     
 Setting up vnn for hphp block
 Time to setup hphp block   4.0961420536041260     
 Setting up vnn for pppp block
 Time to setup pppp block   218.84209895133972     
 Total memory for vnn storage  0.55222438400000029      GByte
          -8           8          -8           8          -8           8
 Total memory for lookup ph configs   3.6748800000001611E-003 GByte
 Total memory for ph channels   8.7168000000000003E-005 GByte
              8067968      504248        1816
 Setting up vnn for ph hpph block
 Time to setup ph hpph block  0.13928699493408203     
 Total memory for vnn/t2 ph storage  0.25817497600000122      GByte
 kinetic energy = (  2106.7991138410543     ,  0.0000000000000000     )
 below_ef =          66
 Vacuum expectation value (  1940.4079854487816     ,  0.0000000000000000     )
 3NF vacuum expectation value (  4.6664659742789842     ,  0.0000000000000000     )
 Vacuum expectation value with 3nf (  34.066586965927193     ,  0.0000000000000000     )
 Time for e0   1.2521028518676758E-002
 Time for f3nf  0.21391701698303223     
 e0 3nf (  307.98675449608112     ,  0.0000000000000000     ) (  307.98675430241298     ,  0.0000000000000000     )
 Setting up v3nf_2bNO for hhhh block
 Time to setup v3nf_2bNO hhhh block  0.62267494201660156     
 Setting up v3nf_2bNO for hhpp block
 Time to setup v3nf_2bNO hhpp block   11.604655027389526     
 Setting up v3nf_2bNO for hphp block
 Time to setup v3nf_2bNO hphp block   6.2121160030364990     
 Setting up v3nf_NO for pppp block
 Time to setup v3nf_2bNO pppp block   83.894894838333130     
 Total memory for t2 storage  0.25817497600000017      GByte
 here we go...
 here we go...
 here we go...
 here we go...
 here we go...
 here we go...
 here we go...
 here we go...
 here we go...
 here we go...
 here we go...
 here we go...
 here we go...
 here we go...
 here we go...
 here we go...
 CCD energy (  1911.9857074870367     ,  1.6796078171266538E-017)
 diis space     8067968
 Storage of diis vectors  0.90361241599999997      Gb
 CCD energy (  1926.8512067754339     ,  8.5926877865106489E-018)
dener    0    1  0.14865499E+02
 CCD energy (  1936.0180622822465     , -1.7978343426752461E-017)
dener    0    2  0.91668555E+01
 CCD energy (  1941.4252442643315     , -8.0981213579512924E-018)
dener    0    3  0.54071820E+01
 CCD energy (  1944.4025252746633     , -2.7407280620461863E-017)
dener    0    4  0.29772810E+01
 CCD energy (  1945.8432931783605     , -1.9085263701171428E-017)
dener    0    5  0.14407679E+01
diis_mat    1    1  0.2703E-01
diis_mat    1    2  0.1888E-01
diis_mat    1    3  0.1324E-01
diis_mat    1    4  0.9352E-02
diis_mat    1    5  0.6675E-02
diis_mat    1    6 -0.1000E+01
diis_mat    2    1  0.1888E-01
diis_mat    2    2  0.1331E-01
diis_mat    2    3  0.9435E-02
diis_mat    2    4  0.6748E-02
diis_mat    2    5  0.4883E-02
diis_mat    2    6 -0.1000E+01
diis_mat    3    1  0.1324E-01
diis_mat    3    2  0.9435E-02
diis_mat    3    3  0.6771E-02
diis_mat    3    4  0.4911E-02
diis_mat    3    5  0.3608E-02
diis_mat    3    6 -0.1000E+01
diis_mat    4    1  0.9352E-02
diis_mat    4    2  0.6748E-02
diis_mat    4    3  0.4911E-02
diis_mat    4    4  0.3616E-02
diis_mat    4    5  0.2700E-02
diis_mat    4    6 -0.1000E+01
diis_mat    5    1  0.6675E-02
diis_mat    5    2  0.4883E-02
diis_mat    5    3  0.3608E-02
diis_mat    5    4  0.2700E-02
diis_mat    5    5  0.2050E-02
diis_mat    5    6 -0.1000E+01
diis_mat    6    1 -0.1000E+01
diis_mat    6    2 -0.1000E+01
diis_mat    6    3 -0.1000E+01
diis_mat    6    4 -0.1000E+01
diis_mat    6    5 -0.1000E+01
diis_mat    6    6  0.0000E+00
 csysv info           0
sol_vec    1  0.2056E+02  0.1943E-07
sol_vec    2 -0.1321E+03 -0.1078E-06
sol_vec    3  0.3106E+03  0.2206E-06
sol_vec    4 -0.3180E+03 -0.1972E-06
sol_vec    5  0.1199E+03  0.6498E-07
sol_vec    6  0.1255E-05 -0.1027E-13
 CCD energy (  1939.3548099052805     , -5.8356953095033184E-010)
dener    0    6 -0.64884833E+01
 CCD energy (  1939.3264977309968     , -4.1344157571617040E-010)
dener    0    7 -0.28312174E-01
 CCD energy (  1939.3065007133596     , -2.9544597134657987E-010)
dener    0    8 -0.19997018E-01
 CCD energy (  1939.2914683769673     , -2.1343840067257378E-010)
dener    0    9 -0.15032336E-01
 CCD energy (  1939.2794339445036     , -1.5625467145426331E-010)
dener    0   10 -0.12034432E-01
 CCD energy (  1939.2692620947300     , -1.1618772239177244E-010)
dener    0   11 -0.10171850E-01
diis_mat    1    1  0.1091E-05
diis_mat    1    2  0.8833E-06
diis_mat    1    3  0.7238E-06
diis_mat    1    4  0.5989E-06
diis_mat    1    5  0.4995E-06
diis_mat    1    6 -0.1000E+01
diis_mat    2    1  0.8833E-06
diis_mat    2    2  0.7288E-06
diis_mat    2    3  0.6068E-06
diis_mat    2    4  0.5088E-06
diis_mat    2    5  0.4291E-06
diis_mat    2    6 -0.1000E+01
diis_mat    3    1  0.7238E-06
diis_mat    3    2  0.6068E-06
diis_mat    3    3  0.5118E-06
diis_mat    3    4  0.4338E-06
diis_mat    3    5  0.3692E-06
diis_mat    3    6 -0.1000E+01
diis_mat    4    1  0.5989E-06
diis_mat    4    2  0.5088E-06
diis_mat    4    3  0.4338E-06
diis_mat    4    4  0.3710E-06
diis_mat    4    5  0.3180E-06
diis_mat    4    6 -0.1000E+01
diis_mat    5    1  0.4995E-06
diis_mat    5    2  0.4291E-06
diis_mat    5    3  0.3692E-06
diis_mat    5    4  0.3180E-06
diis_mat    5    5  0.2741E-06
diis_mat    5    6 -0.1000E+01
diis_mat    6    1 -0.1000E+01
diis_mat    6    2 -0.1000E+01
diis_mat    6    3 -0.1000E+01
diis_mat    6    4 -0.1000E+01
diis_mat    6    5 -0.1000E+01
diis_mat    6    6  0.0000E+00
 csysv info           0
sol_vec    1  0.1145E+03 -0.5958E-06
sol_vec    2 -0.6172E+03  0.2958E-05
sol_vec    3  0.1242E+04 -0.5455E-05
sol_vec    4 -0.1104E+04  0.4432E-05
sol_vec    5  0.3665E+03 -0.1339E-05
sol_vec    6  0.3728E-10  0.1587E-17
 CCD energy (  1939.1742709338614     , -4.1978640564286623E-012)
dener    0   12 -0.94991161E-01
 CCD energy (  1939.1741956067481     , -1.9039332680543173E-012)
dener    0   13 -0.75327114E-04
 CCD energy (  1939.1741361149197     , -5.3860244933829908E-013)
dener    0   14 -0.59491828E-04
 CCD energy (  1939.1740878581900     ,  2.4213855646473878E-013)
dener    0   15 -0.48256730E-04
 CCD energy (  1939.1740477773442     ,  6.5900283712638007E-013)
dener    0   16 -0.40080846E-04
 CCD energy (  1939.1740138252292     ,  8.5310630937193258E-013)
dener    0   17 -0.33952115E-04
diis_mat    1    1  0.2313E-10
diis_mat    1    2  0.1905E-10
diis_mat    1    3  0.1579E-10
diis_mat    1    4  0.1316E-10
diis_mat    1    5  0.1103E-10
diis_mat    1    6 -0.1000E+01
diis_mat    2    1  0.1905E-10
diis_mat    2    2  0.1580E-10
diis_mat    2    3  0.1317E-10
diis_mat    2    4  0.1104E-10
diis_mat    2    5  0.9298E-11
diis_mat    2    6 -0.1000E+01
diis_mat    3    1  0.1579E-10
diis_mat    3    2  0.1317E-10
diis_mat    3    3  0.1105E-10
diis_mat    3    4  0.9306E-11
diis_mat    3    5  0.7867E-11
diis_mat    3    6 -0.1000E+01
diis_mat    4    1  0.1316E-10
diis_mat    4    2  0.1104E-10
diis_mat    4    3  0.9306E-11
diis_mat    4    4  0.7870E-11
diis_mat    4    5  0.6677E-11
diis_mat    4    6 -0.1000E+01
diis_mat    5    1  0.1103E-10
diis_mat    5    2  0.9298E-11
diis_mat    5    3  0.7867E-11
diis_mat    5    4  0.6677E-11
diis_mat    5    5  0.5684E-11
diis_mat    5    6 -0.1000E+01
diis_mat    6    1 -0.1000E+01
diis_mat    6    2 -0.1000E+01
diis_mat    6    3 -0.1000E+01
diis_mat    6    4 -0.1000E+01
diis_mat    6    5 -0.1000E+01
diis_mat    6    6  0.0000E+00
 csysv info           0
sol_vec    1  0.1533E+03  0.4557E-05
sol_vec    2 -0.8084E+03 -0.2255E-04
sol_vec    3  0.1592E+04  0.4146E-04
sol_vec    4 -0.1388E+04 -0.3360E-04
sol_vec    5  0.4517E+03  0.1013E-04
sol_vec    6  0.8390E-15 -0.2478E-21
 CCD energy (  1939.1737636288431     , -2.4908525072519767E-014)
dener    0   18 -0.25019639E-03
 CCD energy (  1939.1737653710341     ,  1.7223343506003846E-014)
dener    0   19  0.17421909E-05
 CCD energy (  1939.1737666461713     ,  4.0891518902920279E-014)
dener    0   20  0.12751373E-05
 CCD energy (  1939.1737675831896     ,  5.2587407644263610E-014)
dener    0   21  0.93701834E-06
 Total execution time CCD   28.164263963699341     


 ---------------------------------------------------------------------
 Boxsize   7.7828495157683539      Nmax           4
 A, Density, Kf          66  0.14000000000000001        1.6063851421796711     
 Twist averaged E0/N (  34.066586965927193     ,  0.0000000000000000     )
 Twist averaged mbpt2 (  28.969480416470255     ,  2.5448603289797786E-019)
 Twist averaged CCSD (  29.381420720957419     ,  7.9677890370096382E-016)
 kinetic_TF   2117.4375069729986     
  0.14000000000000001      (  34.066586965927193     ,  0.0000000000000000     ) (  1939.1737675831896     ,  5.2587407644263610E-014)

 E/N   1.60638511      0.140000001       34.066586965927193        28.969480416470255        29.381420720957419        0.0000000000000000     
#Nmax, Nucleons, 3NFnexp, 3NFCutoff: 4  66 3 450
    -0.17764    -0.49189     1.60639     0.14000    34.06659    28.96948    29.38142     0.00000
 ---------------------------------------------------------------------
 Total execution time for CCD code   384.77599811553955     
mpprun info: Elapsed time (h:m:s):  0:06:25.752814
