mpprun info: Starting impi run on 4 node ( 16 rank X 8 th ) for job ID 8754994
Boundary Conditions PBC                                                                                                 
CC approx CCD                                                                                                 
 TNF: T TNF-approx:           3
 3NF Cutoff:   450.00000000000000      Nexp_3NF:           3
 NN regulator Exponent:    3.0000000000000000     
 -----------
 NN ci's
 -0.59671745824500000     
 -0.52834883923300002     
 -0.72422918871499997     
   1.0849187745740001     
 3NF ci's
 -0.59671745824500000     
   0.0000000000000000     
 -0.72422918871499997     
   1.0849187745740001     
 -----------
 --------
 c1s0(-1) -0.40178608916300002     
 c1s0(0) -0.29914929019600001     
 c1s0(1) -0.37366850244700001     
 c3s1(-1) -0.22336147910800000     
 c3s1(0) -0.22336147910800000     
 c3s1(1) -0.22336147910800000     
 --------
 -----------
 NLO contacts PW
   2.2621872286190001     
  0.70223167903999995     
 -0.23514666818900001     
 -0.93574053437600002     
   1.1088429159510000     
  0.39772000049099998     
 -0.76029843520499996     
 ----------
          C1            0.0884769885213352
          C2            0.0908279325107432
          C3           -0.0053159810113991
          C4           -0.0257570744654146
          C5           -0.0477212952846554
          C6            0.0003810786743141
          C7           -0.1358019918362791
          D1           -0.3771581126597507
          D2           -0.9305750209334183
          D3            2.1195254080520742
          D4           -2.1246309930064329
          D5           -0.0131882077354610
          D6            0.6645429882213397
          D7            0.7806033045976430
          D8           -0.4752342494327860
          D9            0.0920642557695526
         D10           -0.0312443369241453
         D11            0.0232036046033312
         D12           -0.3040203100732521
         D13           -0.2963726204319913
         D14            1.4856672935233888
         D15           -0.3992014237014200

   3NF LECs:
          C1           -0.5967174582450000
          C3           -0.7242291887150000
          C4            1.0849187745740001
          cE           -0.1932771478440000
          cD           -0.4703898423360000

 delta_chiral_order           3
 delta cutoff   450.00000000000000     
 Boxsize   7.1574305633964697     
 Density  0.17999999999999999     
 K_f   1.7467516750896346     
 Nmax           4
 Total number of states        1458
 K-mesh   0.0000000000000000     
 K-mesh -0.87785487424945030     
 K-mesh  0.87785487424945030     
 K-mesh  -1.7557097484989006     
 K-mesh   1.7557097484989006     
 K-mesh  -2.6335646227483509     
 K-mesh   2.6335646227483509     
 K-mesh  -3.5114194969978012     
 K-mesh   3.5114194969978012     
   0.0000000000000000        7.1574305633964697     
   0.0000000000000000        7.1574305633964697     
   0.0000000000000000        7.1574305633964697     
   0.0000000000000000        7.1574305633964697     
 Kz-mesh   0.0000000000000000     
 Kz-mesh -0.87785487424945030     
 Kz-mesh  0.87785487424945030     
 Kz-mesh  -1.7557097484989006     
 Kz-mesh   1.7557097484989006     
 Kz-mesh  -2.6335646227483509     
 Kz-mesh   2.6335646227483509     
 Kz-mesh  -3.5114194969978012     
 Kz-mesh   3.5114194969978012     
 KY-mesh   0.0000000000000000     
 KY-mesh -0.87785487424945030     
 KY-mesh  0.87785487424945030     
 KY-mesh  -1.7557097484989006     
 KY-mesh   1.7557097484989006     
 KY-mesh  -2.6335646227483509     
 KY-mesh   2.6335646227483509     
 KY-mesh  -3.5114194969978012     
 KY-mesh   3.5114194969978012     
           4           4           4          -1           1           1           1
 nkmin, nkmax           4           4           4
 Occupied j-orbits
     1       0.000000000        0   0   0  -1   1 hole      
     2       0.000000000        0   0   0   1   1 hole      
     3       15.96840387        0   0  -1  -1   1 hole      
     4       15.96840387        0   0  -1   1   1 hole      
     5       15.96840387        0   1   0  -1   1 hole      
     6       15.96840387        0   1   0   1   1 hole      
     7       15.96840387        0  -1   0  -1   1 hole      
     8       15.96840387        0  -1   0   1   1 hole      
     9       15.96840387        1   0   0  -1   1 hole      
    10       15.96840387        1   0   0   1   1 hole      
    11       15.96840387        0   0   1  -1   1 hole      
    12       15.96840387        0   0   1   1   1 hole      
    13       15.96840387       -1   0   0  -1   1 hole      
    14       15.96840387       -1   0   0   1   1 hole      
    15       31.93680775        0   1   1  -1   1 hole      
    16       31.93680775        0   1   1   1   1 hole      
    17       31.93680775       -1   1   0  -1   1 hole      
    18       31.93680775       -1   1   0   1   1 hole      
    19       31.93680775        1   0   1  -1   1 hole      
    20       31.93680775        1   0   1   1   1 hole      
    21       31.93680775        0   1  -1  -1   1 hole      
    22       31.93680775        0   1  -1   1   1 hole      
    23       31.93680775        1   1   0  -1   1 hole      
    24       31.93680775        1   1   0   1   1 hole      
    25       31.93680775        1   0  -1  -1   1 hole      
    26       31.93680775        1   0  -1   1   1 hole      
    27       31.93680775       -1   0  -1  -1   1 hole      
    28       31.93680775       -1   0  -1   1   1 hole      
    29       31.93680775        1  -1   0  -1   1 hole      
    30       31.93680775        1  -1   0   1   1 hole      
    31       31.93680775        0  -1  -1  -1   1 hole      
    32       31.93680775        0  -1  -1   1   1 hole      
    33       31.93680775       -1  -1   0  -1   1 hole      
    34       31.93680775       -1  -1   0   1   1 hole      
    35       31.93680775       -1   0   1  -1   1 hole      
    36       31.93680775       -1   0   1   1   1 hole      
    37       31.93680775        0  -1   1  -1   1 hole      
    38       31.93680775        0  -1   1   1   1 hole      
    39       47.90521162        1  -1   1  -1   1 hole      
    40       47.90521162        1  -1   1   1   1 hole      
    41       47.90521162        1   1  -1  -1   1 hole      
    42       47.90521162        1   1  -1   1   1 hole      
    43       47.90521162        1   1   1  -1   1 hole      
    44       47.90521162        1   1   1   1   1 hole      
    45       47.90521162        1  -1  -1  -1   1 hole      
    46       47.90521162        1  -1  -1   1   1 hole      
    47       47.90521162       -1   1   1  -1   1 hole      
    48       47.90521162       -1   1   1   1   1 hole      
    49       47.90521162       -1   1  -1  -1   1 hole      
    50       47.90521162       -1   1  -1   1   1 hole      
    51       47.90521162       -1  -1  -1  -1   1 hole      
    52       47.90521162       -1  -1  -1   1   1 hole      
    53       47.90521162       -1  -1   1  -1   1 hole      
    54       47.90521162       -1  -1   1   1   1 hole      
    55       63.87361549        2   0   0  -1   1 hole      
    56       63.87361549        2   0   0   1   1 hole      
    57       63.87361549        0   2   0  -1   1 hole      
    58       63.87361549        0   2   0   1   1 hole      
    59       63.87361549        0   0   2  -1   1 hole      
    60       63.87361549        0   0   2   1   1 hole      
    61       63.87361549        0  -2   0  -1   1 hole      
    62       63.87361549        0  -2   0   1   1 hole      
    63       63.87361549       -2   0   0  -1   1 hole      
    64       63.87361549       -2   0   0   1   1 hole      
    65       63.87361549        0   0  -2  -1   1 hole      
    66       63.87361549        0   0  -2   1   1 hole      
 Unoccupied j-orbits
    67       79.84201937       -1   0   2  -1   1 particle  
    68       79.84201937       -1   0   2   1   1 particle  
    69       79.84201937        0  -1   2  -1   1 particle  
    70       79.84201937        0  -1   2   1   1 particle  
    71       79.84201937       -2  -1   0  -1   1 particle  
    72       79.84201937       -2  -1   0   1   1 particle  
    73       79.84201937        0  -1  -2  -1   1 particle  
    74       79.84201937        0  -1  -2   1   1 particle  
    75       79.84201937        1   0   2  -1   1 particle  
    76       79.84201937        1   0   2   1   1 particle  
    77       79.84201937       -2   0   1  -1   1 particle  
 Sz and Tz for vacuum state   0.0000000000000000        66.000000000000000     
          -8           8          -8           8          -8           8
 Total memory for lookup configs   5.6901119999999113E-003 GByte
 Total memory for channels   4.0880000000000002E-005 GByte
              8067968      504248         185
              8067968      504248        1816
 Setting up vnn for hhhh block
 Time to setup hhhh block   1.3410780429840088     
 Setting up vnn for hhhp block
 Time to setup hhhp block   2.7207849025726318     
 Setting up vnn for hhpp block
 Time to setup hhpp block   4.0484950542449951     
 Setting up vnn for hphp block
 Time to setup hphp block   4.0315759181976318     
 Setting up vnn for pppp block
 Time to setup pppp block   216.07528996467590     
 Total memory for vnn storage  0.55222438400000029      GByte
          -8           8          -8           8          -8           8
 Total memory for lookup ph configs   3.6748800000001611E-003 GByte
 Total memory for ph channels   8.7168000000000003E-005 GByte
              8067968      504248        1816
 Setting up vnn for ph hpph block
 Time to setup ph hpph block  0.13960003852844238     
 Total memory for vnn/t2 ph storage  0.25817497600000122      GByte
 kinetic energy = (  2491.0710042661754     ,  0.0000000000000000     )
 below_ef =          66
 Vacuum expectation value (  487.47894302333282     ,  0.0000000000000000     )
 3NF vacuum expectation value (  7.5497950713875213     ,  0.0000000000000000     )
 Vacuum expectation value with 3nf (  14.935839662650141     ,  0.0000000000000000     )
 Time for e0   1.3770103454589844E-002
 Time for f3nf  0.21534895896911621     
 e0 3nf (  498.28647519565249     ,  4.3082323570470189E-027) (  498.28647471157643     ,  0.0000000000000000     )
 Setting up v3nf_2bNO for hhhh block
 Time to setup v3nf_2bNO hhhh block  0.62115001678466797     
 Setting up v3nf_2bNO for hhpp block
 Time to setup v3nf_2bNO hhpp block   11.684525012969971     
 Setting up v3nf_2bNO for hphp block
 Time to setup v3nf_2bNO hphp block   6.2602310180664062     
 Setting up v3nf_NO for pppp block
 Time to setup v3nf_2bNO pppp block   84.450031995773315     
 here we go...
 Total memory for t2 storage  0.25817497600000017      GByte
 here we go...
 here we go...
 here we go...
 here we go...
 here we go...
 here we go...
 here we go...
 here we go...
 here we go...
 here we go...
 here we go...
 here we go...
 here we go...
 here we go...
 here we go...
 CCD energy (  744.81696459250907     , -1.3460545464540032E-017)
 diis space     8067968
 Storage of diis vectors  0.90361241599999997      Gb
 CCD energy (  754.87925592323825     , -4.3971322681688828E-017)
dener    0    1  0.10062291E+02
 CCD energy (  760.88025839847478     , -2.2598716454917710E-017)
dener    0    2  0.60010025E+01
 CCD energy (  764.25273666691771     ,  2.9276548641985600E-017)
dener    0    3  0.33724783E+01
 CCD energy (  765.96011564973378     , -7.4537826608521525E-017)
dener    0    4  0.17073790E+01
 CCD energy (  766.63811122846334     , -6.0191713436310038E-017)
dener    0    5  0.67799558E+00
diis_mat    1    1  0.1888E-01
diis_mat    1    2  0.1345E-01
diis_mat    1    3  0.9703E-02
diis_mat    1    4  0.7124E-02
diis_mat    1    5  0.5340E-02
diis_mat    1    6 -0.1000E+01
diis_mat    2    1  0.1345E-01
diis_mat    2    2  0.9804E-02
diis_mat    2    3  0.7266E-02
diis_mat    2    4  0.5494E-02
diis_mat    2    5  0.4247E-02
diis_mat    2    6 -0.1000E+01
diis_mat    3    1  0.9703E-02
diis_mat    3    2  0.7266E-02
diis_mat    3    3  0.5544E-02
diis_mat    3    4  0.4321E-02
diis_mat    3    5  0.3442E-02
diis_mat    3    6 -0.1000E+01
diis_mat    4    1  0.7124E-02
diis_mat    4    2  0.5494E-02
diis_mat    4    3  0.4321E-02
diis_mat    4    4  0.3469E-02
diis_mat    4    5  0.2842E-02
diis_mat    4    6 -0.1000E+01
diis_mat    5    1  0.5340E-02
diis_mat    5    2  0.4247E-02
diis_mat    5    3  0.3442E-02
diis_mat    5    4  0.2842E-02
diis_mat    5    5  0.2388E-02
diis_mat    5    6 -0.1000E+01
diis_mat    6    1 -0.1000E+01
diis_mat    6    2 -0.1000E+01
diis_mat    6    3 -0.1000E+01
diis_mat    6    4 -0.1000E+01
diis_mat    6    5 -0.1000E+01
diis_mat    6    6  0.0000E+00
 csysv info           0
sol_vec    1  0.4207E+02 -0.9995E-08
sol_vec    2 -0.2895E+03  0.4990E-07
sol_vec    3  0.6966E+03 -0.9319E-07
sol_vec    4 -0.7101E+03  0.7698E-07
sol_vec    5  0.2620E+03 -0.2370E-07
sol_vec    6  0.3582E-04  0.3576E-14
 CCD energy (  758.68219823460015     ,  3.0524069185130946E-010)
dener    0    6 -0.79559130E+01
 CCD energy (  758.63946859242799     ,  1.9877259614788371E-010)
dener    0    7 -0.42729642E-01
 CCD energy (  758.63604011334974     ,  1.2998532944280986E-010)
dener    0    8 -0.34284791E-02
 CCD energy (  758.65164739349939     ,  8.5728230590945736E-011)
dener    0    9  0.15607280E-01
 CCD energy (  758.67474730600611     ,  5.7401790966848343E-011)
dener    0   10  0.23099913E-01
 CCD energy (  758.69902714531395     ,  3.9385041026629819E-011)
dener    0   11  0.24279839E-01
diis_mat    1    1  0.4307E-04
diis_mat    1    2  0.3519E-04
diis_mat    1    3  0.2940E-04
diis_mat    1    4  0.2505E-04
diis_mat    1    5  0.2168E-04
diis_mat    1    6 -0.1000E+01
diis_mat    2    1  0.3519E-04
diis_mat    2    2  0.2924E-04
diis_mat    2    3  0.2478E-04
diis_mat    2    4  0.2137E-04
diis_mat    2    5  0.1868E-04
diis_mat    2    6 -0.1000E+01
diis_mat    3    1  0.2940E-04
diis_mat    3    2  0.2478E-04
diis_mat    3    3  0.2127E-04
diis_mat    3    4  0.1852E-04
diis_mat    3    5  0.1632E-04
diis_mat    3    6 -0.1000E+01
diis_mat    4    1  0.2505E-04
diis_mat    4    2  0.2137E-04
diis_mat    4    3  0.1852E-04
diis_mat    4    4  0.1626E-04
diis_mat    4    5  0.1442E-04
diis_mat    4    6 -0.1000E+01
diis_mat    5    1  0.2168E-04
diis_mat    5    2  0.1868E-04
diis_mat    5    3  0.1632E-04
diis_mat    5    4  0.1442E-04
diis_mat    5    5  0.1287E-04
diis_mat    5    6 -0.1000E+01
diis_mat    6    1 -0.1000E+01
diis_mat    6    2 -0.1000E+01
diis_mat    6    3 -0.1000E+01
diis_mat    6    4 -0.1000E+01
diis_mat    6    5 -0.1000E+01
diis_mat    6    6  0.0000E+00
 csysv info           0
sol_vec    1  0.3262E+03 -0.2361E-06
sol_vec    2 -0.1707E+04  0.1174E-05
sol_vec    3  0.3325E+04 -0.2170E-05
sol_vec    4 -0.2859E+04  0.1765E-05
sol_vec    5  0.9150E+03 -0.5336E-06
sol_vec    6  0.9018E-08  0.1565E-15
 CCD energy (  758.63573877679778     ,  2.9761184889830000E-011)
dener    0   12 -0.63288369E-01
 CCD energy (  758.63393022555829     ,  3.6340666672095218E-011)
dener    0   13 -0.18085512E-02
 CCD energy (  758.63263803791563     ,  3.8990298444181193E-011)
dener    0   14 -0.12921876E-02
 CCD energy (  758.63170116185631     ,  3.9211669573691282E-011)
dener    0   15 -0.93687606E-03
 CCD energy (  758.63100965490253     ,  3.7988025812229717E-011)
dener    0   16 -0.69150695E-03
 CCD energy (  758.63048843163199     ,  3.5957401681390330E-011)
dener    0   17 -0.52122327E-03
diis_mat    1    1  0.6844E-08
diis_mat    1    2  0.5508E-08
diis_mat    1    3  0.4461E-08
diis_mat    1    4  0.3635E-08
diis_mat    1    5  0.2978E-08
diis_mat    1    6 -0.1000E+01
diis_mat    2    1  0.5508E-08
diis_mat    2    2  0.4461E-08
diis_mat    2    3  0.3636E-08
diis_mat    2    4  0.2980E-08
diis_mat    2    5  0.2455E-08
diis_mat    2    6 -0.1000E+01
diis_mat    3    1  0.4461E-08
diis_mat    3    2  0.3636E-08
diis_mat    3    3  0.2980E-08
diis_mat    3    4  0.2456E-08
diis_mat    3    5  0.2034E-08
diis_mat    3    6 -0.1000E+01
diis_mat    4    1  0.3635E-08
diis_mat    4    2  0.2980E-08
diis_mat    4    3  0.2456E-08
diis_mat    4    4  0.2034E-08
diis_mat    4    5  0.1692E-08
diis_mat    4    6 -0.1000E+01
diis_mat    5    1  0.2978E-08
diis_mat    5    2  0.2455E-08
diis_mat    5    3  0.2034E-08
diis_mat    5    4  0.1692E-08
diis_mat    5    5  0.1415E-08
diis_mat    5    6 -0.1000E+01
diis_mat    6    1 -0.1000E+01
diis_mat    6    2 -0.1000E+01
diis_mat    6    3 -0.1000E+01
diis_mat    6    4 -0.1000E+01
diis_mat    6    5 -0.1000E+01
diis_mat    6    6  0.0000E+00
 csysv info           0
sol_vec    1  0.3826E+03  0.2602E-05
sol_vec    2 -0.1959E+04 -0.1302E-04
sol_vec    3  0.3740E+04  0.2426E-04
sol_vec    4 -0.3157E+04 -0.1993E-04
sol_vec    5  0.9941E+03  0.6091E-05
sol_vec    6  0.6814E-11 -0.8200E-19
 CCD energy (  758.62695901825782     , -4.8267011260908629E-012)
dener    0   18 -0.35294134E-02
 CCD energy (  758.62702540819328     , -4.3683791279445052E-012)
dener    0   19  0.66389935E-04
 CCD energy (  758.62707021264009     , -3.9807534918257567E-012)
dener    0   20  0.44804447E-04
 CCD energy (  758.62710030771859     , -3.6445218348481815E-012)
dener    0   21  0.30095079E-04
 CCD energy (  758.62712035629602     , -3.3474251034709888E-012)
dener    0   22  0.20048577E-04
 CCD energy (  758.62713352381809     , -3.0814587598242829E-012)
dener    0   23  0.13167522E-04
diis_mat    1    1  0.4279E-11
diis_mat    1    2  0.3482E-11
diis_mat    1    3  0.2878E-11
diis_mat    1    4  0.2414E-11
diis_mat    1    5  0.2052E-11
diis_mat    1    6 -0.1000E+01
diis_mat    2    1  0.3482E-11
diis_mat    2    2  0.2880E-11
diis_mat    2    3  0.2417E-11
diis_mat    2    4  0.2055E-11
diis_mat    2    5  0.1768E-11
diis_mat    2    6 -0.1000E+01
diis_mat    3    1  0.2878E-11
diis_mat    3    2  0.2417E-11
diis_mat    3    3  0.2056E-11
diis_mat    3    4  0.1770E-11
diis_mat    3    5  0.1538E-11
diis_mat    3    6 -0.1000E+01
diis_mat    4    1  0.2414E-11
diis_mat    4    2  0.2055E-11
diis_mat    4    3  0.1770E-11
diis_mat    4    4  0.1539E-11
diis_mat    4    5  0.1350E-11
diis_mat    4    6 -0.1000E+01
diis_mat    5    1  0.2052E-11
diis_mat    5    2  0.1768E-11
diis_mat    5    3  0.1538E-11
diis_mat    5    4  0.1350E-11
diis_mat    5    5  0.1193E-11
diis_mat    5    6 -0.1000E+01
diis_mat    6    1 -0.1000E+01
diis_mat    6    2 -0.1000E+01
diis_mat    6    3 -0.1000E+01
diis_mat    6    4 -0.1000E+01
diis_mat    6    5 -0.1000E+01
diis_mat    6    6  0.0000E+00
 csysv info           0
sol_vec    1  0.2858E+03 -0.6708E-05
sol_vec    2 -0.1496E+04  0.3441E-04
sol_vec    3  0.2919E+04 -0.6536E-04
sol_vec    4 -0.2515E+04  0.5454E-04
sol_vec    5  0.8076E+03 -0.1689E-04
sol_vec    6  0.4923E-14  0.3855E-21
 CCD energy (  758.62711624927749     , -3.4478494458028042E-013)
dener    0   24 -0.17274541E-04
 CCD energy (  758.62711304775303     , -8.4980037475540747E-014)
dener    0   25 -0.32015244E-05
 CCD energy (  758.62711056877083     ,  8.3795806621776396E-014)
dener    0   26 -0.24789822E-05
 CCD energy (  758.62710863004213     ,  1.9062223174905822E-013)
dener    0   27 -0.19387288E-05
 CCD energy (  758.62710709856708     ,  2.5525124959765222E-013)
dener    0   28 -0.15314751E-05
 CCD energy (  758.62710587657421     ,  2.9142652249689504E-013)
dener    0   29 -0.12219928E-05
diis_mat    1    1  0.3389E-14
diis_mat    1    2  0.2842E-14
diis_mat    1    3  0.2403E-14
diis_mat    1    4  0.2047E-14
diis_mat    1    5  0.1755E-14
diis_mat    1    6 -0.1000E+01
diis_mat    2    1  0.2842E-14
diis_mat    2    2  0.2401E-14
diis_mat    2    3  0.2044E-14
diis_mat    2    4  0.1752E-14
diis_mat    2    5  0.1511E-14
diis_mat    2    6 -0.1000E+01
diis_mat    3    1  0.2403E-14
diis_mat    3    2  0.2044E-14
diis_mat    3    3  0.1751E-14
diis_mat    3    4  0.1509E-14
diis_mat    3    5  0.1308E-14
diis_mat    3    6 -0.1000E+01
diis_mat    4    1  0.2047E-14
diis_mat    4    2  0.1752E-14
diis_mat    4    3  0.1509E-14
diis_mat    4    4  0.1308E-14
diis_mat    4    5  0.1139E-14
diis_mat    4    6 -0.1000E+01
diis_mat    5    1  0.1755E-14
diis_mat    5    2  0.1511E-14
diis_mat    5    3  0.1308E-14
diis_mat    5    4  0.1139E-14
diis_mat    5    5  0.9969E-15
diis_mat    5    6 -0.1000E+01
diis_mat    6    1 -0.1000E+01
diis_mat    6    2 -0.1000E+01
diis_mat    6    3 -0.1000E+01
diis_mat    6    4 -0.1000E+01
diis_mat    6    5 -0.1000E+01
diis_mat    6    6  0.0000E+00
 csysv info           0
sol_vec    1  0.4617E+03 -0.6753E-05
sol_vec    2 -0.2352E+04  0.9339E-04
sol_vec    3  0.4466E+04 -0.2742E-03
sol_vec    4 -0.3746E+04  0.2989E-03
sol_vec    5  0.1171E+04 -0.1113E-03
sol_vec    6  0.4804E-17  0.7850E-23
 CCD energy (  758.62709900711320     ,  5.1021608027333091E-014)
dener    0   30 -0.68694610E-05
 CCD energy (  758.62709902990650     ,  1.0340518890964653E-013)
dener    0   31  0.22793245E-07
 Total execution time CCD   42.521565914154053     


 ---------------------------------------------------------------------
 Boxsize   7.1574305633964697      Nmax           4
 A, Density, Kf          66  0.17999999999999999        1.7467516750896346     
 Twist averaged E0/N (  14.935839662650141     ,  0.0000000000000000     )
 Twist averaged mbpt2 (  11.285105524128925     , -2.0394765855363684E-019)
 Twist averaged CCSD (  11.494349985301614     ,  1.5667452865097959E-015)
 kinetic_TF   2503.6497985559886     
  0.17999999999999999      (  14.935839662650141     ,  0.0000000000000000     ) (  758.62709902990650     ,  1.0340518890964653E-013)

 E/N   1.74675167      0.180000007       14.935839662650141        11.285105524128925        11.494349985301614        0.0000000000000000     
#Nmax, Nucleons, 3NFnexp, 3NFCutoff: 4  66 3 450
    -0.19328    -0.47039     1.74675     0.18000    14.93584    11.28511    11.49435     0.00000
 ---------------------------------------------------------------------
 Total execution time for CCD code   396.93602395057678     
mpprun info: Elapsed time (h:m:s):  0:06:38.422599
