mpprun info: Starting impi run on 4 node ( 16 rank X 8 th ) for job ID 8754994
Boundary Conditions PBC                                                                                                 
CC approx CCD                                                                                                 
 TNF: T TNF-approx:           3
 3NF Cutoff:   450.00000000000000      Nexp_3NF:           3
 NN regulator Exponent:    3.0000000000000000     
 -----------
 NN ci's
 -0.82948808805399998     
 -0.47361511778600002     
 -0.71196238166699999     
  0.87374086491000003     
 3NF ci's
 -0.82948808805399998     
   0.0000000000000000     
 -0.71196238166699999     
  0.87374086491000003     
 -----------
 --------
 c1s0(-1) -0.36974819380500001     
 c1s0(0) -0.33270543297999999     
 c1s0(1) -0.39718327722500002     
 c3s1(-1) -0.29401529012900002     
 c3s1(0) -0.29401529012900002     
 c3s1(1) -0.29401529012900002     
 --------
 -----------
 NLO contacts PW
   2.4636345328550000     
  0.75090471711600004     
 -0.20074060690199999     
 -0.98339554671899998     
  0.93871929532400000     
  0.40947951586800002     
 -0.79233189224300005     
 ----------
          C1            0.0861562805911811
          C2            0.0755274086129921
          C3           -0.0082567110546225
          C4           -0.0422394185476060
          C5           -0.0500001617893188
          C6            0.0009206878357120
          C7           -0.1419306598183757
          D1           -0.3771581126597507
          D2           -0.9305750209334183
          D3            2.1195254080520742
          D4           -2.1246309930064329
          D5           -0.0131882077354610
          D6            0.6645429882213397
          D7            0.7806033045976430
          D8           -0.4752342494327860
          D9            0.0920642557695526
         D10           -0.0312443369241453
         D11            0.0232036046033312
         D12           -0.3040203100732521
         D13           -0.2963726204319913
         D14            1.4856672935233888
         D15           -0.3992014237014200

   3NF LECs:
          C1           -0.8294880880540000
          C3           -0.7119623816670000
          C4            0.8737408649100000
          cE           -0.1597869846800000
          cD           -0.4254647561080000

 delta_chiral_order           3
 delta cutoff   450.00000000000000     
 Boxsize   7.1574305633964697     
 Density  0.17999999999999999     
 K_f   1.7467516750896346     
 Nmax           4
 Total number of states        1458
 K-mesh   0.0000000000000000     
 K-mesh -0.87785487424945030     
 K-mesh  0.87785487424945030     
 K-mesh  -1.7557097484989006     
 K-mesh   1.7557097484989006     
 K-mesh  -2.6335646227483509     
 K-mesh   2.6335646227483509     
 K-mesh  -3.5114194969978012     
 K-mesh   3.5114194969978012     
   0.0000000000000000        7.1574305633964697     
   0.0000000000000000        7.1574305633964697     
   0.0000000000000000        7.1574305633964697     
   0.0000000000000000        7.1574305633964697     
 Kz-mesh   0.0000000000000000     
 Kz-mesh -0.87785487424945030     
 Kz-mesh  0.87785487424945030     
 Kz-mesh  -1.7557097484989006     
 Kz-mesh   1.7557097484989006     
 Kz-mesh  -2.6335646227483509     
 Kz-mesh   2.6335646227483509     
 Kz-mesh  -3.5114194969978012     
 Kz-mesh   3.5114194969978012     
 KY-mesh   0.0000000000000000     
 KY-mesh -0.87785487424945030     
 KY-mesh  0.87785487424945030     
 KY-mesh  -1.7557097484989006     
 KY-mesh   1.7557097484989006     
 KY-mesh  -2.6335646227483509     
 KY-mesh   2.6335646227483509     
 KY-mesh  -3.5114194969978012     
 KY-mesh   3.5114194969978012     
           4           4           4          -1           1           1           1
 nkmin, nkmax           4           4           4
 Occupied j-orbits
     1       0.000000000        0   0   0  -1   1 hole      
     2       0.000000000        0   0   0   1   1 hole      
     3       15.96840387        0   0  -1  -1   1 hole      
     4       15.96840387        0   0  -1   1   1 hole      
     5       15.96840387        0   1   0  -1   1 hole      
     6       15.96840387        0   1   0   1   1 hole      
     7       15.96840387        0  -1   0  -1   1 hole      
     8       15.96840387        0  -1   0   1   1 hole      
     9       15.96840387        1   0   0  -1   1 hole      
    10       15.96840387        1   0   0   1   1 hole      
    11       15.96840387        0   0   1  -1   1 hole      
    12       15.96840387        0   0   1   1   1 hole      
    13       15.96840387       -1   0   0  -1   1 hole      
    14       15.96840387       -1   0   0   1   1 hole      
    15       31.93680775        0   1   1  -1   1 hole      
    16       31.93680775        0   1   1   1   1 hole      
    17       31.93680775       -1   1   0  -1   1 hole      
    18       31.93680775       -1   1   0   1   1 hole      
    19       31.93680775        1   0   1  -1   1 hole      
    20       31.93680775        1   0   1   1   1 hole      
    21       31.93680775        0   1  -1  -1   1 hole      
    22       31.93680775        0   1  -1   1   1 hole      
    23       31.93680775        1   1   0  -1   1 hole      
    24       31.93680775        1   1   0   1   1 hole      
    25       31.93680775        1   0  -1  -1   1 hole      
    26       31.93680775        1   0  -1   1   1 hole      
    27       31.93680775       -1   0  -1  -1   1 hole      
    28       31.93680775       -1   0  -1   1   1 hole      
    29       31.93680775        1  -1   0  -1   1 hole      
    30       31.93680775        1  -1   0   1   1 hole      
    31       31.93680775        0  -1  -1  -1   1 hole      
    32       31.93680775        0  -1  -1   1   1 hole      
    33       31.93680775       -1  -1   0  -1   1 hole      
    34       31.93680775       -1  -1   0   1   1 hole      
    35       31.93680775       -1   0   1  -1   1 hole      
    36       31.93680775       -1   0   1   1   1 hole      
    37       31.93680775        0  -1   1  -1   1 hole      
    38       31.93680775        0  -1   1   1   1 hole      
    39       47.90521162        1  -1   1  -1   1 hole      
    40       47.90521162        1  -1   1   1   1 hole      
    41       47.90521162        1   1  -1  -1   1 hole      
    42       47.90521162        1   1  -1   1   1 hole      
    43       47.90521162        1   1   1  -1   1 hole      
    44       47.90521162        1   1   1   1   1 hole      
    45       47.90521162        1  -1  -1  -1   1 hole      
    46       47.90521162        1  -1  -1   1   1 hole      
    47       47.90521162       -1   1   1  -1   1 hole      
    48       47.90521162       -1   1   1   1   1 hole      
    49       47.90521162       -1   1  -1  -1   1 hole      
    50       47.90521162       -1   1  -1   1   1 hole      
    51       47.90521162       -1  -1  -1  -1   1 hole      
    52       47.90521162       -1  -1  -1   1   1 hole      
    53       47.90521162       -1  -1   1  -1   1 hole      
    54       47.90521162       -1  -1   1   1   1 hole      
    55       63.87361549        2   0   0  -1   1 hole      
    56       63.87361549        2   0   0   1   1 hole      
    57       63.87361549        0   2   0  -1   1 hole      
    58       63.87361549        0   2   0   1   1 hole      
    59       63.87361549        0   0   2  -1   1 hole      
    60       63.87361549        0   0   2   1   1 hole      
    61       63.87361549        0  -2   0  -1   1 hole      
    62       63.87361549        0  -2   0   1   1 hole      
    63       63.87361549       -2   0   0  -1   1 hole      
    64       63.87361549       -2   0   0   1   1 hole      
    65       63.87361549        0   0  -2  -1   1 hole      
    66       63.87361549        0   0  -2   1   1 hole      
 Unoccupied j-orbits
    67       79.84201937       -1   0   2  -1   1 particle  
    68       79.84201937       -1   0   2   1   1 particle  
    69       79.84201937        0  -1   2  -1   1 particle  
    70       79.84201937        0  -1   2   1   1 particle  
    71       79.84201937       -2  -1   0  -1   1 particle  
    72       79.84201937       -2  -1   0   1   1 particle  
    73       79.84201937        0  -1  -2  -1   1 particle  
    74       79.84201937        0  -1  -2   1   1 particle  
    75       79.84201937        1   0   2  -1   1 particle  
    76       79.84201937        1   0   2   1   1 particle  
    77       79.84201937       -2   0   1  -1   1 particle  
 Sz and Tz for vacuum state   0.0000000000000000        66.000000000000000     
          -8           8          -8           8          -8           8
 Total memory for lookup configs   5.6901119999999113E-003 GByte
 Total memory for channels   4.0880000000000002E-005 GByte
              8067968      504248         185
              8067968      504248        1816
 Setting up vnn for hhhh block
 Time to setup hhhh block   1.3523819446563721     
 Setting up vnn for hhhp block
 Time to setup hhhp block   2.7391238212585449     
 Setting up vnn for hhpp block
 Time to setup hhpp block   4.1314067840576172     
 Setting up vnn for hphp block
 Time to setup hphp block   4.0676081180572510     
 Setting up vnn for pppp block
 Time to setup pppp block   216.70540785789490     
 Total memory for vnn storage  0.55222438400000029      GByte
          -8           8          -8           8          -8           8
 Total memory for lookup ph configs   3.6748800000001611E-003 GByte
 Total memory for ph channels   8.7168000000000003E-005 GByte
              8067968      504248        1816
 Setting up vnn for ph hpph block
 Time to setup ph hpph block  0.13918209075927734     
 Total memory for vnn/t2 ph storage  0.25817497600000122      GByte
 kinetic energy = (  2491.0710042661754     ,  0.0000000000000000     )
 below_ef =          66
 Vacuum expectation value ( -123.42124020249550     ,  0.0000000000000000     )
 3NF vacuum expectation value (  7.7053502206713480     ,  0.0000000000000000     )
 Vacuum expectation value with 3nf (  5.8353314297244463     ,  0.0000000000000000     )
 Time for e0   1.1906862258911133E-002
 Time for f3nf  0.21473693847656250     
 e0 3nf (  508.55311509009493     , -4.3082323570470189E-027) (  508.55311456430894     ,  0.0000000000000000     )
 Setting up v3nf_2bNO for hhhh block
 Time to setup v3nf_2bNO hhhh block  0.62149214744567871     
 Setting up v3nf_2bNO for hhpp block
 Time to setup v3nf_2bNO hhpp block   11.659059047698975     
 Setting up v3nf_2bNO for hphp block
 Time to setup v3nf_2bNO hphp block   6.2813620567321777     
 Setting up v3nf_NO for pppp block
 Time to setup v3nf_2bNO pppp block   84.431700944900513     
 here we go...
 Total memory for t2 storage  0.25817497600000017      GByte
 here we go...
 here we go...
 here we go...
 here we go...
 here we go...
 here we go...
 here we go...
 here we go...
 here we go...
 here we go...
 here we go...
 here we go...
 here we go...
 here we go...
 here we go...
 CCD energy (  203.94722198184428     ,  1.0245242012815844E-018)
 diis space     8067968
 Storage of diis vectors  0.90361241599999997      Gb
 CCD energy (  213.85814373367614     ,  9.8163432222849784E-010)
dener    0    1  0.99109218E+01
 CCD energy (  220.17159088599908     ,  1.7519470275464780E-009)
dener    0    2  0.63134472E+01
 CCD energy (  224.12164419171171     ,  2.3606986623015235E-009)
dener    0    3  0.39500533E+01
 CCD energy (  226.53880418572135     ,  2.8453091899979497E-009)
dener    0    4  0.24171600E+01
 CCD energy (  227.97364589932084     ,  3.2338639974541563E-009)
dener    0    5  0.14348417E+01
diis_mat    1    1  0.1316E-01
diis_mat    1    2  0.8831E-02
diis_mat    1    3  0.5935E-02
diis_mat    1    4  0.4007E-02
diis_mat    1    5  0.2726E-02
diis_mat    1    6 -0.1000E+01
diis_mat    2    1  0.8831E-02
diis_mat    2    2  0.5980E-02
diis_mat    2    3  0.4064E-02
diis_mat    2    4  0.2781E-02
diis_mat    2    5  0.1922E-02
diis_mat    2    6 -0.1000E+01
diis_mat    3    1  0.5935E-02
diis_mat    3    2  0.4064E-02
diis_mat    3    3  0.2799E-02
diis_mat    3    4  0.1946E-02
diis_mat    3    5  0.1370E-02
diis_mat    3    6 -0.1000E+01
diis_mat    4    1  0.4007E-02
diis_mat    4    2  0.2781E-02
diis_mat    4    3  0.1946E-02
diis_mat    4    4  0.1378E-02
diis_mat    4    5  0.9895E-03
diis_mat    4    6 -0.1000E+01
diis_mat    5    1  0.2726E-02
diis_mat    5    2  0.1922E-02
diis_mat    5    3  0.1370E-02
diis_mat    5    4  0.9895E-03
diis_mat    5    5  0.7265E-03
diis_mat    5    6 -0.1000E+01
diis_mat    6    1 -0.1000E+01
diis_mat    6    2 -0.1000E+01
diis_mat    6    3 -0.1000E+01
diis_mat    6    4 -0.1000E+01
diis_mat    6    5 -0.1000E+01
diis_mat    6    6  0.0000E+00
 csysv info           0
sol_vec    1  0.1826E+02 -0.4916E-08
sol_vec    2 -0.1232E+03  0.4051E-07
sol_vec    3  0.2988E+03 -0.1055E-06
sol_vec    4 -0.3121E+03  0.1111E-06
sol_vec    5  0.1192E+03 -0.4128E-07
sol_vec    6  0.1278E-05  0.1423E-14
 CCD energy (  228.33733996117843     ,  5.0677863883752173E-009)
dener    0    6  0.36369406E+00
 CCD energy (  228.34265412630447     ,  5.1128975455002107E-009)
dener    0    7  0.53141651E-02
 CCD energy (  228.35102461710522     ,  5.1317564748087366E-009)
dener    0    8  0.83704908E-02
 CCD energy (  228.36023608631098     ,  5.1354202869490199E-009)
dener    0    9  0.92114692E-02
 CCD energy (  228.36912836802247     ,  5.1307046152172107E-009)
dener    0   10  0.88922817E-02
 CCD energy (  228.37715408480466     ,  5.1217542872467466E-009)
dener    0   11  0.80257168E-02
diis_mat    1    1  0.1129E-05
diis_mat    1    2  0.8796E-06
diis_mat    1    3  0.6953E-06
diis_mat    1    4  0.5565E-06
diis_mat    1    5  0.4503E-06
diis_mat    1    6 -0.1000E+01
diis_mat    2    1  0.8796E-06
diis_mat    2    2  0.6943E-06
diis_mat    2    3  0.5549E-06
diis_mat    2    4  0.4484E-06
diis_mat    2    5  0.3657E-06
diis_mat    2    6 -0.1000E+01
diis_mat    3    1  0.6953E-06
diis_mat    3    2  0.5549E-06
diis_mat    3    3  0.4478E-06
diis_mat    3    4  0.3648E-06
diis_mat    3    5  0.2994E-06
diis_mat    3    6 -0.1000E+01
diis_mat    4    1  0.5565E-06
diis_mat    4    2  0.4484E-06
diis_mat    4    3  0.3648E-06
diis_mat    4    4  0.2991E-06
diis_mat    4    5  0.2468E-06
diis_mat    4    6 -0.1000E+01
diis_mat    5    1  0.4503E-06
diis_mat    5    2  0.3657E-06
diis_mat    5    3  0.2994E-06
diis_mat    5    4  0.2468E-06
diis_mat    5    5  0.2046E-06
diis_mat    5    6 -0.1000E+01
diis_mat    6    1 -0.1000E+01
diis_mat    6    2 -0.1000E+01
diis_mat    6    3 -0.1000E+01
diis_mat    6    4 -0.1000E+01
diis_mat    6    5 -0.1000E+01
diis_mat    6    6  0.0000E+00
 csysv info           0
sol_vec    1  0.1119E+03 -0.6644E-06
sol_vec    2 -0.6032E+03  0.3353E-05
sol_vec    3  0.1214E+04 -0.6289E-05
sol_vec    4 -0.1080E+04  0.5197E-05
sol_vec    5  0.3585E+03 -0.1596E-05
sol_vec    6  0.7779E-11  0.1241E-17
 CCD energy (  228.41386595581619     ,  5.0162324870921945E-009)
dener    0   12  0.36711871E-01
 CCD energy (  228.41385127641382     ,  5.0174741420668070E-009)
dener    0   13 -0.14679402E-04
 CCD energy (  228.41384528373180     ,  5.0181928283410120E-009)
dener    0   14 -0.59926820E-05
 CCD energy (  228.41384383501972     ,  5.0185773569683807E-009)
dener    0   15 -0.14487121E-05
 CCD energy (  228.41384452617393     ,  5.0187526938910271E-009)
dener    0   16  0.69115421E-06
 Total execution time CCD   21.396775960922241     


 ---------------------------------------------------------------------
 Boxsize   7.1574305633964697      Nmax           4
 A, Density, Kf          66  0.17999999999999999        1.7467516750896346     
 Twist averaged E0/N (  5.8353314297244463     ,  0.0000000000000000     )
 Twist averaged mbpt2 (  3.0901094239673377     ,  1.5523093958811884E-020)
 Twist averaged CCSD (  3.4608158261541506     ,  7.6041707483197374E-011)
 kinetic_TF   2503.6497985559886     
  0.17999999999999999      (  5.8353314297244463     ,  0.0000000000000000     ) (  228.41384452617393     ,  5.0187526938910271E-009)

 E/N   1.74675167      0.180000007       5.8353314297244463        3.0901094239673377        3.4608158261541506        0.0000000000000000     
#Nmax, Nucleons, 3NFnexp, 3NFCutoff: 4  66 3 450
    -0.15979    -0.42546     1.74675     0.18000     5.83533     3.09011     3.46082     0.00000
 ---------------------------------------------------------------------
 Total execution time for CCD code   376.85217118263245     
mpprun info: Elapsed time (h:m:s):  0:06:17.841168
