Boundary Conditions PBC                                                                                                 
CC approx CCD(T)                                                                                              
 TNF: T TNF-approx:           3
 3NF Cutoff:   450.00000000000000      Nexp_3NF:           3
 NN regulator Exponent:    3.0000000000000000     
 -----------
 NN ci's
 -0.73999999999999999     
 -0.48999999999999999     
 -0.65000000000000002     
  0.95999999999999996     
 3NF ci's
 -0.73999999999999999     
   0.0000000000000000     
 -0.65000000000000002     
  0.95999999999999996     
 -----------
 --------
 c1s0(-1) -0.33713700000000002     
 c1s0(0) -0.33813900000000002     
 c1s0(1) -0.33802300000000002     
 c3s1(-1) -0.22931000000000001     
 c3s1(0) -0.22931000000000001     
 c3s1(1) -0.22931000000000001     
 --------
 -----------
 NLO contacts PW
   2.4765890000000002     
  0.64554999999999996     
  -2.8541000000000000E-002
  -1.0223590000000000     
  0.69595300000000004     
  0.35832999999999998     
 -0.87020299999999995     
 ----------
          C1            0.0795131182394269
          C2            0.0451747578852504
          C3           -0.0076520140321566
          C4           -0.0707641612989920
          C5           -0.0512287532936835
          C6            0.0022253995350983
          C7           -0.1298804777286094
          D1           -0.3771581126597507
          D2           -0.9305750209334183
          D3            2.1195254080520742
          D4           -2.1246309930064329
          D5           -0.0131882077354610
          D6            0.6645429882213397
          D7            0.7806033045976430
          D8           -0.4752342494327860
          D9            0.0920642557695526
         D10           -0.0312443369241453
         D11            0.0232036046033312
         D12           -0.3040203100732521
         D13           -0.2963726204319913
         D14            1.4856672935233888
         D15           -0.3992014237014200

   3NF LECs:
          C1           -0.7400000000000000
          C3           -0.6500000000000000
          C4            0.9600000000000000
          cE            0.0170000000000000
          cD            0.7900000000000000

 delta_chiral_order           3
 delta cutoff   450.00000000000000     
 Boxsize   9.3788872768345168     
 Density   8.0000000000000002E-002
 K_f   1.3330210137859966     
 Nmax           4
 Total number of states        1458
 K-mesh   0.0000000000000000     
 K-mesh -0.66992865163213988     
 K-mesh  0.66992865163213988     
 K-mesh  -1.3398573032642798     
 K-mesh   1.3398573032642798     
 K-mesh  -2.0097859548964196     
 K-mesh   2.0097859548964196     
 K-mesh  -2.6797146065285595     
 K-mesh   2.6797146065285595     
   0.0000000000000000        9.3788872768345168     
   0.0000000000000000        9.3788872768345168     
   0.0000000000000000        9.3788872768345168     
   0.0000000000000000        9.3788872768345168     
 Kz-mesh   0.0000000000000000     
 Kz-mesh -0.66992865163213988     
 Kz-mesh  0.66992865163213988     
 Kz-mesh  -1.3398573032642798     
 Kz-mesh   1.3398573032642798     
 Kz-mesh  -2.0097859548964196     
 Kz-mesh   2.0097859548964196     
 Kz-mesh  -2.6797146065285595     
 Kz-mesh   2.6797146065285595     
 KY-mesh   0.0000000000000000     
 KY-mesh -0.66992865163213988     
 KY-mesh  0.66992865163213988     
 KY-mesh  -1.3398573032642798     
 KY-mesh   1.3398573032642798     
 KY-mesh  -2.0097859548964196     
 KY-mesh   2.0097859548964196     
 KY-mesh  -2.6797146065285595     
 KY-mesh   2.6797146065285595     
           4           4           4          -1           1           1           1
 nkmin, nkmax           4           4           4
 Occupied j-orbits
     1       0.000000000        0   0   0  -1   1 hole      
     2       0.000000000        0   0   0   1   1 hole      
     3       9.299790451        0   0  -1  -1   1 hole      
     4       9.299790451        0   0  -1   1   1 hole      
     5       9.299790451        0   1   0  -1   1 hole      
     6       9.299790451        0   1   0   1   1 hole      
     7       9.299790451        0  -1   0  -1   1 hole      
     8       9.299790451        0  -1   0   1   1 hole      
     9       9.299790451        1   0   0  -1   1 hole      
    10       9.299790451        1   0   0   1   1 hole      
    11       9.299790451        0   0   1  -1   1 hole      
    12       9.299790451        0   0   1   1   1 hole      
    13       9.299790451       -1   0   0  -1   1 hole      
    14       9.299790451       -1   0   0   1   1 hole      
    15       18.59958090        0   1   1  -1   1 hole      
    16       18.59958090        0   1   1   1   1 hole      
    17       18.59958090       -1   1   0  -1   1 hole      
    18       18.59958090       -1   1   0   1   1 hole      
    19       18.59958090        1   0   1  -1   1 hole      
    20       18.59958090        1   0   1   1   1 hole      
    21       18.59958090        0   1  -1  -1   1 hole      
    22       18.59958090        0   1  -1   1   1 hole      
    23       18.59958090        1   1   0  -1   1 hole      
    24       18.59958090        1   1   0   1   1 hole      
    25       18.59958090        1   0  -1  -1   1 hole      
    26       18.59958090        1   0  -1   1   1 hole      
    27       18.59958090       -1   0  -1  -1   1 hole      
    28       18.59958090       -1   0  -1   1   1 hole      
    29       18.59958090        1  -1   0  -1   1 hole      
    30       18.59958090        1  -1   0   1   1 hole      
    31       18.59958090        0  -1  -1  -1   1 hole      
    32       18.59958090        0  -1  -1   1   1 hole      
    33       18.59958090       -1  -1   0  -1   1 hole      
    34       18.59958090       -1  -1   0   1   1 hole      
    35       18.59958090       -1   0   1  -1   1 hole      
    36       18.59958090       -1   0   1   1   1 hole      
    37       18.59958090        0  -1   1  -1   1 hole      
    38       18.59958090        0  -1   1   1   1 hole      
    39       27.89937135        1  -1   1  -1   1 hole      
    40       27.89937135        1  -1   1   1   1 hole      
    41       27.89937135        1   1  -1  -1   1 hole      
    42       27.89937135        1   1  -1   1   1 hole      
    43       27.89937135        1   1   1  -1   1 hole      
    44       27.89937135        1   1   1   1   1 hole      
    45       27.89937135        1  -1  -1  -1   1 hole      
    46       27.89937135        1  -1  -1   1   1 hole      
    47       27.89937135       -1   1   1  -1   1 hole      
    48       27.89937135       -1   1   1   1   1 hole      
    49       27.89937135       -1   1  -1  -1   1 hole      
    50       27.89937135       -1   1  -1   1   1 hole      
    51       27.89937135       -1  -1  -1  -1   1 hole      
    52       27.89937135       -1  -1  -1   1   1 hole      
    53       27.89937135       -1  -1   1  -1   1 hole      
    54       27.89937135       -1  -1   1   1   1 hole      
    55       37.19916181        2   0   0  -1   1 hole      
    56       37.19916181        2   0   0   1   1 hole      
    57       37.19916181        0   2   0  -1   1 hole      
    58       37.19916181        0   2   0   1   1 hole      
    59       37.19916181        0   0   2  -1   1 hole      
    60       37.19916181        0   0   2   1   1 hole      
    61       37.19916181        0  -2   0  -1   1 hole      
    62       37.19916181        0  -2   0   1   1 hole      
    63       37.19916181       -2   0   0  -1   1 hole      
    64       37.19916181       -2   0   0   1   1 hole      
    65       37.19916181        0   0  -2  -1   1 hole      
    66       37.19916181        0   0  -2   1   1 hole      
 Unoccupied j-orbits
    67       46.49895226       -1   0   2  -1   1 particle  
    68       46.49895226       -1   0   2   1   1 particle  
    69       46.49895226        0  -1   2  -1   1 particle  
    70       46.49895226        0  -1   2   1   1 particle  
    71       46.49895226       -2  -1   0  -1   1 particle  
    72       46.49895226       -2  -1   0   1   1 particle  
    73       46.49895226        0  -1  -2  -1   1 particle  
    74       46.49895226        0  -1  -2   1   1 particle  
    75       46.49895226        1   0   2  -1   1 particle  
    76       46.49895226        1   0   2   1   1 particle  
    77       46.49895226       -2   0   1  -1   1 particle  
 Sz and Tz for vacuum state   0.0000000000000000        66.000000000000000     
          -8           8          -8           8          -8           8
 Total memory for lookup configs   5.6901119999999113E-003 GByte
 Total memory for channels   4.0880000000000002E-005 GByte
              8067968      504248         185
              8067968      504248        1816
 Setting up vnn for hhhh block
 Time to setup hhhh block  0.99847306078299880     
 Setting up vnn for hhhp block
 Time to setup hhhp block   1.9961876650340855     
 Setting up vnn for hhpp block
 Time to setup hhpp block   4.2832187479361892     
 Setting up vnn for hphp block
 Time to setup hphp block   3.5562997991219163     
 Setting up vnn for pppp block
 Time to setup pppp block   159.97796405898407     
 Total memory for vnn storage  0.55222438400000029      GByte
          -8           8          -8           8          -8           8
 Total memory for lookup ph configs   3.6748800000001611E-003 GByte
 Total memory for ph channels   8.7168000000000003E-005 GByte
              8067968      504248        1816
 Setting up vnn for ph hpph block
 Time to setup ph hpph block  0.14788719266653061     
 Total memory for vnn/t2 ph storage  0.25817497600000122      GByte
 kinetic energy =               (1450.7673103986413,0.0000000000000000)
 below_ef =          66
 Vacuum expectation value               (471.06363429706539,0.0000000000000000)
 3NF vacuum expectation value               (1.4316313211033889,0.0000000000000000)
 Vacuum expectation value with 3nf               (8.5689591134831673,0.0000000000000000)
 Time for e0   2.7776653878390789E-002
 Time for f3nf  0.30554572166875005     
 e0 3nf        (94.487667225421376,-5.38529044630877363E-028)               (94.487667192823665,0.0000000000000000)
 Setting up v3nf_2bNO for hhhh block
 Time to setup v3nf_2bNO hhhh block  0.93211694108322263     
 Setting up v3nf_2bNO for hhpp block
 Time to setup v3nf_2bNO hhpp block   18.819187337066978     
 Setting up v3nf_2bNO for hphp block
 Time to setup v3nf_2bNO hphp block   10.003106262069196     
 Setting up v3nf_NO for pppp block
 Time to setup v3nf_2bNO pppp block   134.93142315512523     
 here we go...
 Total memory for t2 storage  0.25817497600000017      GByte
 here we go...
 here we go...
 here we go...
 here we go...
 here we go...
 here we go...
 here we go...
 here we go...
 here we go...
 here we go...
 here we go...
 here we go...
 here we go...
 here we go...
 here we go...
 CCD energy         (483.00685971633288,3.53492512518581509E-018)
 diis space     8067968
 Storage of diis vectors  0.90361241599999997      Gb
 CCD energy         (489.60339427196124,2.06742213579053525E-018)
dener    0    1  0.65965346E+01
 CCD energy         (493.92156690800243,6.97981618317145176E-018)
dener    0    2  0.43181726E+01
 CCD energy        (496.74132200100837,-1.76921359879781814E-017)
dener    0    3  0.28197551E+01
 CCD energy         (498.58020395635981,1.08896673281380987E-017)
dener    0    4  0.18388820E+01
 CCD energy         (499.77866127196683,4.95731326336499613E-018)
dener    0    5  0.11984573E+01
diis_mat    1    1  0.7470E-02
diis_mat    1    2  0.4884E-02
diis_mat    1    3  0.3194E-02
diis_mat    1    4  0.2095E-02
diis_mat    1    5  0.1382E-02
diis_mat    1    6 -0.1000E+01
diis_mat    2    1  0.4884E-02
diis_mat    2    2  0.3199E-02
diis_mat    2    3  0.2096E-02
diis_mat    2    4  0.1378E-02
diis_mat    2    5  0.9110E-03
diis_mat    2    6 -0.1000E+01
diis_mat    3    1  0.3194E-02
diis_mat    3    2  0.2096E-02
diis_mat    3    3  0.1377E-02
diis_mat    3    4  0.9075E-03
diis_mat    3    5  0.6016E-03
diis_mat    3    6 -0.1000E+01
diis_mat    4    1  0.2095E-02
diis_mat    4    2  0.1378E-02
diis_mat    4    3  0.9075E-03
diis_mat    4    4  0.5999E-03
diis_mat    4    5  0.3989E-03
diis_mat    4    6 -0.1000E+01
diis_mat    5    1  0.1382E-02
diis_mat    5    2  0.9110E-03
diis_mat    5    3  0.6016E-03
diis_mat    5    4  0.3989E-03
diis_mat    5    5  0.2663E-03
diis_mat    5    6 -0.1000E+01
diis_mat    6    1 -0.1000E+01
diis_mat    6    2 -0.1000E+01
diis_mat    6    3 -0.1000E+01
diis_mat    6    4 -0.1000E+01
diis_mat    6    5 -0.1000E+01
diis_mat    6    6  0.0000E+00
 csysv info           0
sol_vec    1  0.9019E+01  0.1725E-08
sol_vec    2 -0.6088E+02 -0.9082E-08
sol_vec    3  0.1511E+03  0.1799E-07
sol_vec    4 -0.1638E+03 -0.1584E-07
sol_vec    5  0.6560E+02  0.5204E-08
sol_vec    6  0.1784E-07 -0.1038E-15
 CCD energy        (502.01492254574350,-2.34248509391347553E-011)
dener    0    6  0.22362613E+01
 CCD energy        (502.01109694428044,-1.52963749036965532E-011)
dener    0    7 -0.38256015E-02
 CCD energy        (502.00838438459186,-1.00466608430943182E-011)
dener    0    8 -0.27125597E-02
 CCD energy        (502.00645088164612,-6.64189912658792758E-012)
dener    0    9 -0.19335029E-02
 CCD energy        (502.00506652823009,-4.42326069935423798E-012)
dener    0   10 -0.13843534E-02
 CCD energy        (502.00407156783660,-2.96979392737965671E-012)
dener    0   11 -0.99496039E-03
diis_mat    1    1  0.1071E-07
diis_mat    1    2  0.8187E-08
diis_mat    1    3  0.6280E-08
diis_mat    1    4  0.4834E-08
diis_mat    1    5  0.3736E-08
diis_mat    1    6 -0.1000E+01
diis_mat    2    1  0.8187E-08
diis_mat    2    2  0.6454E-08
diis_mat    2    3  0.5083E-08
diis_mat    2    4  0.4003E-08
diis_mat    2    5  0.3155E-08
diis_mat    2    6 -0.1000E+01
diis_mat    3    1  0.6280E-08
diis_mat    3    2  0.5083E-08
diis_mat    3    3  0.4089E-08
diis_mat    3    4  0.3278E-08
diis_mat    3    5  0.2622E-08
diis_mat    3    6 -0.1000E+01
diis_mat    4    1  0.4834E-08
diis_mat    4    2  0.4003E-08
diis_mat    4    3  0.3278E-08
diis_mat    4    4  0.2665E-08
diis_mat    4    5  0.2157E-08
diis_mat    4    6 -0.1000E+01
diis_mat    5    1  0.3736E-08
diis_mat    5    2  0.3155E-08
diis_mat    5    3  0.2622E-08
diis_mat    5    4  0.2157E-08
diis_mat    5    5  0.1762E-08
diis_mat    5    6 -0.1000E+01
diis_mat    6    1 -0.1000E+01
diis_mat    6    2 -0.1000E+01
diis_mat    6    3 -0.1000E+01
diis_mat    6    4 -0.1000E+01
diis_mat    6    5 -0.1000E+01
diis_mat    6    6  0.0000E+00
 csysv info           0
sol_vec    1  0.3215E+02  0.6527E-05
sol_vec    2 -0.1871E+03 -0.3414E-04
sol_vec    3  0.4063E+03  0.6630E-04
sol_vec    4 -0.3905E+03 -0.5663E-04
sol_vec    5  0.1400E+03  0.1794E-04
sol_vec    6  0.4698E-13 -0.6210E-19
 CCD energy         (502.00144303486650,1.53804853406995562E-011)
dener    0   12 -0.26285330E-02
 CCD energy         (502.00143691583423,9.57711449459383746E-012)
dener    0   13 -0.61190322E-05
 CCD energy         (502.00143237885260,5.96580758249257030E-012)
dener    0   14 -0.45369816E-05
 CCD energy         (502.00142903069735,3.71835321972769582E-012)
dener    0   15 -0.33481552E-05
 CCD energy         (502.00142656813716,2.31968475102462352E-012)
dener    0   16 -0.24625602E-05
 CCD energy         (502.00142476109573,1.44933563627794108E-012)
dener    0   17 -0.18070415E-05
diis_mat    1    1  0.2523E-13
diis_mat    1    2  0.1895E-13
diis_mat    1    3  0.1426E-13
diis_mat    1    4  0.1075E-13
diis_mat    1    5  0.8123E-14
diis_mat    1    6 -0.1000E+01
diis_mat    2    1  0.1895E-13
diis_mat    2    2  0.1448E-13
diis_mat    2    3  0.1107E-13
diis_mat    2    4  0.8463E-14
diis_mat    2    5  0.6475E-14
diis_mat    2    6 -0.1000E+01
diis_mat    3    1  0.1426E-13
diis_mat    3    2  0.1107E-13
diis_mat    3    3  0.8573E-14
diis_mat    3    4  0.6633E-14
diis_mat    3    5  0.5129E-14
diis_mat    3    6 -0.1000E+01
diis_mat    4    1  0.1075E-13
diis_mat    4    2  0.8463E-14
diis_mat    4    3  0.6633E-14
diis_mat    4    4  0.5184E-14
diis_mat    4    5  0.4044E-14
diis_mat    4    6 -0.1000E+01
diis_mat    5    1  0.8123E-14
diis_mat    5    2  0.6475E-14
diis_mat    5    3  0.5129E-14
diis_mat    5    4  0.4044E-14
diis_mat    5    5  0.3179E-14
diis_mat    5    6 -0.1000E+01
diis_mat    6    1 -0.1000E+01
diis_mat    6    2 -0.1000E+01
diis_mat    6    3 -0.1000E+01
diis_mat    6    4 -0.1000E+01
diis_mat    6    5 -0.1000E+01
diis_mat    6    6  0.0000E+00
 csysv info           0
sol_vec    1  0.4276E+02  0.2095E-04
sol_vec    2 -0.2388E+03 -0.1700E-03
sol_vec    3  0.4994E+03  0.4444E-03
sol_vec    4 -0.4639E+03 -0.4734E-03
sol_vec    5  0.1615E+03  0.1782E-03
sol_vec    6 -0.1419E-18  0.4358E-23
 CCD energy         (502.00141973940765,1.17800323121725374E-012)
dener    0   18 -0.50216881E-05
 CCD energy         (502.00141976331213,7.55935748437663101E-013)
dener    0   19  0.23904512E-07
 Total execution time CCD   33.006431569810957     
 preparing to do CCD(T): 
          -8           8          -8           8          -8           8
 Total memory for lookup configs   1.1863487999999986E-002 GByte
 Total memory for channels   1.1892543999999986E-002 GByte
             89696544     5606034        1816
 Setting up vnn (NN+3NF) for hppp block
 Time to setup hppp block   212.73834812315181     
 Total memory for vnn storage  0.72946489599999531      GByte
          12          12          12           3           3
 Total memory for lookup t3-confs   1.2188792640000019      Gbyte
 3NF with deltas: T
           9835169512   614698094         539

 proc number   0      % work  0.100000E+03

          Channel #:     1
    Row index start:     1
      Row index end:     2
 Column index start:     1
   Column index end:  ****

          Channel #:     2
    Row index start:     1
      Row index end:     2
 Column index start:     1
   Column index end:  ****

          Channel #:     3
    Row index start:     1
      Row index end:     2
 Column index start:     1
   Column index end:  ****

          Channel #:     4
    Row index start:     1
      Row index end:     2
 Column index start:     1
   Column index end:  ****

          Channel #:     5
    Row index start:     1
      Row index end:     2
 Column index start:     1
   Column index end:  ****

          Channel #:     6
    Row index start:     1
      Row index end:     2
 Column index start:     1
   Column index end:  ****

          Channel #:     7
    Row index start:     1
      Row index end:     2
 Column index start:     1
   Column index end:  ****

          Channel #:     8
    Row index start:     1
      Row index end:     2
 Column index start:     1
   Column index end:  ****

          Channel #:     9
    Row index start:     1
      Row index end:     2
 Column index start:     1
   Column index end:  ****

          Channel #:    10
    Row index start:     1
      Row index end:     2
 Column index start:     1
   Column index end:  ****

          Channel #:    11
    Row index start:     1
      Row index end:     8
 Column index start:     1
   Column index end:  ****

          Channel #:    12
    Row index start:     1
      Row index end:    12
 Column index start:     1
   Column index end:  ****

          Channel #:    13
    Row index start:     1
      Row index end:     8
 Column index start:     1
   Column index end:  ****

          Channel #:    14
    Row index start:     1
      Row index end:     2
 Column index start:     1
   Column index end:  ****

          Channel #:    15
    Row index start:     1
      Row index end:     8
 Column index start:     1
   Column index end:  ****

          Channel #:    16
    Row index start:     1
      Row index end:    18
 Column index start:     1
   Column index end:  ****

          Channel #:    17
    Row index start:     1
      Row index end:    26
 Column index start:     1
   Column index end:  ****

          Channel #:    18
    Row index start:     1
      Row index end:    18
 Column index start:     1
   Column index end:  ****

          Channel #:    19
    Row index start:     1
      Row index end:     8
 Column index start:     1
   Column index end:  ****

          Channel #:    20
    Row index start:     1
      Row index end:    12
 Column index start:     1
   Column index end:  ****

          Channel #:    21
    Row index start:     1
      Row index end:    26
 Column index start:     1
   Column index end:  ****

          Channel #:    22
    Row index start:     1
      Row index end:    36
 Column index start:     1
   Column index end:  ****

          Channel #:    23
    Row index start:     1
      Row index end:    26
 Column index start:     1
   Column index end:  ****

          Channel #:    24
    Row index start:     1
      Row index end:    12
 Column index start:     1
   Column index end:  ****

          Channel #:    25
    Row index start:     1
      Row index end:     8
 Column index start:     1
   Column index end:  ****

          Channel #:    26
    Row index start:     1
      Row index end:    18
 Column index start:     1
   Column index end:  ****

          Channel #:    27
    Row index start:     1
      Row index end:    26
 Column index start:     1
   Column index end:  ****

          Channel #:    28
    Row index start:     1
      Row index end:    18
 Column index start:     1
   Column index end:  ****

          Channel #:    29
    Row index start:     1
      Row index end:     8
 Column index start:     1
   Column index end:  ****

          Channel #:    30
    Row index start:     1
      Row index end:     2
 Column index start:     1
   Column index end:  ****

          Channel #:    31
    Row index start:     1
      Row index end:     8
 Column index start:     1
   Column index end:  ****

          Channel #:    32
    Row index start:     1
      Row index end:    12
 Column index start:     1
   Column index end:  ****

          Channel #:    33
    Row index start:     1
      Row index end:     8
 Column index start:     1
   Column index end:  ****

          Channel #:    34
    Row index start:     1
      Row index end:     2
 Column index start:     1
   Column index end:  ****

          Channel #:    35
    Row index start:     1
      Row index end:     2
 Column index start:     1
   Column index end:  ****

          Channel #:    36
    Row index start:     1
      Row index end:    12
 Column index start:     1
   Column index end:  ****

          Channel #:    37
    Row index start:     1
      Row index end:    16
 Column index start:     1
   Column index end:  ****

          Channel #:    38
    Row index start:     1
      Row index end:    12
 Column index start:     1
   Column index end:  ****

          Channel #:    39
    Row index start:     1
      Row index end:     2
 Column index start:     1
   Column index end:  ****

          Channel #:    40
    Row index start:     1
      Row index end:     2
 Column index start:     1
   Column index end:  ****

          Channel #:    41
    Row index start:     1
      Row index end:    18
 Column index start:     1
   Column index end:  ****

          Channel #:    42
    Row index start:     1
      Row index end:    44
 Column index start:     1
   Column index end:  ****

          Channel #:    43
    Row index start:     1
      Row index end:    58
 Column index start:     1
   Column index end:  ****

          Channel #:    44
    Row index start:     1
      Row index end:    44
 Column index start:     1
   Column index end:  ****

          Channel #:    45
    Row index start:     1
      Row index end:    18
 Column index start:     1
   Column index end:  ****

          Channel #:    46
    Row index start:     1
      Row index end:     2
 Column index start:     1
   Column index end:  ****

          Channel #:    47
    Row index start:     1
      Row index end:    12
 Column index start:     1
   Column index end:  ****

          Channel #:    48
    Row index start:     1
      Row index end:    44
 Column index start:     1
   Column index end:  ****

          Channel #:    49
    Row index start:     1
      Row index end:    90
 Column index start:     1
   Column index end:  ****

          Channel #:    50
    Row index start:     1
      Row index end:   110
 Column index start:     1
   Column index end:  ****

          Channel #:    51
    Row index start:     1
      Row index end:    90
 Column index start:     1
   Column index end:  ****

          Channel #:    52
    Row index start:     1
      Row index end:    44
 Column index start:     1
   Column index end:  ****

          Channel #:    53
    Row index start:     1
      Row index end:    12
 Column index start:     1
   Column index end:  ****

          Channel #:    54
    Row index start:     1
      Row index end:    16
 Column index start:     1
   Column index end:  ****

          Channel #:    55
    Row index start:     1
      Row index end:    58
 Column index start:     1
   Column index end:  ****

          Channel #:    56
    Row index start:     1
      Row index end:   110
 Column index start:     1
   Column index end:  ****

          Channel #:    57
    Row index start:     1
      Row index end:   138
 Column index start:     1
   Column index end:  ****

          Channel #:    58
    Row index start:     1
      Row index end:   110
 Column index start:     1
   Column index end:  ****

          Channel #:    59
    Row index start:     1
      Row index end:    58
 Column index start:     1
   Column index end:  ****

          Channel #:    60
    Row index start:     1
      Row index end:    16
 Column index start:     1
   Column index end:  ****

          Channel #:    61
    Row index start:     1
      Row index end:    12
 Column index start:     1
   Column index end:  ****

          Channel #:    62
    Row index start:     1
      Row index end:    44
 Column index start:     1
   Column index end:  ****

          Channel #:    63
    Row index start:     1
      Row index end:    90
 Column index start:     1
   Column index end:  ****

          Channel #:    64
    Row index start:     1
      Row index end:   110
 Column index start:     1
   Column index end:  ****

          Channel #:    65
    Row index start:     1
      Row index end:    90
 Column index start:     1
   Column index end:  ****

          Channel #:    66
    Row index start:     1
      Row index end:    44
 Column index start:     1
   Column index end:  ****

          Channel #:    67
    Row index start:     1
      Row index end:    12
 Column index start:     1
   Column index end:  ****

          Channel #:    68
    Row index start:     1
      Row index end:     2
 Column index start:     1
   Column index end:  ****

          Channel #:    69
    Row index start:     1
      Row index end:    18
 Column index start:     1
   Column index end:  ****

          Channel #:    70
    Row index start:     1
      Row index end:    44
 Column index start:     1
   Column index end:  ****

          Channel #:    71
    Row index start:     1
      Row index end:    58
 Column index start:     1
   Column index end:  ****

          Channel #:    72
    Row index start:     1
      Row index end:    44
 Column index start:     1
   Column index end:  ****

          Channel #:    73
    Row index start:     1
      Row index end:    18
 Column index start:     1
   Column index end:  ****

          Channel #:    74
    Row index start:     1
      Row index end:     2
 Column index start:     1
   Column index end:  ****

          Channel #:    75
    Row index start:     1
      Row index end:     2
 Column index start:     1
   Column index end:  ****

          Channel #:    76
    Row index start:     1
      Row index end:    12
 Column index start:     1
   Column index end:  ****

          Channel #:    77
    Row index start:     1
      Row index end:    16
 Column index start:     1
   Column index end:  ****

          Channel #:    78
    Row index start:     1
      Row index end:    12
 Column index start:     1
   Column index end:  ****

          Channel #:    79
    Row index start:     1
      Row index end:     2
 Column index start:     1
   Column index end:  ****

          Channel #:    80
    Row index start:     1
      Row index end:     2
 Column index start:     1
   Column index end:  ****

          Channel #:    81
    Row index start:     1
      Row index end:     8
 Column index start:     1
   Column index end:  ****

          Channel #:    82
    Row index start:     1
      Row index end:    12
 Column index start:     1
   Column index end:  ****

          Channel #:    83
    Row index start:     1
      Row index end:     8
 Column index start:     1
   Column index end:  ****

          Channel #:    84
    Row index start:     1
      Row index end:     2
 Column index start:     1
   Column index end:  ****

          Channel #:    85
    Row index start:     1
      Row index end:     2
 Column index start:     1
   Column index end:  ****

          Channel #:    86
    Row index start:     1
      Row index end:    18
 Column index start:     1
   Column index end:  ****

          Channel #:    87
    Row index start:     1
      Row index end:    44
 Column index start:     1
   Column index end:  ****

          Channel #:    88
    Row index start:     1
      Row index end:    58
 Column index start:     1
   Column index end:  ****

          Channel #:    89
    Row index start:     1
      Row index end:    44
 Column index start:     1
   Column index end:  ****

          Channel #:    90
    Row index start:     1
      Row index end:    18
 Column index start:     1
   Column index end:  ****

          Channel #:    91
    Row index start:     1
      Row index end:     2
 Column index start:     1
   Column index end:  ****

          Channel #:    92
    Row index start:     1
      Row index end:     2
 Column index start:     1
   Column index end:  ****

          Channel #:    93
    Row index start:     1
      Row index end:    18
 Column index start:     1
   Column index end:  ****

          Channel #:    94
    Row index start:     1
      Row index end:    72
 Column index start:     1
   Column index end:  ****

          Channel #:    95
    Row index start:     1
      Row index end:   132
 Column index start:     1
   Column index end:  ****

          Channel #:    96
    Row index start:     1
      Row index end:   162
 Column index start:     1
   Column index end:  ****

          Channel #:    97
    Row index start:     1
      Row index end:   132
 Column index start:     1
   Column index end:  ****

          Channel #:    98
    Row index start:     1
      Row index end:    72
 Column index start:     1
   Column index end:  ****

          Channel #:    99
    Row index start:     1
      Row index end:    18
 Column index start:     1
   Column index end:  ****

          Channel #:   100
    Row index start:     1
      Row index end:     2
 Column index start:     1
   Column index end:  ****

          Channel #:   101
    Row index start:     1
      Row index end:     8
 Column index start:     1
   Column index end:  ****

          Channel #:   102
    Row index start:     1
      Row index end:    44
 Column index start:     1
   Column index end:  ****

          Channel #:   103
    Row index start:     1
      Row index end:   132
 Column index start:     1
   Column index end:  ****
           1      140934           2
           2      142142           2
           3      140934           2
           4      142142           2
           5      143314           2
           6      142142           2
           7      140934           2
           8      142142           2
           9      140934           2
          10      165140           2
          11      171146           8
          12      172700          12
          13      171146           8
          14      165140           2
          15      171146           8
          16      177104          18
          17      178618          26
          18      177104          18
          19      171146           8
          20      172700          12
          21      178618          26
          22      180090          36
          23      178618          26
          24      172700          12
          25      171146           8
          26      177104          18
          27      178618          26
          28      177104          18
          29      171146           8
          30      165140           2
          31      171146           8
          32      172700          12
          33      171146           8
          34      165140           2
          35      175428           2
          36      181878          12
          37      183578          16
          38      181878          12
          39      175428           2
          40      175428           2
          41      189980          18
          42      196714          44
          43      198434          58
          44      196714          44
          45      189980          18
          46      175428           2
          47      181878          12
          48      196714          44
          49      203344          90
          50      205010         110
          51      203344          90
          52      196714          44
          53      181878          12
          54      183578          16
          55      198434          58
          56      205010         110
          57      206610         138
          58      205010         110
          59      198434          58
          60      183578          16
          61      181878          12
          62      196714          44
          63      203344          90
          64      205010         110
          65      203344          90
          66      196714          44
          67      181878          12
          68      175428           2
          69      189980          18
          70      196714          44
          71      198434          58
          72      196714          44
          73      189980          18
          74      175428           2
          75      175428           2
          76      181878          12
          77      183578          16
          78      181878          12
          79      175428           2
          80      165140           2
          81      171146           8
          82      172700          12
          83      171146           8
          84      165140           2
          85      175428           2
          86      189980          18
          87      196714          44
          88      198434          58
          89      196714          44
          90      189980          18
          91      175428           2
          92      165140           2
          93      189980          18
          94      205512          72
          95      212492         132
          96      214200         162
          97      212492         132
          98      205512          72
          99      189980          18
         100      165140           2
         101      171146           8
         102      196714          44
         103      212492         132
 EXECUTION TIME FOR CCD(T)   456.58015233604237     
Kf, Dens          1.33302           0.08000  CCSD(T)         -0.06457           -0.07685


 ---------------------------------------------------------------------
 Boxsize   9.3788872768345168      Nmax           4
 A, Density, Kf          66   8.0000000000000002E-002   1.3330210137859966     
 Twist averaged E0/N               (8.5689591134831673,0.0000000000000000)
 Twist averaged mbpt2         (7.3182857532777712,5.35594715937244706E-020)
 Twist averaged CCSD         (7.6060821176259417,1.14535719460251982E-014)
 kinetic_TF   1458.0930363729879     
   8.0000000000000002E-002               (8.5689591134831673,0.0000000000000000)         (502.00141976331213,7.55935748437663101E-013)

 E/N   1.33302104       7.99999982E-02   8.5689591134831673        7.3182857532777712        7.6060821176259417        7.5292272341898476     
#Nmax, Nucleons, 3NFnexp, 3NFCutoff: 4  66 3 450
     0.01700     0.79000     1.33302     0.08000     8.56896     7.31829     7.60608     7.52923
 ---------------------------------------------------------------------
 Total execution time for CCD code   1096.8569685500115     
