1  ccd=-2050.275480
2  ccd=-1957.938840
3  ccd=-1986.473280
4  ccd=-1992.769680
5  ccd=-1803.677040
6  ccd=-1716.372240
7  ccd=-1711.724520
8  ccd=-1843.287600
9  ccd=-1566.156240
10  ccd=-1911.435240
11  ccd=-1656.119520
12  ccd=-1719.016200
13  ccd=-1794.216600
14  ccd=-2080.193280
15  ccd=-1949.331120
16  ccd=-2015.448600
17  ccd=-2036.332320
18  ccd=-2026.830960
19  ccd=-1917.920400
20  ccd=-2074.539720
21  ccd=-2047.652640
22  ccd=-1959.088560
23  ccd=-2045.960400
24  ccd=-2055.406320
25  ccd=-1810.296840
26  ccd=-1894.655400
27  ccd=-1997.945400
28  ccd=-1717.304160
29  ccd=-2042.376600
30  ccd=-1698.714600
31  ccd=-2066.498280
32  ccd=-2034.013080
33  ccd=-2092.318800
34  ccd=-1750.685640
