mpprun info: Starting impi run on 4 node ( 16 rank X 8 th ) for job ID 8512303
Boundary Conditions PBC                                                                                                 
CC approx CCD                                                                                                 
 TNF: T TNF-approx:           3
 3NF Cutoff:   450.00000000000000      Nexp_3NF:           3
 NN regulator Exponent:    3.0000000000000000     
 -----------
 NN ci's
 -0.79930337528800000     
 -0.46781775256899999     
 -0.71337575949700005     
  0.78007003175400003     
 3NF ci's
 -0.79930337528800000     
   0.0000000000000000     
 -0.71337575949700005     
  0.78007003175400003     
 -----------
 --------
 c1s0(-1) -0.36888884335099997     
 c1s0(0) -0.32191667128200002     
 c1s0(1) -0.34934368108199998     
 c3s1(-1) -0.20511537284400000     
 c3s1(0) -0.20511537284400000     
 c3s1(1) -0.20511537284400000     
 --------
 -----------
 NLO contacts PW
   2.9672728761760001     
  0.77288301059400000     
 -0.20702685321900000     
 -0.78317124928100001     
  0.90764283501999998     
  0.37849042713300002     
 -0.75545297460600003     
 ----------
          C1            0.0863185733226774
          C2            0.1075375452153107
          C3           -0.0145815028994987
          C4           -0.0629790010151370
          C5           -0.0591562440267611
          C6           -0.0003569595562672
          C7           -0.1263575769213486
          D1           -0.3771581126597507
          D2           -0.9305750209334183
          D3            2.1195254080520742
          D4           -2.1246309930064329
          D5           -0.0131882077354610
          D6            0.6645429882213397
          D7            0.7806033045976430
          D8           -0.4752342494327860
          D9            0.0920642557695526
         D10           -0.0312443369241453
         D11            0.0232036046033312
         D12           -0.3040203100732521
         D13           -0.2963726204319913
         D14            1.4856672935233888
         D15           -0.3992014237014200

   3NF LECs:
          C1           -0.7993033752880000
          C3           -0.7133757594970001
          C4            0.7800700317540000
          cE           -0.2038278892780000
          cD           -0.4538933164760000

 delta_chiral_order           3
 delta cutoff   450.00000000000000     
 Boxsize   9.0177974299841335     
 Density  0.17999999999999999     
 K_f   1.3863977232822502     
 Nmax           4
 Total number of states        2916
 K-mesh   0.0000000000000000     
 K-mesh -0.69675387542949441     
 K-mesh  0.69675387542949441     
 K-mesh  -1.3935077508589888     
 K-mesh   1.3935077508589888     
 K-mesh  -2.0902616262884832     
 K-mesh   2.0902616262884832     
 K-mesh  -2.7870155017179776     
 K-mesh   2.7870155017179776     
   0.0000000000000000        9.0177974299841335     
   0.0000000000000000        9.0177974299841335     
   0.0000000000000000        9.0177974299841335     
   0.0000000000000000        9.0177974299841335     
 Kz-mesh   0.0000000000000000     
 Kz-mesh -0.69675387542949441     
 Kz-mesh  0.69675387542949441     
 Kz-mesh  -1.3935077508589888     
 Kz-mesh   1.3935077508589888     
 Kz-mesh  -2.0902616262884832     
 Kz-mesh   2.0902616262884832     
 Kz-mesh  -2.7870155017179776     
 Kz-mesh   2.7870155017179776     
 KY-mesh   0.0000000000000000     
 KY-mesh -0.69675387542949441     
 KY-mesh  0.69675387542949441     
 KY-mesh  -1.3935077508589888     
 KY-mesh   1.3935077508589888     
 KY-mesh  -2.0902616262884832     
 KY-mesh   2.0902616262884832     
 KY-mesh  -2.7870155017179776     
 KY-mesh   2.7870155017179776     
           4           4           4          -1           1          -1           1
 nkmin, nkmax           4           4           4
 Occupied j-orbits
     1       0.000000000        0   0   0  -1  -1 hole      
     2       0.000000000        0   0   0   1  -1 hole      
     3       0.000000000        0   0   0  -1   1 hole      
     4       0.000000000        0   0   0   1   1 hole      
     5       10.05946409        0   0  -1  -1  -1 hole      
     6       10.05946409        0   0  -1   1  -1 hole      
     7       10.05946409        0   0  -1  -1   1 hole      
     8       10.05946409        0   0  -1   1   1 hole      
     9       10.05946409        0   1   0  -1  -1 hole      
    10       10.05946409        0   1   0   1  -1 hole      
    11       10.05946409        0   1   0  -1   1 hole      
    12       10.05946409        0   1   0   1   1 hole      
    13       10.05946409        0  -1   0  -1  -1 hole      
    14       10.05946409        0  -1   0   1  -1 hole      
    15       10.05946409        0  -1   0  -1   1 hole      
    16       10.05946409        0  -1   0   1   1 hole      
    17       10.05946409        1   0   0  -1  -1 hole      
    18       10.05946409        1   0   0   1  -1 hole      
    19       10.05946409        1   0   0  -1   1 hole      
    20       10.05946409        1   0   0   1   1 hole      
    21       10.05946409        0   0   1  -1  -1 hole      
    22       10.05946409        0   0   1   1  -1 hole      
    23       10.05946409        0   0   1  -1   1 hole      
    24       10.05946409        0   0   1   1   1 hole      
    25       10.05946409       -1   0   0  -1  -1 hole      
    26       10.05946409       -1   0   0   1  -1 hole      
    27       10.05946409       -1   0   0  -1   1 hole      
    28       10.05946409       -1   0   0   1   1 hole      
    29       20.11892817        0   1   1  -1  -1 hole      
    30       20.11892817        0   1   1   1  -1 hole      
    31       20.11892817        0   1   1  -1   1 hole      
    32       20.11892817        0   1   1   1   1 hole      
    33       20.11892817       -1   1   0  -1  -1 hole      
    34       20.11892817       -1   1   0   1  -1 hole      
    35       20.11892817       -1   1   0  -1   1 hole      
    36       20.11892817       -1   1   0   1   1 hole      
    37       20.11892817        1   0   1  -1  -1 hole      
    38       20.11892817        1   0   1   1  -1 hole      
    39       20.11892817        1   0   1  -1   1 hole      
    40       20.11892817        1   0   1   1   1 hole      
    41       20.11892817        0   1  -1  -1  -1 hole      
    42       20.11892817        0   1  -1   1  -1 hole      
    43       20.11892817        0   1  -1  -1   1 hole      
    44       20.11892817        0   1  -1   1   1 hole      
    45       20.11892817        1   1   0  -1  -1 hole      
    46       20.11892817        1   1   0   1  -1 hole      
    47       20.11892817        1   1   0  -1   1 hole      
    48       20.11892817        1   1   0   1   1 hole      
    49       20.11892817        1   0  -1  -1  -1 hole      
    50       20.11892817        1   0  -1   1  -1 hole      
    51       20.11892817        1   0  -1  -1   1 hole      
    52       20.11892817        1   0  -1   1   1 hole      
    53       20.11892817       -1   0  -1  -1  -1 hole      
    54       20.11892817       -1   0  -1   1  -1 hole      
    55       20.11892817       -1   0  -1  -1   1 hole      
    56       20.11892817       -1   0  -1   1   1 hole      
    57       20.11892817        1  -1   0  -1  -1 hole      
    58       20.11892817        1  -1   0   1  -1 hole      
    59       20.11892817        1  -1   0  -1   1 hole      
    60       20.11892817        1  -1   0   1   1 hole      
    61       20.11892817        0  -1  -1  -1  -1 hole      
    62       20.11892817        0  -1  -1   1  -1 hole      
    63       20.11892817        0  -1  -1  -1   1 hole      
    64       20.11892817        0  -1  -1   1   1 hole      
    65       20.11892817       -1  -1   0  -1  -1 hole      
    66       20.11892817       -1  -1   0   1  -1 hole      
    67       20.11892817       -1  -1   0  -1   1 hole      
    68       20.11892817       -1  -1   0   1   1 hole      
    69       20.11892817       -1   0   1  -1  -1 hole      
    70       20.11892817       -1   0   1   1  -1 hole      
    71       20.11892817       -1   0   1  -1   1 hole      
    72       20.11892817       -1   0   1   1   1 hole      
    73       20.11892817        0  -1   1  -1  -1 hole      
    74       20.11892817        0  -1   1   1  -1 hole      
    75       20.11892817        0  -1   1  -1   1 hole      
    76       20.11892817        0  -1   1   1   1 hole      
    77       30.17839226        1  -1   1  -1  -1 hole      
    78       30.17839226        1  -1   1   1  -1 hole      
    79       30.17839226        1  -1   1  -1   1 hole      
    80       30.17839226        1  -1   1   1   1 hole      
    81       30.17839226        1   1  -1  -1  -1 hole      
    82       30.17839226        1   1  -1   1  -1 hole      
    83       30.17839226        1   1  -1  -1   1 hole      
    84       30.17839226        1   1  -1   1   1 hole      
    85       30.17839226        1   1   1  -1  -1 hole      
    86       30.17839226        1   1   1   1  -1 hole      
    87       30.17839226        1   1   1  -1   1 hole      
    88       30.17839226        1   1   1   1   1 hole      
    89       30.17839226        1  -1  -1  -1  -1 hole      
    90       30.17839226        1  -1  -1   1  -1 hole      
    91       30.17839226        1  -1  -1  -1   1 hole      
    92       30.17839226        1  -1  -1   1   1 hole      
    93       30.17839226       -1   1   1  -1  -1 hole      
    94       30.17839226       -1   1   1   1  -1 hole      
    95       30.17839226       -1   1   1  -1   1 hole      
    96       30.17839226       -1   1   1   1   1 hole      
    97       30.17839226       -1   1  -1  -1  -1 hole      
    98       30.17839226       -1   1  -1   1  -1 hole      
    99       30.17839226       -1   1  -1  -1   1 hole      
   100       30.17839226       -1   1  -1   1   1 hole      
   101       30.17839226       -1  -1  -1  -1  -1 hole      
   102       30.17839226       -1  -1  -1   1  -1 hole      
   103       30.17839226       -1  -1  -1  -1   1 hole      
   104       30.17839226       -1  -1  -1   1   1 hole      
   105       30.17839226       -1  -1   1  -1  -1 hole      
   106       30.17839226       -1  -1   1   1  -1 hole      
   107       30.17839226       -1  -1   1  -1   1 hole      
   108       30.17839226       -1  -1   1   1   1 hole      
   109       40.23785635        2   0   0  -1  -1 hole      
   110       40.23785635        2   0   0   1  -1 hole      
   111       40.23785635        2   0   0  -1   1 hole      
   112       40.23785635        2   0   0   1   1 hole      
   113       40.23785635        0   2   0  -1  -1 hole      
   114       40.23785635        0   2   0   1  -1 hole      
   115       40.23785635        0   2   0  -1   1 hole      
   116       40.23785635        0   2   0   1   1 hole      
   117       40.23785635        0   0   2  -1  -1 hole      
   118       40.23785635        0   0   2   1  -1 hole      
   119       40.23785635        0   0   2  -1   1 hole      
   120       40.23785635        0   0   2   1   1 hole      
   121       40.23785635        0  -2   0  -1  -1 hole      
   122       40.23785635        0  -2   0   1  -1 hole      
   123       40.23785635        0  -2   0  -1   1 hole      
   124       40.23785635        0  -2   0   1   1 hole      
   125       40.23785635       -2   0   0  -1  -1 hole      
   126       40.23785635       -2   0   0   1  -1 hole      
   127       40.23785635       -2   0   0  -1   1 hole      
   128       40.23785635       -2   0   0   1   1 hole      
   129       40.23785635        0   0  -2  -1  -1 hole      
   130       40.23785635        0   0  -2   1  -1 hole      
   131       40.23785635        0   0  -2  -1   1 hole      
   132       40.23785635        0   0  -2   1   1 hole      
 Unoccupied j-orbits
   133       50.29732043       -1   0   2  -1  -1 particle  
   134       50.29732043       -1   0   2   1  -1 particle  
   135       50.29732043       -1   0   2  -1   1 particle  
   136       50.29732043       -1   0   2   1   1 particle  
   137       50.29732043        0  -1   2  -1  -1 particle  
   138       50.29732043        0  -1   2   1  -1 particle  
   139       50.29732043        0  -1   2  -1   1 particle  
   140       50.29732043        0  -1   2   1   1 particle  
   141       50.29732043       -2  -1   0  -1  -1 particle  
   142       50.29732043       -2  -1   0   1  -1 particle  
   143       50.29732043       -2  -1   0  -1   1 particle  
 Sz and Tz for vacuum state   0.0000000000000000        0.0000000000000000     
          -8           8          -8           8          -8           8
 Total memory for lookup configs   2.2760448000000821E-002 GByte
 Total memory for channels   1.2264000000000000E-004 GByte
             48407808     3025488         555
             48407808     3025488        5448
 Setting up vnn for hhhh block
 Time to setup hhhh block   8.4478940963745117     
 Setting up vnn for hhhp block
 Time to setup hhhp block   16.828771829605103     
 Setting up vnn for hhpp block
 Time to setup hhpp block   27.109848976135254     
 Setting up vnn for hphp block
 Time to setup hphp block   25.842191934585571     
 Setting up vnn for pppp block
 Time to setup pppp block   1308.0598571300507     
 Total memory for vnn storage   3.3134343679999798      GByte
          -8           8          -8           8          -8           8
 Total memory for lookup ph configs   1.4699519999999406E-002 GByte
 Total memory for ph channels   2.6150400000000002E-004 GByte
             48407808     3025488        5448
 Setting up vnn for ph hpph block
 Time to setup ph hpph block  0.83555102348327637     
 Total memory for vnn/t2 ph storage   1.5490498559999188      GByte
 kinetic energy = (  3138.5527950577130     ,  0.0000000000000000     )
 below_ef =         132
 Vacuum expectation value ( -718.41829146436714     ,  0.0000000000000000     )
 3NF vacuum expectation value (  13.163511775714916     ,  2.4478592937767155E-029)
 Vacuum expectation value with 3nf (  7.7209489615909233     ,  2.4478592937767155E-029)
 Time for e0   2.8316974639892578E-002
 Time for f3nf   1.4051780700683594     
 e0 3nf (  1737.5835550468501     ,  3.5004388029402360E-026) (  1737.5835543943690     ,  3.2311742677852644E-027)
 Setting up v3nf_2bNO for hhhh block
 Time to setup v3nf_2bNO hhhh block   6.9445250034332275     
 Setting up v3nf_2bNO for hhpp block
 Time to setup v3nf_2bNO hhpp block   137.79548811912537     
 Setting up v3nf_2bNO for hphp block
 Time to setup v3nf_2bNO hphp block   71.253778934478760     
 Setting up v3nf_NO for pppp block
 Time to setup v3nf_2bNO pppp block   1008.3329567909241     
 here we go...
 Total memory for t2 storage   1.5490498559999957      GByte
 here we go...
 here we go...
 here we go...
 here we go...
 here we go...
 here we go...
 here we go...
 here we go...
 here we go...
 here we go...
 here we go...
 here we go...
 here we go...
 here we go...
 here we go...
 CCD energy ( -324.30252244443011     , -1.7242860261072882E-017)
 diis space    48407808
 Storage of diis vectors   5.4216744959999996      Gb
 CCD energy ( -264.95045097021318     , -4.9229696876748764E-009)
dener    0    1  0.59352071E+02
 CCD energy ( -226.53309942214457     , -8.6602484525603822E-009)
dener    0    2  0.38417352E+02
 CCD energy ( -202.14980816953027     , -1.1500457467776624E-008)
dener    0    3  0.24383291E+02
 CCD energy ( -187.03759248987228     , -1.3664399857950776E-008)
dener    0    4  0.15112216E+02
 CCD energy ( -177.96530552077832     , -1.5318733984557462E-008)
dener    0    5  0.90722870E+01
diis_mat    1    1  0.9927E-01
diis_mat    1    2  0.6871E-01
diis_mat    1    3  0.4751E-01
diis_mat    1    4  0.3289E-01
diis_mat    1    5  0.2283E-01
diis_mat    1    6 -0.1000E+01
diis_mat    2    1  0.6871E-01
diis_mat    2    2  0.4769E-01
diis_mat    2    3  0.3307E-01
diis_mat    2    4  0.2297E-01
diis_mat    2    5  0.1601E-01
diis_mat    2    6 -0.1000E+01
diis_mat    3    1  0.4751E-01
diis_mat    3    2  0.3307E-01
diis_mat    3    3  0.2302E-01
diis_mat    3    4  0.1605E-01
diis_mat    3    5  0.1124E-01
diis_mat    3    6 -0.1000E+01
diis_mat    4    1  0.3289E-01
diis_mat    4    2  0.2297E-01
diis_mat    4    3  0.1605E-01
diis_mat    4    4  0.1125E-01
diis_mat    4    5  0.7914E-02
diis_mat    4    6 -0.1000E+01
diis_mat    5    1  0.2283E-01
diis_mat    5    2  0.1601E-01
diis_mat    5    3  0.1124E-01
diis_mat    5    4  0.7914E-02
diis_mat    5    5  0.5602E-02
diis_mat    5    6 -0.1000E+01
diis_mat    6    1 -0.1000E+01
diis_mat    6    2 -0.1000E+01
diis_mat    6    3 -0.1000E+01
diis_mat    6    4 -0.1000E+01
diis_mat    6    5 -0.1000E+01
diis_mat    6    6  0.0000E+00
 csysv info           0
sol_vec    1  0.1626E+02  0.1779E-07
sol_vec    2 -0.1019E+03 -0.1108E-06
sol_vec    3  0.2375E+03  0.2520E-06
sol_vec    4 -0.2435E+03 -0.2482E-06
sol_vec    5  0.9271E+02  0.8923E-07
sol_vec    6  0.8898E-06  0.1595E-14
 CCD energy ( -174.99292391967981     , -3.0687571382044340E-008)
dener    0    6  0.29723816E+01
 CCD energy ( -174.92811785270408     , -2.8659188726292205E-008)
dener    0    7  0.64806067E-01
 CCD energy ( -174.88599127221016     , -2.7090924022092270E-008)
dener    0    8  0.42126580E-01
 CCD energy ( -174.85858476808278     , -2.5870860519853881E-008)
dener    0    9  0.27406504E-01
 CCD energy ( -174.84075564803163     , -2.4916289798524289E-008)
dener    0   10  0.17829120E-01
 CCD energy ( -174.82917544301483     , -2.4165587651472743E-008)
dener    0   11  0.11580205E-01
diis_mat    1    1  0.5602E-06
diis_mat    1    2  0.4488E-06
diis_mat    1    3  0.3603E-06
diis_mat    1    4  0.2899E-06
diis_mat    1    5  0.2338E-06
diis_mat    1    6 -0.1000E+01
diis_mat    2    1  0.4488E-06
diis_mat    2    2  0.3615E-06
diis_mat    2    3  0.2916E-06
diis_mat    2    4  0.2355E-06
diis_mat    2    5  0.1905E-06
diis_mat    2    6 -0.1000E+01
diis_mat    3    1  0.3603E-06
diis_mat    3    2  0.2916E-06
diis_mat    3    3  0.2361E-06
diis_mat    3    4  0.1913E-06
diis_mat    3    5  0.1551E-06
diis_mat    3    6 -0.1000E+01
diis_mat    4    1  0.2899E-06
diis_mat    4    2  0.2355E-06
diis_mat    4    3  0.1913E-06
diis_mat    4    4  0.1554E-06
diis_mat    4    5  0.1263E-06
diis_mat    4    6 -0.1000E+01
diis_mat    5    1  0.2338E-06
diis_mat    5    2  0.1905E-06
diis_mat    5    3  0.1551E-06
diis_mat    5    4  0.1263E-06
diis_mat    5    5  0.1029E-06
diis_mat    5    6 -0.1000E+01
diis_mat    6    1 -0.1000E+01
diis_mat    6    2 -0.1000E+01
diis_mat    6    3 -0.1000E+01
diis_mat    6    4 -0.1000E+01
diis_mat    6    5 -0.1000E+01
diis_mat    6    6  0.0000E+00
 csysv info           0
sol_vec    1  0.9125E+02  0.2163E-05
sol_vec    2 -0.4918E+03 -0.1092E-04
sol_vec    3  0.9911E+03  0.2051E-04
sol_vec    4 -0.8850E+03 -0.1697E-04
sol_vec    5  0.2955E+03  0.5222E-05
sol_vec    6  0.2079E-11 -0.5579E-18
 CCD energy ( -174.81281901157342     , -2.1208580094313929E-008)
dener    0   12  0.16356431E-01
 CCD energy ( -174.81291576649357     , -2.1198975769229195E-008)
dener    0   13 -0.96754920E-04
 CCD energy ( -174.81298444703737     , -2.1191450658417654E-008)
dener    0   14 -0.68680544E-04
 CCD energy ( -174.81303353495230     , -2.1185700721487165E-008)
dener    0   15 -0.49087915E-04
 CCD energy ( -174.81306886125424     , -2.1181401360278216E-008)
dener    0   16 -0.35326302E-04
 CCD energy ( -174.81309445478598     , -2.1178250547478892E-008)
dener    0   17 -0.25593532E-04
diis_mat    1    1  0.1275E-11
diis_mat    1    2  0.9512E-12
diis_mat    1    3  0.7170E-12
diis_mat    1    4  0.5457E-12
diis_mat    1    5  0.4192E-12
diis_mat    1    6 -0.1000E+01
diis_mat    2    1  0.9512E-12
diis_mat    2    2  0.7186E-12
diis_mat    2    3  0.5480E-12
diis_mat    2    4  0.4218E-12
diis_mat    2    5  0.3274E-12
diis_mat    2    6 -0.1000E+01
diis_mat    3    1  0.7170E-12
diis_mat    3    2  0.5480E-12
diis_mat    3    3  0.4226E-12
diis_mat    3    4  0.3287E-12
diis_mat    3    5  0.2575E-12
diis_mat    3    6 -0.1000E+01
diis_mat    4    1  0.5457E-12
diis_mat    4    2  0.4218E-12
diis_mat    4    3  0.3287E-12
diis_mat    4    4  0.2580E-12
diis_mat    4    5  0.2039E-12
diis_mat    4    6 -0.1000E+01
diis_mat    5    1  0.4192E-12
diis_mat    5    2  0.3274E-12
diis_mat    5    3  0.2575E-12
diis_mat    5    4  0.2039E-12
diis_mat    5    5  0.1623E-12
diis_mat    5    6 -0.1000E+01
diis_mat    6    1 -0.1000E+01
diis_mat    6    2 -0.1000E+01
diis_mat    6    3 -0.1000E+01
diis_mat    6    4 -0.1000E+01
diis_mat    6    5 -0.1000E+01
diis_mat    6    6  0.0000E+00
 csysv info           0
sol_vec    1  0.7820E+02 -0.8971E-08
sol_vec    2 -0.4256E+03 -0.1554E-06
sol_vec    3  0.8660E+03  0.6452E-06
sol_vec    4 -0.7807E+03 -0.8007E-06
sol_vec    5  0.2632E+03  0.3198E-06
sol_vec    6  0.1058E-16 -0.5586E-23
 CCD energy ( -174.81316708591669     , -2.1172615298718931E-008)
dener    0   18 -0.72631131E-04
 CCD energy ( -174.81316680850102     , -2.1172562309858085E-008)
dener    0   19  0.27741567E-06
 Total execution time CCD   166.98119902610779     


 ---------------------------------------------------------------------
 Boxsize   9.0177974299841335      Nmax           4
 A, Density, Kf         132  0.17999999999999999        1.3863977232822502     
 Twist averaged E0/N (  7.7209489615909233     ,  2.4478592937767155E-029)
 Twist averaged mbpt2 ( -2.4568372912456828     , -1.3062772925055214E-019)
 Twist averaged CCSD ( -1.3243421727916744     , -1.6039819931710670E-010)
 kinetic_TF   3154.4010827657480     
  0.17999999999999999      (  7.7209489615909233     ,  2.4478592937767155E-029) ( -174.81316680850102     , -2.1172562309858085E-008)

 E/N   1.38639772      0.180000007       7.7209489615909233       -2.4568372912456828       -1.3243421727916744        0.0000000000000000     
#Nmax, Nucleons, 3NFnexp, 3NFCutoff: 4 132 3 450
    -0.20383    -0.45389     1.38640     0.18000     7.72095    -2.45684    -1.32434     0.00000
 ---------------------------------------------------------------------
 Total execution time for CCD code   3024.4488987922668     
mpprun info: Elapsed time (h:m:s):  0:50:25.790294
