mpprun info: Starting impi run on 4 node ( 16 rank X 8 th ) for job ID 8512303
Boundary Conditions PBC                                                                                                 
CC approx CCD                                                                                                 
 TNF: T TNF-approx:           3
 3NF Cutoff:   450.00000000000000      Nexp_3NF:           3
 NN regulator Exponent:    3.0000000000000000     
 -----------
 NN ci's
 -0.84945598439500003     
 -0.58660178799499996     
 -0.63968104716100005     
  0.88743495263500005     
 3NF ci's
 -0.84945598439500003     
   0.0000000000000000     
 -0.63968104716100005     
  0.88743495263500005     
 -----------
 --------
 c1s0(-1) -0.31767907921900002     
 c1s0(0) -0.31715562883400000     
 c1s0(1) -0.39526992284800000     
 c3s1(-1) -0.21192808257099999     
 c3s1(0) -0.21192808257099999     
 c3s1(1) -0.21192808257099999     
 --------
 -----------
 NLO contacts PW
   2.4078739707439998     
  0.79046459733700003     
 -0.18602387973599999     
  -1.0152683247400001     
   1.0352867400529999     
  0.36725467741300000     
 -0.99186854466999996     
 ----------
          C1            0.0935046387805314
          C2            0.0647504705663772
          C3           -0.0053278137646905
          C4           -0.0465850939533899
          C5           -0.0695202109472044
          C6            0.0025793363806297
          C7           -0.1343093623699958
          D1           -0.3771581126597507
          D2           -0.9305750209334183
          D3            2.1195254080520742
          D4           -2.1246309930064329
          D5           -0.0131882077354610
          D6            0.6645429882213397
          D7            0.7806033045976430
          D8           -0.4752342494327860
          D9            0.0920642557695526
         D10           -0.0312443369241453
         D11            0.0232036046033312
         D12           -0.3040203100732521
         D13           -0.2963726204319913
         D14            1.4856672935233888
         D15           -0.3992014237014200

   3NF LECs:
          C1           -0.8494559843950000
          C3           -0.6396810471610000
          C4            0.8874349526350001
          cE           -0.1727790683590000
          cD           -0.3757351260660000

 delta_chiral_order           3
 delta cutoff   450.00000000000000     
 Boxsize   9.0177974299841335     
 Density  0.17999999999999999     
 K_f   1.3863977232822502     
 Nmax           4
 Total number of states        2916
 K-mesh   0.0000000000000000     
 K-mesh -0.69675387542949441     
 K-mesh  0.69675387542949441     
 K-mesh  -1.3935077508589888     
 K-mesh   1.3935077508589888     
 K-mesh  -2.0902616262884832     
 K-mesh   2.0902616262884832     
 K-mesh  -2.7870155017179776     
 K-mesh   2.7870155017179776     
   0.0000000000000000        9.0177974299841335     
   0.0000000000000000        9.0177974299841335     
   0.0000000000000000        9.0177974299841335     
   0.0000000000000000        9.0177974299841335     
 Kz-mesh   0.0000000000000000     
 Kz-mesh -0.69675387542949441     
 Kz-mesh  0.69675387542949441     
 Kz-mesh  -1.3935077508589888     
 Kz-mesh   1.3935077508589888     
 Kz-mesh  -2.0902616262884832     
 Kz-mesh   2.0902616262884832     
 Kz-mesh  -2.7870155017179776     
 Kz-mesh   2.7870155017179776     
 KY-mesh   0.0000000000000000     
 KY-mesh -0.69675387542949441     
 KY-mesh  0.69675387542949441     
 KY-mesh  -1.3935077508589888     
 KY-mesh   1.3935077508589888     
 KY-mesh  -2.0902616262884832     
 KY-mesh   2.0902616262884832     
 KY-mesh  -2.7870155017179776     
 KY-mesh   2.7870155017179776     
           4           4           4          -1           1          -1           1
 nkmin, nkmax           4           4           4
 Occupied j-orbits
     1       0.000000000        0   0   0  -1  -1 hole      
     2       0.000000000        0   0   0   1  -1 hole      
     3       0.000000000        0   0   0  -1   1 hole      
     4       0.000000000        0   0   0   1   1 hole      
     5       10.05946409        0   0  -1  -1  -1 hole      
     6       10.05946409        0   0  -1   1  -1 hole      
     7       10.05946409        0   0  -1  -1   1 hole      
     8       10.05946409        0   0  -1   1   1 hole      
     9       10.05946409        0   1   0  -1  -1 hole      
    10       10.05946409        0   1   0   1  -1 hole      
    11       10.05946409        0   1   0  -1   1 hole      
    12       10.05946409        0   1   0   1   1 hole      
    13       10.05946409        0  -1   0  -1  -1 hole      
    14       10.05946409        0  -1   0   1  -1 hole      
    15       10.05946409        0  -1   0  -1   1 hole      
    16       10.05946409        0  -1   0   1   1 hole      
    17       10.05946409        1   0   0  -1  -1 hole      
    18       10.05946409        1   0   0   1  -1 hole      
    19       10.05946409        1   0   0  -1   1 hole      
    20       10.05946409        1   0   0   1   1 hole      
    21       10.05946409        0   0   1  -1  -1 hole      
    22       10.05946409        0   0   1   1  -1 hole      
    23       10.05946409        0   0   1  -1   1 hole      
    24       10.05946409        0   0   1   1   1 hole      
    25       10.05946409       -1   0   0  -1  -1 hole      
    26       10.05946409       -1   0   0   1  -1 hole      
    27       10.05946409       -1   0   0  -1   1 hole      
    28       10.05946409       -1   0   0   1   1 hole      
    29       20.11892817        0   1   1  -1  -1 hole      
    30       20.11892817        0   1   1   1  -1 hole      
    31       20.11892817        0   1   1  -1   1 hole      
    32       20.11892817        0   1   1   1   1 hole      
    33       20.11892817       -1   1   0  -1  -1 hole      
    34       20.11892817       -1   1   0   1  -1 hole      
    35       20.11892817       -1   1   0  -1   1 hole      
    36       20.11892817       -1   1   0   1   1 hole      
    37       20.11892817        1   0   1  -1  -1 hole      
    38       20.11892817        1   0   1   1  -1 hole      
    39       20.11892817        1   0   1  -1   1 hole      
    40       20.11892817        1   0   1   1   1 hole      
    41       20.11892817        0   1  -1  -1  -1 hole      
    42       20.11892817        0   1  -1   1  -1 hole      
    43       20.11892817        0   1  -1  -1   1 hole      
    44       20.11892817        0   1  -1   1   1 hole      
    45       20.11892817        1   1   0  -1  -1 hole      
    46       20.11892817        1   1   0   1  -1 hole      
    47       20.11892817        1   1   0  -1   1 hole      
    48       20.11892817        1   1   0   1   1 hole      
    49       20.11892817        1   0  -1  -1  -1 hole      
    50       20.11892817        1   0  -1   1  -1 hole      
    51       20.11892817        1   0  -1  -1   1 hole      
    52       20.11892817        1   0  -1   1   1 hole      
    53       20.11892817       -1   0  -1  -1  -1 hole      
    54       20.11892817       -1   0  -1   1  -1 hole      
    55       20.11892817       -1   0  -1  -1   1 hole      
    56       20.11892817       -1   0  -1   1   1 hole      
    57       20.11892817        1  -1   0  -1  -1 hole      
    58       20.11892817        1  -1   0   1  -1 hole      
    59       20.11892817        1  -1   0  -1   1 hole      
    60       20.11892817        1  -1   0   1   1 hole      
    61       20.11892817        0  -1  -1  -1  -1 hole      
    62       20.11892817        0  -1  -1   1  -1 hole      
    63       20.11892817        0  -1  -1  -1   1 hole      
    64       20.11892817        0  -1  -1   1   1 hole      
    65       20.11892817       -1  -1   0  -1  -1 hole      
    66       20.11892817       -1  -1   0   1  -1 hole      
    67       20.11892817       -1  -1   0  -1   1 hole      
    68       20.11892817       -1  -1   0   1   1 hole      
    69       20.11892817       -1   0   1  -1  -1 hole      
    70       20.11892817       -1   0   1   1  -1 hole      
    71       20.11892817       -1   0   1  -1   1 hole      
    72       20.11892817       -1   0   1   1   1 hole      
    73       20.11892817        0  -1   1  -1  -1 hole      
    74       20.11892817        0  -1   1   1  -1 hole      
    75       20.11892817        0  -1   1  -1   1 hole      
    76       20.11892817        0  -1   1   1   1 hole      
    77       30.17839226        1  -1   1  -1  -1 hole      
    78       30.17839226        1  -1   1   1  -1 hole      
    79       30.17839226        1  -1   1  -1   1 hole      
    80       30.17839226        1  -1   1   1   1 hole      
    81       30.17839226        1   1  -1  -1  -1 hole      
    82       30.17839226        1   1  -1   1  -1 hole      
    83       30.17839226        1   1  -1  -1   1 hole      
    84       30.17839226        1   1  -1   1   1 hole      
    85       30.17839226        1   1   1  -1  -1 hole      
    86       30.17839226        1   1   1   1  -1 hole      
    87       30.17839226        1   1   1  -1   1 hole      
    88       30.17839226        1   1   1   1   1 hole      
    89       30.17839226        1  -1  -1  -1  -1 hole      
    90       30.17839226        1  -1  -1   1  -1 hole      
    91       30.17839226        1  -1  -1  -1   1 hole      
    92       30.17839226        1  -1  -1   1   1 hole      
    93       30.17839226       -1   1   1  -1  -1 hole      
    94       30.17839226       -1   1   1   1  -1 hole      
    95       30.17839226       -1   1   1  -1   1 hole      
    96       30.17839226       -1   1   1   1   1 hole      
    97       30.17839226       -1   1  -1  -1  -1 hole      
    98       30.17839226       -1   1  -1   1  -1 hole      
    99       30.17839226       -1   1  -1  -1   1 hole      
   100       30.17839226       -1   1  -1   1   1 hole      
   101       30.17839226       -1  -1  -1  -1  -1 hole      
   102       30.17839226       -1  -1  -1   1  -1 hole      
   103       30.17839226       -1  -1  -1  -1   1 hole      
   104       30.17839226       -1  -1  -1   1   1 hole      
   105       30.17839226       -1  -1   1  -1  -1 hole      
   106       30.17839226       -1  -1   1   1  -1 hole      
   107       30.17839226       -1  -1   1  -1   1 hole      
   108       30.17839226       -1  -1   1   1   1 hole      
   109       40.23785635        2   0   0  -1  -1 hole      
   110       40.23785635        2   0   0   1  -1 hole      
   111       40.23785635        2   0   0  -1   1 hole      
   112       40.23785635        2   0   0   1   1 hole      
   113       40.23785635        0   2   0  -1  -1 hole      
   114       40.23785635        0   2   0   1  -1 hole      
   115       40.23785635        0   2   0  -1   1 hole      
   116       40.23785635        0   2   0   1   1 hole      
   117       40.23785635        0   0   2  -1  -1 hole      
   118       40.23785635        0   0   2   1  -1 hole      
   119       40.23785635        0   0   2  -1   1 hole      
   120       40.23785635        0   0   2   1   1 hole      
   121       40.23785635        0  -2   0  -1  -1 hole      
   122       40.23785635        0  -2   0   1  -1 hole      
   123       40.23785635        0  -2   0  -1   1 hole      
   124       40.23785635        0  -2   0   1   1 hole      
   125       40.23785635       -2   0   0  -1  -1 hole      
   126       40.23785635       -2   0   0   1  -1 hole      
   127       40.23785635       -2   0   0  -1   1 hole      
   128       40.23785635       -2   0   0   1   1 hole      
   129       40.23785635        0   0  -2  -1  -1 hole      
   130       40.23785635        0   0  -2   1  -1 hole      
   131       40.23785635        0   0  -2  -1   1 hole      
   132       40.23785635        0   0  -2   1   1 hole      
 Unoccupied j-orbits
   133       50.29732043       -1   0   2  -1  -1 particle  
   134       50.29732043       -1   0   2   1  -1 particle  
   135       50.29732043       -1   0   2  -1   1 particle  
   136       50.29732043       -1   0   2   1   1 particle  
   137       50.29732043        0  -1   2  -1  -1 particle  
   138       50.29732043        0  -1   2   1  -1 particle  
   139       50.29732043        0  -1   2  -1   1 particle  
   140       50.29732043        0  -1   2   1   1 particle  
   141       50.29732043       -2  -1   0  -1  -1 particle  
   142       50.29732043       -2  -1   0   1  -1 particle  
   143       50.29732043       -2  -1   0  -1   1 particle  
 Sz and Tz for vacuum state   0.0000000000000000        0.0000000000000000     
          -8           8          -8           8          -8           8
 Total memory for lookup configs   2.2760448000000821E-002 GByte
 Total memory for channels   1.2264000000000000E-004 GByte
             48407808     3025488         555
             48407808     3025488        5448
 Setting up vnn for hhhh block
 Time to setup hhhh block   8.3830690383911133     
 Setting up vnn for hhhp block
 Time to setup hhhp block   16.773518800735474     
 Setting up vnn for hhpp block
 Time to setup hhpp block   24.898944139480591     
 Setting up vnn for hphp block
 Time to setup hphp block   24.849868059158325     
 Setting up vnn for pppp block
 Time to setup pppp block   1297.7606120109558     
 Total memory for vnn storage   3.3134343679999798      GByte
          -8           8          -8           8          -8           8
 Total memory for lookup ph configs   1.4699519999999406E-002 GByte
 Total memory for ph channels   2.6150400000000002E-004 GByte
             48407808     3025488        5448
 Setting up vnn for ph hpph block
 Time to setup ph hpph block  0.82481288909912109     
 Total memory for vnn/t2 ph storage   1.5490498559999188      GByte
 kinetic energy = (  3138.5527950577130     ,  0.0000000000000000     )
 below_ef =         132
 Vacuum expectation value ( -1995.0618660470880     ,  0.0000000000000000     )
 3NF vacuum expectation value (  12.772252236549319     , -3.9165748700427448E-028)
 Vacuum expectation value with 3nf ( -2.3418528092619537     , -3.9165748700427448E-028)
 Time for e0   2.5151014328002930E-002
 Time for f3nf   1.6521260738372803     
 e0 3nf (  1685.9372958612853     ,  2.1642136574931785E-026) (  1685.9372952245101     , -5.1698788284564230E-026)
 Setting up v3nf_2bNO for hhhh block
 Time to setup v3nf_2bNO hhhh block   6.8970448970794678     
 Setting up v3nf_2bNO for hhpp block
 Time to setup v3nf_2bNO hhpp block   168.03011393547058     
 Setting up v3nf_2bNO for hphp block
 Time to setup v3nf_2bNO hphp block   86.488101005554199     
 Setting up v3nf_NO for pppp block
 Time to setup v3nf_2bNO pppp block   1006.3190240859985     
 Total memory for t2 storage   1.5490498559999957      GByte
 here we go...
 here we go...
 here we go...
 here we go...
 here we go...
 here we go...
 here we go...
 here we go...
 here we go...
 here we go...
 here we go...
 here we go...
 here we go...
 here we go...
 here we go...
 here we go...
 CCD energy ( -1495.6489953468822     , -1.1935133151785856E-017)
 diis space    48407808
 Storage of diis vectors   5.4216744959999996      Gb
 CCD energy ( -1435.9732734997415     ,  4.2416219505055663E-011)
dener    0    1  0.59675722E+02
 CCD energy ( -1397.2910114588394     ,  7.2173505370178131E-011)
dener    0    2  0.38682262E+02
 CCD energy ( -1372.6210276838676     ,  9.5343073735057108E-011)
dener    0    3  0.24669984E+02
 CCD energy ( -1357.1840152548541     ,  1.1456495934541743E-010)
dener    0    4  0.15437012E+02
 CCD energy ( -1347.7588144542733     ,  1.3087365086349204E-010)
dener    0    5  0.94252008E+01
diis_mat    1    1  0.1030E+00
diis_mat    1    2  0.7130E-01
diis_mat    1    3  0.4934E-01
diis_mat    1    4  0.3421E-01
diis_mat    1    5  0.2381E-01
diis_mat    1    6 -0.1000E+01
diis_mat    2    1  0.7130E-01
diis_mat    2    2  0.4953E-01
diis_mat    2    3  0.3441E-01
diis_mat    2    4  0.2396E-01
diis_mat    2    5  0.1676E-01
diis_mat    2    6 -0.1000E+01
diis_mat    3    1  0.4934E-01
diis_mat    3    2  0.3441E-01
diis_mat    3    3  0.2401E-01
diis_mat    3    4  0.1680E-01
diis_mat    3    5  0.1182E-01
diis_mat    3    6 -0.1000E+01
diis_mat    4    1  0.3421E-01
diis_mat    4    2  0.2396E-01
diis_mat    4    3  0.1680E-01
diis_mat    4    4  0.1182E-01
diis_mat    4    5  0.8366E-02
diis_mat    4    6 -0.1000E+01
diis_mat    5    1  0.2381E-01
diis_mat    5    2  0.1676E-01
diis_mat    5    3  0.1182E-01
diis_mat    5    4  0.8366E-02
diis_mat    5    5  0.5960E-02
diis_mat    5    6 -0.1000E+01
diis_mat    6    1 -0.1000E+01
diis_mat    6    2 -0.1000E+01
diis_mat    6    3 -0.1000E+01
diis_mat    6    4 -0.1000E+01
diis_mat    6    5 -0.1000E+01
diis_mat    6    6  0.0000E+00
 csysv info           0
sol_vec    1  0.1770E+02  0.5914E-08
sol_vec    2 -0.1109E+03 -0.3258E-07
sol_vec    3  0.2574E+03  0.6635E-07
sol_vec    4 -0.2625E+03 -0.5916E-07
sol_vec    5  0.9930E+02  0.1947E-07
sol_vec    6  0.1210E-05 -0.4995E-14
 CCD energy ( -1341.4393285378364     , -8.4839460486118756E-011)
dener    0    6  0.63194859E+01
 CCD energy ( -1341.4046656245505     ,  3.0700801257301766E-012)
dener    0    7  0.34662913E-01
 CCD energy ( -1341.3807890075336     ,  6.3645727915714584E-011)
dener    0    8  0.23876617E-01
 CCD energy ( -1341.3644184982008     ,  1.0511234686153214E-010)
dener    0    9  0.16370509E-01
 CCD energy ( -1341.3532805246768     ,  1.3328976568087439E-010)
dener    0   10  0.11137974E-01
 CCD energy ( -1341.3457939708860     ,  1.5227522198663303E-010)
dener    0   11  0.74865538E-02
diis_mat    1    1  0.8568E-06
diis_mat    1    2  0.6802E-06
diis_mat    1    3  0.5439E-06
diis_mat    1    4  0.4375E-06
diis_mat    1    5  0.3538E-06
diis_mat    1    6 -0.1000E+01
diis_mat    2    1  0.6802E-06
diis_mat    2    2  0.5438E-06
diis_mat    2    3  0.4374E-06
diis_mat    2    4  0.3536E-06
diis_mat    2    5  0.2872E-06
diis_mat    2    6 -0.1000E+01
diis_mat    3    1  0.5439E-06
diis_mat    3    2  0.4374E-06
diis_mat    3    3  0.3536E-06
diis_mat    3    4  0.2872E-06
diis_mat    3    5  0.2342E-06
diis_mat    3    6 -0.1000E+01
diis_mat    4    1  0.4375E-06
diis_mat    4    2  0.3536E-06
diis_mat    4    3  0.2872E-06
diis_mat    4    4  0.2342E-06
diis_mat    4    5  0.1916E-06
diis_mat    4    6 -0.1000E+01
diis_mat    5    1  0.3538E-06
diis_mat    5    2  0.2872E-06
diis_mat    5    3  0.2342E-06
diis_mat    5    4  0.1916E-06
diis_mat    5    5  0.1572E-06
diis_mat    5    6 -0.1000E+01
diis_mat    6    1 -0.1000E+01
diis_mat    6    2 -0.1000E+01
diis_mat    6    3 -0.1000E+01
diis_mat    6    4 -0.1000E+01
diis_mat    6    5 -0.1000E+01
diis_mat    6    6  0.0000E+00
 csysv info           0
sol_vec    1  0.7655E+02 -0.5134E-06
sol_vec    2 -0.4192E+03  0.2603E-05
sol_vec    3  0.8577E+03 -0.4906E-05
sol_vec    4 -0.7768E+03  0.4073E-05
sol_vec    5  0.2628E+03 -0.1257E-05
sol_vec    6  0.1012E-10  0.5425E-18
 CCD energy ( -1341.3391414419725     ,  1.8737431831654529E-010)
dener    0   12  0.66525289E-02
 CCD energy ( -1341.3394957969967     ,  1.8897627289338471E-010)
dener    0   13 -0.35435502E-03
 CCD energy ( -1341.3397510934860     ,  1.8959253966441082E-010)
dener    0   14 -0.25529649E-03
 CCD energy ( -1341.3399360379715     ,  1.8965260264564580E-010)
dener    0   15 -0.18494449E-03
 CCD energy ( -1341.3400707420701     ,  1.8941945798406611E-010)
dener    0   16 -0.13470410E-03
 CCD energy ( -1341.3401693684805     ,  1.8905084604641550E-010)
dener    0   17 -0.98626410E-04
diis_mat    1    1  0.5769E-11
diis_mat    1    2  0.4607E-11
diis_mat    1    3  0.3703E-11
diis_mat    1    4  0.2995E-11
diis_mat    1    5  0.2436E-11
diis_mat    1    6 -0.1000E+01
diis_mat    2    1  0.4607E-11
diis_mat    2    2  0.3700E-11
diis_mat    2    3  0.2990E-11
diis_mat    2    4  0.2430E-11
diis_mat    2    5  0.1984E-11
diis_mat    2    6 -0.1000E+01
diis_mat    3    1  0.3703E-11
diis_mat    3    2  0.2990E-11
diis_mat    3    3  0.2428E-11
diis_mat    3    4  0.1982E-11
diis_mat    3    5  0.1625E-11
diis_mat    3    6 -0.1000E+01
diis_mat    4    1  0.2995E-11
diis_mat    4    2  0.2430E-11
diis_mat    4    3  0.1982E-11
diis_mat    4    4  0.1624E-11
diis_mat    4    5  0.1336E-11
diis_mat    4    6 -0.1000E+01
diis_mat    5    1  0.2436E-11
diis_mat    5    2  0.1984E-11
diis_mat    5    3  0.1625E-11
diis_mat    5    4  0.1336E-11
diis_mat    5    5  0.1102E-11
diis_mat    5    6 -0.1000E+01
diis_mat    6    1 -0.1000E+01
diis_mat    6    2 -0.1000E+01
diis_mat    6    3 -0.1000E+01
diis_mat    6    4 -0.1000E+01
diis_mat    6    5 -0.1000E+01
diis_mat    6    6  0.0000E+00
 csysv info           0
sol_vec    1  0.1010E+03  0.6081E-05
sol_vec    2 -0.5443E+03 -0.2976E-04
sol_vec    3  0.1095E+04  0.5415E-04
sol_vec    4 -0.9756E+03 -0.4346E-04
sol_vec    5  0.3247E+03  0.1298E-04
sol_vec    6  0.6290E-16  0.8485E-23
 CCD energy ( -1341.3404569129436     ,  1.8477403493050091E-010)
dener    0   18 -0.28754446E-03
 CCD energy ( -1341.3404565104793     ,  1.8507410100843168E-010)
dener    0   19  0.40246437E-06
 Total execution time CCD   165.89463400840759     


 ---------------------------------------------------------------------
 Boxsize   9.0177974299841335      Nmax           4
 A, Density, Kf         132  0.17999999999999999        1.3863977232822502     
 Twist averaged E0/N ( -2.3418528092619537     , -3.9165748700427448E-028)
 Twist averaged mbpt2 ( -11.330674207173351     , -9.0417675392317090E-020)
 Twist averaged CCSD ( -10.161670125079388     ,  1.4020765227911491E-012)
 kinetic_TF   3154.4010827657480     
  0.17999999999999999      ( -2.3418528092619537     , -3.9165748700427448E-028) ( -1341.3404565104793     ,  1.8507410100843168E-010)

 E/N   1.38639772      0.180000007      -2.3418528092619537       -11.330674207173351       -10.161670125079388        0.0000000000000000     
#Nmax, Nucleons, 3NFnexp, 3NFCutoff: 4 132 3 450
    -0.17278    -0.37574     1.38640     0.18000    -2.34185   -11.33067   -10.16167     0.00000
 ---------------------------------------------------------------------
 Total execution time for CCD code   3186.6526048183441     
mpprun info: Elapsed time (h:m:s):  0:53:07.838754
