mpprun info: Starting impi run on 4 node ( 16 rank X 8 th ) for job ID 8747901
Boundary Conditions PBC                                                                                                 
CC approx CCD                                                                                                 
 TNF: T TNF-approx:           3
 3NF Cutoff:   450.00000000000000      Nexp_3NF:           3
 NN regulator Exponent:    3.0000000000000000     
 -----------
 NN ci's
 -0.73942022678599995     
 -0.49881635752699999     
 -0.76118565622300005     
  0.85012480573000004     
 3NF ci's
 -0.73942022678599995     
   0.0000000000000000     
 -0.76118565622300005     
  0.85012480573000004     
 -----------
 --------
 c1s0(-1) -0.36128049506700000     
 c1s0(0) -0.37820313187799998     
 c1s0(1) -0.37279943678700000     
 c3s1(-1) -0.25145306796500000     
 c3s1(0) -0.25145306796500000     
 c3s1(1) -0.25145306796500000     
 --------
 -----------
 NLO contacts PW
   2.4190008676510000     
  0.75172738000600003     
 -0.17597480250600001     
 -0.81857206236900004     
  0.95766464069599999     
  0.50375917898400002     
 -0.89210698033100000     
 ----------
          C1            0.0859259518218152
          C2            0.0774197575144981
          C3           -0.0049400906249873
          C4           -0.0398362534879746
          C5           -0.0697948831493004
          C6           -0.0060054850402018
          C7           -0.1460565379341441
          D1           -0.3771581126597507
          D2           -0.9305750209334183
          D3            2.1195254080520742
          D4           -2.1246309930064329
          D5           -0.0131882077354610
          D6            0.6645429882213397
          D7            0.7806033045976430
          D8           -0.4752342494327860
          D9            0.0920642557695526
         D10           -0.0312443369241453
         D11            0.0232036046033312
         D12           -0.3040203100732521
         D13           -0.2963726204319913
         D14            1.4856672935233888
         D15           -0.3992014237014200

   3NF LECs:
          C1           -0.7394202267859999
          C3           -0.7611856562230001
          C4            0.8501248057300000
          cE           -0.1874277107610000
          cD           -0.4129669339090000

 delta_chiral_order           3
 delta cutoff   450.00000000000000     
 Boxsize   7.4440277647691362     
 Density  0.16000000000000000     
 K_f   1.6795012352211809     
 Nmax           4
 Total number of states        1458
 K-mesh   0.0000000000000000     
 K-mesh -0.84405721011902246     
 K-mesh  0.84405721011902246     
 K-mesh  -1.6881144202380449     
 K-mesh   1.6881144202380449     
 K-mesh  -2.5321716303570674     
 K-mesh   2.5321716303570674     
 K-mesh  -3.3762288404760898     
 K-mesh   3.3762288404760898     
   0.0000000000000000        7.4440277647691362     
   0.0000000000000000        7.4440277647691362     
   0.0000000000000000        7.4440277647691362     
   0.0000000000000000        7.4440277647691362     
 Kz-mesh   0.0000000000000000     
 Kz-mesh -0.84405721011902246     
 Kz-mesh  0.84405721011902246     
 Kz-mesh  -1.6881144202380449     
 Kz-mesh   1.6881144202380449     
 Kz-mesh  -2.5321716303570674     
 Kz-mesh   2.5321716303570674     
 Kz-mesh  -3.3762288404760898     
 Kz-mesh   3.3762288404760898     
 KY-mesh   0.0000000000000000     
 KY-mesh -0.84405721011902246     
 KY-mesh  0.84405721011902246     
 KY-mesh  -1.6881144202380449     
 KY-mesh   1.6881144202380449     
 KY-mesh  -2.5321716303570674     
 KY-mesh   2.5321716303570674     
 KY-mesh  -3.3762288404760898     
 KY-mesh   3.3762288404760898     
           4           4           4          -1           1           1           1
 nkmin, nkmax           4           4           4
 Occupied j-orbits
     1       0.000000000        0   0   0  -1   1 hole      
     2       0.000000000        0   0   0   1   1 hole      
     3       14.76249715       -1   0   0  -1   1 hole      
     4       14.76249715       -1   0   0   1   1 hole      
     5       14.76249715        0   0  -1  -1   1 hole      
     6       14.76249715        0   0  -1   1   1 hole      
     7       14.76249715        0  -1   0  -1   1 hole      
     8       14.76249715        0  -1   0   1   1 hole      
     9       14.76249715        0   1   0  -1   1 hole      
    10       14.76249715        0   1   0   1   1 hole      
    11       14.76249715        1   0   0  -1   1 hole      
    12       14.76249715        1   0   0   1   1 hole      
    13       14.76249715        0   0   1  -1   1 hole      
    14       14.76249715        0   0   1   1   1 hole      
    15       29.52499429        1   1   0  -1   1 hole      
    16       29.52499429        1   1   0   1   1 hole      
    17       29.52499429        0   1   1  -1   1 hole      
    18       29.52499429        0   1   1   1   1 hole      
    19       29.52499429        1  -1   0  -1   1 hole      
    20       29.52499429        1  -1   0   1   1 hole      
    21       29.52499429       -1   0  -1  -1   1 hole      
    22       29.52499429       -1   0  -1   1   1 hole      
    23       29.52499429       -1  -1   0  -1   1 hole      
    24       29.52499429       -1  -1   0   1   1 hole      
    25       29.52499429       -1   0   1  -1   1 hole      
    26       29.52499429       -1   0   1   1   1 hole      
    27       29.52499429       -1   1   0  -1   1 hole      
    28       29.52499429       -1   1   0   1   1 hole      
    29       29.52499429        0   1  -1  -1   1 hole      
    30       29.52499429        0   1  -1   1   1 hole      
    31       29.52499429        1   0   1  -1   1 hole      
    32       29.52499429        1   0   1   1   1 hole      
    33       29.52499429        0  -1   1  -1   1 hole      
    34       29.52499429        0  -1   1   1   1 hole      
    35       29.52499429        1   0  -1  -1   1 hole      
    36       29.52499429        1   0  -1   1   1 hole      
    37       29.52499429        0  -1  -1  -1   1 hole      
    38       29.52499429        0  -1  -1   1   1 hole      
    39       44.28749144        1  -1   1  -1   1 hole      
    40       44.28749144        1  -1   1   1   1 hole      
    41       44.28749144        1  -1  -1  -1   1 hole      
    42       44.28749144        1  -1  -1   1   1 hole      
    43       44.28749144       -1   1  -1  -1   1 hole      
    44       44.28749144       -1   1  -1   1   1 hole      
    45       44.28749144       -1   1   1  -1   1 hole      
    46       44.28749144       -1   1   1   1   1 hole      
    47       44.28749144       -1  -1  -1  -1   1 hole      
    48       44.28749144       -1  -1  -1   1   1 hole      
    49       44.28749144        1   1  -1  -1   1 hole      
    50       44.28749144        1   1  -1   1   1 hole      
    51       44.28749144        1   1   1  -1   1 hole      
    52       44.28749144        1   1   1   1   1 hole      
    53       44.28749144       -1  -1   1  -1   1 hole      
    54       44.28749144       -1  -1   1   1   1 hole      
    55       59.04998858        0   0  -2  -1   1 hole      
    56       59.04998858        0   0  -2   1   1 hole      
    57       59.04998858        2   0   0  -1   1 hole      
    58       59.04998858        2   0   0   1   1 hole      
    59       59.04998858        0   0   2  -1   1 hole      
    60       59.04998858        0   0   2   1   1 hole      
    61       59.04998858        0   2   0  -1   1 hole      
    62       59.04998858        0   2   0   1   1 hole      
    63       59.04998858        0  -2   0  -1   1 hole      
    64       59.04998858        0  -2   0   1   1 hole      
    65       59.04998858       -2   0   0  -1   1 hole      
    66       59.04998858       -2   0   0   1   1 hole      
 Unoccupied j-orbits
    67       73.81248573       -2   0  -1  -1   1 particle  
    68       73.81248573       -2   0  -1   1   1 particle  
    69       73.81248573       -1   0  -2  -1   1 particle  
    70       73.81248573       -1   0  -2   1   1 particle  
    71       73.81248573       -2   0   1  -1   1 particle  
    72       73.81248573       -2   0   1   1   1 particle  
    73       73.81248573       -2  -1   0  -1   1 particle  
    74       73.81248573       -2  -1   0   1   1 particle  
    75       73.81248573       -1   2   0  -1   1 particle  
    76       73.81248573       -1   2   0   1   1 particle  
    77       73.81248573       -2   1   0  -1   1 particle  
 Sz and Tz for vacuum state   0.0000000000000000        66.000000000000000     
          -8           8          -8           8          -8           8
 Total memory for lookup configs   5.6901119999999113E-003 GByte
 Total memory for channels   4.0880000000000002E-005 GByte
              8067968      504248         185
              8067968      504248        1816
 Setting up vnn for hhhh block
 Time to setup hhhh block   1.3778150081634521     
 Setting up vnn for hhhp block
 Time to setup hhhp block   2.7199299335479736     
 Setting up vnn for hhpp block
 Time to setup hhpp block   4.2150061130523682     
 Setting up vnn for hphp block
 Time to setup hphp block   4.1678550243377686     
 Setting up vnn for pppp block
 Time to setup pppp block   215.91318821907043     
 Total memory for vnn storage  0.55222438400000029      GByte
          -8           8          -8           8          -8           8
 Total memory for lookup ph configs   3.6748800000001611E-003 GByte
 Total memory for ph channels   8.7168000000000003E-005 GByte
              8067968      504248        1816
 Setting up vnn for ph hpph block
 Time to setup ph hpph block  0.14005994796752930     
 Total memory for vnn/t2 ph storage  0.25817497600000122      GByte
 kinetic energy = (  2302.9495546878788     ,  0.0000000000000000     )
 below_ef =          66
 Vacuum expectation value (  328.97997523497804     ,  0.0000000000000000     )
 3NF vacuum expectation value (  6.1632187318657028     ,  0.0000000000000000     )
 Vacuum expectation value with 3nf (  11.147763811183552     ,  0.0000000000000000     )
 Time for e0   1.2807130813598633E-002
 Time for f3nf  0.24675107002258301     
 e0 3nf (  406.77243662443897     ,  0.0000000000000000     ) (  406.77243630313637     ,  0.0000000000000000     )
 Setting up v3nf_2bNO for hhhh block
 Time to setup v3nf_2bNO hhhh block  0.62171316146850586     
 Setting up v3nf_2bNO for hhpp block
 Time to setup v3nf_2bNO hhpp block   14.236911058425903     
 Setting up v3nf_2bNO for hphp block
 Time to setup v3nf_2bNO hphp block   7.6742711067199707     
 Setting up v3nf_NO for pppp block
 Time to setup v3nf_2bNO pppp block   84.511169910430908     
 here we go...
 Total memory for t2 storage  0.25817497600000017      GByte
 here we go...
 here we go...
 here we go...
 here we go...
 here we go...
 here we go...
 here we go...
 here we go...
 here we go...
 here we go...
 here we go...
 here we go...
 here we go...
 here we go...
 here we go...
 CCD energy (  514.16222713320258     , -1.0453505614759559E-017)
 diis space     8067968
 Storage of diis vectors  0.90361241599999997      Gb
 CCD energy (  531.07418560564781     , -5.3107928094766183E-017)
dener    0    1  0.16911958E+02
 CCD energy (  541.87826996042543     ,  1.7692364289827246E-017)
dener    0    2  0.10804084E+02
 CCD energy (  548.68467942205234     ,  1.4598101648309309E-017)
dener    0    3  0.68064095E+01
 CCD energy (  552.91149015082306     ,  2.4660875395566936E-017)
dener    0    4  0.42268107E+01
 CCD energy (  555.49260045292010     , -1.3159174650659014E-017)
dener    0    5  0.25811103E+01
diis_mat    1    1  0.1338E-01
diis_mat    1    2  0.8698E-02
diis_mat    1    3  0.5613E-02
diis_mat    1    4  0.3612E-02
diis_mat    1    5  0.2325E-02
diis_mat    1    6 -0.1000E+01
diis_mat    2    1  0.8698E-02
diis_mat    2    2  0.5702E-02
diis_mat    2    3  0.3722E-02
diis_mat    2    4  0.2431E-02
diis_mat    2    5  0.1594E-02
diis_mat    2    6 -0.1000E+01
diis_mat    3    1  0.5613E-02
diis_mat    3    2  0.3722E-02
diis_mat    3    3  0.2465E-02
diis_mat    3    4  0.1639E-02
diis_mat    3    5  0.1099E-02
diis_mat    3    6 -0.1000E+01
diis_mat    4    1  0.3612E-02
diis_mat    4    2  0.2431E-02
diis_mat    4    3  0.1639E-02
diis_mat    4    4  0.1114E-02
diis_mat    4    5  0.7671E-03
diis_mat    4    6 -0.1000E+01
diis_mat    5    1  0.2325E-02
diis_mat    5    2  0.1594E-02
diis_mat    5    3  0.1099E-02
diis_mat    5    4  0.7671E-03
diis_mat    5    5  0.5438E-03
diis_mat    5    6 -0.1000E+01
diis_mat    6    1 -0.1000E+01
diis_mat    6    2 -0.1000E+01
diis_mat    6    3 -0.1000E+01
diis_mat    6    4 -0.1000E+01
diis_mat    6    5 -0.1000E+01
diis_mat    6    6  0.0000E+00
 csysv info           0
sol_vec    1  0.1413E+02 -0.7617E-08
sol_vec    2 -0.9568E+02  0.4521E-07
sol_vec    3  0.2346E+03 -0.9800E-07
sol_vec    4 -0.2489E+03  0.9197E-07
sol_vec    5  0.9685E+02 -0.3156E-07
sol_vec    6  0.5820E-06  0.3865E-14
 CCD energy (  558.18999783393679     ,  2.7638508240142703E-010)
dener    0    6  0.26973974E+01
 CCD energy (  558.13160827103786     ,  1.9295792840435847E-010)
dener    0    7 -0.58389563E-01
 CCD energy (  558.09898001504666     ,  1.3528217818357441E-010)
dener    0    8 -0.32628256E-01
 CCD energy (  558.08167128422997     ,  9.5360027081553252E-011)
dener    0    9 -0.17308731E-01
 CCD energy (  558.07332452859498     ,  6.7670468061263034E-011)
dener    0   10 -0.83467556E-02
 CCD energy (  558.07009332992675     ,  4.8409251802787630E-011)
dener    0   11 -0.32311987E-02
diis_mat    1    1  0.7177E-06
diis_mat    1    2  0.5249E-06
diis_mat    1    3  0.3916E-06
diis_mat    1    4  0.2975E-06
diis_mat    1    5  0.2298E-06
diis_mat    1    6 -0.1000E+01
diis_mat    2    1  0.5249E-06
diis_mat    2    2  0.3927E-06
diis_mat    2    3  0.2991E-06
diis_mat    2    4  0.2314E-06
diis_mat    2    5  0.1815E-06
diis_mat    2    6 -0.1000E+01
diis_mat    3    1  0.3916E-06
diis_mat    3    2  0.2991E-06
diis_mat    3    3  0.2319E-06
diis_mat    3    4  0.1822E-06
diis_mat    3    5  0.1447E-06
diis_mat    3    6 -0.1000E+01
diis_mat    4    1  0.2975E-06
diis_mat    4    2  0.2314E-06
diis_mat    4    3  0.1822E-06
diis_mat    4    4  0.1450E-06
diis_mat    4    5  0.1163E-06
diis_mat    4    6 -0.1000E+01
diis_mat    5    1  0.2298E-06
diis_mat    5    2  0.1815E-06
diis_mat    5    3  0.1447E-06
diis_mat    5    4  0.1163E-06
diis_mat    5    5  0.9414E-07
diis_mat    5    6 -0.1000E+01
diis_mat    6    1 -0.1000E+01
diis_mat    6    2 -0.1000E+01
diis_mat    6    3 -0.1000E+01
diis_mat    6    4 -0.1000E+01
diis_mat    6    5 -0.1000E+01
diis_mat    6    6  0.0000E+00
 csysv info           0
sol_vec    1  0.7494E+02 -0.1486E-05
sol_vec    2 -0.4132E+03  0.7695E-05
sol_vec    3  0.8498E+03 -0.1479E-04
sol_vec    4 -0.7730E+03  0.1251E-04
sol_vec    5  0.2624E+03 -0.3928E-05
sol_vec    6  0.3996E-11  0.1947E-17
 CCD energy (  558.08661556294476     ,  3.5806440119671493E-011)
dener    0   12  0.16522233E-01
 CCD energy (  558.08657929054584     ,  2.7653664252490625E-011)
dener    0   13 -0.36272399E-04
 CCD energy (  558.08654725854967     ,  2.1487358217546053E-011)
dener    0   14 -0.32031996E-04
 CCD energy (  558.08651927954133     ,  1.6798246202708744E-011)
dener    0   15 -0.27979008E-04
 CCD energy (  558.08649506090865     ,  1.3211646434785703E-011)
dener    0   16 -0.24218633E-04
 CCD energy (  558.08647424992967     ,  1.0451505702581243E-011)
dener    0   17 -0.20810979E-04
diis_mat    1    1  0.2775E-11
diis_mat    1    2  0.2207E-11
diis_mat    1    3  0.1773E-11
diis_mat    1    4  0.1436E-11
diis_mat    1    5  0.1171E-11
diis_mat    1    6 -0.1000E+01
diis_mat    2    1  0.2207E-11
diis_mat    2    2  0.1785E-11
diis_mat    2    3  0.1455E-11
diis_mat    2    4  0.1192E-11
diis_mat    2    5  0.9814E-12
diis_mat    2    6 -0.1000E+01
diis_mat    3    1  0.1773E-11
diis_mat    3    2  0.1455E-11
diis_mat    3    3  0.1199E-11
diis_mat    3    4  0.9920E-12
diis_mat    3    5  0.8233E-12
diis_mat    3    6 -0.1000E+01
diis_mat    4    1  0.1436E-11
diis_mat    4    2  0.1192E-11
diis_mat    4    3  0.9920E-12
diis_mat    4    4  0.8273E-12
diis_mat    4    5  0.6911E-12
diis_mat    4    6 -0.1000E+01
diis_mat    5    1  0.1171E-11
diis_mat    5    2  0.9814E-12
diis_mat    5    3  0.8233E-12
diis_mat    5    4  0.6911E-12
diis_mat    5    5  0.5804E-12
diis_mat    5    6 -0.1000E+01
diis_mat    6    1 -0.1000E+01
diis_mat    6    2 -0.1000E+01
diis_mat    6    3 -0.1000E+01
diis_mat    6    4 -0.1000E+01
diis_mat    6    5 -0.1000E+01
diis_mat    6    6  0.0000E+00
 csysv info           0
sol_vec    1  0.9675E+02  0.2893E-05
sol_vec    2 -0.5244E+03 -0.1480E-04
sol_vec    3  0.1061E+04  0.2811E-04
sol_vec    4 -0.9495E+03 -0.2350E-04
sol_vec    5  0.3173E+03  0.7295E-05
sol_vec    6  0.5412E-16 -0.3248E-22
 CCD energy (  558.08636137587746     , -2.2974799091356836E-014)
dener    0   18 -0.11287405E-03
 CCD energy (  558.08636070088801     , -7.3325196303820686E-015)
dener    0   19 -0.67498951E-06
 Total execution time CCD   25.653781890869141     


 ---------------------------------------------------------------------
 Boxsize   7.4440277647691362      Nmax           4
 A, Density, Kf          66  0.16000000000000000        1.6795012352211809     
 Twist averaged E0/N (  11.147763811183552     ,  0.0000000000000000     )
 Twist averaged mbpt2 (  7.7903367747454935     , -1.5838644870847816E-019)
 Twist averaged CCSD (  8.4558539500134540     , -1.1109878227851620E-016)
 kinetic_TF   2314.5784198059869     
  0.16000000000000000      (  11.147763811183552     ,  0.0000000000000000     ) (  558.08636070088801     , -7.3325196303820686E-015)

 E/N   1.67950118      0.159999996       11.147763811183552        7.7903367747454935        8.4558539500134540        0.0000000000000000     
#Nmax, Nucleons, 3NFnexp, 3NFCutoff: 4  66 3 450
    -0.18743    -0.41297     1.67950     0.16000    11.14776     7.79034     8.45585     0.00000
 ---------------------------------------------------------------------
 Total execution time for CCD code   390.61203885078430     
mpprun info: Elapsed time (h:m:s):  0:06:33.472056
