1.txt: ccd=       (-3713.8778719494348,-3.93013031809901605E-013)
10.txt: ccd=        (-3869.8358958585986,2.08307887635556990E-013)
11.txt: ccd=       (-1209.6983489637062,-5.21510665295648575E-014)
12.txt: ccd=       (-208.87762888480768,-2.88016700550742680E-013)
13.txt: ccd=        (-2120.4496996958815,2.14474378507937768E-013)
14.txt: ccd=        (-2169.2782891557163,5.91833012672387222E-013)
15.txt: ccd=        (-3926.4744012336291,2.90575067866300435E-014)
16.txt: ccd=       (-1854.4484284129835,-4.33433585282340645E-013)
17.txt: ccd=       (-3850.1915362420823,-4.55025877382095556E-013)
18.txt: ccd=       (-2271.6575650031041,-2.00082252098134514E-013)
19.txt: ccd=       (-295.01484056720460,-3.32944278139604038E-013)
2.txt: ccd=       (-588.75479868366301,-1.08654177806839836E-014)
20.txt: ccd=        (-2598.5085225582893,1.29300751136044414E-013)
21.txt: ccd=        (-351.79251609248251,3.58323775460583081E-013)
22.txt: ccd=        (-1827.3714157901263,3.16320288642645986E-013)
23.txt: ccd=        (-2822.6873278610888,1.69673565941520784E-012)
24.txt: ccd=       (-1755.1686177998890,-6.59547346531172498E-013)
25.txt: ccd=        (-1162.4669168783696,4.16210610957448563E-013)
26.txt: ccd=       (-1531.8334176369833,-8.67369077992099724E-013)
27.txt: ccd=        (-1121.0937169936276,6.18426091128061003E-013)
28.txt: ccd=       (-2047.5483301970510,-1.47038890922075428E-012)
29.txt: ccd=        (-1861.9920241790001,1.40018845909640203E-012)
3.txt: ccd=       (-5374.7878842250575,-1.02756866260860909E-011)
30.txt: ccd=        (-2069.2975884525977,3.36211301211990225E-014)
31.txt: ccd=        (-1887.6780990101170,2.88566696328122203E-013)
32.txt: ccd=       (-2487.5400827807971,-1.47527602460256585E-013)
33.txt: ccd=       (-328.58325807309143,-2.37012864431571393E-013)
34.txt: ccd=        (-2039.8008009352404,5.82444249066023366E-006)
35.txt: ccd=       (-220.02090102247121,-1.25812577582717293E-013)
36.txt: ccd=        (-3115.4288907998498,1.64296353798874956E-013)
37.txt: ccd=         (377.56732265933147,3.30094449564828362E-012)
38.txt: ccd=       (-1472.6586316616044,-1.10322991955396310E-013)
39.txt: ccd=        (-108.58364832439315,4.30919044776179022E-012)
4.txt: ccd=       (-3330.6012480202135,-3.51609714215794909E-007)
40.txt: ccd=        (-639.68989281312383,4.06546848802375273E-013)
41.txt: ccd=        (-850.26472697750887,3.29118085579390643E-014)
42.txt: ccd=       (-4702.2076678359717,-2.81223038361493602E-003)
43.txt: ccd=       (-309.73625050312899,-6.58811900379730814E-014)
44.txt: ccd=       (-1439.6150094276040,-3.56145852899910121E-014)
45.txt: ccd=       (-2392.4863011579741,-9.29992190950210128E-014)
46.txt: ccd=       (-2944.1828966965186,-2.04505865465587433E-013)
47.txt: ccd=        (-2177.3904804346867,1.84144857383323305E-013)
48.txt: ccd=       (-3227.2479430495719,-5.09989946655640022E-013)
49.txt: ccd=        (-947.20673031487911,1.96178529815039190E-011)
5.txt: ccd=       (-1327.5765294717944,-3.38133554471892603E-014)
50.txt: ccd=        (-1739.5999412104788,1.13101118077964656E-013)
51.txt: ccd=       (-3457.2654812943342,-2.03086095255671131E-014)
52.txt: ccd=        (-1745.5467061701545,1.30892706890923821E-014)
53.txt: ccd=       (-2433.9001969432184,-2.58292564766562492E-014)
54.txt: ccd=        (-2801.4885968819026,1.26002445973473669E-013)
55.txt: ccd=        (-2308.5710485838231,9.31782735863063548E-013)
56.txt: ccd=        (-3022.4352925427320,1.20809312860170847E-006)
57.txt: ccd=       (-3165.3701571079091,-2.27913365278130423E-013)
58.txt: ccd=       (-2406.3108857058896,-4.79267933611232349E-013)
59.txt: ccd=        (-2977.9278319201903,9.03643913029039569E-012)
6.txt: ccd=       (-2832.8893814606758,-3.72450456985309809E-004)
60.txt: ccd=       (-3138.6295770634579,-9.64382843335995100E-009)
61.txt: ccd=        (-1584.5752421251755,8.28902966171213276E-014)
62.txt: ccd=        (-2912.3745963653414,3.50474164954076250E-014)
63.txt: ccd=        (-3435.3639100335586,1.13450712193179661E-012)
64.txt: ccd=        (-2890.2733116626378,8.26028680169854098E-014)
7.txt: ccd=       (-2036.2764994106769,-1.13318354814262839E-012)
8.txt: ccd=       (-1242.6414305253538,-1.48523828856619952E-012)
9.txt: ccd=        (-2951.1171939758487,2.18145762561342846E-013)
