./1.txt: ccd= ( -1883.5535077834920     , -7.2016010737019914E-013)
./10.txt: ccd= ( -1864.9726901443396     , -1.4504197394973979E-010)
./11.txt: ccd= ( -1871.4215299993987     ,  2.2515136612537359E-008)
./12.txt: ccd= ( -1912.6069185878619     , -2.2949347479964907E-013)
./13.txt: ccd= ( -2019.4430463883591     , -3.7877877353499763E-011)
./14.txt: ccd= ( -1937.1533384383215     , -1.3214142048171169E-010)
./15.txt: ccd= ( -2355.4624676377075     , -5.1809758964844110E-013)
./16.txt: ccd= ( -1852.3564847617940     ,  2.7902124795319981E-014)
./17.txt: ccd= ( -2042.9573394496297     ,  1.9211135789502904E-013)
./18.txt: ccd= ( -1503.6968184389787     ,  1.1365622599165590E-011)
./19.txt: ccd= ( -2175.2273901334033     ,  1.3349862406321129E-013)
./2.txt: ccd= ( -1869.2463816554909     ,  4.8583696469188336E-014)
./20.txt: ccd= ( -2169.3992784118386     ,  1.0695660632326094E-011)
./21.txt: ccd= ( -1960.1719955077674     ,  1.0503378014193603E-011)
./22.txt: ccd= ( -2279.7331694381473     , -4.5653338075384750E-011)
./23.txt: ccd= ( -2023.0301494247078     , -5.8714224619036592E-013)
./24.txt: ccd= ( -1842.3394799676428     , -2.1218332624830455E-012)
./25.txt: ccd= ( -1876.2970053314241     , -8.9445996489008364E-014)
./26.txt: ccd= ( -2252.1080307638135     , -4.8547149520709218E-014)
./27.txt: ccd= ( -1644.5779664820761     ,  2.0300733698598282E-013)
./28.txt: ccd= ( -1831.1011526319351     ,  6.8088298035024912E-012)
./29.txt: ccd= ( -1671.3910025895136     , -2.2943324834314069E-013)
./3.txt: ccd= ( -2080.3583691311323     , -7.7461511720009900E-013)
./30.txt: ccd= ( -1679.0315646821950     ,  6.8581257208650848E-014)
./31.txt: ccd= ( -2057.9395704119424     , -6.2683365479282490E-011)
./32.txt: ccd= ( -1718.2810615697654     , -4.1426662019750415E-014)
./33.txt: ccd= ( -2431.0781620994344     ,  2.3405663709908074E-014)
./34.txt: ccd= ( -2026.4363677120330     , -4.0071471006707129E-014)
./35.txt: ccd= ( -1520.5359334667469     , -3.5358732407020979E-013)
./36.txt: ccd= ( -1779.5357631675297     ,  2.3198110682228056E-014)
./37.txt: ccd= ( -1713.8579526815076     , -1.4893795907026014E-011)
./38.txt: ccd= ( -1910.6805904218081     , -1.5543360367095644E-011)
./39.txt: ccd= ( -2021.9718193826045     , -6.2735225368524173E-014)
./4.txt: ccd= ( -1801.7818577621483     ,  1.8840860909954781E-008)
./40.txt: ccd= ( -1971.2221963081572     , -8.9191191962587980E-009)
./41.txt: ccd= ( -1844.1000550477179     , -1.1366561057184457E-013)
./42.txt: ccd= ( -1889.5546000161939     ,  1.3392740779948855E-013)
./43.txt: ccd= ( -1708.7781915894011     ,  5.1050449791126926E-014)
./44.txt: ccd= ( -1754.6037858501036     ,  1.4048264911532199E-013)
./45.txt: ccd= ( -2014.5851931599004     , -7.0636416073205546E-012)
./46.txt: ccd= ( -2108.3208734544469     , -2.9728402065195583E-013)
./47.txt: ccd= ( -1733.5705877250539     , -7.6070663661675230E-011)
./48.txt: ccd= ( -1804.5134039999052     , -2.8432819599325549E-013)
./49.txt: ccd= ( -2221.2286249537560     ,  6.9817962416176872E-013)
./5.txt: ccd= ( -2011.8019384152267     ,  1.5163414793784915E-010)
./50.txt: ccd= ( -1451.7081069253163     , -2.8747636482422548E-014)
./51.txt: ccd= ( -1637.6331832922897     , -5.3431014154841600E-012)
./52.txt: ccd= ( -1748.3364339731556     , -1.5785816834835438E-014)
./53.txt: ccd= ( -2459.4993478414585     , -2.7494076061453336E-011)
./54.txt: ccd= ( -2185.9088319168181     , -3.2709508300648257E-007)
./55.txt: ccd= ( -1947.7009080076236     ,  3.1680913454405922E-014)
./56.txt: ccd= ( -1880.1869306676999     , -1.7116297753229505E-013)
./57.txt: ccd= ( -1795.3188233477633     , -1.3300051552306103E-013)
./58.txt: ccd= ( -1974.5207951425984     , -6.7347602929303689E-013)
./59.txt: ccd= ( -2126.5904126539822     ,  9.0628238698496841E-014)
./6.txt: ccd= ( -1744.2717114678414     ,  3.4245138317316444E-014)
./60.txt: ccd= ( -1791.1976834925010     , -8.0433803738898035E-014)
./61.txt: ccd= ( -2089.5291425955443     ,  1.5715742478317163E-008)
./62.txt: ccd= ( -2195.1036689848006     ,  2.2197304613035904E-010)
./63.txt: ccd= ( -1747.3432962756701     , -8.5865528820282120E-014)
./64.txt: ccd= ( -1333.2520435039960     ,  1.9475182318232694E-010)
./7.txt: ccd= ( -1926.6122726184710     ,  3.6070274322174054E-011)
./8.txt: ccd= ( -1860.9532782975693     ,  9.5648385711481004E-014)
./9.txt: ccd= ( -1592.7030306316453     ,  8.1435001928100052E-010)
